[2026-02-01T14:03:41.458+0000] {taskinstance.py:1159} INFO - Dependencies all met for dep_context=non-requeueable deps ti=<TaskInstance: financial_full_pipeline.dbt_run_gold_fact manual__2026-02-01T13:08:10.737151+00:00 [queued]>
[2026-02-01T14:03:41.474+0000] {taskinstance.py:1159} INFO - Dependencies all met for dep_context=requeueable deps ti=<TaskInstance: financial_full_pipeline.dbt_run_gold_fact manual__2026-02-01T13:08:10.737151+00:00 [queued]>
[2026-02-01T14:03:41.475+0000] {taskinstance.py:1361} INFO - Starting attempt 1 of 2
[2026-02-01T14:03:41.505+0000] {taskinstance.py:1382} INFO - Executing <Task(BashOperator): dbt_run_gold_fact> on 2026-02-01 13:08:10.737151+00:00
[2026-02-01T14:03:41.512+0000] {standard_task_runner.py:57} INFO - Started process 983 to run task
[2026-02-01T14:03:41.520+0000] {standard_task_runner.py:84} INFO - Running: ['***', 'tasks', 'run', 'financial_full_pipeline', 'dbt_run_gold_fact', 'manual__2026-02-01T13:08:10.737151+00:00', '--job-id', '15', '--raw', '--subdir', 'DAGS_FOLDER/financial_DWH.py', '--cfg-path', '/tmp/tmp858estmw']
[2026-02-01T14:03:41.524+0000] {standard_task_runner.py:85} INFO - Job 15: Subtask dbt_run_gold_fact
[2026-02-01T14:03:41.606+0000] {task_command.py:416} INFO - Running <TaskInstance: financial_full_pipeline.dbt_run_gold_fact manual__2026-02-01T13:08:10.737151+00:00 [running]> on host 262b363e6f61
[2026-02-01T14:03:41.745+0000] {taskinstance.py:1662} INFO - Exporting env vars: AIRFLOW_CTX_DAG_OWNER='youssef' AIRFLOW_CTX_DAG_ID='financial_full_pipeline' AIRFLOW_CTX_TASK_ID='dbt_run_gold_fact' AIRFLOW_CTX_EXECUTION_DATE='2026-02-01T13:08:10.737151+00:00' AIRFLOW_CTX_TRY_NUMBER='1' AIRFLOW_CTX_DAG_RUN_ID='manual__2026-02-01T13:08:10.737151+00:00'
[2026-02-01T14:03:41.747+0000] {subprocess.py:63} INFO - Tmp dir root location: /tmp
[2026-02-01T14:03:41.749+0000] {subprocess.py:75} INFO - Running command: ['/bin/bash', '-c', 'cd /opt/***/my_analysis && dbt run --select path:models/gold/facts --profiles-dir .']
[2026-02-01T14:03:41.761+0000] {subprocess.py:86} INFO - Output:
[2026-02-01T14:03:46.374+0000] {subprocess.py:93} INFO - [0m14:03:46  Running with dbt=1.8.7
[2026-02-01T14:03:46.892+0000] {subprocess.py:93} INFO - [0m14:03:46  Registered adapter: postgres=1.8.2
[2026-02-01T14:03:47.441+0000] {subprocess.py:93} INFO - [0m14:03:47  [[33mWARNING[0m]: Configuration paths exist in your dbt_project.yml file which do not apply to any resources.
[2026-02-01T14:03:47.441+0000] {subprocess.py:93} INFO - There are 3 unused configuration paths:
[2026-02-01T14:03:47.442+0000] {subprocess.py:93} INFO - - models.my_analysis:.bronze
[2026-02-01T14:03:47.442+0000] {subprocess.py:93} INFO - - models.my_analysis:.silver
[2026-02-01T14:03:47.442+0000] {subprocess.py:93} INFO - - models.my_analysis:.gold
[2026-02-01T14:03:47.836+0000] {subprocess.py:93} INFO - [0m14:03:47  Found 10 models, 8 data tests, 5 sources, 538 macros
[2026-02-01T14:03:47.841+0000] {subprocess.py:93} INFO - [0m14:03:47  The selection criterion 'path:models/gold/facts' does not match any enabled nodes
[2026-02-01T14:03:47.845+0000] {subprocess.py:93} INFO - [0m14:03:47
[2026-02-01T14:03:47.845+0000] {subprocess.py:93} INFO - [0m14:03:47  Nothing to do. Try checking your model configs and model specification args
[2026-02-01T14:03:49.203+0000] {subprocess.py:97} INFO - Command exited with return code 0
[2026-02-01T14:03:49.247+0000] {taskinstance.py:1400} INFO - Marking task as SUCCESS. dag_id=financial_full_pipeline, task_id=dbt_run_gold_fact, execution_date=20260201T130810, start_date=20260201T140341, end_date=20260201T140349
[2026-02-01T14:03:49.307+0000] {local_task_job_runner.py:228} INFO - Task exited with return code 0
[2026-02-01T14:03:49.333+0000] {taskinstance.py:2778} INFO - 0 downstream tasks scheduled from follow-on schedule check
