[2026-02-01T13:27:24.384+0000] {taskinstance.py:1159} INFO - Dependencies all met for dep_context=non-requeueable deps ti=<TaskInstance: financial_full_pipeline.dbt_run_silver manual__2026-02-01T13:08:10.737151+00:00 [queued]>
[2026-02-01T13:27:24.409+0000] {taskinstance.py:1159} INFO - Dependencies all met for dep_context=requeueable deps ti=<TaskInstance: financial_full_pipeline.dbt_run_silver manual__2026-02-01T13:08:10.737151+00:00 [queued]>
[2026-02-01T13:27:24.409+0000] {taskinstance.py:1361} INFO - Starting attempt 3 of 4
[2026-02-01T13:27:24.435+0000] {taskinstance.py:1382} INFO - Executing <Task(BashOperator): dbt_run_silver> on 2026-02-01 13:08:10.737151+00:00
[2026-02-01T13:27:24.444+0000] {standard_task_runner.py:57} INFO - Started process 642 to run task
[2026-02-01T13:27:24.451+0000] {standard_task_runner.py:84} INFO - Running: ['***', 'tasks', 'run', 'financial_full_pipeline', 'dbt_run_silver', 'manual__2026-02-01T13:08:10.737151+00:00', '--job-id', '13', '--raw', '--subdir', 'DAGS_FOLDER/financial_DWH.py', '--cfg-path', '/tmp/tmp424ogim0']
[2026-02-01T13:27:24.460+0000] {standard_task_runner.py:85} INFO - Job 13: Subtask dbt_run_silver
[2026-02-01T13:27:24.584+0000] {task_command.py:416} INFO - Running <TaskInstance: financial_full_pipeline.dbt_run_silver manual__2026-02-01T13:08:10.737151+00:00 [running]> on host 262b363e6f61
[2026-02-01T13:27:24.836+0000] {taskinstance.py:1662} INFO - Exporting env vars: AIRFLOW_CTX_DAG_OWNER='youssef' AIRFLOW_CTX_DAG_ID='financial_full_pipeline' AIRFLOW_CTX_TASK_ID='dbt_run_silver' AIRFLOW_CTX_EXECUTION_DATE='2026-02-01T13:08:10.737151+00:00' AIRFLOW_CTX_TRY_NUMBER='3' AIRFLOW_CTX_DAG_RUN_ID='manual__2026-02-01T13:08:10.737151+00:00'
[2026-02-01T13:27:24.838+0000] {subprocess.py:63} INFO - Tmp dir root location: /tmp
[2026-02-01T13:27:24.840+0000] {subprocess.py:75} INFO - Running command: ['/bin/bash', '-c', 'cd /opt/***/my_analysis && dbt run --profiles-dir .']
[2026-02-01T13:27:24.856+0000] {subprocess.py:86} INFO - Output:
[2026-02-01T13:27:31.660+0000] {subprocess.py:93} INFO - [0m13:27:31  Running with dbt=1.8.7
[2026-02-01T13:27:32.476+0000] {subprocess.py:93} INFO - [0m13:27:32  Registered adapter: postgres=1.8.2
[2026-02-01T13:27:33.444+0000] {subprocess.py:93} INFO - [0m13:27:33  [[33mWARNING[0m]: Configuration paths exist in your dbt_project.yml file which do not apply to any resources.
[2026-02-01T13:27:33.444+0000] {subprocess.py:93} INFO - There are 3 unused configuration paths:
[2026-02-01T13:27:33.445+0000] {subprocess.py:93} INFO - - models.my_analysis:.silver
[2026-02-01T13:27:33.446+0000] {subprocess.py:93} INFO - - models.my_analysis:.gold
[2026-02-01T13:27:33.447+0000] {subprocess.py:93} INFO - - models.my_analysis:.bronze
[2026-02-01T13:27:34.082+0000] {subprocess.py:93} INFO - [0m13:27:34  Found 10 models, 8 data tests, 5 sources, 538 macros
[2026-02-01T13:27:34.092+0000] {subprocess.py:93} INFO - [0m13:27:34
[2026-02-01T13:27:48.855+0000] {subprocess.py:93} INFO - [0m13:27:48  Concurrency: 4 threads (target='dev')
[2026-02-01T13:27:48.855+0000] {subprocess.py:93} INFO - [0m13:27:48
[2026-02-01T13:27:48.884+0000] {subprocess.py:93} INFO - [0m13:27:48  1 of 10 START sql table model silver.cards ..................................... [RUN]
[2026-02-01T13:27:48.888+0000] {subprocess.py:93} INFO - [0m13:27:48  2 of 10 START sql table model silver.fraud_labels .............................. [RUN]
[2026-02-01T13:27:48.903+0000] {subprocess.py:93} INFO - [0m13:27:48  3 of 10 START sql table model silver.mcc_codes ................................. [RUN]
[2026-02-01T13:27:48.906+0000] {subprocess.py:93} INFO - [0m13:27:48  4 of 10 START sql table model silver.transactions .............................. [RUN]
[2026-02-01T13:27:49.993+0000] {subprocess.py:93} INFO - [0m13:27:49  3 of 10 OK created sql table model silver.mcc_codes ............................ [[32mSELECT 109[0m in 1.07s]
[2026-02-01T13:27:50.006+0000] {subprocess.py:93} INFO - [0m13:27:50  5 of 10 START sql table model silver.users ..................................... [RUN]
[2026-02-01T13:27:50.031+0000] {subprocess.py:93} INFO - [0m13:27:50  1 of 10 OK created sql table model silver.cards ................................ [[32mSELECT 6146[0m in 1.13s]
[2026-02-01T13:27:50.056+0000] {subprocess.py:93} INFO - [0m13:27:50  6 of 10 START sql table model gold.dim_cards ................................... [RUN]
[2026-02-01T13:27:50.486+0000] {subprocess.py:93} INFO - [0m13:27:50  5 of 10 OK created sql table model silver.users ................................ [[32mSELECT 2000[0m in 0.48s]
[2026-02-01T13:27:50.494+0000] {subprocess.py:93} INFO - [0m13:27:50  7 of 10 START sql table model gold.dim_users ................................... [RUN]
[2026-02-01T13:27:50.522+0000] {subprocess.py:93} INFO - [0m13:27:50  6 of 10 OK created sql table model gold.dim_cards .............................. [[32mSELECT 6146[0m in 0.46s]
[2026-02-01T13:27:50.819+0000] {subprocess.py:93} INFO - [0m13:27:50  7 of 10 OK created sql table model gold.dim_users .............................. [[32mSELECT 2000[0m in 0.31s]
[2026-02-01T13:30:53.390+0000] {subprocess.py:93} INFO - [0m13:30:53  2 of 10 OK created sql table model silver.fraud_labels ......................... [[32mSELECT 8914963[0m in 184.49s]
[2026-02-01T13:46:15.865+0000] {subprocess.py:93} INFO - [0m13:46:15  4 of 10 OK created sql table model silver.transactions ......................... [[32mSELECT 13305915[0m in 1106.95s]
[2026-02-01T13:46:15.872+0000] {subprocess.py:93} INFO - [0m13:46:15  8 of 10 START sql table model gold.dim_date .................................... [RUN]
[2026-02-01T13:46:15.874+0000] {subprocess.py:93} INFO - [0m13:46:15  9 of 10 START sql table model gold.dim_mcc_codes ............................... [RUN]
[2026-02-01T13:48:56.781+0000] {subprocess.py:93} INFO - [0m13:48:56  8 of 10 OK created sql table model gold.dim_date ............................... [[32mSELECT 3591[0m in 160.90s]
[2026-02-01T13:48:56.785+0000] {subprocess.py:93} INFO - [0m13:48:56  9 of 10 OK created sql table model gold.dim_mcc_codes .......................... [[32mSELECT 109[0m in 160.90s]
[2026-02-01T13:48:56.797+0000] {subprocess.py:93} INFO - [0m13:48:56  10 of 10 START sql table model gold.fact_transactions .......................... [RUN]
[2026-02-01T13:55:22.765+0000] {subprocess.py:93} INFO - [0m13:55:22  10 of 10 OK created sql table model gold.fact_transactions ..................... [[32mSELECT 13305915[0m in 385.96s]
[2026-02-01T13:55:22.837+0000] {subprocess.py:93} INFO - [0m13:55:22
[2026-02-01T13:55:22.838+0000] {subprocess.py:93} INFO - [0m13:55:22  Finished running 10 table models in 0 hours 27 minutes and 48.74 seconds (1668.74s).
[2026-02-01T13:55:22.921+0000] {subprocess.py:93} INFO - [0m13:55:22
[2026-02-01T13:55:22.923+0000] {subprocess.py:93} INFO - [0m13:55:22  [32mCompleted successfully[0m
[2026-02-01T13:55:22.924+0000] {subprocess.py:93} INFO - [0m13:55:22
[2026-02-01T13:55:22.925+0000] {subprocess.py:93} INFO - [0m13:55:22  Done. PASS=10 WARN=0 ERROR=0 SKIP=0 TOTAL=10
[2026-02-01T13:55:24.335+0000] {subprocess.py:97} INFO - Command exited with return code 0
[2026-02-01T13:55:24.378+0000] {taskinstance.py:1400} INFO - Marking task as SUCCESS. dag_id=financial_full_pipeline, task_id=dbt_run_silver, execution_date=20260201T130810, start_date=20260201T132724, end_date=20260201T135524
[2026-02-01T13:55:24.426+0000] {local_task_job_runner.py:228} INFO - Task exited with return code 0
[2026-02-01T13:55:24.466+0000] {taskinstance.py:2778} INFO - 0 downstream tasks scheduled from follow-on schedule check
