[2026-02-01T13:23:28.363+0000] {taskinstance.py:1159} INFO - Dependencies all met for dep_context=non-requeueable deps ti=<TaskInstance: financial_full_pipeline.dbt_run_silver manual__2026-02-01T13:08:10.737151+00:00 [queued]>
[2026-02-01T13:23:28.379+0000] {taskinstance.py:1159} INFO - Dependencies all met for dep_context=requeueable deps ti=<TaskInstance: financial_full_pipeline.dbt_run_silver manual__2026-02-01T13:08:10.737151+00:00 [queued]>
[2026-02-01T13:23:28.380+0000] {taskinstance.py:1361} INFO - Starting attempt 2 of 2
[2026-02-01T13:23:28.401+0000] {taskinstance.py:1382} INFO - Executing <Task(BashOperator): dbt_run_silver> on 2026-02-01 13:08:10.737151+00:00
[2026-02-01T13:23:28.411+0000] {standard_task_runner.py:57} INFO - Started process 578 to run task
[2026-02-01T13:23:28.417+0000] {standard_task_runner.py:84} INFO - Running: ['***', 'tasks', 'run', 'financial_full_pipeline', 'dbt_run_silver', 'manual__2026-02-01T13:08:10.737151+00:00', '--job-id', '11', '--raw', '--subdir', 'DAGS_FOLDER/financial_DWH.py', '--cfg-path', '/tmp/tmpssemzkiy']
[2026-02-01T13:23:28.424+0000] {standard_task_runner.py:85} INFO - Job 11: Subtask dbt_run_silver
[2026-02-01T13:23:28.527+0000] {task_command.py:416} INFO - Running <TaskInstance: financial_full_pipeline.dbt_run_silver manual__2026-02-01T13:08:10.737151+00:00 [running]> on host 262b363e6f61
[2026-02-01T13:23:28.698+0000] {taskinstance.py:1662} INFO - Exporting env vars: AIRFLOW_CTX_DAG_OWNER='youssef' AIRFLOW_CTX_DAG_ID='financial_full_pipeline' AIRFLOW_CTX_TASK_ID='dbt_run_silver' AIRFLOW_CTX_EXECUTION_DATE='2026-02-01T13:08:10.737151+00:00' AIRFLOW_CTX_TRY_NUMBER='2' AIRFLOW_CTX_DAG_RUN_ID='manual__2026-02-01T13:08:10.737151+00:00'
[2026-02-01T13:23:28.699+0000] {subprocess.py:63} INFO - Tmp dir root location: /tmp
[2026-02-01T13:23:28.702+0000] {subprocess.py:75} INFO - Running command: ['/bin/bash', '-c', 'cd /opt/***/dags/my_analysis && dbt run --profiles-dir .']
[2026-02-01T13:23:28.721+0000] {subprocess.py:86} INFO - Output:
[2026-02-01T13:23:28.724+0000] {subprocess.py:93} INFO - /bin/bash: line 1: cd: /opt/***/dags/my_analysis: No such file or directory
[2026-02-01T13:23:28.725+0000] {subprocess.py:97} INFO - Command exited with return code 1
[2026-02-01T13:23:28.743+0000] {taskinstance.py:1937} ERROR - Task failed with exception
Traceback (most recent call last):
  File "/home/airflow/.local/lib/python3.8/site-packages/airflow/operators/bash.py", line 210, in execute
    raise AirflowException(
airflow.exceptions.AirflowException: Bash command failed. The command returned a non-zero exit code 1.
[2026-02-01T13:23:28.754+0000] {taskinstance.py:1400} INFO - Marking task as FAILED. dag_id=financial_full_pipeline, task_id=dbt_run_silver, execution_date=20260201T130810, start_date=20260201T132328, end_date=20260201T132328
[2026-02-01T13:23:28.785+0000] {standard_task_runner.py:104} ERROR - Failed to execute job 11 for task dbt_run_silver (Bash command failed. The command returned a non-zero exit code 1.; 578)
[2026-02-01T13:23:28.832+0000] {local_task_job_runner.py:228} INFO - Task exited with return code 1
[2026-02-01T13:23:28.897+0000] {taskinstance.py:2778} INFO - 0 downstream tasks scheduled from follow-on schedule check
