[2026-02-01T02:27:08.542+0000] {taskinstance.py:1159} INFO - Dependencies all met for dep_context=non-requeueable deps ti=<TaskInstance: financial_full_pipeline.duckdb_ingest_bronze scheduled__2026-01-31T00:00:00+00:00 [queued]>
[2026-02-01T02:27:08.558+0000] {taskinstance.py:1159} INFO - Dependencies all met for dep_context=requeueable deps ti=<TaskInstance: financial_full_pipeline.duckdb_ingest_bronze scheduled__2026-01-31T00:00:00+00:00 [queued]>
[2026-02-01T02:27:08.559+0000] {taskinstance.py:1361} INFO - Starting attempt 1 of 2
[2026-02-01T02:27:08.589+0000] {taskinstance.py:1382} INFO - Executing <Task(PythonOperator): duckdb_ingest_bronze> on 2026-01-31 00:00:00+00:00
[2026-02-01T02:27:08.595+0000] {standard_task_runner.py:57} INFO - Started process 286 to run task
[2026-02-01T02:27:08.602+0000] {standard_task_runner.py:84} INFO - Running: ['***', 'tasks', 'run', 'financial_full_pipeline', 'duckdb_ingest_bronze', 'scheduled__2026-01-31T00:00:00+00:00', '--job-id', '3', '--raw', '--subdir', 'DAGS_FOLDER/financial_DWH.py', '--cfg-path', '/tmp/tmpr4019jcg']
[2026-02-01T02:27:08.608+0000] {standard_task_runner.py:85} INFO - Job 3: Subtask duckdb_ingest_bronze
[2026-02-01T02:27:08.715+0000] {task_command.py:416} INFO - Running <TaskInstance: financial_full_pipeline.duckdb_ingest_bronze scheduled__2026-01-31T00:00:00+00:00 [running]> on host ef780d25286f
[2026-02-01T02:27:08.969+0000] {taskinstance.py:1662} INFO - Exporting env vars: AIRFLOW_CTX_DAG_OWNER='youssef' AIRFLOW_CTX_DAG_ID='financial_full_pipeline' AIRFLOW_CTX_TASK_ID='duckdb_ingest_bronze' AIRFLOW_CTX_EXECUTION_DATE='2026-01-31T00:00:00+00:00' AIRFLOW_CTX_TRY_NUMBER='1' AIRFLOW_CTX_DAG_RUN_ID='scheduled__2026-01-31T00:00:00+00:00'
[2026-02-01T02:27:13.192+0000] {python.py:194} INFO - Done. Returned value was: None
[2026-02-01T02:27:13.210+0000] {taskinstance.py:1400} INFO - Marking task as SUCCESS. dag_id=financial_full_pipeline, task_id=duckdb_ingest_bronze, execution_date=20260131T000000, start_date=20260201T022708, end_date=20260201T022713
[2026-02-01T02:27:13.252+0000] {local_task_job_runner.py:228} INFO - Task exited with return code 0
[2026-02-01T02:27:13.311+0000] {taskinstance.py:2778} INFO - 1 downstream tasks scheduled from follow-on schedule check
[2026-02-01T02:59:24.192+0000] {taskinstance.py:1159} INFO - Dependencies all met for dep_context=non-requeueable deps ti=<TaskInstance: financial_full_pipeline.duckdb_ingest_bronze scheduled__2026-01-31T00:00:00+00:00 [queued]>
[2026-02-01T02:59:24.234+0000] {taskinstance.py:1159} INFO - Dependencies all met for dep_context=requeueable deps ti=<TaskInstance: financial_full_pipeline.duckdb_ingest_bronze scheduled__2026-01-31T00:00:00+00:00 [queued]>
[2026-02-01T02:59:24.235+0000] {taskinstance.py:1361} INFO - Starting attempt 1 of 2
[2026-02-01T02:59:24.270+0000] {taskinstance.py:1382} INFO - Executing <Task(PythonOperator): duckdb_ingest_bronze> on 2026-01-31 00:00:00+00:00
[2026-02-01T02:59:24.278+0000] {standard_task_runner.py:57} INFO - Started process 235 to run task
[2026-02-01T02:59:24.288+0000] {standard_task_runner.py:84} INFO - Running: ['***', 'tasks', 'run', 'financial_full_pipeline', 'duckdb_ingest_bronze', 'scheduled__2026-01-31T00:00:00+00:00', '--job-id', '4', '--raw', '--subdir', 'DAGS_FOLDER/financial_DWH.py', '--cfg-path', '/tmp/tmp3lbqjlzx']
[2026-02-01T02:59:24.298+0000] {standard_task_runner.py:85} INFO - Job 4: Subtask duckdb_ingest_bronze
[2026-02-01T02:59:24.520+0000] {task_command.py:416} INFO - Running <TaskInstance: financial_full_pipeline.duckdb_ingest_bronze scheduled__2026-01-31T00:00:00+00:00 [running]> on host d4461f48c063
[2026-02-01T02:59:24.716+0000] {taskinstance.py:1662} INFO - Exporting env vars: AIRFLOW_CTX_DAG_OWNER='youssef' AIRFLOW_CTX_DAG_ID='financial_full_pipeline' AIRFLOW_CTX_TASK_ID='duckdb_ingest_bronze' AIRFLOW_CTX_EXECUTION_DATE='2026-01-31T00:00:00+00:00' AIRFLOW_CTX_TRY_NUMBER='1' AIRFLOW_CTX_DAG_RUN_ID='scheduled__2026-01-31T00:00:00+00:00'
[2026-02-01T02:59:32.549+0000] {taskinstance.py:1937} ERROR - Task failed with exception
Traceback (most recent call last):
  File "/home/airflow/.local/lib/python3.8/site-packages/airflow/operators/python.py", line 192, in execute
    return_value = self.execute_callable()
  File "/home/airflow/.local/lib/python3.8/site-packages/airflow/operators/python.py", line 209, in execute_callable
    return self.python_callable(*self.op_args, **self.op_kwargs)
  File "/opt/airflow/dags/financial_DWH.py", line 32, in duck_ingest_logic
    con.execute(f"CREATE SCHEMA IF NOT EXISTS pg_db.{TARGET_SCHEMA};")
duckdb.duckdb.Error: Invalid Error: Failed to execute query "BEGIN TRANSACTION;
CREATE SCHEMA "bronze"": ERROR:  schema "bronze" already exists

[2026-02-01T02:59:32.567+0000] {taskinstance.py:1400} INFO - Marking task as UP_FOR_RETRY. dag_id=financial_full_pipeline, task_id=duckdb_ingest_bronze, execution_date=20260131T000000, start_date=20260201T025924, end_date=20260201T025932
[2026-02-01T02:59:41.648+0000] {standard_task_runner.py:104} ERROR - Failed to execute job 4 for task duckdb_ingest_bronze (Invalid Error: Failed to execute query "BEGIN TRANSACTION;
CREATE SCHEMA "bronze"": ERROR:  schema "bronze" already exists
; 235)
[2026-02-01T02:59:41.769+0000] {local_task_job_runner.py:228} INFO - Task exited with return code 1
[2026-02-01T02:59:41.952+0000] {taskinstance.py:2778} INFO - 0 downstream tasks scheduled from follow-on schedule check
[2026-02-01T13:03:40.235+0000] {taskinstance.py:1159} INFO - Dependencies all met for dep_context=non-requeueable deps ti=<TaskInstance: financial_full_pipeline.duckdb_ingest_bronze scheduled__2026-01-31T00:00:00+00:00 [queued]>
[2026-02-01T13:03:40.262+0000] {taskinstance.py:1159} INFO - Dependencies all met for dep_context=requeueable deps ti=<TaskInstance: financial_full_pipeline.duckdb_ingest_bronze scheduled__2026-01-31T00:00:00+00:00 [queued]>
[2026-02-01T13:03:40.262+0000] {taskinstance.py:1361} INFO - Starting attempt 1 of 2
[2026-02-01T13:03:40.301+0000] {taskinstance.py:1382} INFO - Executing <Task(PythonOperator): duckdb_ingest_bronze> on 2026-01-31 00:00:00+00:00
[2026-02-01T13:03:40.310+0000] {standard_task_runner.py:57} INFO - Started process 252 to run task
[2026-02-01T13:03:40.320+0000] {standard_task_runner.py:84} INFO - Running: ['***', 'tasks', 'run', 'financial_full_pipeline', 'duckdb_ingest_bronze', 'scheduled__2026-01-31T00:00:00+00:00', '--job-id', '4', '--raw', '--subdir', 'DAGS_FOLDER/financial_DWH.py', '--cfg-path', '/tmp/tmpxmwbjmhp']
[2026-02-01T13:03:40.327+0000] {standard_task_runner.py:85} INFO - Job 4: Subtask duckdb_ingest_bronze
[2026-02-01T13:03:40.439+0000] {task_command.py:416} INFO - Running <TaskInstance: financial_full_pipeline.duckdb_ingest_bronze scheduled__2026-01-31T00:00:00+00:00 [running]> on host 262b363e6f61
[2026-02-01T13:03:40.622+0000] {taskinstance.py:1662} INFO - Exporting env vars: AIRFLOW_CTX_DAG_OWNER='youssef' AIRFLOW_CTX_DAG_ID='financial_full_pipeline' AIRFLOW_CTX_TASK_ID='duckdb_ingest_bronze' AIRFLOW_CTX_EXECUTION_DATE='2026-01-31T00:00:00+00:00' AIRFLOW_CTX_TRY_NUMBER='1' AIRFLOW_CTX_DAG_RUN_ID='scheduled__2026-01-31T00:00:00+00:00'
[2026-02-01T13:03:40.861+0000] {logging_mixin.py:151} INFO - Starting DuckDB ingestion...
[2026-02-01T13:03:40.872+0000] {logging_mixin.py:151} INFO - Installing PostgreSQL extension...
[2026-02-01T13:06:07.932+0000] {logging_mixin.py:151} INFO - Connecting to PostgreSQL: host=172.28.176.1 port=5432 dbname=financial_Transactions user=postgres password=12345
[2026-02-01T13:06:11.455+0000] {logging_mixin.py:151} INFO - Creating schema: bronze
[2026-02-01T13:06:11.460+0000] {logging_mixin.py:151} INFO - ℹSchema bronze already exists, continuing...
[2026-02-01T13:06:11.460+0000] {logging_mixin.py:151} INFO - Processing users from users_data.csv...
[2026-02-01T13:06:11.944+0000] {logging_mixin.py:151} INFO - Successfully loaded users: 2000 rows
[2026-02-01T13:06:11.944+0000] {logging_mixin.py:151} INFO - Processing cards from cards_data.csv...
[2026-02-01T13:06:12.243+0000] {logging_mixin.py:151} INFO - Successfully loaded cards: 6146 rows
[2026-02-01T13:06:12.244+0000] {logging_mixin.py:151} INFO - Processing mcc_codes from mcc_codes.json...
[2026-02-01T13:06:12.276+0000] {logging_mixin.py:151} INFO - Successfully loaded mcc_codes: 109 rows
[2026-02-01T13:06:12.277+0000] {logging_mixin.py:151} INFO - Processing fraud_labels from train_fraud_labels.json...
[2026-02-01T13:06:12.285+0000] {logging_mixin.py:151} INFO - JSONL file already exists: /opt/***/dags/data/train_fraud_labels.jsonl
[2026-02-01T13:07:51.875+0000] {logging_mixin.py:151} INFO - Successfully loaded fraud_labels: 8914963 rows
[2026-02-01T13:07:51.876+0000] {logging_mixin.py:151} INFO - Processing transactions from transactions_data.csv...
[2026-02-01T13:16:13.964+0000] {logging_mixin.py:151} INFO - Successfully loaded transactions: 236002 rows
[2026-02-01T13:16:13.974+0000] {logging_mixin.py:151} INFO -  All files processed successfully!
[2026-02-01T13:16:13.978+0000] {logging_mixin.py:151} INFO - DuckDB connection closed
[2026-02-01T13:16:13.979+0000] {python.py:194} INFO - Done. Returned value was: None
[2026-02-01T13:16:14.010+0000] {taskinstance.py:1400} INFO - Marking task as SUCCESS. dag_id=financial_full_pipeline, task_id=duckdb_ingest_bronze, execution_date=20260131T000000, start_date=20260201T130340, end_date=20260201T131614
[2026-02-01T13:16:14.103+0000] {local_task_job_runner.py:228} INFO - Task exited with return code 0
[2026-02-01T13:16:14.236+0000] {taskinstance.py:2778} INFO - 1 downstream tasks scheduled from follow-on schedule check
