[2026-02-01T03:04:34.091+0000] {taskinstance.py:1159} INFO - Dependencies all met for dep_context=non-requeueable deps ti=<TaskInstance: financial_full_pipeline.duckdb_ingest_bronze scheduled__2026-01-31T00:00:00+00:00 [queued]>
[2026-02-01T03:04:34.109+0000] {taskinstance.py:1159} INFO - Dependencies all met for dep_context=requeueable deps ti=<TaskInstance: financial_full_pipeline.duckdb_ingest_bronze scheduled__2026-01-31T00:00:00+00:00 [queued]>
[2026-02-01T03:04:34.110+0000] {taskinstance.py:1361} INFO - Starting attempt 2 of 2
[2026-02-01T03:04:34.131+0000] {taskinstance.py:1382} INFO - Executing <Task(PythonOperator): duckdb_ingest_bronze> on 2026-01-31 00:00:00+00:00
[2026-02-01T03:04:34.137+0000] {standard_task_runner.py:57} INFO - Started process 404 to run task
[2026-02-01T03:04:34.143+0000] {standard_task_runner.py:84} INFO - Running: ['***', 'tasks', 'run', 'financial_full_pipeline', 'duckdb_ingest_bronze', 'scheduled__2026-01-31T00:00:00+00:00', '--job-id', '7', '--raw', '--subdir', 'DAGS_FOLDER/financial_DWH.py', '--cfg-path', '/tmp/tmpoc3ekzfr']
[2026-02-01T03:04:34.149+0000] {standard_task_runner.py:85} INFO - Job 7: Subtask duckdb_ingest_bronze
[2026-02-01T03:04:34.232+0000] {task_command.py:416} INFO - Running <TaskInstance: financial_full_pipeline.duckdb_ingest_bronze scheduled__2026-01-31T00:00:00+00:00 [running]> on host d4461f48c063
[2026-02-01T03:04:34.371+0000] {taskinstance.py:1662} INFO - Exporting env vars: AIRFLOW_CTX_DAG_OWNER='youssef' AIRFLOW_CTX_DAG_ID='financial_full_pipeline' AIRFLOW_CTX_TASK_ID='duckdb_ingest_bronze' AIRFLOW_CTX_EXECUTION_DATE='2026-01-31T00:00:00+00:00' AIRFLOW_CTX_TRY_NUMBER='2' AIRFLOW_CTX_DAG_RUN_ID='scheduled__2026-01-31T00:00:00+00:00'
[2026-02-01T03:04:34.591+0000] {taskinstance.py:1937} ERROR - Task failed with exception
Traceback (most recent call last):
  File "/home/airflow/.local/lib/python3.8/site-packages/airflow/operators/python.py", line 192, in execute
    return_value = self.execute_callable()
  File "/home/airflow/.local/lib/python3.8/site-packages/airflow/operators/python.py", line 209, in execute_callable
    return self.python_callable(*self.op_args, **self.op_kwargs)
  File "/opt/airflow/dags/financial_DWH.py", line 32, in duck_ingest_logic
    con.execute(f"CREATE SCHEMA IF NOT EXISTS pg_db.{TARGET_SCHEMA};")
duckdb.duckdb.Error: Invalid Error: Failed to execute query "BEGIN TRANSACTION;
CREATE SCHEMA "bronze"": ERROR:  schema "bronze" already exists

[2026-02-01T03:04:34.610+0000] {taskinstance.py:1400} INFO - Marking task as FAILED. dag_id=financial_full_pipeline, task_id=duckdb_ingest_bronze, execution_date=20260131T000000, start_date=20260201T030434, end_date=20260201T030434
[2026-02-01T03:04:34.638+0000] {standard_task_runner.py:104} ERROR - Failed to execute job 7 for task duckdb_ingest_bronze (Invalid Error: Failed to execute query "BEGIN TRANSACTION;
CREATE SCHEMA "bronze"": ERROR:  schema "bronze" already exists
; 404)
[2026-02-01T03:04:34.693+0000] {local_task_job_runner.py:228} INFO - Task exited with return code 1
[2026-02-01T03:04:34.740+0000] {taskinstance.py:2778} INFO - 0 downstream tasks scheduled from follow-on schedule check
