[2026-02-01T04:46:03.109+0000] {taskinstance.py:1159} INFO - Dependencies all met for dep_context=non-requeueable deps ti=<TaskInstance: financial_full_pipeline.dbt_run_gold_fact manual__2026-02-01T04:21:32.149801+00:00 [queued]>
[2026-02-01T04:46:03.123+0000] {taskinstance.py:1159} INFO - Dependencies all met for dep_context=requeueable deps ti=<TaskInstance: financial_full_pipeline.dbt_run_gold_fact manual__2026-02-01T04:21:32.149801+00:00 [queued]>
[2026-02-01T04:46:03.124+0000] {taskinstance.py:1361} INFO - Starting attempt 1 of 2
[2026-02-01T04:46:03.142+0000] {taskinstance.py:1382} INFO - Executing <Task(BashOperator): dbt_run_gold_fact> on 2026-02-01 04:21:32.149801+00:00
[2026-02-01T04:46:03.150+0000] {standard_task_runner.py:57} INFO - Started process 7966 to run task
[2026-02-01T04:46:03.156+0000] {standard_task_runner.py:84} INFO - Running: ['***', 'tasks', 'run', 'financial_full_pipeline', 'dbt_run_gold_fact', 'manual__2026-02-01T04:21:32.149801+00:00', '--job-id', '60', '--raw', '--subdir', 'DAGS_FOLDER/financial_DWH.py', '--cfg-path', '/tmp/tmpi4tv8i4h']
[2026-02-01T04:46:03.160+0000] {standard_task_runner.py:85} INFO - Job 60: Subtask dbt_run_gold_fact
[2026-02-01T04:46:03.249+0000] {task_command.py:416} INFO - Running <TaskInstance: financial_full_pipeline.dbt_run_gold_fact manual__2026-02-01T04:21:32.149801+00:00 [running]> on host d4461f48c063
[2026-02-01T04:46:03.373+0000] {taskinstance.py:1662} INFO - Exporting env vars: AIRFLOW_CTX_DAG_OWNER='youssef' AIRFLOW_CTX_DAG_ID='financial_full_pipeline' AIRFLOW_CTX_TASK_ID='dbt_run_gold_fact' AIRFLOW_CTX_EXECUTION_DATE='2026-02-01T04:21:32.149801+00:00' AIRFLOW_CTX_TRY_NUMBER='1' AIRFLOW_CTX_DAG_RUN_ID='manual__2026-02-01T04:21:32.149801+00:00'
[2026-02-01T04:46:03.374+0000] {subprocess.py:63} INFO - Tmp dir root location: /tmp
[2026-02-01T04:46:03.377+0000] {subprocess.py:75} INFO - Running command: ['/bin/bash', '-c', 'cd /opt/***/dags/my_analysis && dbt run --select path:models/gold/facts --profiles-dir .']
[2026-02-01T04:46:03.395+0000] {subprocess.py:86} INFO - Output:
[2026-02-01T04:46:06.881+0000] {subprocess.py:93} INFO - [0m04:46:06  Running with dbt=1.8.7
[2026-02-01T04:46:07.302+0000] {subprocess.py:93} INFO - [0m04:46:07  Registered adapter: postgres=1.8.2
[2026-02-01T04:46:07.720+0000] {subprocess.py:93} INFO - [0m04:46:07  [[33mWARNING[0m]: Configuration paths exist in your dbt_project.yml file which do not apply to any resources.
[2026-02-01T04:46:07.721+0000] {subprocess.py:93} INFO - There are 3 unused configuration paths:
[2026-02-01T04:46:07.721+0000] {subprocess.py:93} INFO - - models.my_analysis:.bronze
[2026-02-01T04:46:07.721+0000] {subprocess.py:93} INFO - - models.my_analysis:.silver
[2026-02-01T04:46:07.721+0000] {subprocess.py:93} INFO - - models.my_analysis:.gold
[2026-02-01T04:46:08.113+0000] {subprocess.py:93} INFO - [0m04:46:08  Found 10 models, 8 data tests, 5 sources, 538 macros
[2026-02-01T04:46:08.117+0000] {subprocess.py:93} INFO - [0m04:46:08  The selection criterion 'path:models/gold/facts' does not match any enabled nodes
[2026-02-01T04:46:08.120+0000] {subprocess.py:93} INFO - [0m04:46:08
[2026-02-01T04:46:08.121+0000] {subprocess.py:93} INFO - [0m04:46:08  Nothing to do. Try checking your model configs and model specification args
[2026-02-01T04:46:09.236+0000] {subprocess.py:97} INFO - Command exited with return code 0
[2026-02-01T04:46:09.279+0000] {taskinstance.py:1400} INFO - Marking task as SUCCESS. dag_id=financial_full_pipeline, task_id=dbt_run_gold_fact, execution_date=20260201T042132, start_date=20260201T044603, end_date=20260201T044609
[2026-02-01T04:46:09.325+0000] {local_task_job_runner.py:228} INFO - Task exited with return code 0
[2026-02-01T04:46:09.352+0000] {taskinstance.py:2778} INFO - 0 downstream tasks scheduled from follow-on schedule check
