[2026-02-01T02:40:31.784+0000] {taskinstance.py:1159} INFO - Dependencies all met for dep_context=non-requeueable deps ti=<TaskInstance: financial_full_pipeline.duckdb_ingest_bronze manual__2026-02-01T02:40:30.210224+00:00 [queued]>
[2026-02-01T02:40:31.826+0000] {taskinstance.py:1159} INFO - Dependencies all met for dep_context=requeueable deps ti=<TaskInstance: financial_full_pipeline.duckdb_ingest_bronze manual__2026-02-01T02:40:30.210224+00:00 [queued]>
[2026-02-01T02:40:31.827+0000] {taskinstance.py:1361} INFO - Starting attempt 1 of 2
[2026-02-01T02:40:31.864+0000] {taskinstance.py:1382} INFO - Executing <Task(PythonOperator): duckdb_ingest_bronze> on 2026-02-01 02:40:30.210224+00:00
[2026-02-01T02:40:31.872+0000] {standard_task_runner.py:57} INFO - Started process 794 to run task
[2026-02-01T02:40:31.890+0000] {standard_task_runner.py:84} INFO - Running: ['***', 'tasks', 'run', 'financial_full_pipeline', 'duckdb_ingest_bronze', 'manual__2026-02-01T02:40:30.210224+00:00', '--job-id', '13', '--raw', '--subdir', 'DAGS_FOLDER/financial_DWH.py', '--cfg-path', '/tmp/tmp1o2q1919']
[2026-02-01T02:40:31.900+0000] {standard_task_runner.py:85} INFO - Job 13: Subtask duckdb_ingest_bronze
[2026-02-01T02:40:32.053+0000] {task_command.py:416} INFO - Running <TaskInstance: financial_full_pipeline.duckdb_ingest_bronze manual__2026-02-01T02:40:30.210224+00:00 [running]> on host ef780d25286f
[2026-02-01T02:40:32.428+0000] {taskinstance.py:1662} INFO - Exporting env vars: AIRFLOW_CTX_DAG_OWNER='youssef' AIRFLOW_CTX_DAG_ID='financial_full_pipeline' AIRFLOW_CTX_TASK_ID='duckdb_ingest_bronze' AIRFLOW_CTX_EXECUTION_DATE='2026-02-01T02:40:30.210224+00:00' AIRFLOW_CTX_TRY_NUMBER='1' AIRFLOW_CTX_DAG_RUN_ID='manual__2026-02-01T02:40:30.210224+00:00'
[2026-02-01T02:40:33.046+0000] {taskinstance.py:1937} ERROR - Task failed with exception
Traceback (most recent call last):
  File "/home/airflow/.local/lib/python3.8/site-packages/airflow/operators/python.py", line 192, in execute
    return_value = self.execute_callable()
  File "/home/airflow/.local/lib/python3.8/site-packages/airflow/operators/python.py", line 209, in execute_callable
    return self.python_callable(*self.op_args, **self.op_kwargs)
  File "/opt/airflow/dags/financial_DWH.py", line 32, in duck_ingest_logic
    con.execute(f"CREATE SCHEMA IF NOT EXISTS pg_db.{TARGET_SCHEMA};")
duckdb.duckdb.Error: Invalid Error: Failed to execute query "BEGIN TRANSACTION;
CREATE SCHEMA "bronze"": ERROR:  schema "bronze" already exists

[2026-02-01T02:40:33.076+0000] {taskinstance.py:1400} INFO - Marking task as UP_FOR_RETRY. dag_id=financial_full_pipeline, task_id=duckdb_ingest_bronze, execution_date=20260201T024030, start_date=20260201T024031, end_date=20260201T024033
[2026-02-01T02:40:33.098+0000] {standard_task_runner.py:104} ERROR - Failed to execute job 13 for task duckdb_ingest_bronze (Invalid Error: Failed to execute query "BEGIN TRANSACTION;
CREATE SCHEMA "bronze"": ERROR:  schema "bronze" already exists
; 794)
[2026-02-01T02:40:33.130+0000] {local_task_job_runner.py:228} INFO - Task exited with return code 1
[2026-02-01T02:40:33.167+0000] {taskinstance.py:2778} INFO - 0 downstream tasks scheduled from follow-on schedule check
