[2026-02-01T03:32:17.546+0000] {taskinstance.py:1159} INFO - Dependencies all met for dep_context=non-requeueable deps ti=<TaskInstance: financial_full_pipeline.duckdb_ingest_bronze manual__2026-02-01T03:28:59.657725+00:00 [queued]>
[2026-02-01T03:32:17.559+0000] {taskinstance.py:1159} INFO - Dependencies all met for dep_context=requeueable deps ti=<TaskInstance: financial_full_pipeline.duckdb_ingest_bronze manual__2026-02-01T03:28:59.657725+00:00 [queued]>
[2026-02-01T03:32:17.560+0000] {taskinstance.py:1361} INFO - Starting attempt 2 of 3
[2026-02-01T03:32:17.580+0000] {taskinstance.py:1382} INFO - Executing <Task(PythonOperator): duckdb_ingest_bronze> on 2026-02-01 03:28:59.657725+00:00
[2026-02-01T03:32:17.585+0000] {standard_task_runner.py:57} INFO - Started process 1261 to run task
[2026-02-01T03:32:17.592+0000] {standard_task_runner.py:84} INFO - Running: ['***', 'tasks', 'run', 'financial_full_pipeline', 'duckdb_ingest_bronze', 'manual__2026-02-01T03:28:59.657725+00:00', '--job-id', '33', '--raw', '--subdir', 'DAGS_FOLDER/financial_DWH.py', '--cfg-path', '/tmp/tmpxfwg3iju']
[2026-02-01T03:32:17.597+0000] {standard_task_runner.py:85} INFO - Job 33: Subtask duckdb_ingest_bronze
[2026-02-01T03:32:17.673+0000] {task_command.py:416} INFO - Running <TaskInstance: financial_full_pipeline.duckdb_ingest_bronze manual__2026-02-01T03:28:59.657725+00:00 [running]> on host d4461f48c063
[2026-02-01T03:32:17.800+0000] {taskinstance.py:1662} INFO - Exporting env vars: AIRFLOW_CTX_DAG_OWNER='youssef' AIRFLOW_CTX_DAG_ID='financial_full_pipeline' AIRFLOW_CTX_TASK_ID='duckdb_ingest_bronze' AIRFLOW_CTX_EXECUTION_DATE='2026-02-01T03:28:59.657725+00:00' AIRFLOW_CTX_TRY_NUMBER='2' AIRFLOW_CTX_DAG_RUN_ID='manual__2026-02-01T03:28:59.657725+00:00'
[2026-02-01T03:32:17.855+0000] {logging_mixin.py:151} INFO - Starting DuckDB ingestion...
[2026-02-01T03:32:17.862+0000] {logging_mixin.py:151} INFO - Installing PostgreSQL extension...
[2026-02-01T03:32:17.996+0000] {logging_mixin.py:151} INFO - Connecting to PostgreSQL: host=172.28.176.1 port=5432 dbname=financial_Transactions user=postgres password=12345
[2026-02-01T03:32:18.189+0000] {logging_mixin.py:151} INFO - Creating schema: bronze
[2026-02-01T03:32:18.193+0000] {logging_mixin.py:151} INFO - ℹSchema bronze already exists, continuing...
[2026-02-01T03:32:18.193+0000] {logging_mixin.py:151} INFO - ⚠️ File not found: /mnt/c/Users/dell/Desktop/DWH/finacel trasncation data/End/users_data.csv
[2026-02-01T03:32:18.194+0000] {logging_mixin.py:151} INFO - ⚠️ File not found: /mnt/c/Users/dell/Desktop/DWH/finacel trasncation data/End/cards_data.csv
[2026-02-01T03:32:18.194+0000] {logging_mixin.py:151} INFO - ⚠️ File not found: /mnt/c/Users/dell/Desktop/DWH/finacel trasncation data/End/mcc_codes.json
[2026-02-01T03:32:18.194+0000] {logging_mixin.py:151} INFO - ⚠️ File not found: /mnt/c/Users/dell/Desktop/DWH/finacel trasncation data/End/train_fraud_labels.json
[2026-02-01T03:32:18.195+0000] {logging_mixin.py:151} INFO - ⚠️ File not found: /mnt/c/Users/dell/Desktop/DWH/finacel trasncation data/End/transactions_data.csv
[2026-02-01T03:32:18.195+0000] {logging_mixin.py:151} INFO - ✅ All files processed successfully!
[2026-02-01T03:32:18.197+0000] {logging_mixin.py:151} INFO - DuckDB connection closed
[2026-02-01T03:32:18.199+0000] {python.py:194} INFO - Done. Returned value was: None
[2026-02-01T03:32:18.218+0000] {taskinstance.py:1400} INFO - Marking task as SUCCESS. dag_id=financial_full_pipeline, task_id=duckdb_ingest_bronze, execution_date=20260201T032859, start_date=20260201T033217, end_date=20260201T033218
[2026-02-01T03:32:18.255+0000] {local_task_job_runner.py:228} INFO - Task exited with return code 0
[2026-02-01T03:32:18.303+0000] {taskinstance.py:2778} INFO - 1 downstream tasks scheduled from follow-on schedule check
