[2026-02-01T03:17:00.133+0000] {taskinstance.py:1159} INFO - Dependencies all met for dep_context=non-requeueable deps ti=<TaskInstance: financial_full_pipeline.duckdb_ingest_bronze manual__2026-02-01T03:16:57.530818+00:00 [queued]>
[2026-02-01T03:17:00.169+0000] {taskinstance.py:1159} INFO - Dependencies all met for dep_context=requeueable deps ti=<TaskInstance: financial_full_pipeline.duckdb_ingest_bronze manual__2026-02-01T03:16:57.530818+00:00 [queued]>
[2026-02-01T03:17:00.169+0000] {taskinstance.py:1361} INFO - Starting attempt 1 of 2
[2026-02-01T03:17:00.200+0000] {taskinstance.py:1382} INFO - Executing <Task(PythonOperator): duckdb_ingest_bronze> on 2026-02-01 03:16:57.530818+00:00
[2026-02-01T03:17:00.207+0000] {standard_task_runner.py:57} INFO - Started process 612 to run task
[2026-02-01T03:17:00.214+0000] {standard_task_runner.py:84} INFO - Running: ['***', 'tasks', 'run', 'financial_full_pipeline', 'duckdb_ingest_bronze', 'manual__2026-02-01T03:16:57.530818+00:00', '--job-id', '10', '--raw', '--subdir', 'DAGS_FOLDER/financial_DWH.py', '--cfg-path', '/tmp/tmpm3whi0n5']
[2026-02-01T03:17:00.218+0000] {standard_task_runner.py:85} INFO - Job 10: Subtask duckdb_ingest_bronze
[2026-02-01T03:17:00.301+0000] {task_command.py:416} INFO - Running <TaskInstance: financial_full_pipeline.duckdb_ingest_bronze manual__2026-02-01T03:16:57.530818+00:00 [running]> on host d4461f48c063
[2026-02-01T03:17:00.548+0000] {taskinstance.py:1662} INFO - Exporting env vars: AIRFLOW_CTX_DAG_OWNER='youssef' AIRFLOW_CTX_DAG_ID='financial_full_pipeline' AIRFLOW_CTX_TASK_ID='duckdb_ingest_bronze' AIRFLOW_CTX_EXECUTION_DATE='2026-02-01T03:16:57.530818+00:00' AIRFLOW_CTX_TRY_NUMBER='1' AIRFLOW_CTX_DAG_RUN_ID='manual__2026-02-01T03:16:57.530818+00:00'
[2026-02-01T03:17:01.121+0000] {taskinstance.py:1937} ERROR - Task failed with exception
Traceback (most recent call last):
  File "/home/airflow/.local/lib/python3.8/site-packages/airflow/operators/python.py", line 192, in execute
    return_value = self.execute_callable()
  File "/home/airflow/.local/lib/python3.8/site-packages/airflow/operators/python.py", line 209, in execute_callable
    return self.python_callable(*self.op_args, **self.op_kwargs)
  File "/opt/airflow/dags/financial_DWH.py", line 32, in duck_ingest_logic
    con.execute(f"CREATE SCHEMA IF NOT EXISTS pg_db.{TARGET_SCHEMA};")
duckdb.duckdb.Error: Invalid Error: Failed to execute query "BEGIN TRANSACTION;
CREATE SCHEMA "bronze"": ERROR:  schema "bronze" already exists

[2026-02-01T03:17:01.163+0000] {taskinstance.py:1400} INFO - Marking task as UP_FOR_RETRY. dag_id=financial_full_pipeline, task_id=duckdb_ingest_bronze, execution_date=20260201T031657, start_date=20260201T031700, end_date=20260201T031701
[2026-02-01T03:17:01.224+0000] {standard_task_runner.py:104} ERROR - Failed to execute job 10 for task duckdb_ingest_bronze (Invalid Error: Failed to execute query "BEGIN TRANSACTION;
CREATE SCHEMA "bronze"": ERROR:  schema "bronze" already exists
; 612)
[2026-02-01T03:17:01.257+0000] {local_task_job_runner.py:228} INFO - Task exited with return code 1
[2026-02-01T03:17:01.296+0000] {taskinstance.py:2778} INFO - 0 downstream tasks scheduled from follow-on schedule check
