[2026-02-01T02:32:16.039+0000] {taskinstance.py:1159} INFO - Dependencies all met for dep_context=non-requeueable deps ti=<TaskInstance: financial_full_pipeline.dbt_run_silver scheduled__2026-01-31T00:00:00+00:00 [queued]>
[2026-02-01T02:32:16.066+0000] {taskinstance.py:1159} INFO - Dependencies all met for dep_context=requeueable deps ti=<TaskInstance: financial_full_pipeline.dbt_run_silver scheduled__2026-01-31T00:00:00+00:00 [queued]>
[2026-02-01T02:32:16.067+0000] {taskinstance.py:1361} INFO - Starting attempt 2 of 2
[2026-02-01T02:32:16.107+0000] {taskinstance.py:1382} INFO - Executing <Task(BashOperator): dbt_run_silver> on 2026-01-31 00:00:00+00:00
[2026-02-01T02:32:16.114+0000] {standard_task_runner.py:57} INFO - Started process 518 to run task
[2026-02-01T02:32:16.134+0000] {standard_task_runner.py:84} INFO - Running: ['***', 'tasks', 'run', 'financial_full_pipeline', 'dbt_run_silver', 'scheduled__2026-01-31T00:00:00+00:00', '--job-id', '7', '--raw', '--subdir', 'DAGS_FOLDER/financial_DWH.py', '--cfg-path', '/tmp/tmpf16pb8rl']
[2026-02-01T02:32:16.148+0000] {standard_task_runner.py:85} INFO - Job 7: Subtask dbt_run_silver
[2026-02-01T02:32:16.250+0000] {task_command.py:416} INFO - Running <TaskInstance: financial_full_pipeline.dbt_run_silver scheduled__2026-01-31T00:00:00+00:00 [running]> on host ef780d25286f
[2026-02-01T02:32:16.381+0000] {taskinstance.py:1662} INFO - Exporting env vars: AIRFLOW_CTX_DAG_OWNER='youssef' AIRFLOW_CTX_DAG_ID='financial_full_pipeline' AIRFLOW_CTX_TASK_ID='dbt_run_silver' AIRFLOW_CTX_EXECUTION_DATE='2026-01-31T00:00:00+00:00' AIRFLOW_CTX_TRY_NUMBER='2' AIRFLOW_CTX_DAG_RUN_ID='scheduled__2026-01-31T00:00:00+00:00'
[2026-02-01T02:32:16.385+0000] {subprocess.py:63} INFO - Tmp dir root location: /tmp
[2026-02-01T02:32:16.386+0000] {subprocess.py:75} INFO - Running command: ['/bin/bash', '-c', 'cd /home/youssef/DataWarehouse/my_analysis && dbt run --select path:models/silver']
[2026-02-01T02:32:16.402+0000] {subprocess.py:86} INFO - Output:
[2026-02-01T02:32:16.406+0000] {subprocess.py:93} INFO - /bin/bash: line 1: cd: /home/youssef/DataWarehouse/my_analysis: No such file or directory
[2026-02-01T02:32:16.406+0000] {subprocess.py:97} INFO - Command exited with return code 1
[2026-02-01T02:32:16.424+0000] {taskinstance.py:1937} ERROR - Task failed with exception
Traceback (most recent call last):
  File "/home/airflow/.local/lib/python3.8/site-packages/airflow/operators/bash.py", line 210, in execute
    raise AirflowException(
airflow.exceptions.AirflowException: Bash command failed. The command returned a non-zero exit code 1.
[2026-02-01T02:32:16.431+0000] {taskinstance.py:1400} INFO - Marking task as FAILED. dag_id=financial_full_pipeline, task_id=dbt_run_silver, execution_date=20260131T000000, start_date=20260201T023216, end_date=20260201T023216
[2026-02-01T02:32:16.449+0000] {standard_task_runner.py:104} ERROR - Failed to execute job 7 for task dbt_run_silver (Bash command failed. The command returned a non-zero exit code 1.; 518)
[2026-02-01T02:32:16.504+0000] {local_task_job_runner.py:228} INFO - Task exited with return code 1
[2026-02-01T02:32:16.552+0000] {taskinstance.py:2778} INFO - 0 downstream tasks scheduled from follow-on schedule check
[2026-02-01T13:21:18.138+0000] {taskinstance.py:1159} INFO - Dependencies all met for dep_context=non-requeueable deps ti=<TaskInstance: financial_full_pipeline.dbt_run_silver scheduled__2026-01-31T00:00:00+00:00 [queued]>
[2026-02-01T13:21:18.160+0000] {taskinstance.py:1159} INFO - Dependencies all met for dep_context=requeueable deps ti=<TaskInstance: financial_full_pipeline.dbt_run_silver scheduled__2026-01-31T00:00:00+00:00 [queued]>
[2026-02-01T13:21:18.160+0000] {taskinstance.py:1361} INFO - Starting attempt 2 of 2
[2026-02-01T13:21:18.184+0000] {taskinstance.py:1382} INFO - Executing <Task(BashOperator): dbt_run_silver> on 2026-01-31 00:00:00+00:00
[2026-02-01T13:21:18.190+0000] {standard_task_runner.py:57} INFO - Started process 550 to run task
[2026-02-01T13:21:18.201+0000] {standard_task_runner.py:84} INFO - Running: ['***', 'tasks', 'run', 'financial_full_pipeline', 'dbt_run_silver', 'scheduled__2026-01-31T00:00:00+00:00', '--job-id', '10', '--raw', '--subdir', 'DAGS_FOLDER/financial_DWH.py', '--cfg-path', '/tmp/tmp8xyhwwbu']
[2026-02-01T13:21:18.206+0000] {standard_task_runner.py:85} INFO - Job 10: Subtask dbt_run_silver
[2026-02-01T13:21:18.320+0000] {task_command.py:416} INFO - Running <TaskInstance: financial_full_pipeline.dbt_run_silver scheduled__2026-01-31T00:00:00+00:00 [running]> on host 262b363e6f61
[2026-02-01T13:21:18.813+0000] {taskinstance.py:1662} INFO - Exporting env vars: AIRFLOW_CTX_DAG_OWNER='youssef' AIRFLOW_CTX_DAG_ID='financial_full_pipeline' AIRFLOW_CTX_TASK_ID='dbt_run_silver' AIRFLOW_CTX_EXECUTION_DATE='2026-01-31T00:00:00+00:00' AIRFLOW_CTX_TRY_NUMBER='2' AIRFLOW_CTX_DAG_RUN_ID='scheduled__2026-01-31T00:00:00+00:00'
[2026-02-01T13:21:18.836+0000] {subprocess.py:63} INFO - Tmp dir root location: /tmp
[2026-02-01T13:21:18.850+0000] {subprocess.py:75} INFO - Running command: ['/bin/bash', '-c', 'cd /opt/***/dags/my_analysis && dbt run --profiles-dir .']
[2026-02-01T13:21:18.899+0000] {subprocess.py:86} INFO - Output:
[2026-02-01T13:21:18.901+0000] {subprocess.py:93} INFO - /bin/bash: line 1: cd: /opt/***/dags/my_analysis: No such file or directory
[2026-02-01T13:21:18.902+0000] {subprocess.py:97} INFO - Command exited with return code 1
[2026-02-01T13:21:18.982+0000] {taskinstance.py:1937} ERROR - Task failed with exception
Traceback (most recent call last):
  File "/home/airflow/.local/lib/python3.8/site-packages/airflow/operators/bash.py", line 210, in execute
    raise AirflowException(
airflow.exceptions.AirflowException: Bash command failed. The command returned a non-zero exit code 1.
[2026-02-01T13:21:19.013+0000] {taskinstance.py:1400} INFO - Marking task as FAILED. dag_id=financial_full_pipeline, task_id=dbt_run_silver, execution_date=20260131T000000, start_date=20260201T132118, end_date=20260201T132119
[2026-02-01T13:21:19.088+0000] {standard_task_runner.py:104} ERROR - Failed to execute job 10 for task dbt_run_silver (Bash command failed. The command returned a non-zero exit code 1.; 550)
[2026-02-01T13:21:19.140+0000] {local_task_job_runner.py:228} INFO - Task exited with return code 1
[2026-02-01T13:21:19.251+0000] {taskinstance.py:2778} INFO - 0 downstream tasks scheduled from follow-on schedule check
