[2026-02-01T02:27:14.579+0000] {taskinstance.py:1159} INFO - Dependencies all met for dep_context=non-requeueable deps ti=<TaskInstance: financial_full_pipeline.dbt_run_silver scheduled__2026-01-31T00:00:00+00:00 [queued]>
[2026-02-01T02:27:14.594+0000] {taskinstance.py:1159} INFO - Dependencies all met for dep_context=requeueable deps ti=<TaskInstance: financial_full_pipeline.dbt_run_silver scheduled__2026-01-31T00:00:00+00:00 [queued]>
[2026-02-01T02:27:14.594+0000] {taskinstance.py:1361} INFO - Starting attempt 1 of 2
[2026-02-01T02:27:14.615+0000] {taskinstance.py:1382} INFO - Executing <Task(BashOperator): dbt_run_silver> on 2026-01-31 00:00:00+00:00
[2026-02-01T02:27:14.621+0000] {standard_task_runner.py:57} INFO - Started process 325 to run task
[2026-02-01T02:27:14.628+0000] {standard_task_runner.py:84} INFO - Running: ['***', 'tasks', 'run', 'financial_full_pipeline', 'dbt_run_silver', 'scheduled__2026-01-31T00:00:00+00:00', '--job-id', '4', '--raw', '--subdir', 'DAGS_FOLDER/financial_DWH.py', '--cfg-path', '/tmp/tmpd58j27ep']
[2026-02-01T02:27:14.632+0000] {standard_task_runner.py:85} INFO - Job 4: Subtask dbt_run_silver
[2026-02-01T02:27:14.725+0000] {task_command.py:416} INFO - Running <TaskInstance: financial_full_pipeline.dbt_run_silver scheduled__2026-01-31T00:00:00+00:00 [running]> on host ef780d25286f
[2026-02-01T02:27:14.959+0000] {taskinstance.py:1662} INFO - Exporting env vars: AIRFLOW_CTX_DAG_OWNER='youssef' AIRFLOW_CTX_DAG_ID='financial_full_pipeline' AIRFLOW_CTX_TASK_ID='dbt_run_silver' AIRFLOW_CTX_EXECUTION_DATE='2026-01-31T00:00:00+00:00' AIRFLOW_CTX_TRY_NUMBER='1' AIRFLOW_CTX_DAG_RUN_ID='scheduled__2026-01-31T00:00:00+00:00'
[2026-02-01T02:27:14.962+0000] {subprocess.py:63} INFO - Tmp dir root location: /tmp
[2026-02-01T02:27:14.964+0000] {subprocess.py:75} INFO - Running command: ['/bin/bash', '-c', 'cd /home/youssef/DataWarehouse/my_analysis && dbt run --select path:models/silver']
[2026-02-01T02:27:14.989+0000] {subprocess.py:86} INFO - Output:
[2026-02-01T02:27:14.997+0000] {subprocess.py:93} INFO - /bin/bash: line 1: cd: /home/youssef/DataWarehouse/my_analysis: No such file or directory
[2026-02-01T02:27:14.997+0000] {subprocess.py:97} INFO - Command exited with return code 1
[2026-02-01T02:27:15.034+0000] {taskinstance.py:1937} ERROR - Task failed with exception
Traceback (most recent call last):
  File "/home/airflow/.local/lib/python3.8/site-packages/airflow/operators/bash.py", line 210, in execute
    raise AirflowException(
airflow.exceptions.AirflowException: Bash command failed. The command returned a non-zero exit code 1.
[2026-02-01T02:27:15.043+0000] {taskinstance.py:1400} INFO - Marking task as UP_FOR_RETRY. dag_id=financial_full_pipeline, task_id=dbt_run_silver, execution_date=20260131T000000, start_date=20260201T022714, end_date=20260201T022715
[2026-02-01T02:27:15.076+0000] {standard_task_runner.py:104} ERROR - Failed to execute job 4 for task dbt_run_silver (Bash command failed. The command returned a non-zero exit code 1.; 325)
[2026-02-01T02:27:15.091+0000] {local_task_job_runner.py:228} INFO - Task exited with return code 1
[2026-02-01T02:27:15.175+0000] {taskinstance.py:2778} INFO - 0 downstream tasks scheduled from follow-on schedule check
[2026-02-01T13:16:15.910+0000] {taskinstance.py:1159} INFO - Dependencies all met for dep_context=non-requeueable deps ti=<TaskInstance: financial_full_pipeline.dbt_run_silver scheduled__2026-01-31T00:00:00+00:00 [queued]>
[2026-02-01T13:16:16.269+0000] {taskinstance.py:1159} INFO - Dependencies all met for dep_context=requeueable deps ti=<TaskInstance: financial_full_pipeline.dbt_run_silver scheduled__2026-01-31T00:00:00+00:00 [queued]>
[2026-02-01T13:16:16.270+0000] {taskinstance.py:1361} INFO - Starting attempt 1 of 2
[2026-02-01T13:16:16.377+0000] {taskinstance.py:1382} INFO - Executing <Task(BashOperator): dbt_run_silver> on 2026-01-31 00:00:00+00:00
[2026-02-01T13:16:16.395+0000] {standard_task_runner.py:57} INFO - Started process 496 to run task
[2026-02-01T13:16:16.403+0000] {standard_task_runner.py:84} INFO - Running: ['***', 'tasks', 'run', 'financial_full_pipeline', 'dbt_run_silver', 'scheduled__2026-01-31T00:00:00+00:00', '--job-id', '7', '--raw', '--subdir', 'DAGS_FOLDER/financial_DWH.py', '--cfg-path', '/tmp/tmpgeye3swo']
[2026-02-01T13:16:16.430+0000] {standard_task_runner.py:85} INFO - Job 7: Subtask dbt_run_silver
[2026-02-01T13:16:16.650+0000] {task_command.py:416} INFO - Running <TaskInstance: financial_full_pipeline.dbt_run_silver scheduled__2026-01-31T00:00:00+00:00 [running]> on host 262b363e6f61
[2026-02-01T13:16:16.999+0000] {taskinstance.py:1662} INFO - Exporting env vars: AIRFLOW_CTX_DAG_OWNER='youssef' AIRFLOW_CTX_DAG_ID='financial_full_pipeline' AIRFLOW_CTX_TASK_ID='dbt_run_silver' AIRFLOW_CTX_EXECUTION_DATE='2026-01-31T00:00:00+00:00' AIRFLOW_CTX_TRY_NUMBER='1' AIRFLOW_CTX_DAG_RUN_ID='scheduled__2026-01-31T00:00:00+00:00'
[2026-02-01T13:16:17.001+0000] {subprocess.py:63} INFO - Tmp dir root location: /tmp
[2026-02-01T13:16:17.003+0000] {subprocess.py:75} INFO - Running command: ['/bin/bash', '-c', 'cd /opt/***/dags/my_analysis && dbt run --profiles-dir .']
[2026-02-01T13:16:17.029+0000] {subprocess.py:86} INFO - Output:
[2026-02-01T13:16:17.042+0000] {subprocess.py:93} INFO - /bin/bash: line 1: cd: /opt/***/dags/my_analysis: No such file or directory
[2026-02-01T13:16:17.043+0000] {subprocess.py:97} INFO - Command exited with return code 1
[2026-02-01T13:16:17.084+0000] {taskinstance.py:1937} ERROR - Task failed with exception
Traceback (most recent call last):
  File "/home/airflow/.local/lib/python3.8/site-packages/airflow/operators/bash.py", line 210, in execute
    raise AirflowException(
airflow.exceptions.AirflowException: Bash command failed. The command returned a non-zero exit code 1.
[2026-02-01T13:16:17.102+0000] {taskinstance.py:1400} INFO - Marking task as UP_FOR_RETRY. dag_id=financial_full_pipeline, task_id=dbt_run_silver, execution_date=20260131T000000, start_date=20260201T131616, end_date=20260201T131617
[2026-02-01T13:16:17.148+0000] {standard_task_runner.py:104} ERROR - Failed to execute job 7 for task dbt_run_silver (Bash command failed. The command returned a non-zero exit code 1.; 496)
[2026-02-01T13:16:17.204+0000] {local_task_job_runner.py:228} INFO - Task exited with return code 1
[2026-02-01T13:16:17.319+0000] {taskinstance.py:2778} INFO - 0 downstream tasks scheduled from follow-on schedule check
