[2026-02-01T01:37:09.570+0000] {processor.py:157} INFO - Started process (PID=91) to work on /home/airflow/.local/lib/python3.8/site-packages/airflow/example_dags/example_datasets.py
[2026-02-01T01:37:09.573+0000] {processor.py:829} INFO - Processing file /home/airflow/.local/lib/python3.8/site-packages/airflow/example_dags/example_datasets.py for tasks to queue
[2026-02-01T01:37:09.583+0000] {logging_mixin.py:151} INFO - [2026-02-01T01:37:09.582+0000] {dagbag.py:536} INFO - Filling up the DagBag from /home/airflow/.local/lib/python3.8/site-packages/airflow/example_dags/example_datasets.py
[2026-02-01T01:37:09.656+0000] {processor.py:839} INFO - DAG(s) dict_keys(['dataset_consumes_unknown_never_scheduled', 'dataset_consumes_1_and_2', 'dataset_consumes_1', 'dataset_produces_1', 'dataset_produces_2', 'dataset_consumes_1_never_scheduled']) retrieved from /home/airflow/.local/lib/python3.8/site-packages/airflow/example_dags/example_datasets.py
[2026-02-01T01:37:10.343+0000] {logging_mixin.py:151} INFO - [2026-02-01T01:37:10.342+0000] {manager.py:499} INFO - Created Permission View: %s
[2026-02-01T01:37:10.385+0000] {logging_mixin.py:151} INFO - [2026-02-01T01:37:10.385+0000] {manager.py:499} INFO - Created Permission View: %s
[2026-02-01T01:37:10.420+0000] {logging_mixin.py:151} INFO - [2026-02-01T01:37:10.419+0000] {manager.py:499} INFO - Created Permission View: %s
[2026-02-01T01:37:10.501+0000] {logging_mixin.py:151} INFO - [2026-02-01T01:37:10.500+0000] {manager.py:499} INFO - Created Permission View: %s
[2026-02-01T01:37:10.614+0000] {logging_mixin.py:151} INFO - [2026-02-01T01:37:10.601+0000] {manager.py:499} INFO - Created Permission View: %s
[2026-02-01T01:37:10.665+0000] {logging_mixin.py:151} INFO - [2026-02-01T01:37:10.665+0000] {manager.py:499} INFO - Created Permission View: %s
[2026-02-01T01:37:10.770+0000] {logging_mixin.py:151} INFO - [2026-02-01T01:37:10.769+0000] {manager.py:499} INFO - Created Permission View: %s
[2026-02-01T01:37:10.838+0000] {logging_mixin.py:151} INFO - [2026-02-01T01:37:10.837+0000] {manager.py:499} INFO - Created Permission View: %s
[2026-02-01T01:37:10.874+0000] {logging_mixin.py:151} INFO - [2026-02-01T01:37:10.873+0000] {manager.py:499} INFO - Created Permission View: %s
[2026-02-01T01:37:10.938+0000] {logging_mixin.py:151} INFO - [2026-02-01T01:37:10.938+0000] {manager.py:499} INFO - Created Permission View: %s
[2026-02-01T01:37:10.959+0000] {logging_mixin.py:151} INFO - [2026-02-01T01:37:10.958+0000] {manager.py:499} INFO - Created Permission View: %s
[2026-02-01T01:37:10.989+0000] {logging_mixin.py:151} INFO - [2026-02-01T01:37:10.989+0000] {manager.py:499} INFO - Created Permission View: %s
[2026-02-01T01:37:11.045+0000] {logging_mixin.py:151} INFO - [2026-02-01T01:37:11.044+0000] {manager.py:499} INFO - Created Permission View: %s
[2026-02-01T01:37:11.085+0000] {logging_mixin.py:151} INFO - [2026-02-01T01:37:11.085+0000] {manager.py:499} INFO - Created Permission View: %s
[2026-02-01T01:37:11.125+0000] {logging_mixin.py:151} INFO - [2026-02-01T01:37:11.125+0000] {manager.py:499} INFO - Created Permission View: %s
[2026-02-01T01:37:11.206+0000] {logging_mixin.py:151} INFO - [2026-02-01T01:37:11.206+0000] {manager.py:499} INFO - Created Permission View: %s
[2026-02-01T01:37:11.258+0000] {logging_mixin.py:151} INFO - [2026-02-01T01:37:11.257+0000] {manager.py:499} INFO - Created Permission View: %s
[2026-02-01T01:37:11.299+0000] {logging_mixin.py:151} INFO - [2026-02-01T01:37:11.299+0000] {manager.py:499} INFO - Created Permission View: %s
[2026-02-01T01:37:11.300+0000] {logging_mixin.py:151} INFO - [2026-02-01T01:37:11.300+0000] {dag.py:2941} INFO - Sync 6 DAGs
[2026-02-01T01:37:11.357+0000] {logging_mixin.py:151} INFO - [2026-02-01T01:37:11.357+0000] {dag.py:2963} INFO - Creating ORM DAG for dataset_consumes_unknown_never_scheduled
[2026-02-01T01:37:11.367+0000] {logging_mixin.py:151} INFO - [2026-02-01T01:37:11.366+0000] {dag.py:2963} INFO - Creating ORM DAG for dataset_consumes_1
[2026-02-01T01:37:11.369+0000] {logging_mixin.py:151} INFO - [2026-02-01T01:37:11.368+0000] {dag.py:2963} INFO - Creating ORM DAG for dataset_produces_2
[2026-02-01T01:37:11.371+0000] {logging_mixin.py:151} INFO - [2026-02-01T01:37:11.370+0000] {dag.py:2963} INFO - Creating ORM DAG for dataset_consumes_1_never_scheduled
[2026-02-01T01:37:11.374+0000] {logging_mixin.py:151} INFO - [2026-02-01T01:37:11.372+0000] {dag.py:2963} INFO - Creating ORM DAG for dataset_produces_1
[2026-02-01T01:37:11.381+0000] {logging_mixin.py:151} INFO - [2026-02-01T01:37:11.380+0000] {dag.py:2963} INFO - Creating ORM DAG for dataset_consumes_1_and_2
[2026-02-01T01:37:11.423+0000] {logging_mixin.py:151} INFO - [2026-02-01T01:37:11.422+0000] {dag.py:3722} INFO - Setting next_dagrun for dataset_consumes_1 to None, run_after=None
[2026-02-01T01:37:11.436+0000] {logging_mixin.py:151} INFO - [2026-02-01T01:37:11.435+0000] {dag.py:3722} INFO - Setting next_dagrun for dataset_consumes_1_and_2 to None, run_after=None
[2026-02-01T01:37:11.438+0000] {logging_mixin.py:151} INFO - [2026-02-01T01:37:11.438+0000] {dag.py:3722} INFO - Setting next_dagrun for dataset_consumes_1_never_scheduled to None, run_after=None
[2026-02-01T01:37:11.441+0000] {logging_mixin.py:151} INFO - [2026-02-01T01:37:11.441+0000] {dag.py:3722} INFO - Setting next_dagrun for dataset_consumes_unknown_never_scheduled to None, run_after=None
[2026-02-01T01:37:11.454+0000] {logging_mixin.py:151} INFO - [2026-02-01T01:37:11.453+0000] {dag.py:3722} INFO - Setting next_dagrun for dataset_produces_1 to 2026-01-31T00:00:00+00:00, run_after=2026-02-01T00:00:00+00:00
[2026-02-01T01:37:11.466+0000] {logging_mixin.py:151} INFO - [2026-02-01T01:37:11.465+0000] {dag.py:3722} INFO - Setting next_dagrun for dataset_produces_2 to None, run_after=None
[2026-02-01T01:37:11.721+0000] {processor.py:179} INFO - Processing /home/airflow/.local/lib/python3.8/site-packages/airflow/example_dags/example_datasets.py took 2.160 seconds
[2026-02-01T01:40:35.621+0000] {processor.py:157} INFO - Started process (PID=84) to work on /home/airflow/.local/lib/python3.8/site-packages/airflow/example_dags/example_datasets.py
[2026-02-01T01:40:35.625+0000] {processor.py:829} INFO - Processing file /home/airflow/.local/lib/python3.8/site-packages/airflow/example_dags/example_datasets.py for tasks to queue
[2026-02-01T01:40:35.630+0000] {logging_mixin.py:151} INFO - [2026-02-01T01:40:35.629+0000] {dagbag.py:536} INFO - Filling up the DagBag from /home/airflow/.local/lib/python3.8/site-packages/airflow/example_dags/example_datasets.py
[2026-02-01T01:40:35.669+0000] {processor.py:839} INFO - DAG(s) dict_keys(['dataset_produces_2', 'dataset_consumes_1_and_2', 'dataset_consumes_unknown_never_scheduled', 'dataset_produces_1', 'dataset_consumes_1', 'dataset_consumes_1_never_scheduled']) retrieved from /home/airflow/.local/lib/python3.8/site-packages/airflow/example_dags/example_datasets.py
[2026-02-01T01:40:35.764+0000] {logging_mixin.py:151} INFO - [2026-02-01T01:40:35.764+0000] {dag.py:2941} INFO - Sync 6 DAGs
[2026-02-01T01:40:35.834+0000] {logging_mixin.py:151} INFO - [2026-02-01T01:40:35.834+0000] {dag.py:3722} INFO - Setting next_dagrun for dataset_consumes_1 to None, run_after=None
[2026-02-01T01:40:35.846+0000] {logging_mixin.py:151} INFO - [2026-02-01T01:40:35.845+0000] {dag.py:3722} INFO - Setting next_dagrun for dataset_consumes_1_and_2 to None, run_after=None
[2026-02-01T01:40:35.849+0000] {logging_mixin.py:151} INFO - [2026-02-01T01:40:35.849+0000] {dag.py:3722} INFO - Setting next_dagrun for dataset_consumes_1_never_scheduled to None, run_after=None
[2026-02-01T01:40:35.854+0000] {logging_mixin.py:151} INFO - [2026-02-01T01:40:35.853+0000] {dag.py:3722} INFO - Setting next_dagrun for dataset_consumes_unknown_never_scheduled to None, run_after=None
[2026-02-01T01:40:35.862+0000] {logging_mixin.py:151} INFO - [2026-02-01T01:40:35.862+0000] {dag.py:3722} INFO - Setting next_dagrun for dataset_produces_1 to 2026-01-31T00:00:00+00:00, run_after=2026-02-01T00:00:00+00:00
[2026-02-01T01:40:35.865+0000] {logging_mixin.py:151} INFO - [2026-02-01T01:40:35.865+0000] {dag.py:3722} INFO - Setting next_dagrun for dataset_produces_2 to None, run_after=None
[2026-02-01T01:40:35.969+0000] {processor.py:179} INFO - Processing /home/airflow/.local/lib/python3.8/site-packages/airflow/example_dags/example_datasets.py took 0.365 seconds
[2026-02-01T01:41:06.105+0000] {processor.py:157} INFO - Started process (PID=139) to work on /home/airflow/.local/lib/python3.8/site-packages/airflow/example_dags/example_datasets.py
[2026-02-01T01:41:06.108+0000] {processor.py:829} INFO - Processing file /home/airflow/.local/lib/python3.8/site-packages/airflow/example_dags/example_datasets.py for tasks to queue
[2026-02-01T01:41:06.127+0000] {logging_mixin.py:151} INFO - [2026-02-01T01:41:06.126+0000] {dagbag.py:536} INFO - Filling up the DagBag from /home/airflow/.local/lib/python3.8/site-packages/airflow/example_dags/example_datasets.py
[2026-02-01T01:41:06.157+0000] {processor.py:839} INFO - DAG(s) dict_keys(['dataset_consumes_1_and_2', 'dataset_produces_1', 'dataset_produces_2', 'dataset_consumes_1', 'dataset_consumes_unknown_never_scheduled', 'dataset_consumes_1_never_scheduled']) retrieved from /home/airflow/.local/lib/python3.8/site-packages/airflow/example_dags/example_datasets.py
[2026-02-01T01:41:06.433+0000] {logging_mixin.py:151} INFO - [2026-02-01T01:41:06.433+0000] {dag.py:2941} INFO - Sync 6 DAGs
[2026-02-01T01:41:06.557+0000] {logging_mixin.py:151} INFO - [2026-02-01T01:41:06.557+0000] {dag.py:3722} INFO - Setting next_dagrun for dataset_consumes_1 to None, run_after=None
[2026-02-01T01:41:06.588+0000] {logging_mixin.py:151} INFO - [2026-02-01T01:41:06.587+0000] {dag.py:3722} INFO - Setting next_dagrun for dataset_consumes_1_and_2 to None, run_after=None
[2026-02-01T01:41:06.592+0000] {logging_mixin.py:151} INFO - [2026-02-01T01:41:06.591+0000] {dag.py:3722} INFO - Setting next_dagrun for dataset_consumes_1_never_scheduled to None, run_after=None
[2026-02-01T01:41:06.596+0000] {logging_mixin.py:151} INFO - [2026-02-01T01:41:06.595+0000] {dag.py:3722} INFO - Setting next_dagrun for dataset_consumes_unknown_never_scheduled to None, run_after=None
[2026-02-01T01:41:06.607+0000] {logging_mixin.py:151} INFO - [2026-02-01T01:41:06.607+0000] {dag.py:3722} INFO - Setting next_dagrun for dataset_produces_1 to 2026-01-31T00:00:00+00:00, run_after=2026-02-01T00:00:00+00:00
[2026-02-01T01:41:06.611+0000] {logging_mixin.py:151} INFO - [2026-02-01T01:41:06.611+0000] {dag.py:3722} INFO - Setting next_dagrun for dataset_produces_2 to None, run_after=None
[2026-02-01T01:41:06.708+0000] {processor.py:179} INFO - Processing /home/airflow/.local/lib/python3.8/site-packages/airflow/example_dags/example_datasets.py took 0.613 seconds
[2026-02-01T01:41:45.955+0000] {processor.py:157} INFO - Started process (PID=195) to work on /home/airflow/.local/lib/python3.8/site-packages/airflow/example_dags/example_datasets.py
[2026-02-01T01:41:45.957+0000] {processor.py:829} INFO - Processing file /home/airflow/.local/lib/python3.8/site-packages/airflow/example_dags/example_datasets.py for tasks to queue
[2026-02-01T01:41:45.963+0000] {logging_mixin.py:151} INFO - [2026-02-01T01:41:45.962+0000] {dagbag.py:536} INFO - Filling up the DagBag from /home/airflow/.local/lib/python3.8/site-packages/airflow/example_dags/example_datasets.py
[2026-02-01T01:41:46.001+0000] {processor.py:839} INFO - DAG(s) dict_keys(['dataset_produces_2', 'dataset_consumes_1_never_scheduled', 'dataset_consumes_1_and_2', 'dataset_produces_1', 'dataset_consumes_1', 'dataset_consumes_unknown_never_scheduled']) retrieved from /home/airflow/.local/lib/python3.8/site-packages/airflow/example_dags/example_datasets.py
[2026-02-01T01:41:46.158+0000] {logging_mixin.py:151} INFO - [2026-02-01T01:41:46.157+0000] {dag.py:2941} INFO - Sync 6 DAGs
[2026-02-01T01:41:46.224+0000] {logging_mixin.py:151} INFO - [2026-02-01T01:41:46.224+0000] {dag.py:3722} INFO - Setting next_dagrun for dataset_consumes_1 to None, run_after=None
[2026-02-01T01:41:46.255+0000] {logging_mixin.py:151} INFO - [2026-02-01T01:41:46.255+0000] {dag.py:3722} INFO - Setting next_dagrun for dataset_consumes_1_and_2 to None, run_after=None
[2026-02-01T01:41:46.258+0000] {logging_mixin.py:151} INFO - [2026-02-01T01:41:46.258+0000] {dag.py:3722} INFO - Setting next_dagrun for dataset_consumes_1_never_scheduled to None, run_after=None
[2026-02-01T01:41:46.266+0000] {logging_mixin.py:151} INFO - [2026-02-01T01:41:46.266+0000] {dag.py:3722} INFO - Setting next_dagrun for dataset_consumes_unknown_never_scheduled to None, run_after=None
[2026-02-01T01:41:46.276+0000] {logging_mixin.py:151} INFO - [2026-02-01T01:41:46.275+0000] {dag.py:3722} INFO - Setting next_dagrun for dataset_produces_1 to 2026-01-31T00:00:00+00:00, run_after=2026-02-01T00:00:00+00:00
[2026-02-01T01:41:46.283+0000] {logging_mixin.py:151} INFO - [2026-02-01T01:41:46.283+0000] {dag.py:3722} INFO - Setting next_dagrun for dataset_produces_2 to None, run_after=None
[2026-02-01T01:41:46.403+0000] {processor.py:179} INFO - Processing /home/airflow/.local/lib/python3.8/site-packages/airflow/example_dags/example_datasets.py took 0.458 seconds
[2026-02-01T01:42:16.828+0000] {processor.py:157} INFO - Started process (PID=252) to work on /home/airflow/.local/lib/python3.8/site-packages/airflow/example_dags/example_datasets.py
[2026-02-01T01:42:16.832+0000] {processor.py:829} INFO - Processing file /home/airflow/.local/lib/python3.8/site-packages/airflow/example_dags/example_datasets.py for tasks to queue
[2026-02-01T01:42:16.839+0000] {logging_mixin.py:151} INFO - [2026-02-01T01:42:16.838+0000] {dagbag.py:536} INFO - Filling up the DagBag from /home/airflow/.local/lib/python3.8/site-packages/airflow/example_dags/example_datasets.py
[2026-02-01T01:42:16.874+0000] {processor.py:839} INFO - DAG(s) dict_keys(['dataset_consumes_1', 'dataset_consumes_1_never_scheduled', 'dataset_produces_2', 'dataset_consumes_1_and_2', 'dataset_consumes_unknown_never_scheduled', 'dataset_produces_1']) retrieved from /home/airflow/.local/lib/python3.8/site-packages/airflow/example_dags/example_datasets.py
[2026-02-01T01:42:16.977+0000] {logging_mixin.py:151} INFO - [2026-02-01T01:42:16.976+0000] {dag.py:2941} INFO - Sync 6 DAGs
[2026-02-01T01:42:17.043+0000] {logging_mixin.py:151} INFO - [2026-02-01T01:42:17.043+0000] {dag.py:3722} INFO - Setting next_dagrun for dataset_consumes_1 to None, run_after=None
[2026-02-01T01:42:17.051+0000] {logging_mixin.py:151} INFO - [2026-02-01T01:42:17.051+0000] {dag.py:3722} INFO - Setting next_dagrun for dataset_consumes_1_and_2 to None, run_after=None
[2026-02-01T01:42:17.055+0000] {logging_mixin.py:151} INFO - [2026-02-01T01:42:17.054+0000] {dag.py:3722} INFO - Setting next_dagrun for dataset_consumes_1_never_scheduled to None, run_after=None
[2026-02-01T01:42:17.058+0000] {logging_mixin.py:151} INFO - [2026-02-01T01:42:17.057+0000] {dag.py:3722} INFO - Setting next_dagrun for dataset_consumes_unknown_never_scheduled to None, run_after=None
[2026-02-01T01:42:17.066+0000] {logging_mixin.py:151} INFO - [2026-02-01T01:42:17.066+0000] {dag.py:3722} INFO - Setting next_dagrun for dataset_produces_1 to 2026-01-31T00:00:00+00:00, run_after=2026-02-01T00:00:00+00:00
[2026-02-01T01:42:17.069+0000] {logging_mixin.py:151} INFO - [2026-02-01T01:42:17.069+0000] {dag.py:3722} INFO - Setting next_dagrun for dataset_produces_2 to None, run_after=None
[2026-02-01T01:42:17.156+0000] {processor.py:179} INFO - Processing /home/airflow/.local/lib/python3.8/site-packages/airflow/example_dags/example_datasets.py took 0.337 seconds
[2026-02-01T01:42:47.816+0000] {processor.py:157} INFO - Started process (PID=307) to work on /home/airflow/.local/lib/python3.8/site-packages/airflow/example_dags/example_datasets.py
[2026-02-01T01:42:47.818+0000] {processor.py:829} INFO - Processing file /home/airflow/.local/lib/python3.8/site-packages/airflow/example_dags/example_datasets.py for tasks to queue
[2026-02-01T01:42:47.831+0000] {logging_mixin.py:151} INFO - [2026-02-01T01:42:47.829+0000] {dagbag.py:536} INFO - Filling up the DagBag from /home/airflow/.local/lib/python3.8/site-packages/airflow/example_dags/example_datasets.py
[2026-02-01T01:42:47.893+0000] {processor.py:839} INFO - DAG(s) dict_keys(['dataset_produces_1', 'dataset_consumes_unknown_never_scheduled', 'dataset_consumes_1_and_2', 'dataset_consumes_1', 'dataset_consumes_1_never_scheduled', 'dataset_produces_2']) retrieved from /home/airflow/.local/lib/python3.8/site-packages/airflow/example_dags/example_datasets.py
[2026-02-01T01:42:48.227+0000] {logging_mixin.py:151} INFO - [2026-02-01T01:42:48.227+0000] {dag.py:2941} INFO - Sync 6 DAGs
[2026-02-01T01:42:48.512+0000] {logging_mixin.py:151} INFO - [2026-02-01T01:42:48.511+0000] {dag.py:3722} INFO - Setting next_dagrun for dataset_consumes_1 to None, run_after=None
[2026-02-01T01:42:48.526+0000] {logging_mixin.py:151} INFO - [2026-02-01T01:42:48.521+0000] {dag.py:3722} INFO - Setting next_dagrun for dataset_consumes_1_and_2 to None, run_after=None
[2026-02-01T01:42:48.535+0000] {logging_mixin.py:151} INFO - [2026-02-01T01:42:48.534+0000] {dag.py:3722} INFO - Setting next_dagrun for dataset_consumes_1_never_scheduled to None, run_after=None
[2026-02-01T01:42:48.547+0000] {logging_mixin.py:151} INFO - [2026-02-01T01:42:48.538+0000] {dag.py:3722} INFO - Setting next_dagrun for dataset_consumes_unknown_never_scheduled to None, run_after=None
[2026-02-01T01:42:48.557+0000] {logging_mixin.py:151} INFO - [2026-02-01T01:42:48.556+0000] {dag.py:3722} INFO - Setting next_dagrun for dataset_produces_1 to 2026-01-31T00:00:00+00:00, run_after=2026-02-01T00:00:00+00:00
[2026-02-01T01:42:48.574+0000] {logging_mixin.py:151} INFO - [2026-02-01T01:42:48.573+0000] {dag.py:3722} INFO - Setting next_dagrun for dataset_produces_2 to None, run_after=None
[2026-02-01T01:42:48.821+0000] {processor.py:179} INFO - Processing /home/airflow/.local/lib/python3.8/site-packages/airflow/example_dags/example_datasets.py took 1.021 seconds
[2026-02-01T01:43:19.425+0000] {processor.py:157} INFO - Started process (PID=361) to work on /home/airflow/.local/lib/python3.8/site-packages/airflow/example_dags/example_datasets.py
[2026-02-01T01:43:19.445+0000] {processor.py:829} INFO - Processing file /home/airflow/.local/lib/python3.8/site-packages/airflow/example_dags/example_datasets.py for tasks to queue
[2026-02-01T01:43:19.452+0000] {logging_mixin.py:151} INFO - [2026-02-01T01:43:19.451+0000] {dagbag.py:536} INFO - Filling up the DagBag from /home/airflow/.local/lib/python3.8/site-packages/airflow/example_dags/example_datasets.py
[2026-02-01T01:43:19.518+0000] {processor.py:839} INFO - DAG(s) dict_keys(['dataset_consumes_1_and_2', 'dataset_produces_1', 'dataset_produces_2', 'dataset_consumes_1', 'dataset_consumes_unknown_never_scheduled', 'dataset_consumes_1_never_scheduled']) retrieved from /home/airflow/.local/lib/python3.8/site-packages/airflow/example_dags/example_datasets.py
[2026-02-01T01:43:19.697+0000] {logging_mixin.py:151} INFO - [2026-02-01T01:43:19.697+0000] {dag.py:2941} INFO - Sync 6 DAGs
[2026-02-01T01:43:19.745+0000] {logging_mixin.py:151} INFO - [2026-02-01T01:43:19.745+0000] {dag.py:3722} INFO - Setting next_dagrun for dataset_consumes_1 to None, run_after=None
[2026-02-01T01:43:19.752+0000] {logging_mixin.py:151} INFO - [2026-02-01T01:43:19.752+0000] {dag.py:3722} INFO - Setting next_dagrun for dataset_consumes_1_and_2 to None, run_after=None
[2026-02-01T01:43:19.755+0000] {logging_mixin.py:151} INFO - [2026-02-01T01:43:19.755+0000] {dag.py:3722} INFO - Setting next_dagrun for dataset_consumes_1_never_scheduled to None, run_after=None
[2026-02-01T01:43:19.757+0000] {logging_mixin.py:151} INFO - [2026-02-01T01:43:19.757+0000] {dag.py:3722} INFO - Setting next_dagrun for dataset_consumes_unknown_never_scheduled to None, run_after=None
[2026-02-01T01:43:19.767+0000] {logging_mixin.py:151} INFO - [2026-02-01T01:43:19.766+0000] {dag.py:3722} INFO - Setting next_dagrun for dataset_produces_1 to 2026-01-31T00:00:00+00:00, run_after=2026-02-01T00:00:00+00:00
[2026-02-01T01:43:19.770+0000] {logging_mixin.py:151} INFO - [2026-02-01T01:43:19.770+0000] {dag.py:3722} INFO - Setting next_dagrun for dataset_produces_2 to None, run_after=None
[2026-02-01T01:43:19.876+0000] {processor.py:179} INFO - Processing /home/airflow/.local/lib/python3.8/site-packages/airflow/example_dags/example_datasets.py took 0.481 seconds
[2026-02-01T01:43:50.473+0000] {processor.py:157} INFO - Started process (PID=416) to work on /home/airflow/.local/lib/python3.8/site-packages/airflow/example_dags/example_datasets.py
[2026-02-01T01:43:50.475+0000] {processor.py:829} INFO - Processing file /home/airflow/.local/lib/python3.8/site-packages/airflow/example_dags/example_datasets.py for tasks to queue
[2026-02-01T01:43:50.482+0000] {logging_mixin.py:151} INFO - [2026-02-01T01:43:50.481+0000] {dagbag.py:536} INFO - Filling up the DagBag from /home/airflow/.local/lib/python3.8/site-packages/airflow/example_dags/example_datasets.py
[2026-02-01T01:43:50.505+0000] {processor.py:839} INFO - DAG(s) dict_keys(['dataset_produces_2', 'dataset_produces_1', 'dataset_consumes_unknown_never_scheduled', 'dataset_consumes_1_never_scheduled', 'dataset_consumes_1_and_2', 'dataset_consumes_1']) retrieved from /home/airflow/.local/lib/python3.8/site-packages/airflow/example_dags/example_datasets.py
[2026-02-01T01:43:50.661+0000] {logging_mixin.py:151} INFO - [2026-02-01T01:43:50.661+0000] {dag.py:2941} INFO - Sync 6 DAGs
[2026-02-01T01:43:50.711+0000] {logging_mixin.py:151} INFO - [2026-02-01T01:43:50.711+0000] {dag.py:3722} INFO - Setting next_dagrun for dataset_consumes_1 to None, run_after=None
[2026-02-01T01:43:50.720+0000] {logging_mixin.py:151} INFO - [2026-02-01T01:43:50.719+0000] {dag.py:3722} INFO - Setting next_dagrun for dataset_consumes_1_and_2 to None, run_after=None
[2026-02-01T01:43:50.724+0000] {logging_mixin.py:151} INFO - [2026-02-01T01:43:50.723+0000] {dag.py:3722} INFO - Setting next_dagrun for dataset_consumes_1_never_scheduled to None, run_after=None
[2026-02-01T01:43:50.726+0000] {logging_mixin.py:151} INFO - [2026-02-01T01:43:50.725+0000] {dag.py:3722} INFO - Setting next_dagrun for dataset_consumes_unknown_never_scheduled to None, run_after=None
[2026-02-01T01:43:50.733+0000] {logging_mixin.py:151} INFO - [2026-02-01T01:43:50.732+0000] {dag.py:3722} INFO - Setting next_dagrun for dataset_produces_1 to 2026-01-31T00:00:00+00:00, run_after=2026-02-01T00:00:00+00:00
[2026-02-01T01:43:50.738+0000] {logging_mixin.py:151} INFO - [2026-02-01T01:43:50.737+0000] {dag.py:3722} INFO - Setting next_dagrun for dataset_produces_2 to None, run_after=None
[2026-02-01T01:43:50.820+0000] {processor.py:179} INFO - Processing /home/airflow/.local/lib/python3.8/site-packages/airflow/example_dags/example_datasets.py took 0.362 seconds
[2026-02-01T01:44:21.212+0000] {processor.py:157} INFO - Started process (PID=471) to work on /home/airflow/.local/lib/python3.8/site-packages/airflow/example_dags/example_datasets.py
[2026-02-01T01:44:21.215+0000] {processor.py:829} INFO - Processing file /home/airflow/.local/lib/python3.8/site-packages/airflow/example_dags/example_datasets.py for tasks to queue
[2026-02-01T01:44:21.220+0000] {logging_mixin.py:151} INFO - [2026-02-01T01:44:21.220+0000] {dagbag.py:536} INFO - Filling up the DagBag from /home/airflow/.local/lib/python3.8/site-packages/airflow/example_dags/example_datasets.py
[2026-02-01T01:44:21.268+0000] {processor.py:839} INFO - DAG(s) dict_keys(['dataset_consumes_1', 'dataset_consumes_unknown_never_scheduled', 'dataset_produces_1', 'dataset_consumes_1_never_scheduled', 'dataset_consumes_1_and_2', 'dataset_produces_2']) retrieved from /home/airflow/.local/lib/python3.8/site-packages/airflow/example_dags/example_datasets.py
[2026-02-01T01:44:21.334+0000] {logging_mixin.py:151} INFO - [2026-02-01T01:44:21.334+0000] {dag.py:2941} INFO - Sync 6 DAGs
[2026-02-01T01:44:21.467+0000] {logging_mixin.py:151} INFO - [2026-02-01T01:44:21.466+0000] {dag.py:3722} INFO - Setting next_dagrun for dataset_consumes_1 to None, run_after=None
[2026-02-01T01:44:21.487+0000] {logging_mixin.py:151} INFO - [2026-02-01T01:44:21.486+0000] {dag.py:3722} INFO - Setting next_dagrun for dataset_consumes_1_and_2 to None, run_after=None
[2026-02-01T01:44:21.502+0000] {logging_mixin.py:151} INFO - [2026-02-01T01:44:21.501+0000] {dag.py:3722} INFO - Setting next_dagrun for dataset_consumes_1_never_scheduled to None, run_after=None
[2026-02-01T01:44:21.505+0000] {logging_mixin.py:151} INFO - [2026-02-01T01:44:21.505+0000] {dag.py:3722} INFO - Setting next_dagrun for dataset_consumes_unknown_never_scheduled to None, run_after=None
[2026-02-01T01:44:21.526+0000] {logging_mixin.py:151} INFO - [2026-02-01T01:44:21.526+0000] {dag.py:3722} INFO - Setting next_dagrun for dataset_produces_1 to 2026-01-31T00:00:00+00:00, run_after=2026-02-01T00:00:00+00:00
[2026-02-01T01:44:21.531+0000] {logging_mixin.py:151} INFO - [2026-02-01T01:44:21.531+0000] {dag.py:3722} INFO - Setting next_dagrun for dataset_produces_2 to None, run_after=None
[2026-02-01T01:44:21.687+0000] {processor.py:179} INFO - Processing /home/airflow/.local/lib/python3.8/site-packages/airflow/example_dags/example_datasets.py took 0.486 seconds
[2026-02-01T02:11:08.996+0000] {processor.py:157} INFO - Started process (PID=103) to work on /home/airflow/.local/lib/python3.8/site-packages/airflow/example_dags/example_datasets.py
[2026-02-01T02:11:09.003+0000] {processor.py:829} INFO - Processing file /home/airflow/.local/lib/python3.8/site-packages/airflow/example_dags/example_datasets.py for tasks to queue
[2026-02-01T02:11:09.009+0000] {logging_mixin.py:151} INFO - [2026-02-01T02:11:09.008+0000] {dagbag.py:536} INFO - Filling up the DagBag from /home/airflow/.local/lib/python3.8/site-packages/airflow/example_dags/example_datasets.py
[2026-02-01T02:11:09.051+0000] {processor.py:839} INFO - DAG(s) dict_keys(['dataset_consumes_1_never_scheduled', 'dataset_produces_2', 'dataset_consumes_1_and_2', 'dataset_consumes_unknown_never_scheduled', 'dataset_produces_1', 'dataset_consumes_1']) retrieved from /home/airflow/.local/lib/python3.8/site-packages/airflow/example_dags/example_datasets.py
[2026-02-01T02:11:09.155+0000] {logging_mixin.py:151} INFO - [2026-02-01T02:11:09.154+0000] {dag.py:2941} INFO - Sync 6 DAGs
[2026-02-01T02:11:09.248+0000] {logging_mixin.py:151} INFO - [2026-02-01T02:11:09.247+0000] {dag.py:3722} INFO - Setting next_dagrun for dataset_consumes_1 to None, run_after=None
[2026-02-01T02:11:09.262+0000] {logging_mixin.py:151} INFO - [2026-02-01T02:11:09.261+0000] {dag.py:3722} INFO - Setting next_dagrun for dataset_consumes_1_and_2 to None, run_after=None
[2026-02-01T02:11:09.267+0000] {logging_mixin.py:151} INFO - [2026-02-01T02:11:09.267+0000] {dag.py:3722} INFO - Setting next_dagrun for dataset_consumes_1_never_scheduled to None, run_after=None
[2026-02-01T02:11:09.272+0000] {logging_mixin.py:151} INFO - [2026-02-01T02:11:09.271+0000] {dag.py:3722} INFO - Setting next_dagrun for dataset_consumes_unknown_never_scheduled to None, run_after=None
[2026-02-01T02:11:09.282+0000] {logging_mixin.py:151} INFO - [2026-02-01T02:11:09.282+0000] {dag.py:3722} INFO - Setting next_dagrun for dataset_produces_1 to 2026-01-31T00:00:00+00:00, run_after=2026-02-01T00:00:00+00:00
[2026-02-01T02:11:09.289+0000] {logging_mixin.py:151} INFO - [2026-02-01T02:11:09.289+0000] {dag.py:3722} INFO - Setting next_dagrun for dataset_produces_2 to None, run_after=None
[2026-02-01T02:11:09.401+0000] {processor.py:179} INFO - Processing /home/airflow/.local/lib/python3.8/site-packages/airflow/example_dags/example_datasets.py took 0.413 seconds
[2026-02-01T02:11:39.669+0000] {processor.py:157} INFO - Started process (PID=159) to work on /home/airflow/.local/lib/python3.8/site-packages/airflow/example_dags/example_datasets.py
[2026-02-01T02:11:39.694+0000] {processor.py:829} INFO - Processing file /home/airflow/.local/lib/python3.8/site-packages/airflow/example_dags/example_datasets.py for tasks to queue
[2026-02-01T02:11:39.702+0000] {logging_mixin.py:151} INFO - [2026-02-01T02:11:39.700+0000] {dagbag.py:536} INFO - Filling up the DagBag from /home/airflow/.local/lib/python3.8/site-packages/airflow/example_dags/example_datasets.py
[2026-02-01T02:11:39.744+0000] {processor.py:839} INFO - DAG(s) dict_keys(['dataset_consumes_1_never_scheduled', 'dataset_consumes_1_and_2', 'dataset_produces_2', 'dataset_consumes_unknown_never_scheduled', 'dataset_produces_1', 'dataset_consumes_1']) retrieved from /home/airflow/.local/lib/python3.8/site-packages/airflow/example_dags/example_datasets.py
[2026-02-01T02:11:39.915+0000] {logging_mixin.py:151} INFO - [2026-02-01T02:11:39.915+0000] {dag.py:2941} INFO - Sync 6 DAGs
[2026-02-01T02:11:40.018+0000] {logging_mixin.py:151} INFO - [2026-02-01T02:11:40.018+0000] {dag.py:3722} INFO - Setting next_dagrun for dataset_consumes_1 to None, run_after=None
[2026-02-01T02:11:40.027+0000] {logging_mixin.py:151} INFO - [2026-02-01T02:11:40.027+0000] {dag.py:3722} INFO - Setting next_dagrun for dataset_consumes_1_and_2 to None, run_after=None
[2026-02-01T02:11:40.033+0000] {logging_mixin.py:151} INFO - [2026-02-01T02:11:40.032+0000] {dag.py:3722} INFO - Setting next_dagrun for dataset_consumes_1_never_scheduled to None, run_after=None
[2026-02-01T02:11:40.039+0000] {logging_mixin.py:151} INFO - [2026-02-01T02:11:40.038+0000] {dag.py:3722} INFO - Setting next_dagrun for dataset_consumes_unknown_never_scheduled to None, run_after=None
[2026-02-01T02:11:40.048+0000] {logging_mixin.py:151} INFO - [2026-02-01T02:11:40.047+0000] {dag.py:3722} INFO - Setting next_dagrun for dataset_produces_1 to 2026-01-31T00:00:00+00:00, run_after=2026-02-01T00:00:00+00:00
[2026-02-01T02:11:40.053+0000] {logging_mixin.py:151} INFO - [2026-02-01T02:11:40.052+0000] {dag.py:3722} INFO - Setting next_dagrun for dataset_produces_2 to None, run_after=None
[2026-02-01T02:11:40.170+0000] {processor.py:179} INFO - Processing /home/airflow/.local/lib/python3.8/site-packages/airflow/example_dags/example_datasets.py took 0.514 seconds
[2026-02-01T02:12:10.309+0000] {processor.py:157} INFO - Started process (PID=214) to work on /home/airflow/.local/lib/python3.8/site-packages/airflow/example_dags/example_datasets.py
[2026-02-01T02:12:10.311+0000] {processor.py:829} INFO - Processing file /home/airflow/.local/lib/python3.8/site-packages/airflow/example_dags/example_datasets.py for tasks to queue
[2026-02-01T02:12:10.317+0000] {logging_mixin.py:151} INFO - [2026-02-01T02:12:10.316+0000] {dagbag.py:536} INFO - Filling up the DagBag from /home/airflow/.local/lib/python3.8/site-packages/airflow/example_dags/example_datasets.py
[2026-02-01T02:12:10.335+0000] {processor.py:839} INFO - DAG(s) dict_keys(['dataset_consumes_1_and_2', 'dataset_consumes_1', 'dataset_consumes_unknown_never_scheduled', 'dataset_produces_2', 'dataset_consumes_1_never_scheduled', 'dataset_produces_1']) retrieved from /home/airflow/.local/lib/python3.8/site-packages/airflow/example_dags/example_datasets.py
[2026-02-01T02:12:10.396+0000] {logging_mixin.py:151} INFO - [2026-02-01T02:12:10.396+0000] {dag.py:2941} INFO - Sync 6 DAGs
[2026-02-01T02:12:10.448+0000] {logging_mixin.py:151} INFO - [2026-02-01T02:12:10.448+0000] {dag.py:3722} INFO - Setting next_dagrun for dataset_consumes_1 to None, run_after=None
[2026-02-01T02:12:10.454+0000] {logging_mixin.py:151} INFO - [2026-02-01T02:12:10.454+0000] {dag.py:3722} INFO - Setting next_dagrun for dataset_consumes_1_and_2 to None, run_after=None
[2026-02-01T02:12:10.457+0000] {logging_mixin.py:151} INFO - [2026-02-01T02:12:10.456+0000] {dag.py:3722} INFO - Setting next_dagrun for dataset_consumes_1_never_scheduled to None, run_after=None
[2026-02-01T02:12:10.460+0000] {logging_mixin.py:151} INFO - [2026-02-01T02:12:10.459+0000] {dag.py:3722} INFO - Setting next_dagrun for dataset_consumes_unknown_never_scheduled to None, run_after=None
[2026-02-01T02:12:10.466+0000] {logging_mixin.py:151} INFO - [2026-02-01T02:12:10.466+0000] {dag.py:3722} INFO - Setting next_dagrun for dataset_produces_1 to 2026-01-31T00:00:00+00:00, run_after=2026-02-01T00:00:00+00:00
[2026-02-01T02:12:10.468+0000] {logging_mixin.py:151} INFO - [2026-02-01T02:12:10.468+0000] {dag.py:3722} INFO - Setting next_dagrun for dataset_produces_2 to None, run_after=None
[2026-02-01T02:12:10.567+0000] {processor.py:179} INFO - Processing /home/airflow/.local/lib/python3.8/site-packages/airflow/example_dags/example_datasets.py took 0.267 seconds
[2026-02-01T02:12:41.147+0000] {processor.py:157} INFO - Started process (PID=268) to work on /home/airflow/.local/lib/python3.8/site-packages/airflow/example_dags/example_datasets.py
[2026-02-01T02:12:41.151+0000] {processor.py:829} INFO - Processing file /home/airflow/.local/lib/python3.8/site-packages/airflow/example_dags/example_datasets.py for tasks to queue
[2026-02-01T02:12:41.156+0000] {logging_mixin.py:151} INFO - [2026-02-01T02:12:41.155+0000] {dagbag.py:536} INFO - Filling up the DagBag from /home/airflow/.local/lib/python3.8/site-packages/airflow/example_dags/example_datasets.py
[2026-02-01T02:12:41.181+0000] {processor.py:839} INFO - DAG(s) dict_keys(['dataset_consumes_1_never_scheduled', 'dataset_consumes_1_and_2', 'dataset_produces_2', 'dataset_consumes_1', 'dataset_produces_1', 'dataset_consumes_unknown_never_scheduled']) retrieved from /home/airflow/.local/lib/python3.8/site-packages/airflow/example_dags/example_datasets.py
[2026-02-01T02:12:41.269+0000] {logging_mixin.py:151} INFO - [2026-02-01T02:12:41.268+0000] {dag.py:2941} INFO - Sync 6 DAGs
[2026-02-01T02:12:41.331+0000] {logging_mixin.py:151} INFO - [2026-02-01T02:12:41.331+0000] {dag.py:3722} INFO - Setting next_dagrun for dataset_consumes_1 to None, run_after=None
[2026-02-01T02:12:41.337+0000] {logging_mixin.py:151} INFO - [2026-02-01T02:12:41.337+0000] {dag.py:3722} INFO - Setting next_dagrun for dataset_consumes_1_and_2 to None, run_after=None
[2026-02-01T02:12:41.340+0000] {logging_mixin.py:151} INFO - [2026-02-01T02:12:41.340+0000] {dag.py:3722} INFO - Setting next_dagrun for dataset_consumes_1_never_scheduled to None, run_after=None
[2026-02-01T02:12:41.344+0000] {logging_mixin.py:151} INFO - [2026-02-01T02:12:41.343+0000] {dag.py:3722} INFO - Setting next_dagrun for dataset_consumes_unknown_never_scheduled to None, run_after=None
[2026-02-01T02:12:41.351+0000] {logging_mixin.py:151} INFO - [2026-02-01T02:12:41.350+0000] {dag.py:3722} INFO - Setting next_dagrun for dataset_produces_1 to 2026-01-31T00:00:00+00:00, run_after=2026-02-01T00:00:00+00:00
[2026-02-01T02:12:41.353+0000] {logging_mixin.py:151} INFO - [2026-02-01T02:12:41.353+0000] {dag.py:3722} INFO - Setting next_dagrun for dataset_produces_2 to None, run_after=None
[2026-02-01T02:12:41.430+0000] {processor.py:179} INFO - Processing /home/airflow/.local/lib/python3.8/site-packages/airflow/example_dags/example_datasets.py took 0.294 seconds
[2026-02-01T02:13:12.424+0000] {processor.py:157} INFO - Started process (PID=323) to work on /home/airflow/.local/lib/python3.8/site-packages/airflow/example_dags/example_datasets.py
[2026-02-01T02:13:12.441+0000] {processor.py:829} INFO - Processing file /home/airflow/.local/lib/python3.8/site-packages/airflow/example_dags/example_datasets.py for tasks to queue
[2026-02-01T02:13:12.446+0000] {logging_mixin.py:151} INFO - [2026-02-01T02:13:12.445+0000] {dagbag.py:536} INFO - Filling up the DagBag from /home/airflow/.local/lib/python3.8/site-packages/airflow/example_dags/example_datasets.py
[2026-02-01T02:13:12.475+0000] {processor.py:839} INFO - DAG(s) dict_keys(['dataset_consumes_1', 'dataset_consumes_1_and_2', 'dataset_consumes_1_never_scheduled', 'dataset_consumes_unknown_never_scheduled', 'dataset_produces_1', 'dataset_produces_2']) retrieved from /home/airflow/.local/lib/python3.8/site-packages/airflow/example_dags/example_datasets.py
[2026-02-01T02:13:12.567+0000] {logging_mixin.py:151} INFO - [2026-02-01T02:13:12.567+0000] {dag.py:2941} INFO - Sync 6 DAGs
[2026-02-01T02:13:12.632+0000] {logging_mixin.py:151} INFO - [2026-02-01T02:13:12.632+0000] {dag.py:3722} INFO - Setting next_dagrun for dataset_consumes_1 to None, run_after=None
[2026-02-01T02:13:12.639+0000] {logging_mixin.py:151} INFO - [2026-02-01T02:13:12.639+0000] {dag.py:3722} INFO - Setting next_dagrun for dataset_consumes_1_and_2 to None, run_after=None
[2026-02-01T02:13:12.643+0000] {logging_mixin.py:151} INFO - [2026-02-01T02:13:12.642+0000] {dag.py:3722} INFO - Setting next_dagrun for dataset_consumes_1_never_scheduled to None, run_after=None
[2026-02-01T02:13:12.646+0000] {logging_mixin.py:151} INFO - [2026-02-01T02:13:12.645+0000] {dag.py:3722} INFO - Setting next_dagrun for dataset_consumes_unknown_never_scheduled to None, run_after=None
[2026-02-01T02:13:12.653+0000] {logging_mixin.py:151} INFO - [2026-02-01T02:13:12.653+0000] {dag.py:3722} INFO - Setting next_dagrun for dataset_produces_1 to 2026-01-31T00:00:00+00:00, run_after=2026-02-01T00:00:00+00:00
[2026-02-01T02:13:12.656+0000] {logging_mixin.py:151} INFO - [2026-02-01T02:13:12.656+0000] {dag.py:3722} INFO - Setting next_dagrun for dataset_produces_2 to None, run_after=None
[2026-02-01T02:13:12.749+0000] {processor.py:179} INFO - Processing /home/airflow/.local/lib/python3.8/site-packages/airflow/example_dags/example_datasets.py took 0.338 seconds
[2026-02-01T02:13:43.353+0000] {processor.py:157} INFO - Started process (PID=378) to work on /home/airflow/.local/lib/python3.8/site-packages/airflow/example_dags/example_datasets.py
[2026-02-01T02:13:43.358+0000] {processor.py:829} INFO - Processing file /home/airflow/.local/lib/python3.8/site-packages/airflow/example_dags/example_datasets.py for tasks to queue
[2026-02-01T02:13:43.363+0000] {logging_mixin.py:151} INFO - [2026-02-01T02:13:43.362+0000] {dagbag.py:536} INFO - Filling up the DagBag from /home/airflow/.local/lib/python3.8/site-packages/airflow/example_dags/example_datasets.py
[2026-02-01T02:13:43.383+0000] {processor.py:839} INFO - DAG(s) dict_keys(['dataset_consumes_1', 'dataset_consumes_1_and_2', 'dataset_consumes_1_never_scheduled', 'dataset_produces_1', 'dataset_produces_2', 'dataset_consumes_unknown_never_scheduled']) retrieved from /home/airflow/.local/lib/python3.8/site-packages/airflow/example_dags/example_datasets.py
[2026-02-01T02:13:43.483+0000] {logging_mixin.py:151} INFO - [2026-02-01T02:13:43.482+0000] {dag.py:2941} INFO - Sync 6 DAGs
[2026-02-01T02:13:43.549+0000] {logging_mixin.py:151} INFO - [2026-02-01T02:13:43.549+0000] {dag.py:3722} INFO - Setting next_dagrun for dataset_consumes_1 to None, run_after=None
[2026-02-01T02:13:43.557+0000] {logging_mixin.py:151} INFO - [2026-02-01T02:13:43.557+0000] {dag.py:3722} INFO - Setting next_dagrun for dataset_consumes_1_and_2 to None, run_after=None
[2026-02-01T02:13:43.560+0000] {logging_mixin.py:151} INFO - [2026-02-01T02:13:43.559+0000] {dag.py:3722} INFO - Setting next_dagrun for dataset_consumes_1_never_scheduled to None, run_after=None
[2026-02-01T02:13:43.563+0000] {logging_mixin.py:151} INFO - [2026-02-01T02:13:43.562+0000] {dag.py:3722} INFO - Setting next_dagrun for dataset_consumes_unknown_never_scheduled to None, run_after=None
[2026-02-01T02:13:43.578+0000] {logging_mixin.py:151} INFO - [2026-02-01T02:13:43.578+0000] {dag.py:3722} INFO - Setting next_dagrun for dataset_produces_1 to 2026-01-31T00:00:00+00:00, run_after=2026-02-01T00:00:00+00:00
[2026-02-01T02:13:43.581+0000] {logging_mixin.py:151} INFO - [2026-02-01T02:13:43.580+0000] {dag.py:3722} INFO - Setting next_dagrun for dataset_produces_2 to None, run_after=None
[2026-02-01T02:13:43.695+0000] {processor.py:179} INFO - Processing /home/airflow/.local/lib/python3.8/site-packages/airflow/example_dags/example_datasets.py took 0.352 seconds
[2026-02-01T02:14:14.089+0000] {processor.py:157} INFO - Started process (PID=434) to work on /home/airflow/.local/lib/python3.8/site-packages/airflow/example_dags/example_datasets.py
[2026-02-01T02:14:14.092+0000] {processor.py:829} INFO - Processing file /home/airflow/.local/lib/python3.8/site-packages/airflow/example_dags/example_datasets.py for tasks to queue
[2026-02-01T02:14:14.098+0000] {logging_mixin.py:151} INFO - [2026-02-01T02:14:14.097+0000] {dagbag.py:536} INFO - Filling up the DagBag from /home/airflow/.local/lib/python3.8/site-packages/airflow/example_dags/example_datasets.py
[2026-02-01T02:14:14.133+0000] {processor.py:839} INFO - DAG(s) dict_keys(['dataset_consumes_1_and_2', 'dataset_consumes_unknown_never_scheduled', 'dataset_produces_1', 'dataset_consumes_1', 'dataset_produces_2', 'dataset_consumes_1_never_scheduled']) retrieved from /home/airflow/.local/lib/python3.8/site-packages/airflow/example_dags/example_datasets.py
[2026-02-01T02:14:14.261+0000] {logging_mixin.py:151} INFO - [2026-02-01T02:14:14.261+0000] {dag.py:2941} INFO - Sync 6 DAGs
[2026-02-01T02:14:14.316+0000] {logging_mixin.py:151} INFO - [2026-02-01T02:14:14.315+0000] {dag.py:3722} INFO - Setting next_dagrun for dataset_consumes_1 to None, run_after=None
[2026-02-01T02:14:14.324+0000] {logging_mixin.py:151} INFO - [2026-02-01T02:14:14.324+0000] {dag.py:3722} INFO - Setting next_dagrun for dataset_consumes_1_and_2 to None, run_after=None
[2026-02-01T02:14:14.328+0000] {logging_mixin.py:151} INFO - [2026-02-01T02:14:14.328+0000] {dag.py:3722} INFO - Setting next_dagrun for dataset_consumes_1_never_scheduled to None, run_after=None
[2026-02-01T02:14:14.333+0000] {logging_mixin.py:151} INFO - [2026-02-01T02:14:14.332+0000] {dag.py:3722} INFO - Setting next_dagrun for dataset_consumes_unknown_never_scheduled to None, run_after=None
[2026-02-01T02:14:14.339+0000] {logging_mixin.py:151} INFO - [2026-02-01T02:14:14.338+0000] {dag.py:3722} INFO - Setting next_dagrun for dataset_produces_1 to 2026-01-31T00:00:00+00:00, run_after=2026-02-01T00:00:00+00:00
[2026-02-01T02:14:14.341+0000] {logging_mixin.py:151} INFO - [2026-02-01T02:14:14.341+0000] {dag.py:3722} INFO - Setting next_dagrun for dataset_produces_2 to None, run_after=None
[2026-02-01T02:14:14.420+0000] {processor.py:179} INFO - Processing /home/airflow/.local/lib/python3.8/site-packages/airflow/example_dags/example_datasets.py took 0.344 seconds
[2026-02-01T02:14:44.715+0000] {processor.py:157} INFO - Started process (PID=488) to work on /home/airflow/.local/lib/python3.8/site-packages/airflow/example_dags/example_datasets.py
[2026-02-01T02:14:44.717+0000] {processor.py:829} INFO - Processing file /home/airflow/.local/lib/python3.8/site-packages/airflow/example_dags/example_datasets.py for tasks to queue
[2026-02-01T02:14:44.722+0000] {logging_mixin.py:151} INFO - [2026-02-01T02:14:44.721+0000] {dagbag.py:536} INFO - Filling up the DagBag from /home/airflow/.local/lib/python3.8/site-packages/airflow/example_dags/example_datasets.py
[2026-02-01T02:14:44.745+0000] {processor.py:839} INFO - DAG(s) dict_keys(['dataset_produces_1', 'dataset_consumes_1', 'dataset_consumes_1_and_2', 'dataset_consumes_unknown_never_scheduled', 'dataset_produces_2', 'dataset_consumes_1_never_scheduled']) retrieved from /home/airflow/.local/lib/python3.8/site-packages/airflow/example_dags/example_datasets.py
[2026-02-01T02:14:44.821+0000] {logging_mixin.py:151} INFO - [2026-02-01T02:14:44.821+0000] {dag.py:2941} INFO - Sync 6 DAGs
[2026-02-01T02:14:44.864+0000] {logging_mixin.py:151} INFO - [2026-02-01T02:14:44.864+0000] {dag.py:3722} INFO - Setting next_dagrun for dataset_consumes_1 to None, run_after=None
[2026-02-01T02:14:44.872+0000] {logging_mixin.py:151} INFO - [2026-02-01T02:14:44.872+0000] {dag.py:3722} INFO - Setting next_dagrun for dataset_consumes_1_and_2 to None, run_after=None
[2026-02-01T02:14:44.876+0000] {logging_mixin.py:151} INFO - [2026-02-01T02:14:44.875+0000] {dag.py:3722} INFO - Setting next_dagrun for dataset_consumes_1_never_scheduled to None, run_after=None
[2026-02-01T02:14:44.880+0000] {logging_mixin.py:151} INFO - [2026-02-01T02:14:44.879+0000] {dag.py:3722} INFO - Setting next_dagrun for dataset_consumes_unknown_never_scheduled to None, run_after=None
[2026-02-01T02:14:44.888+0000] {logging_mixin.py:151} INFO - [2026-02-01T02:14:44.888+0000] {dag.py:3722} INFO - Setting next_dagrun for dataset_produces_1 to 2026-01-31T00:00:00+00:00, run_after=2026-02-01T00:00:00+00:00
[2026-02-01T02:14:44.892+0000] {logging_mixin.py:151} INFO - [2026-02-01T02:14:44.891+0000] {dag.py:3722} INFO - Setting next_dagrun for dataset_produces_2 to None, run_after=None
[2026-02-01T02:14:44.962+0000] {processor.py:179} INFO - Processing /home/airflow/.local/lib/python3.8/site-packages/airflow/example_dags/example_datasets.py took 0.257 seconds
[2026-02-01T02:15:15.242+0000] {processor.py:157} INFO - Started process (PID=543) to work on /home/airflow/.local/lib/python3.8/site-packages/airflow/example_dags/example_datasets.py
[2026-02-01T02:15:15.247+0000] {processor.py:829} INFO - Processing file /home/airflow/.local/lib/python3.8/site-packages/airflow/example_dags/example_datasets.py for tasks to queue
[2026-02-01T02:15:15.262+0000] {logging_mixin.py:151} INFO - [2026-02-01T02:15:15.261+0000] {dagbag.py:536} INFO - Filling up the DagBag from /home/airflow/.local/lib/python3.8/site-packages/airflow/example_dags/example_datasets.py
[2026-02-01T02:15:15.288+0000] {processor.py:839} INFO - DAG(s) dict_keys(['dataset_consumes_1', 'dataset_consumes_1_never_scheduled', 'dataset_produces_2', 'dataset_consumes_unknown_never_scheduled', 'dataset_consumes_1_and_2', 'dataset_produces_1']) retrieved from /home/airflow/.local/lib/python3.8/site-packages/airflow/example_dags/example_datasets.py
[2026-02-01T02:15:15.417+0000] {logging_mixin.py:151} INFO - [2026-02-01T02:15:15.417+0000] {dag.py:2941} INFO - Sync 6 DAGs
[2026-02-01T02:15:15.528+0000] {logging_mixin.py:151} INFO - [2026-02-01T02:15:15.528+0000] {dag.py:3722} INFO - Setting next_dagrun for dataset_consumes_1 to None, run_after=None
[2026-02-01T02:15:15.538+0000] {logging_mixin.py:151} INFO - [2026-02-01T02:15:15.537+0000] {dag.py:3722} INFO - Setting next_dagrun for dataset_consumes_1_and_2 to None, run_after=None
[2026-02-01T02:15:15.541+0000] {logging_mixin.py:151} INFO - [2026-02-01T02:15:15.541+0000] {dag.py:3722} INFO - Setting next_dagrun for dataset_consumes_1_never_scheduled to None, run_after=None
[2026-02-01T02:15:15.544+0000] {logging_mixin.py:151} INFO - [2026-02-01T02:15:15.544+0000] {dag.py:3722} INFO - Setting next_dagrun for dataset_consumes_unknown_never_scheduled to None, run_after=None
[2026-02-01T02:15:15.552+0000] {logging_mixin.py:151} INFO - [2026-02-01T02:15:15.552+0000] {dag.py:3722} INFO - Setting next_dagrun for dataset_produces_1 to 2026-01-31T00:00:00+00:00, run_after=2026-02-01T00:00:00+00:00
[2026-02-01T02:15:15.555+0000] {logging_mixin.py:151} INFO - [2026-02-01T02:15:15.555+0000] {dag.py:3722} INFO - Setting next_dagrun for dataset_produces_2 to None, run_after=None
[2026-02-01T02:15:15.665+0000] {processor.py:179} INFO - Processing /home/airflow/.local/lib/python3.8/site-packages/airflow/example_dags/example_datasets.py took 0.437 seconds
[2026-02-01T02:15:45.743+0000] {processor.py:157} INFO - Started process (PID=597) to work on /home/airflow/.local/lib/python3.8/site-packages/airflow/example_dags/example_datasets.py
[2026-02-01T02:15:45.746+0000] {processor.py:829} INFO - Processing file /home/airflow/.local/lib/python3.8/site-packages/airflow/example_dags/example_datasets.py for tasks to queue
[2026-02-01T02:15:45.750+0000] {logging_mixin.py:151} INFO - [2026-02-01T02:15:45.750+0000] {dagbag.py:536} INFO - Filling up the DagBag from /home/airflow/.local/lib/python3.8/site-packages/airflow/example_dags/example_datasets.py
[2026-02-01T02:15:45.789+0000] {processor.py:839} INFO - DAG(s) dict_keys(['dataset_produces_1', 'dataset_consumes_unknown_never_scheduled', 'dataset_consumes_1', 'dataset_consumes_1_and_2', 'dataset_consumes_1_never_scheduled', 'dataset_produces_2']) retrieved from /home/airflow/.local/lib/python3.8/site-packages/airflow/example_dags/example_datasets.py
[2026-02-01T02:15:45.904+0000] {logging_mixin.py:151} INFO - [2026-02-01T02:15:45.904+0000] {dag.py:2941} INFO - Sync 6 DAGs
[2026-02-01T02:15:45.958+0000] {logging_mixin.py:151} INFO - [2026-02-01T02:15:45.958+0000] {dag.py:3722} INFO - Setting next_dagrun for dataset_consumes_1 to None, run_after=None
[2026-02-01T02:15:45.967+0000] {logging_mixin.py:151} INFO - [2026-02-01T02:15:45.966+0000] {dag.py:3722} INFO - Setting next_dagrun for dataset_consumes_1_and_2 to None, run_after=None
[2026-02-01T02:15:45.970+0000] {logging_mixin.py:151} INFO - [2026-02-01T02:15:45.969+0000] {dag.py:3722} INFO - Setting next_dagrun for dataset_consumes_1_never_scheduled to None, run_after=None
[2026-02-01T02:15:45.972+0000] {logging_mixin.py:151} INFO - [2026-02-01T02:15:45.972+0000] {dag.py:3722} INFO - Setting next_dagrun for dataset_consumes_unknown_never_scheduled to None, run_after=None
[2026-02-01T02:15:45.980+0000] {logging_mixin.py:151} INFO - [2026-02-01T02:15:45.979+0000] {dag.py:3722} INFO - Setting next_dagrun for dataset_produces_1 to 2026-01-31T00:00:00+00:00, run_after=2026-02-01T00:00:00+00:00
[2026-02-01T02:15:45.983+0000] {logging_mixin.py:151} INFO - [2026-02-01T02:15:45.983+0000] {dag.py:3722} INFO - Setting next_dagrun for dataset_produces_2 to None, run_after=None
[2026-02-01T02:15:46.057+0000] {processor.py:179} INFO - Processing /home/airflow/.local/lib/python3.8/site-packages/airflow/example_dags/example_datasets.py took 0.323 seconds
[2026-02-01T02:16:16.139+0000] {processor.py:157} INFO - Started process (PID=652) to work on /home/airflow/.local/lib/python3.8/site-packages/airflow/example_dags/example_datasets.py
[2026-02-01T02:16:16.141+0000] {processor.py:829} INFO - Processing file /home/airflow/.local/lib/python3.8/site-packages/airflow/example_dags/example_datasets.py for tasks to queue
[2026-02-01T02:16:16.148+0000] {logging_mixin.py:151} INFO - [2026-02-01T02:16:16.145+0000] {dagbag.py:536} INFO - Filling up the DagBag from /home/airflow/.local/lib/python3.8/site-packages/airflow/example_dags/example_datasets.py
[2026-02-01T02:16:16.169+0000] {processor.py:839} INFO - DAG(s) dict_keys(['dataset_consumes_1_and_2', 'dataset_produces_1', 'dataset_consumes_unknown_never_scheduled', 'dataset_produces_2', 'dataset_consumes_1_never_scheduled', 'dataset_consumes_1']) retrieved from /home/airflow/.local/lib/python3.8/site-packages/airflow/example_dags/example_datasets.py
[2026-02-01T02:16:16.335+0000] {logging_mixin.py:151} INFO - [2026-02-01T02:16:16.335+0000] {dag.py:2941} INFO - Sync 6 DAGs
[2026-02-01T02:16:16.424+0000] {logging_mixin.py:151} INFO - [2026-02-01T02:16:16.423+0000] {dag.py:3722} INFO - Setting next_dagrun for dataset_consumes_1 to None, run_after=None
[2026-02-01T02:16:16.435+0000] {logging_mixin.py:151} INFO - [2026-02-01T02:16:16.433+0000] {dag.py:3722} INFO - Setting next_dagrun for dataset_consumes_1_and_2 to None, run_after=None
[2026-02-01T02:16:16.440+0000] {logging_mixin.py:151} INFO - [2026-02-01T02:16:16.440+0000] {dag.py:3722} INFO - Setting next_dagrun for dataset_consumes_1_never_scheduled to None, run_after=None
[2026-02-01T02:16:16.445+0000] {logging_mixin.py:151} INFO - [2026-02-01T02:16:16.444+0000] {dag.py:3722} INFO - Setting next_dagrun for dataset_consumes_unknown_never_scheduled to None, run_after=None
[2026-02-01T02:16:16.454+0000] {logging_mixin.py:151} INFO - [2026-02-01T02:16:16.453+0000] {dag.py:3722} INFO - Setting next_dagrun for dataset_produces_1 to 2026-01-31T00:00:00+00:00, run_after=2026-02-01T00:00:00+00:00
[2026-02-01T02:16:16.456+0000] {logging_mixin.py:151} INFO - [2026-02-01T02:16:16.456+0000] {dag.py:3722} INFO - Setting next_dagrun for dataset_produces_2 to None, run_after=None
[2026-02-01T02:16:17.254+0000] {processor.py:179} INFO - Processing /home/airflow/.local/lib/python3.8/site-packages/airflow/example_dags/example_datasets.py took 1.129 seconds
