[2026-02-01T01:37:13.961+0000] {processor.py:157} INFO - Started process (PID=97) to work on /home/airflow/.local/lib/python3.8/site-packages/airflow/example_dags/example_time_delta_sensor_async.py
[2026-02-01T01:37:13.964+0000] {processor.py:829} INFO - Processing file /home/airflow/.local/lib/python3.8/site-packages/airflow/example_dags/example_time_delta_sensor_async.py for tasks to queue
[2026-02-01T01:37:13.976+0000] {logging_mixin.py:151} INFO - [2026-02-01T01:37:13.973+0000] {dagbag.py:536} INFO - Filling up the DagBag from /home/airflow/.local/lib/python3.8/site-packages/airflow/example_dags/example_time_delta_sensor_async.py
[2026-02-01T01:37:14.013+0000] {processor.py:839} INFO - DAG(s) dict_keys(['example_time_delta_sensor_async']) retrieved from /home/airflow/.local/lib/python3.8/site-packages/airflow/example_dags/example_time_delta_sensor_async.py
[2026-02-01T01:37:14.533+0000] {logging_mixin.py:151} INFO - [2026-02-01T01:37:14.532+0000] {manager.py:499} INFO - Created Permission View: %s
[2026-02-01T01:37:14.573+0000] {logging_mixin.py:151} INFO - [2026-02-01T01:37:14.573+0000] {manager.py:499} INFO - Created Permission View: %s
[2026-02-01T01:37:14.594+0000] {logging_mixin.py:151} INFO - [2026-02-01T01:37:14.593+0000] {manager.py:499} INFO - Created Permission View: %s
[2026-02-01T01:37:14.595+0000] {logging_mixin.py:151} INFO - [2026-02-01T01:37:14.595+0000] {dag.py:2941} INFO - Sync 1 DAGs
[2026-02-01T01:37:14.676+0000] {logging_mixin.py:151} INFO - [2026-02-01T01:37:14.664+0000] {dag.py:2963} INFO - Creating ORM DAG for example_time_delta_sensor_async
[2026-02-01T01:37:14.678+0000] {logging_mixin.py:151} INFO - [2026-02-01T01:37:14.677+0000] {dag.py:3722} INFO - Setting next_dagrun for example_time_delta_sensor_async to None, run_after=None
[2026-02-01T01:37:14.790+0000] {processor.py:179} INFO - Processing /home/airflow/.local/lib/python3.8/site-packages/airflow/example_dags/example_time_delta_sensor_async.py took 0.840 seconds
[2026-02-01T01:40:37.057+0000] {processor.py:157} INFO - Started process (PID=90) to work on /home/airflow/.local/lib/python3.8/site-packages/airflow/example_dags/example_time_delta_sensor_async.py
[2026-02-01T01:40:37.065+0000] {processor.py:829} INFO - Processing file /home/airflow/.local/lib/python3.8/site-packages/airflow/example_dags/example_time_delta_sensor_async.py for tasks to queue
[2026-02-01T01:40:37.071+0000] {logging_mixin.py:151} INFO - [2026-02-01T01:40:37.070+0000] {dagbag.py:536} INFO - Filling up the DagBag from /home/airflow/.local/lib/python3.8/site-packages/airflow/example_dags/example_time_delta_sensor_async.py
[2026-02-01T01:40:37.089+0000] {processor.py:839} INFO - DAG(s) dict_keys(['example_time_delta_sensor_async']) retrieved from /home/airflow/.local/lib/python3.8/site-packages/airflow/example_dags/example_time_delta_sensor_async.py
[2026-02-01T01:40:37.161+0000] {logging_mixin.py:151} INFO - [2026-02-01T01:40:37.161+0000] {dag.py:2941} INFO - Sync 1 DAGs
[2026-02-01T01:40:37.194+0000] {logging_mixin.py:151} INFO - [2026-02-01T01:40:37.193+0000] {dag.py:3722} INFO - Setting next_dagrun for example_time_delta_sensor_async to None, run_after=None
[2026-02-01T01:40:37.243+0000] {processor.py:179} INFO - Processing /home/airflow/.local/lib/python3.8/site-packages/airflow/example_dags/example_time_delta_sensor_async.py took 0.196 seconds
[2026-02-01T01:41:07.300+0000] {processor.py:157} INFO - Started process (PID=146) to work on /home/airflow/.local/lib/python3.8/site-packages/airflow/example_dags/example_time_delta_sensor_async.py
[2026-02-01T01:41:07.303+0000] {processor.py:829} INFO - Processing file /home/airflow/.local/lib/python3.8/site-packages/airflow/example_dags/example_time_delta_sensor_async.py for tasks to queue
[2026-02-01T01:41:07.311+0000] {logging_mixin.py:151} INFO - [2026-02-01T01:41:07.311+0000] {dagbag.py:536} INFO - Filling up the DagBag from /home/airflow/.local/lib/python3.8/site-packages/airflow/example_dags/example_time_delta_sensor_async.py
[2026-02-01T01:41:07.323+0000] {processor.py:839} INFO - DAG(s) dict_keys(['example_time_delta_sensor_async']) retrieved from /home/airflow/.local/lib/python3.8/site-packages/airflow/example_dags/example_time_delta_sensor_async.py
[2026-02-01T01:41:07.367+0000] {logging_mixin.py:151} INFO - [2026-02-01T01:41:07.367+0000] {dag.py:2941} INFO - Sync 1 DAGs
[2026-02-01T01:41:07.393+0000] {logging_mixin.py:151} INFO - [2026-02-01T01:41:07.393+0000] {dag.py:3722} INFO - Setting next_dagrun for example_time_delta_sensor_async to None, run_after=None
[2026-02-01T01:41:07.463+0000] {processor.py:179} INFO - Processing /home/airflow/.local/lib/python3.8/site-packages/airflow/example_dags/example_time_delta_sensor_async.py took 0.171 seconds
[2026-02-01T01:41:47.108+0000] {processor.py:157} INFO - Started process (PID=201) to work on /home/airflow/.local/lib/python3.8/site-packages/airflow/example_dags/example_time_delta_sensor_async.py
[2026-02-01T01:41:47.110+0000] {processor.py:829} INFO - Processing file /home/airflow/.local/lib/python3.8/site-packages/airflow/example_dags/example_time_delta_sensor_async.py for tasks to queue
[2026-02-01T01:41:47.117+0000] {logging_mixin.py:151} INFO - [2026-02-01T01:41:47.115+0000] {dagbag.py:536} INFO - Filling up the DagBag from /home/airflow/.local/lib/python3.8/site-packages/airflow/example_dags/example_time_delta_sensor_async.py
[2026-02-01T01:41:47.135+0000] {processor.py:839} INFO - DAG(s) dict_keys(['example_time_delta_sensor_async']) retrieved from /home/airflow/.local/lib/python3.8/site-packages/airflow/example_dags/example_time_delta_sensor_async.py
[2026-02-01T01:41:47.225+0000] {logging_mixin.py:151} INFO - [2026-02-01T01:41:47.225+0000] {dag.py:2941} INFO - Sync 1 DAGs
[2026-02-01T01:41:47.330+0000] {logging_mixin.py:151} INFO - [2026-02-01T01:41:47.330+0000] {dag.py:3722} INFO - Setting next_dagrun for example_time_delta_sensor_async to None, run_after=None
[2026-02-01T01:41:47.590+0000] {processor.py:179} INFO - Processing /home/airflow/.local/lib/python3.8/site-packages/airflow/example_dags/example_time_delta_sensor_async.py took 0.510 seconds
[2026-02-01T01:42:17.839+0000] {processor.py:157} INFO - Started process (PID=257) to work on /home/airflow/.local/lib/python3.8/site-packages/airflow/example_dags/example_time_delta_sensor_async.py
[2026-02-01T01:42:17.844+0000] {processor.py:829} INFO - Processing file /home/airflow/.local/lib/python3.8/site-packages/airflow/example_dags/example_time_delta_sensor_async.py for tasks to queue
[2026-02-01T01:42:17.850+0000] {logging_mixin.py:151} INFO - [2026-02-01T01:42:17.849+0000] {dagbag.py:536} INFO - Filling up the DagBag from /home/airflow/.local/lib/python3.8/site-packages/airflow/example_dags/example_time_delta_sensor_async.py
[2026-02-01T01:42:17.874+0000] {processor.py:839} INFO - DAG(s) dict_keys(['example_time_delta_sensor_async']) retrieved from /home/airflow/.local/lib/python3.8/site-packages/airflow/example_dags/example_time_delta_sensor_async.py
[2026-02-01T01:42:17.958+0000] {logging_mixin.py:151} INFO - [2026-02-01T01:42:17.957+0000] {dag.py:2941} INFO - Sync 1 DAGs
[2026-02-01T01:42:17.994+0000] {logging_mixin.py:151} INFO - [2026-02-01T01:42:17.994+0000] {dag.py:3722} INFO - Setting next_dagrun for example_time_delta_sensor_async to None, run_after=None
[2026-02-01T01:42:18.055+0000] {processor.py:179} INFO - Processing /home/airflow/.local/lib/python3.8/site-packages/airflow/example_dags/example_time_delta_sensor_async.py took 0.230 seconds
[2026-02-01T01:42:49.519+0000] {processor.py:157} INFO - Started process (PID=312) to work on /home/airflow/.local/lib/python3.8/site-packages/airflow/example_dags/example_time_delta_sensor_async.py
[2026-02-01T01:42:49.522+0000] {processor.py:829} INFO - Processing file /home/airflow/.local/lib/python3.8/site-packages/airflow/example_dags/example_time_delta_sensor_async.py for tasks to queue
[2026-02-01T01:42:49.527+0000] {logging_mixin.py:151} INFO - [2026-02-01T01:42:49.527+0000] {dagbag.py:536} INFO - Filling up the DagBag from /home/airflow/.local/lib/python3.8/site-packages/airflow/example_dags/example_time_delta_sensor_async.py
[2026-02-01T01:42:49.538+0000] {processor.py:839} INFO - DAG(s) dict_keys(['example_time_delta_sensor_async']) retrieved from /home/airflow/.local/lib/python3.8/site-packages/airflow/example_dags/example_time_delta_sensor_async.py
[2026-02-01T01:42:49.601+0000] {logging_mixin.py:151} INFO - [2026-02-01T01:42:49.601+0000] {dag.py:2941} INFO - Sync 1 DAGs
[2026-02-01T01:42:49.647+0000] {logging_mixin.py:151} INFO - [2026-02-01T01:42:49.646+0000] {dag.py:3722} INFO - Setting next_dagrun for example_time_delta_sensor_async to None, run_after=None
[2026-02-01T01:42:49.701+0000] {processor.py:179} INFO - Processing /home/airflow/.local/lib/python3.8/site-packages/airflow/example_dags/example_time_delta_sensor_async.py took 0.191 seconds
[2026-02-01T01:43:20.258+0000] {processor.py:157} INFO - Started process (PID=366) to work on /home/airflow/.local/lib/python3.8/site-packages/airflow/example_dags/example_time_delta_sensor_async.py
[2026-02-01T01:43:20.261+0000] {processor.py:829} INFO - Processing file /home/airflow/.local/lib/python3.8/site-packages/airflow/example_dags/example_time_delta_sensor_async.py for tasks to queue
[2026-02-01T01:43:20.266+0000] {logging_mixin.py:151} INFO - [2026-02-01T01:43:20.265+0000] {dagbag.py:536} INFO - Filling up the DagBag from /home/airflow/.local/lib/python3.8/site-packages/airflow/example_dags/example_time_delta_sensor_async.py
[2026-02-01T01:43:20.275+0000] {processor.py:839} INFO - DAG(s) dict_keys(['example_time_delta_sensor_async']) retrieved from /home/airflow/.local/lib/python3.8/site-packages/airflow/example_dags/example_time_delta_sensor_async.py
[2026-02-01T01:43:20.319+0000] {logging_mixin.py:151} INFO - [2026-02-01T01:43:20.319+0000] {dag.py:2941} INFO - Sync 1 DAGs
[2026-02-01T01:43:20.342+0000] {logging_mixin.py:151} INFO - [2026-02-01T01:43:20.341+0000] {dag.py:3722} INFO - Setting next_dagrun for example_time_delta_sensor_async to None, run_after=None
[2026-02-01T01:43:20.379+0000] {processor.py:179} INFO - Processing /home/airflow/.local/lib/python3.8/site-packages/airflow/example_dags/example_time_delta_sensor_async.py took 0.130 seconds
[2026-02-01T01:43:51.399+0000] {processor.py:157} INFO - Started process (PID=421) to work on /home/airflow/.local/lib/python3.8/site-packages/airflow/example_dags/example_time_delta_sensor_async.py
[2026-02-01T01:43:51.401+0000] {processor.py:829} INFO - Processing file /home/airflow/.local/lib/python3.8/site-packages/airflow/example_dags/example_time_delta_sensor_async.py for tasks to queue
[2026-02-01T01:43:51.407+0000] {logging_mixin.py:151} INFO - [2026-02-01T01:43:51.406+0000] {dagbag.py:536} INFO - Filling up the DagBag from /home/airflow/.local/lib/python3.8/site-packages/airflow/example_dags/example_time_delta_sensor_async.py
[2026-02-01T01:43:51.420+0000] {processor.py:839} INFO - DAG(s) dict_keys(['example_time_delta_sensor_async']) retrieved from /home/airflow/.local/lib/python3.8/site-packages/airflow/example_dags/example_time_delta_sensor_async.py
[2026-02-01T01:43:51.477+0000] {logging_mixin.py:151} INFO - [2026-02-01T01:43:51.476+0000] {dag.py:2941} INFO - Sync 1 DAGs
[2026-02-01T01:43:51.511+0000] {logging_mixin.py:151} INFO - [2026-02-01T01:43:51.510+0000] {dag.py:3722} INFO - Setting next_dagrun for example_time_delta_sensor_async to None, run_after=None
[2026-02-01T01:43:51.556+0000] {processor.py:179} INFO - Processing /home/airflow/.local/lib/python3.8/site-packages/airflow/example_dags/example_time_delta_sensor_async.py took 0.166 seconds
[2026-02-01T01:44:22.256+0000] {processor.py:157} INFO - Started process (PID=476) to work on /home/airflow/.local/lib/python3.8/site-packages/airflow/example_dags/example_time_delta_sensor_async.py
[2026-02-01T01:44:22.274+0000] {processor.py:829} INFO - Processing file /home/airflow/.local/lib/python3.8/site-packages/airflow/example_dags/example_time_delta_sensor_async.py for tasks to queue
[2026-02-01T01:44:22.281+0000] {logging_mixin.py:151} INFO - [2026-02-01T01:44:22.280+0000] {dagbag.py:536} INFO - Filling up the DagBag from /home/airflow/.local/lib/python3.8/site-packages/airflow/example_dags/example_time_delta_sensor_async.py
[2026-02-01T01:44:22.313+0000] {processor.py:839} INFO - DAG(s) dict_keys(['example_time_delta_sensor_async']) retrieved from /home/airflow/.local/lib/python3.8/site-packages/airflow/example_dags/example_time_delta_sensor_async.py
[2026-02-01T01:44:22.351+0000] {logging_mixin.py:151} INFO - [2026-02-01T01:44:22.351+0000] {dag.py:2941} INFO - Sync 1 DAGs
[2026-02-01T01:44:22.390+0000] {logging_mixin.py:151} INFO - [2026-02-01T01:44:22.390+0000] {dag.py:3722} INFO - Setting next_dagrun for example_time_delta_sensor_async to None, run_after=None
[2026-02-01T01:44:22.461+0000] {processor.py:179} INFO - Processing /home/airflow/.local/lib/python3.8/site-packages/airflow/example_dags/example_time_delta_sensor_async.py took 0.220 seconds
[2026-02-01T02:11:10.088+0000] {processor.py:157} INFO - Started process (PID=109) to work on /home/airflow/.local/lib/python3.8/site-packages/airflow/example_dags/example_time_delta_sensor_async.py
[2026-02-01T02:11:10.094+0000] {processor.py:829} INFO - Processing file /home/airflow/.local/lib/python3.8/site-packages/airflow/example_dags/example_time_delta_sensor_async.py for tasks to queue
[2026-02-01T02:11:10.103+0000] {logging_mixin.py:151} INFO - [2026-02-01T02:11:10.102+0000] {dagbag.py:536} INFO - Filling up the DagBag from /home/airflow/.local/lib/python3.8/site-packages/airflow/example_dags/example_time_delta_sensor_async.py
[2026-02-01T02:11:10.123+0000] {processor.py:839} INFO - DAG(s) dict_keys(['example_time_delta_sensor_async']) retrieved from /home/airflow/.local/lib/python3.8/site-packages/airflow/example_dags/example_time_delta_sensor_async.py
[2026-02-01T02:11:10.187+0000] {logging_mixin.py:151} INFO - [2026-02-01T02:11:10.187+0000] {dag.py:2941} INFO - Sync 1 DAGs
[2026-02-01T02:11:10.233+0000] {logging_mixin.py:151} INFO - [2026-02-01T02:11:10.231+0000] {dag.py:3722} INFO - Setting next_dagrun for example_time_delta_sensor_async to None, run_after=None
[2026-02-01T02:11:10.281+0000] {processor.py:179} INFO - Processing /home/airflow/.local/lib/python3.8/site-packages/airflow/example_dags/example_time_delta_sensor_async.py took 0.202 seconds
[2026-02-01T02:11:40.865+0000] {processor.py:157} INFO - Started process (PID=164) to work on /home/airflow/.local/lib/python3.8/site-packages/airflow/example_dags/example_time_delta_sensor_async.py
[2026-02-01T02:11:40.868+0000] {processor.py:829} INFO - Processing file /home/airflow/.local/lib/python3.8/site-packages/airflow/example_dags/example_time_delta_sensor_async.py for tasks to queue
[2026-02-01T02:11:40.881+0000] {logging_mixin.py:151} INFO - [2026-02-01T02:11:40.880+0000] {dagbag.py:536} INFO - Filling up the DagBag from /home/airflow/.local/lib/python3.8/site-packages/airflow/example_dags/example_time_delta_sensor_async.py
[2026-02-01T02:11:40.902+0000] {processor.py:839} INFO - DAG(s) dict_keys(['example_time_delta_sensor_async']) retrieved from /home/airflow/.local/lib/python3.8/site-packages/airflow/example_dags/example_time_delta_sensor_async.py
[2026-02-01T02:11:41.019+0000] {logging_mixin.py:151} INFO - [2026-02-01T02:11:41.019+0000] {dag.py:2941} INFO - Sync 1 DAGs
[2026-02-01T02:11:41.073+0000] {logging_mixin.py:151} INFO - [2026-02-01T02:11:41.072+0000] {dag.py:3722} INFO - Setting next_dagrun for example_time_delta_sensor_async to None, run_after=None
[2026-02-01T02:11:41.145+0000] {processor.py:179} INFO - Processing /home/airflow/.local/lib/python3.8/site-packages/airflow/example_dags/example_time_delta_sensor_async.py took 0.295 seconds
[2026-02-01T02:12:11.900+0000] {processor.py:157} INFO - Started process (PID=219) to work on /home/airflow/.local/lib/python3.8/site-packages/airflow/example_dags/example_time_delta_sensor_async.py
[2026-02-01T02:12:11.902+0000] {processor.py:829} INFO - Processing file /home/airflow/.local/lib/python3.8/site-packages/airflow/example_dags/example_time_delta_sensor_async.py for tasks to queue
[2026-02-01T02:12:11.907+0000] {logging_mixin.py:151} INFO - [2026-02-01T02:12:11.906+0000] {dagbag.py:536} INFO - Filling up the DagBag from /home/airflow/.local/lib/python3.8/site-packages/airflow/example_dags/example_time_delta_sensor_async.py
[2026-02-01T02:12:11.917+0000] {processor.py:839} INFO - DAG(s) dict_keys(['example_time_delta_sensor_async']) retrieved from /home/airflow/.local/lib/python3.8/site-packages/airflow/example_dags/example_time_delta_sensor_async.py
[2026-02-01T02:12:11.964+0000] {logging_mixin.py:151} INFO - [2026-02-01T02:12:11.964+0000] {dag.py:2941} INFO - Sync 1 DAGs
[2026-02-01T02:12:11.989+0000] {logging_mixin.py:151} INFO - [2026-02-01T02:12:11.988+0000] {dag.py:3722} INFO - Setting next_dagrun for example_time_delta_sensor_async to None, run_after=None
[2026-02-01T02:12:12.058+0000] {processor.py:179} INFO - Processing /home/airflow/.local/lib/python3.8/site-packages/airflow/example_dags/example_time_delta_sensor_async.py took 0.168 seconds
[2026-02-01T02:12:43.536+0000] {processor.py:157} INFO - Started process (PID=274) to work on /home/airflow/.local/lib/python3.8/site-packages/airflow/example_dags/example_time_delta_sensor_async.py
[2026-02-01T02:12:43.539+0000] {processor.py:829} INFO - Processing file /home/airflow/.local/lib/python3.8/site-packages/airflow/example_dags/example_time_delta_sensor_async.py for tasks to queue
[2026-02-01T02:12:43.567+0000] {logging_mixin.py:151} INFO - [2026-02-01T02:12:43.566+0000] {dagbag.py:536} INFO - Filling up the DagBag from /home/airflow/.local/lib/python3.8/site-packages/airflow/example_dags/example_time_delta_sensor_async.py
[2026-02-01T02:12:43.600+0000] {processor.py:839} INFO - DAG(s) dict_keys(['example_time_delta_sensor_async']) retrieved from /home/airflow/.local/lib/python3.8/site-packages/airflow/example_dags/example_time_delta_sensor_async.py
[2026-02-01T02:12:43.703+0000] {logging_mixin.py:151} INFO - [2026-02-01T02:12:43.703+0000] {dag.py:2941} INFO - Sync 1 DAGs
[2026-02-01T02:12:43.766+0000] {logging_mixin.py:151} INFO - [2026-02-01T02:12:43.764+0000] {dag.py:3722} INFO - Setting next_dagrun for example_time_delta_sensor_async to None, run_after=None
[2026-02-01T02:12:43.949+0000] {processor.py:179} INFO - Processing /home/airflow/.local/lib/python3.8/site-packages/airflow/example_dags/example_time_delta_sensor_async.py took 0.429 seconds
[2026-02-01T02:13:14.256+0000] {processor.py:157} INFO - Started process (PID=329) to work on /home/airflow/.local/lib/python3.8/site-packages/airflow/example_dags/example_time_delta_sensor_async.py
[2026-02-01T02:13:14.267+0000] {processor.py:829} INFO - Processing file /home/airflow/.local/lib/python3.8/site-packages/airflow/example_dags/example_time_delta_sensor_async.py for tasks to queue
[2026-02-01T02:13:14.278+0000] {logging_mixin.py:151} INFO - [2026-02-01T02:13:14.277+0000] {dagbag.py:536} INFO - Filling up the DagBag from /home/airflow/.local/lib/python3.8/site-packages/airflow/example_dags/example_time_delta_sensor_async.py
[2026-02-01T02:13:14.307+0000] {processor.py:839} INFO - DAG(s) dict_keys(['example_time_delta_sensor_async']) retrieved from /home/airflow/.local/lib/python3.8/site-packages/airflow/example_dags/example_time_delta_sensor_async.py
[2026-02-01T02:13:14.386+0000] {logging_mixin.py:151} INFO - [2026-02-01T02:13:14.386+0000] {dag.py:2941} INFO - Sync 1 DAGs
[2026-02-01T02:13:14.458+0000] {logging_mixin.py:151} INFO - [2026-02-01T02:13:14.457+0000] {dag.py:3722} INFO - Setting next_dagrun for example_time_delta_sensor_async to None, run_after=None
[2026-02-01T02:13:14.555+0000] {processor.py:179} INFO - Processing /home/airflow/.local/lib/python3.8/site-packages/airflow/example_dags/example_time_delta_sensor_async.py took 0.311 seconds
[2026-02-01T02:13:44.627+0000] {processor.py:157} INFO - Started process (PID=384) to work on /home/airflow/.local/lib/python3.8/site-packages/airflow/example_dags/example_time_delta_sensor_async.py
[2026-02-01T02:13:44.630+0000] {processor.py:829} INFO - Processing file /home/airflow/.local/lib/python3.8/site-packages/airflow/example_dags/example_time_delta_sensor_async.py for tasks to queue
[2026-02-01T02:13:44.634+0000] {logging_mixin.py:151} INFO - [2026-02-01T02:13:44.634+0000] {dagbag.py:536} INFO - Filling up the DagBag from /home/airflow/.local/lib/python3.8/site-packages/airflow/example_dags/example_time_delta_sensor_async.py
[2026-02-01T02:13:44.647+0000] {processor.py:839} INFO - DAG(s) dict_keys(['example_time_delta_sensor_async']) retrieved from /home/airflow/.local/lib/python3.8/site-packages/airflow/example_dags/example_time_delta_sensor_async.py
[2026-02-01T02:13:44.691+0000] {logging_mixin.py:151} INFO - [2026-02-01T02:13:44.691+0000] {dag.py:2941} INFO - Sync 1 DAGs
[2026-02-01T02:13:44.729+0000] {logging_mixin.py:151} INFO - [2026-02-01T02:13:44.728+0000] {dag.py:3722} INFO - Setting next_dagrun for example_time_delta_sensor_async to None, run_after=None
[2026-02-01T02:13:44.822+0000] {processor.py:179} INFO - Processing /home/airflow/.local/lib/python3.8/site-packages/airflow/example_dags/example_time_delta_sensor_async.py took 0.206 seconds
[2026-02-01T02:14:14.911+0000] {processor.py:157} INFO - Started process (PID=439) to work on /home/airflow/.local/lib/python3.8/site-packages/airflow/example_dags/example_time_delta_sensor_async.py
[2026-02-01T02:14:14.913+0000] {processor.py:829} INFO - Processing file /home/airflow/.local/lib/python3.8/site-packages/airflow/example_dags/example_time_delta_sensor_async.py for tasks to queue
[2026-02-01T02:14:14.927+0000] {logging_mixin.py:151} INFO - [2026-02-01T02:14:14.926+0000] {dagbag.py:536} INFO - Filling up the DagBag from /home/airflow/.local/lib/python3.8/site-packages/airflow/example_dags/example_time_delta_sensor_async.py
[2026-02-01T02:14:14.951+0000] {processor.py:839} INFO - DAG(s) dict_keys(['example_time_delta_sensor_async']) retrieved from /home/airflow/.local/lib/python3.8/site-packages/airflow/example_dags/example_time_delta_sensor_async.py
[2026-02-01T02:14:15.030+0000] {logging_mixin.py:151} INFO - [2026-02-01T02:14:15.029+0000] {dag.py:2941} INFO - Sync 1 DAGs
[2026-02-01T02:14:15.091+0000] {logging_mixin.py:151} INFO - [2026-02-01T02:14:15.091+0000] {dag.py:3722} INFO - Setting next_dagrun for example_time_delta_sensor_async to None, run_after=None
[2026-02-01T02:14:15.147+0000] {processor.py:179} INFO - Processing /home/airflow/.local/lib/python3.8/site-packages/airflow/example_dags/example_time_delta_sensor_async.py took 0.247 seconds
[2026-02-01T02:14:45.412+0000] {processor.py:157} INFO - Started process (PID=493) to work on /home/airflow/.local/lib/python3.8/site-packages/airflow/example_dags/example_time_delta_sensor_async.py
[2026-02-01T02:14:45.416+0000] {processor.py:829} INFO - Processing file /home/airflow/.local/lib/python3.8/site-packages/airflow/example_dags/example_time_delta_sensor_async.py for tasks to queue
[2026-02-01T02:14:45.419+0000] {logging_mixin.py:151} INFO - [2026-02-01T02:14:45.419+0000] {dagbag.py:536} INFO - Filling up the DagBag from /home/airflow/.local/lib/python3.8/site-packages/airflow/example_dags/example_time_delta_sensor_async.py
[2026-02-01T02:14:45.430+0000] {processor.py:839} INFO - DAG(s) dict_keys(['example_time_delta_sensor_async']) retrieved from /home/airflow/.local/lib/python3.8/site-packages/airflow/example_dags/example_time_delta_sensor_async.py
[2026-02-01T02:14:45.473+0000] {logging_mixin.py:151} INFO - [2026-02-01T02:14:45.473+0000] {dag.py:2941} INFO - Sync 1 DAGs
[2026-02-01T02:14:45.502+0000] {logging_mixin.py:151} INFO - [2026-02-01T02:14:45.501+0000] {dag.py:3722} INFO - Setting next_dagrun for example_time_delta_sensor_async to None, run_after=None
[2026-02-01T02:14:45.543+0000] {processor.py:179} INFO - Processing /home/airflow/.local/lib/python3.8/site-packages/airflow/example_dags/example_time_delta_sensor_async.py took 0.142 seconds
[2026-02-01T02:15:16.334+0000] {processor.py:157} INFO - Started process (PID=548) to work on /home/airflow/.local/lib/python3.8/site-packages/airflow/example_dags/example_time_delta_sensor_async.py
[2026-02-01T02:15:16.338+0000] {processor.py:829} INFO - Processing file /home/airflow/.local/lib/python3.8/site-packages/airflow/example_dags/example_time_delta_sensor_async.py for tasks to queue
[2026-02-01T02:15:16.343+0000] {logging_mixin.py:151} INFO - [2026-02-01T02:15:16.342+0000] {dagbag.py:536} INFO - Filling up the DagBag from /home/airflow/.local/lib/python3.8/site-packages/airflow/example_dags/example_time_delta_sensor_async.py
[2026-02-01T02:15:16.368+0000] {processor.py:839} INFO - DAG(s) dict_keys(['example_time_delta_sensor_async']) retrieved from /home/airflow/.local/lib/python3.8/site-packages/airflow/example_dags/example_time_delta_sensor_async.py
[2026-02-01T02:15:16.448+0000] {logging_mixin.py:151} INFO - [2026-02-01T02:15:16.448+0000] {dag.py:2941} INFO - Sync 1 DAGs
[2026-02-01T02:15:16.477+0000] {logging_mixin.py:151} INFO - [2026-02-01T02:15:16.477+0000] {dag.py:3722} INFO - Setting next_dagrun for example_time_delta_sensor_async to None, run_after=None
[2026-02-01T02:15:16.546+0000] {processor.py:179} INFO - Processing /home/airflow/.local/lib/python3.8/site-packages/airflow/example_dags/example_time_delta_sensor_async.py took 0.227 seconds
[2026-02-01T02:15:46.648+0000] {processor.py:157} INFO - Started process (PID=603) to work on /home/airflow/.local/lib/python3.8/site-packages/airflow/example_dags/example_time_delta_sensor_async.py
[2026-02-01T02:15:46.652+0000] {processor.py:829} INFO - Processing file /home/airflow/.local/lib/python3.8/site-packages/airflow/example_dags/example_time_delta_sensor_async.py for tasks to queue
[2026-02-01T02:15:46.657+0000] {logging_mixin.py:151} INFO - [2026-02-01T02:15:46.656+0000] {dagbag.py:536} INFO - Filling up the DagBag from /home/airflow/.local/lib/python3.8/site-packages/airflow/example_dags/example_time_delta_sensor_async.py
[2026-02-01T02:15:46.671+0000] {processor.py:839} INFO - DAG(s) dict_keys(['example_time_delta_sensor_async']) retrieved from /home/airflow/.local/lib/python3.8/site-packages/airflow/example_dags/example_time_delta_sensor_async.py
[2026-02-01T02:15:46.713+0000] {logging_mixin.py:151} INFO - [2026-02-01T02:15:46.712+0000] {dag.py:2941} INFO - Sync 1 DAGs
[2026-02-01T02:15:46.734+0000] {logging_mixin.py:151} INFO - [2026-02-01T02:15:46.734+0000] {dag.py:3722} INFO - Setting next_dagrun for example_time_delta_sensor_async to None, run_after=None
[2026-02-01T02:15:46.765+0000] {processor.py:179} INFO - Processing /home/airflow/.local/lib/python3.8/site-packages/airflow/example_dags/example_time_delta_sensor_async.py took 0.126 seconds
[2026-02-01T02:16:17.825+0000] {processor.py:157} INFO - Started process (PID=658) to work on /home/airflow/.local/lib/python3.8/site-packages/airflow/example_dags/example_time_delta_sensor_async.py
[2026-02-01T02:16:17.827+0000] {processor.py:829} INFO - Processing file /home/airflow/.local/lib/python3.8/site-packages/airflow/example_dags/example_time_delta_sensor_async.py for tasks to queue
[2026-02-01T02:16:17.834+0000] {logging_mixin.py:151} INFO - [2026-02-01T02:16:17.833+0000] {dagbag.py:536} INFO - Filling up the DagBag from /home/airflow/.local/lib/python3.8/site-packages/airflow/example_dags/example_time_delta_sensor_async.py
[2026-02-01T02:16:17.849+0000] {processor.py:839} INFO - DAG(s) dict_keys(['example_time_delta_sensor_async']) retrieved from /home/airflow/.local/lib/python3.8/site-packages/airflow/example_dags/example_time_delta_sensor_async.py
[2026-02-01T02:16:17.926+0000] {logging_mixin.py:151} INFO - [2026-02-01T02:16:17.925+0000] {dag.py:2941} INFO - Sync 1 DAGs
[2026-02-01T02:16:17.961+0000] {logging_mixin.py:151} INFO - [2026-02-01T02:16:17.960+0000] {dag.py:3722} INFO - Setting next_dagrun for example_time_delta_sensor_async to None, run_after=None
[2026-02-01T02:16:18.002+0000] {processor.py:179} INFO - Processing /home/airflow/.local/lib/python3.8/site-packages/airflow/example_dags/example_time_delta_sensor_async.py took 0.186 seconds
