[2026-02-01T01:37:11.839+0000] {processor.py:157} INFO - Started process (PID=94) to work on /home/airflow/.local/lib/python3.8/site-packages/airflow/example_dags/example_branch_python_dop_operator_3.py
[2026-02-01T01:37:11.841+0000] {processor.py:829} INFO - Processing file /home/airflow/.local/lib/python3.8/site-packages/airflow/example_dags/example_branch_python_dop_operator_3.py for tasks to queue
[2026-02-01T01:37:11.848+0000] {logging_mixin.py:151} INFO - [2026-02-01T01:37:11.847+0000] {dagbag.py:536} INFO - Filling up the DagBag from /home/airflow/.local/lib/python3.8/site-packages/airflow/example_dags/example_branch_python_dop_operator_3.py
[2026-02-01T01:37:11.882+0000] {processor.py:839} INFO - DAG(s) dict_keys(['example_branch_dop_operator_v3']) retrieved from /home/airflow/.local/lib/python3.8/site-packages/airflow/example_dags/example_branch_python_dop_operator_3.py
[2026-02-01T01:37:12.399+0000] {logging_mixin.py:151} INFO - [2026-02-01T01:37:12.399+0000] {manager.py:499} INFO - Created Permission View: %s
[2026-02-01T01:37:12.495+0000] {logging_mixin.py:151} INFO - [2026-02-01T01:37:12.480+0000] {manager.py:499} INFO - Created Permission View: %s
[2026-02-01T01:37:12.541+0000] {logging_mixin.py:151} INFO - [2026-02-01T01:37:12.540+0000] {manager.py:499} INFO - Created Permission View: %s
[2026-02-01T01:37:12.542+0000] {logging_mixin.py:151} INFO - [2026-02-01T01:37:12.541+0000] {dag.py:2941} INFO - Sync 1 DAGs
[2026-02-01T01:37:12.625+0000] {logging_mixin.py:151} INFO - [2026-02-01T01:37:12.625+0000] {dag.py:2963} INFO - Creating ORM DAG for example_branch_dop_operator_v3
[2026-02-01T01:37:12.760+0000] {logging_mixin.py:151} INFO - [2026-02-01T01:37:12.760+0000] {dag.py:3722} INFO - Setting next_dagrun for example_branch_dop_operator_v3 to 2026-02-01T01:36:00+00:00, run_after=2026-02-01T01:37:00+00:00
[2026-02-01T01:37:12.970+0000] {processor.py:179} INFO - Processing /home/airflow/.local/lib/python3.8/site-packages/airflow/example_dags/example_branch_python_dop_operator_3.py took 1.142 seconds
[2026-02-01T01:40:36.340+0000] {processor.py:157} INFO - Started process (PID=87) to work on /home/airflow/.local/lib/python3.8/site-packages/airflow/example_dags/example_branch_python_dop_operator_3.py
[2026-02-01T01:40:36.351+0000] {processor.py:829} INFO - Processing file /home/airflow/.local/lib/python3.8/site-packages/airflow/example_dags/example_branch_python_dop_operator_3.py for tasks to queue
[2026-02-01T01:40:36.358+0000] {logging_mixin.py:151} INFO - [2026-02-01T01:40:36.357+0000] {dagbag.py:536} INFO - Filling up the DagBag from /home/airflow/.local/lib/python3.8/site-packages/airflow/example_dags/example_branch_python_dop_operator_3.py
[2026-02-01T01:40:36.401+0000] {processor.py:839} INFO - DAG(s) dict_keys(['example_branch_dop_operator_v3']) retrieved from /home/airflow/.local/lib/python3.8/site-packages/airflow/example_dags/example_branch_python_dop_operator_3.py
[2026-02-01T01:40:36.475+0000] {logging_mixin.py:151} INFO - [2026-02-01T01:40:36.475+0000] {dag.py:2941} INFO - Sync 1 DAGs
[2026-02-01T01:40:36.585+0000] {logging_mixin.py:151} INFO - [2026-02-01T01:40:36.584+0000] {dag.py:3722} INFO - Setting next_dagrun for example_branch_dop_operator_v3 to 2026-02-01T01:39:00+00:00, run_after=2026-02-01T01:40:00+00:00
[2026-02-01T01:40:36.684+0000] {processor.py:179} INFO - Processing /home/airflow/.local/lib/python3.8/site-packages/airflow/example_dags/example_branch_python_dop_operator_3.py took 0.360 seconds
[2026-02-01T01:41:06.984+0000] {processor.py:157} INFO - Started process (PID=143) to work on /home/airflow/.local/lib/python3.8/site-packages/airflow/example_dags/example_branch_python_dop_operator_3.py
[2026-02-01T01:41:06.986+0000] {processor.py:829} INFO - Processing file /home/airflow/.local/lib/python3.8/site-packages/airflow/example_dags/example_branch_python_dop_operator_3.py for tasks to queue
[2026-02-01T01:41:06.992+0000] {logging_mixin.py:151} INFO - [2026-02-01T01:41:06.991+0000] {dagbag.py:536} INFO - Filling up the DagBag from /home/airflow/.local/lib/python3.8/site-packages/airflow/example_dags/example_branch_python_dop_operator_3.py
[2026-02-01T01:41:07.014+0000] {processor.py:839} INFO - DAG(s) dict_keys(['example_branch_dop_operator_v3']) retrieved from /home/airflow/.local/lib/python3.8/site-packages/airflow/example_dags/example_branch_python_dop_operator_3.py
[2026-02-01T01:41:07.059+0000] {logging_mixin.py:151} INFO - [2026-02-01T01:41:07.058+0000] {dag.py:2941} INFO - Sync 1 DAGs
[2026-02-01T01:41:07.132+0000] {logging_mixin.py:151} INFO - [2026-02-01T01:41:07.131+0000] {dag.py:3722} INFO - Setting next_dagrun for example_branch_dop_operator_v3 to 2026-02-01T01:40:00+00:00, run_after=2026-02-01T01:41:00+00:00
[2026-02-01T01:41:07.178+0000] {processor.py:179} INFO - Processing /home/airflow/.local/lib/python3.8/site-packages/airflow/example_dags/example_branch_python_dop_operator_3.py took 0.200 seconds
[2026-02-01T01:41:46.488+0000] {processor.py:157} INFO - Started process (PID=198) to work on /home/airflow/.local/lib/python3.8/site-packages/airflow/example_dags/example_branch_python_dop_operator_3.py
[2026-02-01T01:41:46.494+0000] {processor.py:829} INFO - Processing file /home/airflow/.local/lib/python3.8/site-packages/airflow/example_dags/example_branch_python_dop_operator_3.py for tasks to queue
[2026-02-01T01:41:46.507+0000] {logging_mixin.py:151} INFO - [2026-02-01T01:41:46.506+0000] {dagbag.py:536} INFO - Filling up the DagBag from /home/airflow/.local/lib/python3.8/site-packages/airflow/example_dags/example_branch_python_dop_operator_3.py
[2026-02-01T01:41:46.569+0000] {processor.py:839} INFO - DAG(s) dict_keys(['example_branch_dop_operator_v3']) retrieved from /home/airflow/.local/lib/python3.8/site-packages/airflow/example_dags/example_branch_python_dop_operator_3.py
[2026-02-01T01:41:46.630+0000] {logging_mixin.py:151} INFO - [2026-02-01T01:41:46.630+0000] {dag.py:2941} INFO - Sync 1 DAGs
[2026-02-01T01:41:46.725+0000] {logging_mixin.py:151} INFO - [2026-02-01T01:41:46.724+0000] {dag.py:3722} INFO - Setting next_dagrun for example_branch_dop_operator_v3 to 2026-02-01T01:40:00+00:00, run_after=2026-02-01T01:41:00+00:00
[2026-02-01T01:41:46.781+0000] {processor.py:179} INFO - Processing /home/airflow/.local/lib/python3.8/site-packages/airflow/example_dags/example_branch_python_dop_operator_3.py took 0.305 seconds
[2026-02-01T01:42:17.205+0000] {processor.py:157} INFO - Started process (PID=254) to work on /home/airflow/.local/lib/python3.8/site-packages/airflow/example_dags/example_branch_python_dop_operator_3.py
[2026-02-01T01:42:17.208+0000] {processor.py:829} INFO - Processing file /home/airflow/.local/lib/python3.8/site-packages/airflow/example_dags/example_branch_python_dop_operator_3.py for tasks to queue
[2026-02-01T01:42:17.216+0000] {logging_mixin.py:151} INFO - [2026-02-01T01:42:17.213+0000] {dagbag.py:536} INFO - Filling up the DagBag from /home/airflow/.local/lib/python3.8/site-packages/airflow/example_dags/example_branch_python_dop_operator_3.py
[2026-02-01T01:42:17.237+0000] {processor.py:839} INFO - DAG(s) dict_keys(['example_branch_dop_operator_v3']) retrieved from /home/airflow/.local/lib/python3.8/site-packages/airflow/example_dags/example_branch_python_dop_operator_3.py
[2026-02-01T01:42:17.281+0000] {logging_mixin.py:151} INFO - [2026-02-01T01:42:17.281+0000] {dag.py:2941} INFO - Sync 1 DAGs
[2026-02-01T01:42:17.341+0000] {logging_mixin.py:151} INFO - [2026-02-01T01:42:17.341+0000] {dag.py:3722} INFO - Setting next_dagrun for example_branch_dop_operator_v3 to 2026-02-01T01:41:00+00:00, run_after=2026-02-01T01:42:00+00:00
[2026-02-01T01:42:17.390+0000] {processor.py:179} INFO - Processing /home/airflow/.local/lib/python3.8/site-packages/airflow/example_dags/example_branch_python_dop_operator_3.py took 0.194 seconds
[2026-02-01T01:42:48.913+0000] {processor.py:157} INFO - Started process (PID=309) to work on /home/airflow/.local/lib/python3.8/site-packages/airflow/example_dags/example_branch_python_dop_operator_3.py
[2026-02-01T01:42:48.917+0000] {processor.py:829} INFO - Processing file /home/airflow/.local/lib/python3.8/site-packages/airflow/example_dags/example_branch_python_dop_operator_3.py for tasks to queue
[2026-02-01T01:42:48.924+0000] {logging_mixin.py:151} INFO - [2026-02-01T01:42:48.922+0000] {dagbag.py:536} INFO - Filling up the DagBag from /home/airflow/.local/lib/python3.8/site-packages/airflow/example_dags/example_branch_python_dop_operator_3.py
[2026-02-01T01:42:48.968+0000] {processor.py:839} INFO - DAG(s) dict_keys(['example_branch_dop_operator_v3']) retrieved from /home/airflow/.local/lib/python3.8/site-packages/airflow/example_dags/example_branch_python_dop_operator_3.py
[2026-02-01T01:42:49.057+0000] {logging_mixin.py:151} INFO - [2026-02-01T01:42:49.056+0000] {dag.py:2941} INFO - Sync 1 DAGs
[2026-02-01T01:42:49.152+0000] {logging_mixin.py:151} INFO - [2026-02-01T01:42:49.151+0000] {dag.py:3722} INFO - Setting next_dagrun for example_branch_dop_operator_v3 to 2026-02-01T01:41:00+00:00, run_after=2026-02-01T01:42:00+00:00
[2026-02-01T01:42:49.201+0000] {processor.py:179} INFO - Processing /home/airflow/.local/lib/python3.8/site-packages/airflow/example_dags/example_branch_python_dop_operator_3.py took 0.305 seconds
[2026-02-01T01:43:19.827+0000] {processor.py:157} INFO - Started process (PID=363) to work on /home/airflow/.local/lib/python3.8/site-packages/airflow/example_dags/example_branch_python_dop_operator_3.py
[2026-02-01T01:43:19.829+0000] {processor.py:829} INFO - Processing file /home/airflow/.local/lib/python3.8/site-packages/airflow/example_dags/example_branch_python_dop_operator_3.py for tasks to queue
[2026-02-01T01:43:19.835+0000] {logging_mixin.py:151} INFO - [2026-02-01T01:43:19.834+0000] {dagbag.py:536} INFO - Filling up the DagBag from /home/airflow/.local/lib/python3.8/site-packages/airflow/example_dags/example_branch_python_dop_operator_3.py
[2026-02-01T01:43:19.860+0000] {processor.py:839} INFO - DAG(s) dict_keys(['example_branch_dop_operator_v3']) retrieved from /home/airflow/.local/lib/python3.8/site-packages/airflow/example_dags/example_branch_python_dop_operator_3.py
[2026-02-01T01:43:19.925+0000] {logging_mixin.py:151} INFO - [2026-02-01T01:43:19.924+0000] {dag.py:2941} INFO - Sync 1 DAGs
[2026-02-01T01:43:20.042+0000] {logging_mixin.py:151} INFO - [2026-02-01T01:43:20.037+0000] {dag.py:3722} INFO - Setting next_dagrun for example_branch_dop_operator_v3 to 2026-02-01T01:42:00+00:00, run_after=2026-02-01T01:43:00+00:00
[2026-02-01T01:43:20.103+0000] {processor.py:179} INFO - Processing /home/airflow/.local/lib/python3.8/site-packages/airflow/example_dags/example_branch_python_dop_operator_3.py took 0.286 seconds
[2026-02-01T01:43:50.781+0000] {processor.py:157} INFO - Started process (PID=418) to work on /home/airflow/.local/lib/python3.8/site-packages/airflow/example_dags/example_branch_python_dop_operator_3.py
[2026-02-01T01:43:50.783+0000] {processor.py:829} INFO - Processing file /home/airflow/.local/lib/python3.8/site-packages/airflow/example_dags/example_branch_python_dop_operator_3.py for tasks to queue
[2026-02-01T01:43:50.788+0000] {logging_mixin.py:151} INFO - [2026-02-01T01:43:50.787+0000] {dagbag.py:536} INFO - Filling up the DagBag from /home/airflow/.local/lib/python3.8/site-packages/airflow/example_dags/example_branch_python_dop_operator_3.py
[2026-02-01T01:43:50.812+0000] {processor.py:839} INFO - DAG(s) dict_keys(['example_branch_dop_operator_v3']) retrieved from /home/airflow/.local/lib/python3.8/site-packages/airflow/example_dags/example_branch_python_dop_operator_3.py
[2026-02-01T01:43:50.864+0000] {logging_mixin.py:151} INFO - [2026-02-01T01:43:50.863+0000] {dag.py:2941} INFO - Sync 1 DAGs
[2026-02-01T01:43:50.928+0000] {logging_mixin.py:151} INFO - [2026-02-01T01:43:50.928+0000] {dag.py:3722} INFO - Setting next_dagrun for example_branch_dop_operator_v3 to 2026-02-01T01:42:00+00:00, run_after=2026-02-01T01:43:00+00:00
[2026-02-01T01:43:50.983+0000] {processor.py:179} INFO - Processing /home/airflow/.local/lib/python3.8/site-packages/airflow/example_dags/example_branch_python_dop_operator_3.py took 0.214 seconds
[2026-02-01T01:44:21.706+0000] {processor.py:157} INFO - Started process (PID=473) to work on /home/airflow/.local/lib/python3.8/site-packages/airflow/example_dags/example_branch_python_dop_operator_3.py
[2026-02-01T01:44:21.708+0000] {processor.py:829} INFO - Processing file /home/airflow/.local/lib/python3.8/site-packages/airflow/example_dags/example_branch_python_dop_operator_3.py for tasks to queue
[2026-02-01T01:44:21.719+0000] {logging_mixin.py:151} INFO - [2026-02-01T01:44:21.713+0000] {dagbag.py:536} INFO - Filling up the DagBag from /home/airflow/.local/lib/python3.8/site-packages/airflow/example_dags/example_branch_python_dop_operator_3.py
[2026-02-01T01:44:21.747+0000] {processor.py:839} INFO - DAG(s) dict_keys(['example_branch_dop_operator_v3']) retrieved from /home/airflow/.local/lib/python3.8/site-packages/airflow/example_dags/example_branch_python_dop_operator_3.py
[2026-02-01T01:44:21.838+0000] {logging_mixin.py:151} INFO - [2026-02-01T01:44:21.838+0000] {dag.py:2941} INFO - Sync 1 DAGs
[2026-02-01T01:44:21.934+0000] {logging_mixin.py:151} INFO - [2026-02-01T01:44:21.933+0000] {dag.py:3722} INFO - Setting next_dagrun for example_branch_dop_operator_v3 to 2026-02-01T01:43:00+00:00, run_after=2026-02-01T01:44:00+00:00
[2026-02-01T01:44:22.029+0000] {processor.py:179} INFO - Processing /home/airflow/.local/lib/python3.8/site-packages/airflow/example_dags/example_branch_python_dop_operator_3.py took 0.338 seconds
[2026-02-01T02:11:09.478+0000] {processor.py:157} INFO - Started process (PID=106) to work on /home/airflow/.local/lib/python3.8/site-packages/airflow/example_dags/example_branch_python_dop_operator_3.py
[2026-02-01T02:11:09.489+0000] {processor.py:829} INFO - Processing file /home/airflow/.local/lib/python3.8/site-packages/airflow/example_dags/example_branch_python_dop_operator_3.py for tasks to queue
[2026-02-01T02:11:09.494+0000] {logging_mixin.py:151} INFO - [2026-02-01T02:11:09.494+0000] {dagbag.py:536} INFO - Filling up the DagBag from /home/airflow/.local/lib/python3.8/site-packages/airflow/example_dags/example_branch_python_dop_operator_3.py
[2026-02-01T02:11:09.525+0000] {processor.py:839} INFO - DAG(s) dict_keys(['example_branch_dop_operator_v3']) retrieved from /home/airflow/.local/lib/python3.8/site-packages/airflow/example_dags/example_branch_python_dop_operator_3.py
[2026-02-01T02:11:09.583+0000] {logging_mixin.py:151} INFO - [2026-02-01T02:11:09.582+0000] {dag.py:2941} INFO - Sync 1 DAGs
[2026-02-01T02:11:09.668+0000] {logging_mixin.py:151} INFO - [2026-02-01T02:11:09.667+0000] {dag.py:3722} INFO - Setting next_dagrun for example_branch_dop_operator_v3 to 2026-02-01T02:10:00+00:00, run_after=2026-02-01T02:11:00+00:00
[2026-02-01T02:11:09.733+0000] {processor.py:179} INFO - Processing /home/airflow/.local/lib/python3.8/site-packages/airflow/example_dags/example_branch_python_dop_operator_3.py took 0.265 seconds
[2026-02-01T02:11:40.239+0000] {processor.py:157} INFO - Started process (PID=161) to work on /home/airflow/.local/lib/python3.8/site-packages/airflow/example_dags/example_branch_python_dop_operator_3.py
[2026-02-01T02:11:40.245+0000] {processor.py:829} INFO - Processing file /home/airflow/.local/lib/python3.8/site-packages/airflow/example_dags/example_branch_python_dop_operator_3.py for tasks to queue
[2026-02-01T02:11:40.255+0000] {logging_mixin.py:151} INFO - [2026-02-01T02:11:40.255+0000] {dagbag.py:536} INFO - Filling up the DagBag from /home/airflow/.local/lib/python3.8/site-packages/airflow/example_dags/example_branch_python_dop_operator_3.py
[2026-02-01T02:11:40.300+0000] {processor.py:839} INFO - DAG(s) dict_keys(['example_branch_dop_operator_v3']) retrieved from /home/airflow/.local/lib/python3.8/site-packages/airflow/example_dags/example_branch_python_dop_operator_3.py
[2026-02-01T02:11:40.393+0000] {logging_mixin.py:151} INFO - [2026-02-01T02:11:40.392+0000] {dag.py:2941} INFO - Sync 1 DAGs
[2026-02-01T02:11:40.534+0000] {logging_mixin.py:151} INFO - [2026-02-01T02:11:40.534+0000] {dag.py:3722} INFO - Setting next_dagrun for example_branch_dop_operator_v3 to 2026-02-01T02:10:00+00:00, run_after=2026-02-01T02:11:00+00:00
[2026-02-01T02:11:40.649+0000] {processor.py:179} INFO - Processing /home/airflow/.local/lib/python3.8/site-packages/airflow/example_dags/example_branch_python_dop_operator_3.py took 0.423 seconds
[2026-02-01T02:12:11.529+0000] {processor.py:157} INFO - Started process (PID=216) to work on /home/airflow/.local/lib/python3.8/site-packages/airflow/example_dags/example_branch_python_dop_operator_3.py
[2026-02-01T02:12:11.532+0000] {processor.py:829} INFO - Processing file /home/airflow/.local/lib/python3.8/site-packages/airflow/example_dags/example_branch_python_dop_operator_3.py for tasks to queue
[2026-02-01T02:12:11.537+0000] {logging_mixin.py:151} INFO - [2026-02-01T02:12:11.536+0000] {dagbag.py:536} INFO - Filling up the DagBag from /home/airflow/.local/lib/python3.8/site-packages/airflow/example_dags/example_branch_python_dop_operator_3.py
[2026-02-01T02:12:11.560+0000] {processor.py:839} INFO - DAG(s) dict_keys(['example_branch_dop_operator_v3']) retrieved from /home/airflow/.local/lib/python3.8/site-packages/airflow/example_dags/example_branch_python_dop_operator_3.py
[2026-02-01T02:12:11.623+0000] {logging_mixin.py:151} INFO - [2026-02-01T02:12:11.623+0000] {dag.py:2941} INFO - Sync 1 DAGs
[2026-02-01T02:12:11.727+0000] {logging_mixin.py:151} INFO - [2026-02-01T02:12:11.727+0000] {dag.py:3722} INFO - Setting next_dagrun for example_branch_dop_operator_v3 to 2026-02-01T02:11:00+00:00, run_after=2026-02-01T02:12:00+00:00
[2026-02-01T02:12:11.784+0000] {processor.py:179} INFO - Processing /home/airflow/.local/lib/python3.8/site-packages/airflow/example_dags/example_branch_python_dop_operator_3.py took 0.264 seconds
[2026-02-01T02:12:42.510+0000] {processor.py:157} INFO - Started process (PID=271) to work on /home/airflow/.local/lib/python3.8/site-packages/airflow/example_dags/example_branch_python_dop_operator_3.py
[2026-02-01T02:12:42.513+0000] {processor.py:829} INFO - Processing file /home/airflow/.local/lib/python3.8/site-packages/airflow/example_dags/example_branch_python_dop_operator_3.py for tasks to queue
[2026-02-01T02:12:42.531+0000] {logging_mixin.py:151} INFO - [2026-02-01T02:12:42.531+0000] {dagbag.py:536} INFO - Filling up the DagBag from /home/airflow/.local/lib/python3.8/site-packages/airflow/example_dags/example_branch_python_dop_operator_3.py
[2026-02-01T02:12:42.579+0000] {processor.py:839} INFO - DAG(s) dict_keys(['example_branch_dop_operator_v3']) retrieved from /home/airflow/.local/lib/python3.8/site-packages/airflow/example_dags/example_branch_python_dop_operator_3.py
[2026-02-01T02:12:42.670+0000] {logging_mixin.py:151} INFO - [2026-02-01T02:12:42.669+0000] {dag.py:2941} INFO - Sync 1 DAGs
[2026-02-01T02:12:42.813+0000] {logging_mixin.py:151} INFO - [2026-02-01T02:12:42.813+0000] {dag.py:3722} INFO - Setting next_dagrun for example_branch_dop_operator_v3 to 2026-02-01T02:11:00+00:00, run_after=2026-02-01T02:12:00+00:00
[2026-02-01T02:12:42.903+0000] {processor.py:179} INFO - Processing /home/airflow/.local/lib/python3.8/site-packages/airflow/example_dags/example_branch_python_dop_operator_3.py took 0.408 seconds
[2026-02-01T02:13:13.367+0000] {processor.py:157} INFO - Started process (PID=326) to work on /home/airflow/.local/lib/python3.8/site-packages/airflow/example_dags/example_branch_python_dop_operator_3.py
[2026-02-01T02:13:13.373+0000] {processor.py:829} INFO - Processing file /home/airflow/.local/lib/python3.8/site-packages/airflow/example_dags/example_branch_python_dop_operator_3.py for tasks to queue
[2026-02-01T02:13:13.378+0000] {logging_mixin.py:151} INFO - [2026-02-01T02:13:13.378+0000] {dagbag.py:536} INFO - Filling up the DagBag from /home/airflow/.local/lib/python3.8/site-packages/airflow/example_dags/example_branch_python_dop_operator_3.py
[2026-02-01T02:13:13.403+0000] {processor.py:839} INFO - DAG(s) dict_keys(['example_branch_dop_operator_v3']) retrieved from /home/airflow/.local/lib/python3.8/site-packages/airflow/example_dags/example_branch_python_dop_operator_3.py
[2026-02-01T02:13:13.477+0000] {logging_mixin.py:151} INFO - [2026-02-01T02:13:13.476+0000] {dag.py:2941} INFO - Sync 1 DAGs
[2026-02-01T02:13:13.541+0000] {logging_mixin.py:151} INFO - [2026-02-01T02:13:13.541+0000] {dag.py:3722} INFO - Setting next_dagrun for example_branch_dop_operator_v3 to 2026-02-01T02:12:00+00:00, run_after=2026-02-01T02:13:00+00:00
[2026-02-01T02:13:13.579+0000] {processor.py:179} INFO - Processing /home/airflow/.local/lib/python3.8/site-packages/airflow/example_dags/example_branch_python_dop_operator_3.py took 0.221 seconds
[2026-02-01T02:13:43.773+0000] {processor.py:157} INFO - Started process (PID=381) to work on /home/airflow/.local/lib/python3.8/site-packages/airflow/example_dags/example_branch_python_dop_operator_3.py
[2026-02-01T02:13:43.784+0000] {processor.py:829} INFO - Processing file /home/airflow/.local/lib/python3.8/site-packages/airflow/example_dags/example_branch_python_dop_operator_3.py for tasks to queue
[2026-02-01T02:13:43.789+0000] {logging_mixin.py:151} INFO - [2026-02-01T02:13:43.788+0000] {dagbag.py:536} INFO - Filling up the DagBag from /home/airflow/.local/lib/python3.8/site-packages/airflow/example_dags/example_branch_python_dop_operator_3.py
[2026-02-01T02:13:43.814+0000] {processor.py:839} INFO - DAG(s) dict_keys(['example_branch_dop_operator_v3']) retrieved from /home/airflow/.local/lib/python3.8/site-packages/airflow/example_dags/example_branch_python_dop_operator_3.py
[2026-02-01T02:13:43.890+0000] {logging_mixin.py:151} INFO - [2026-02-01T02:13:43.890+0000] {dag.py:2941} INFO - Sync 1 DAGs
[2026-02-01T02:13:44.005+0000] {logging_mixin.py:151} INFO - [2026-02-01T02:13:44.004+0000] {dag.py:3722} INFO - Setting next_dagrun for example_branch_dop_operator_v3 to 2026-02-01T02:12:00+00:00, run_after=2026-02-01T02:13:00+00:00
[2026-02-01T02:13:44.085+0000] {processor.py:179} INFO - Processing /home/airflow/.local/lib/python3.8/site-packages/airflow/example_dags/example_branch_python_dop_operator_3.py took 0.321 seconds
[2026-02-01T02:14:14.468+0000] {processor.py:157} INFO - Started process (PID=436) to work on /home/airflow/.local/lib/python3.8/site-packages/airflow/example_dags/example_branch_python_dop_operator_3.py
[2026-02-01T02:14:14.470+0000] {processor.py:829} INFO - Processing file /home/airflow/.local/lib/python3.8/site-packages/airflow/example_dags/example_branch_python_dop_operator_3.py for tasks to queue
[2026-02-01T02:14:14.478+0000] {logging_mixin.py:151} INFO - [2026-02-01T02:14:14.475+0000] {dagbag.py:536} INFO - Filling up the DagBag from /home/airflow/.local/lib/python3.8/site-packages/airflow/example_dags/example_branch_python_dop_operator_3.py
[2026-02-01T02:14:14.498+0000] {processor.py:839} INFO - DAG(s) dict_keys(['example_branch_dop_operator_v3']) retrieved from /home/airflow/.local/lib/python3.8/site-packages/airflow/example_dags/example_branch_python_dop_operator_3.py
[2026-02-01T02:14:14.534+0000] {logging_mixin.py:151} INFO - [2026-02-01T02:14:14.533+0000] {dag.py:2941} INFO - Sync 1 DAGs
[2026-02-01T02:14:14.608+0000] {logging_mixin.py:151} INFO - [2026-02-01T02:14:14.607+0000] {dag.py:3722} INFO - Setting next_dagrun for example_branch_dop_operator_v3 to 2026-02-01T02:13:00+00:00, run_after=2026-02-01T02:14:00+00:00
[2026-02-01T02:14:14.681+0000] {processor.py:179} INFO - Processing /home/airflow/.local/lib/python3.8/site-packages/airflow/example_dags/example_branch_python_dop_operator_3.py took 0.222 seconds
[2026-02-01T02:14:44.935+0000] {processor.py:157} INFO - Started process (PID=490) to work on /home/airflow/.local/lib/python3.8/site-packages/airflow/example_dags/example_branch_python_dop_operator_3.py
[2026-02-01T02:14:44.938+0000] {processor.py:829} INFO - Processing file /home/airflow/.local/lib/python3.8/site-packages/airflow/example_dags/example_branch_python_dop_operator_3.py for tasks to queue
[2026-02-01T02:14:44.942+0000] {logging_mixin.py:151} INFO - [2026-02-01T02:14:44.942+0000] {dagbag.py:536} INFO - Filling up the DagBag from /home/airflow/.local/lib/python3.8/site-packages/airflow/example_dags/example_branch_python_dop_operator_3.py
[2026-02-01T02:14:44.964+0000] {processor.py:839} INFO - DAG(s) dict_keys(['example_branch_dop_operator_v3']) retrieved from /home/airflow/.local/lib/python3.8/site-packages/airflow/example_dags/example_branch_python_dop_operator_3.py
[2026-02-01T02:14:45.026+0000] {logging_mixin.py:151} INFO - [2026-02-01T02:14:45.025+0000] {dag.py:2941} INFO - Sync 1 DAGs
[2026-02-01T02:14:45.094+0000] {logging_mixin.py:151} INFO - [2026-02-01T02:14:45.094+0000] {dag.py:3722} INFO - Setting next_dagrun for example_branch_dop_operator_v3 to 2026-02-01T02:13:00+00:00, run_after=2026-02-01T02:14:00+00:00
[2026-02-01T02:14:45.184+0000] {processor.py:179} INFO - Processing /home/airflow/.local/lib/python3.8/site-packages/airflow/example_dags/example_branch_python_dop_operator_3.py took 0.258 seconds
[2026-02-01T02:15:15.764+0000] {processor.py:157} INFO - Started process (PID=545) to work on /home/airflow/.local/lib/python3.8/site-packages/airflow/example_dags/example_branch_python_dop_operator_3.py
[2026-02-01T02:15:15.766+0000] {processor.py:829} INFO - Processing file /home/airflow/.local/lib/python3.8/site-packages/airflow/example_dags/example_branch_python_dop_operator_3.py for tasks to queue
[2026-02-01T02:15:15.774+0000] {logging_mixin.py:151} INFO - [2026-02-01T02:15:15.773+0000] {dagbag.py:536} INFO - Filling up the DagBag from /home/airflow/.local/lib/python3.8/site-packages/airflow/example_dags/example_branch_python_dop_operator_3.py
[2026-02-01T02:15:15.808+0000] {processor.py:839} INFO - DAG(s) dict_keys(['example_branch_dop_operator_v3']) retrieved from /home/airflow/.local/lib/python3.8/site-packages/airflow/example_dags/example_branch_python_dop_operator_3.py
[2026-02-01T02:15:15.874+0000] {logging_mixin.py:151} INFO - [2026-02-01T02:15:15.874+0000] {dag.py:2941} INFO - Sync 1 DAGs
[2026-02-01T02:15:16.009+0000] {logging_mixin.py:151} INFO - [2026-02-01T02:15:16.008+0000] {dag.py:3722} INFO - Setting next_dagrun for example_branch_dop_operator_v3 to 2026-02-01T02:14:00+00:00, run_after=2026-02-01T02:15:00+00:00
[2026-02-01T02:15:16.112+0000] {processor.py:179} INFO - Processing /home/airflow/.local/lib/python3.8/site-packages/airflow/example_dags/example_branch_python_dop_operator_3.py took 0.365 seconds
[2026-02-01T02:15:46.226+0000] {processor.py:157} INFO - Started process (PID=600) to work on /home/airflow/.local/lib/python3.8/site-packages/airflow/example_dags/example_branch_python_dop_operator_3.py
[2026-02-01T02:15:46.229+0000] {processor.py:829} INFO - Processing file /home/airflow/.local/lib/python3.8/site-packages/airflow/example_dags/example_branch_python_dop_operator_3.py for tasks to queue
[2026-02-01T02:15:46.232+0000] {logging_mixin.py:151} INFO - [2026-02-01T02:15:46.232+0000] {dagbag.py:536} INFO - Filling up the DagBag from /home/airflow/.local/lib/python3.8/site-packages/airflow/example_dags/example_branch_python_dop_operator_3.py
[2026-02-01T02:15:46.247+0000] {processor.py:839} INFO - DAG(s) dict_keys(['example_branch_dop_operator_v3']) retrieved from /home/airflow/.local/lib/python3.8/site-packages/airflow/example_dags/example_branch_python_dop_operator_3.py
[2026-02-01T02:15:46.285+0000] {logging_mixin.py:151} INFO - [2026-02-01T02:15:46.284+0000] {dag.py:2941} INFO - Sync 1 DAGs
[2026-02-01T02:15:46.347+0000] {logging_mixin.py:151} INFO - [2026-02-01T02:15:46.347+0000] {dag.py:3722} INFO - Setting next_dagrun for example_branch_dop_operator_v3 to 2026-02-01T02:14:00+00:00, run_after=2026-02-01T02:15:00+00:00
[2026-02-01T02:15:46.391+0000] {processor.py:179} INFO - Processing /home/airflow/.local/lib/python3.8/site-packages/airflow/example_dags/example_branch_python_dop_operator_3.py took 0.171 seconds
[2026-02-01T02:16:17.137+0000] {processor.py:157} INFO - Started process (PID=655) to work on /home/airflow/.local/lib/python3.8/site-packages/airflow/example_dags/example_branch_python_dop_operator_3.py
[2026-02-01T02:16:17.158+0000] {processor.py:829} INFO - Processing file /home/airflow/.local/lib/python3.8/site-packages/airflow/example_dags/example_branch_python_dop_operator_3.py for tasks to queue
[2026-02-01T02:16:17.174+0000] {logging_mixin.py:151} INFO - [2026-02-01T02:16:17.174+0000] {dagbag.py:536} INFO - Filling up the DagBag from /home/airflow/.local/lib/python3.8/site-packages/airflow/example_dags/example_branch_python_dop_operator_3.py
[2026-02-01T02:16:17.216+0000] {processor.py:839} INFO - DAG(s) dict_keys(['example_branch_dop_operator_v3']) retrieved from /home/airflow/.local/lib/python3.8/site-packages/airflow/example_dags/example_branch_python_dop_operator_3.py
[2026-02-01T02:16:17.299+0000] {logging_mixin.py:151} INFO - [2026-02-01T02:16:17.299+0000] {dag.py:2941} INFO - Sync 1 DAGs
[2026-02-01T02:16:17.509+0000] {logging_mixin.py:151} INFO - [2026-02-01T02:16:17.509+0000] {dag.py:3722} INFO - Setting next_dagrun for example_branch_dop_operator_v3 to 2026-02-01T02:15:00+00:00, run_after=2026-02-01T02:16:00+00:00
[2026-02-01T02:16:17.584+0000] {processor.py:179} INFO - Processing /home/airflow/.local/lib/python3.8/site-packages/airflow/example_dags/example_branch_python_dop_operator_3.py took 0.469 seconds
