[2026-02-01T01:40:42.829+0000] {processor.py:157} INFO - Started process (PID=115) to work on /home/airflow/.local/lib/python3.8/site-packages/airflow/example_dags/example_branch_operator_decorator.py
[2026-02-01T01:40:42.831+0000] {processor.py:829} INFO - Processing file /home/airflow/.local/lib/python3.8/site-packages/airflow/example_dags/example_branch_operator_decorator.py for tasks to queue
[2026-02-01T01:40:42.848+0000] {logging_mixin.py:151} INFO - [2026-02-01T01:40:42.847+0000] {dagbag.py:536} INFO - Filling up the DagBag from /home/airflow/.local/lib/python3.8/site-packages/airflow/example_dags/example_branch_operator_decorator.py
[2026-02-01T01:40:42.931+0000] {processor.py:839} INFO - DAG(s) dict_keys(['example_branch_python_operator_decorator']) retrieved from /home/airflow/.local/lib/python3.8/site-packages/airflow/example_dags/example_branch_operator_decorator.py
[2026-02-01T01:40:43.022+0000] {logging_mixin.py:151} INFO - [2026-02-01T01:40:43.022+0000] {dag.py:2941} INFO - Sync 1 DAGs
[2026-02-01T01:40:43.226+0000] {logging_mixin.py:151} INFO - [2026-02-01T01:40:43.226+0000] {dag.py:3722} INFO - Setting next_dagrun for example_branch_python_operator_decorator to 2026-01-31T00:00:00+00:00, run_after=2026-02-01T00:00:00+00:00
[2026-02-01T01:40:43.354+0000] {processor.py:179} INFO - Processing /home/airflow/.local/lib/python3.8/site-packages/airflow/example_dags/example_branch_operator_decorator.py took 0.555 seconds
[2026-02-01T01:41:13.823+0000] {processor.py:157} INFO - Started process (PID=171) to work on /home/airflow/.local/lib/python3.8/site-packages/airflow/example_dags/example_branch_operator_decorator.py
[2026-02-01T01:41:13.830+0000] {processor.py:829} INFO - Processing file /home/airflow/.local/lib/python3.8/site-packages/airflow/example_dags/example_branch_operator_decorator.py for tasks to queue
[2026-02-01T01:41:13.836+0000] {logging_mixin.py:151} INFO - [2026-02-01T01:41:13.835+0000] {dagbag.py:536} INFO - Filling up the DagBag from /home/airflow/.local/lib/python3.8/site-packages/airflow/example_dags/example_branch_operator_decorator.py
[2026-02-01T01:41:13.865+0000] {processor.py:839} INFO - DAG(s) dict_keys(['example_branch_python_operator_decorator']) retrieved from /home/airflow/.local/lib/python3.8/site-packages/airflow/example_dags/example_branch_operator_decorator.py
[2026-02-01T01:41:13.927+0000] {logging_mixin.py:151} INFO - [2026-02-01T01:41:13.927+0000] {dag.py:2941} INFO - Sync 1 DAGs
[2026-02-01T01:41:13.976+0000] {logging_mixin.py:151} INFO - [2026-02-01T01:41:13.976+0000] {dag.py:3722} INFO - Setting next_dagrun for example_branch_python_operator_decorator to 2026-01-31T00:00:00+00:00, run_after=2026-02-01T00:00:00+00:00
[2026-02-01T01:41:14.018+0000] {processor.py:179} INFO - Processing /home/airflow/.local/lib/python3.8/site-packages/airflow/example_dags/example_branch_operator_decorator.py took 0.201 seconds
[2026-02-01T01:41:52.559+0000] {processor.py:157} INFO - Started process (PID=226) to work on /home/airflow/.local/lib/python3.8/site-packages/airflow/example_dags/example_branch_operator_decorator.py
[2026-02-01T01:41:52.566+0000] {processor.py:829} INFO - Processing file /home/airflow/.local/lib/python3.8/site-packages/airflow/example_dags/example_branch_operator_decorator.py for tasks to queue
[2026-02-01T01:41:52.582+0000] {logging_mixin.py:151} INFO - [2026-02-01T01:41:52.581+0000] {dagbag.py:536} INFO - Filling up the DagBag from /home/airflow/.local/lib/python3.8/site-packages/airflow/example_dags/example_branch_operator_decorator.py
[2026-02-01T01:41:52.637+0000] {processor.py:839} INFO - DAG(s) dict_keys(['example_branch_python_operator_decorator']) retrieved from /home/airflow/.local/lib/python3.8/site-packages/airflow/example_dags/example_branch_operator_decorator.py
[2026-02-01T01:41:52.698+0000] {logging_mixin.py:151} INFO - [2026-02-01T01:41:52.697+0000] {dag.py:2941} INFO - Sync 1 DAGs
[2026-02-01T01:41:52.757+0000] {logging_mixin.py:151} INFO - [2026-02-01T01:41:52.757+0000] {dag.py:3722} INFO - Setting next_dagrun for example_branch_python_operator_decorator to 2026-01-31T00:00:00+00:00, run_after=2026-02-01T00:00:00+00:00
[2026-02-01T01:41:52.813+0000] {processor.py:179} INFO - Processing /home/airflow/.local/lib/python3.8/site-packages/airflow/example_dags/example_branch_operator_decorator.py took 0.263 seconds
[2026-02-01T01:42:23.487+0000] {processor.py:157} INFO - Started process (PID=282) to work on /home/airflow/.local/lib/python3.8/site-packages/airflow/example_dags/example_branch_operator_decorator.py
[2026-02-01T01:42:23.489+0000] {processor.py:829} INFO - Processing file /home/airflow/.local/lib/python3.8/site-packages/airflow/example_dags/example_branch_operator_decorator.py for tasks to queue
[2026-02-01T01:42:23.492+0000] {logging_mixin.py:151} INFO - [2026-02-01T01:42:23.492+0000] {dagbag.py:536} INFO - Filling up the DagBag from /home/airflow/.local/lib/python3.8/site-packages/airflow/example_dags/example_branch_operator_decorator.py
[2026-02-01T01:42:23.512+0000] {processor.py:839} INFO - DAG(s) dict_keys(['example_branch_python_operator_decorator']) retrieved from /home/airflow/.local/lib/python3.8/site-packages/airflow/example_dags/example_branch_operator_decorator.py
[2026-02-01T01:42:23.561+0000] {logging_mixin.py:151} INFO - [2026-02-01T01:42:23.561+0000] {dag.py:2941} INFO - Sync 1 DAGs
[2026-02-01T01:42:23.610+0000] {logging_mixin.py:151} INFO - [2026-02-01T01:42:23.609+0000] {dag.py:3722} INFO - Setting next_dagrun for example_branch_python_operator_decorator to 2026-01-31T00:00:00+00:00, run_after=2026-02-01T00:00:00+00:00
[2026-02-01T01:42:23.658+0000] {processor.py:179} INFO - Processing /home/airflow/.local/lib/python3.8/site-packages/airflow/example_dags/example_branch_operator_decorator.py took 0.178 seconds
[2026-02-01T01:42:55.743+0000] {processor.py:157} INFO - Started process (PID=344) to work on /home/airflow/.local/lib/python3.8/site-packages/airflow/example_dags/example_branch_operator_decorator.py
[2026-02-01T01:42:55.745+0000] {processor.py:829} INFO - Processing file /home/airflow/.local/lib/python3.8/site-packages/airflow/example_dags/example_branch_operator_decorator.py for tasks to queue
[2026-02-01T01:42:55.750+0000] {logging_mixin.py:151} INFO - [2026-02-01T01:42:55.749+0000] {dagbag.py:536} INFO - Filling up the DagBag from /home/airflow/.local/lib/python3.8/site-packages/airflow/example_dags/example_branch_operator_decorator.py
[2026-02-01T01:42:55.775+0000] {processor.py:839} INFO - DAG(s) dict_keys(['example_branch_python_operator_decorator']) retrieved from /home/airflow/.local/lib/python3.8/site-packages/airflow/example_dags/example_branch_operator_decorator.py
[2026-02-01T01:42:55.838+0000] {logging_mixin.py:151} INFO - [2026-02-01T01:42:55.838+0000] {dag.py:2941} INFO - Sync 1 DAGs
[2026-02-01T01:42:55.906+0000] {logging_mixin.py:151} INFO - [2026-02-01T01:42:55.905+0000] {dag.py:3722} INFO - Setting next_dagrun for example_branch_python_operator_decorator to 2026-01-31T00:00:00+00:00, run_after=2026-02-01T00:00:00+00:00
[2026-02-01T01:42:55.969+0000] {processor.py:179} INFO - Processing /home/airflow/.local/lib/python3.8/site-packages/airflow/example_dags/example_branch_operator_decorator.py took 0.234 seconds
[2026-02-01T01:43:26.639+0000] {processor.py:157} INFO - Started process (PID=398) to work on /home/airflow/.local/lib/python3.8/site-packages/airflow/example_dags/example_branch_operator_decorator.py
[2026-02-01T01:43:26.641+0000] {processor.py:829} INFO - Processing file /home/airflow/.local/lib/python3.8/site-packages/airflow/example_dags/example_branch_operator_decorator.py for tasks to queue
[2026-02-01T01:43:26.646+0000] {logging_mixin.py:151} INFO - [2026-02-01T01:43:26.645+0000] {dagbag.py:536} INFO - Filling up the DagBag from /home/airflow/.local/lib/python3.8/site-packages/airflow/example_dags/example_branch_operator_decorator.py
[2026-02-01T01:43:26.678+0000] {processor.py:839} INFO - DAG(s) dict_keys(['example_branch_python_operator_decorator']) retrieved from /home/airflow/.local/lib/python3.8/site-packages/airflow/example_dags/example_branch_operator_decorator.py
[2026-02-01T01:43:26.746+0000] {logging_mixin.py:151} INFO - [2026-02-01T01:43:26.745+0000] {dag.py:2941} INFO - Sync 1 DAGs
[2026-02-01T01:43:26.836+0000] {logging_mixin.py:151} INFO - [2026-02-01T01:43:26.835+0000] {dag.py:3722} INFO - Setting next_dagrun for example_branch_python_operator_decorator to 2026-01-31T00:00:00+00:00, run_after=2026-02-01T00:00:00+00:00
[2026-02-01T01:43:27.073+0000] {processor.py:179} INFO - Processing /home/airflow/.local/lib/python3.8/site-packages/airflow/example_dags/example_branch_operator_decorator.py took 0.444 seconds
[2026-02-01T01:43:57.904+0000] {processor.py:157} INFO - Started process (PID=454) to work on /home/airflow/.local/lib/python3.8/site-packages/airflow/example_dags/example_branch_operator_decorator.py
[2026-02-01T01:43:57.907+0000] {processor.py:829} INFO - Processing file /home/airflow/.local/lib/python3.8/site-packages/airflow/example_dags/example_branch_operator_decorator.py for tasks to queue
[2026-02-01T01:43:57.911+0000] {logging_mixin.py:151} INFO - [2026-02-01T01:43:57.910+0000] {dagbag.py:536} INFO - Filling up the DagBag from /home/airflow/.local/lib/python3.8/site-packages/airflow/example_dags/example_branch_operator_decorator.py
[2026-02-01T01:43:57.933+0000] {processor.py:839} INFO - DAG(s) dict_keys(['example_branch_python_operator_decorator']) retrieved from /home/airflow/.local/lib/python3.8/site-packages/airflow/example_dags/example_branch_operator_decorator.py
[2026-02-01T01:43:57.972+0000] {logging_mixin.py:151} INFO - [2026-02-01T01:43:57.971+0000] {dag.py:2941} INFO - Sync 1 DAGs
[2026-02-01T01:43:58.019+0000] {logging_mixin.py:151} INFO - [2026-02-01T01:43:58.019+0000] {dag.py:3722} INFO - Setting next_dagrun for example_branch_python_operator_decorator to 2026-01-31T00:00:00+00:00, run_after=2026-02-01T00:00:00+00:00
[2026-02-01T01:43:58.073+0000] {processor.py:179} INFO - Processing /home/airflow/.local/lib/python3.8/site-packages/airflow/example_dags/example_branch_operator_decorator.py took 0.178 seconds
[2026-02-01T01:44:28.706+0000] {processor.py:157} INFO - Started process (PID=509) to work on /home/airflow/.local/lib/python3.8/site-packages/airflow/example_dags/example_branch_operator_decorator.py
[2026-02-01T01:44:28.709+0000] {processor.py:829} INFO - Processing file /home/airflow/.local/lib/python3.8/site-packages/airflow/example_dags/example_branch_operator_decorator.py for tasks to queue
[2026-02-01T01:44:28.715+0000] {logging_mixin.py:151} INFO - [2026-02-01T01:44:28.715+0000] {dagbag.py:536} INFO - Filling up the DagBag from /home/airflow/.local/lib/python3.8/site-packages/airflow/example_dags/example_branch_operator_decorator.py
[2026-02-01T01:44:28.739+0000] {processor.py:839} INFO - DAG(s) dict_keys(['example_branch_python_operator_decorator']) retrieved from /home/airflow/.local/lib/python3.8/site-packages/airflow/example_dags/example_branch_operator_decorator.py
[2026-02-01T01:44:28.778+0000] {logging_mixin.py:151} INFO - [2026-02-01T01:44:28.777+0000] {dag.py:2941} INFO - Sync 1 DAGs
[2026-02-01T01:44:28.835+0000] {logging_mixin.py:151} INFO - [2026-02-01T01:44:28.835+0000] {dag.py:3722} INFO - Setting next_dagrun for example_branch_python_operator_decorator to 2026-01-31T00:00:00+00:00, run_after=2026-02-01T00:00:00+00:00
[2026-02-01T01:44:28.871+0000] {processor.py:179} INFO - Processing /home/airflow/.local/lib/python3.8/site-packages/airflow/example_dags/example_branch_operator_decorator.py took 0.180 seconds
[2026-02-01T02:11:15.132+0000] {processor.py:157} INFO - Started process (PID=134) to work on /home/airflow/.local/lib/python3.8/site-packages/airflow/example_dags/example_branch_operator_decorator.py
[2026-02-01T02:11:15.137+0000] {processor.py:829} INFO - Processing file /home/airflow/.local/lib/python3.8/site-packages/airflow/example_dags/example_branch_operator_decorator.py for tasks to queue
[2026-02-01T02:11:15.147+0000] {logging_mixin.py:151} INFO - [2026-02-01T02:11:15.145+0000] {dagbag.py:536} INFO - Filling up the DagBag from /home/airflow/.local/lib/python3.8/site-packages/airflow/example_dags/example_branch_operator_decorator.py
[2026-02-01T02:11:15.205+0000] {processor.py:839} INFO - DAG(s) dict_keys(['example_branch_python_operator_decorator']) retrieved from /home/airflow/.local/lib/python3.8/site-packages/airflow/example_dags/example_branch_operator_decorator.py
[2026-02-01T02:11:15.303+0000] {logging_mixin.py:151} INFO - [2026-02-01T02:11:15.303+0000] {dag.py:2941} INFO - Sync 1 DAGs
[2026-02-01T02:11:15.431+0000] {logging_mixin.py:151} INFO - [2026-02-01T02:11:15.430+0000] {dag.py:3722} INFO - Setting next_dagrun for example_branch_python_operator_decorator to 2026-01-31T00:00:00+00:00, run_after=2026-02-01T00:00:00+00:00
[2026-02-01T02:11:15.550+0000] {processor.py:179} INFO - Processing /home/airflow/.local/lib/python3.8/site-packages/airflow/example_dags/example_branch_operator_decorator.py took 0.428 seconds
[2026-02-01T02:11:46.876+0000] {processor.py:157} INFO - Started process (PID=189) to work on /home/airflow/.local/lib/python3.8/site-packages/airflow/example_dags/example_branch_operator_decorator.py
[2026-02-01T02:11:46.887+0000] {processor.py:829} INFO - Processing file /home/airflow/.local/lib/python3.8/site-packages/airflow/example_dags/example_branch_operator_decorator.py for tasks to queue
[2026-02-01T02:11:46.896+0000] {logging_mixin.py:151} INFO - [2026-02-01T02:11:46.895+0000] {dagbag.py:536} INFO - Filling up the DagBag from /home/airflow/.local/lib/python3.8/site-packages/airflow/example_dags/example_branch_operator_decorator.py
[2026-02-01T02:11:46.985+0000] {processor.py:839} INFO - DAG(s) dict_keys(['example_branch_python_operator_decorator']) retrieved from /home/airflow/.local/lib/python3.8/site-packages/airflow/example_dags/example_branch_operator_decorator.py
[2026-02-01T02:11:47.112+0000] {logging_mixin.py:151} INFO - [2026-02-01T02:11:47.111+0000] {dag.py:2941} INFO - Sync 1 DAGs
[2026-02-01T02:11:47.245+0000] {logging_mixin.py:151} INFO - [2026-02-01T02:11:47.244+0000] {dag.py:3722} INFO - Setting next_dagrun for example_branch_python_operator_decorator to 2026-01-31T00:00:00+00:00, run_after=2026-02-01T00:00:00+00:00
[2026-02-01T02:11:47.365+0000] {processor.py:179} INFO - Processing /home/airflow/.local/lib/python3.8/site-packages/airflow/example_dags/example_branch_operator_decorator.py took 0.518 seconds
[2026-02-01T02:12:17.615+0000] {processor.py:157} INFO - Started process (PID=244) to work on /home/airflow/.local/lib/python3.8/site-packages/airflow/example_dags/example_branch_operator_decorator.py
[2026-02-01T02:12:17.617+0000] {processor.py:829} INFO - Processing file /home/airflow/.local/lib/python3.8/site-packages/airflow/example_dags/example_branch_operator_decorator.py for tasks to queue
[2026-02-01T02:12:17.623+0000] {logging_mixin.py:151} INFO - [2026-02-01T02:12:17.622+0000] {dagbag.py:536} INFO - Filling up the DagBag from /home/airflow/.local/lib/python3.8/site-packages/airflow/example_dags/example_branch_operator_decorator.py
[2026-02-01T02:12:17.664+0000] {processor.py:839} INFO - DAG(s) dict_keys(['example_branch_python_operator_decorator']) retrieved from /home/airflow/.local/lib/python3.8/site-packages/airflow/example_dags/example_branch_operator_decorator.py
[2026-02-01T02:12:17.744+0000] {logging_mixin.py:151} INFO - [2026-02-01T02:12:17.743+0000] {dag.py:2941} INFO - Sync 1 DAGs
[2026-02-01T02:12:17.868+0000] {logging_mixin.py:151} INFO - [2026-02-01T02:12:17.868+0000] {dag.py:3722} INFO - Setting next_dagrun for example_branch_python_operator_decorator to 2026-01-31T00:00:00+00:00, run_after=2026-02-01T00:00:00+00:00
[2026-02-01T02:12:18.000+0000] {processor.py:179} INFO - Processing /home/airflow/.local/lib/python3.8/site-packages/airflow/example_dags/example_branch_operator_decorator.py took 0.395 seconds
[2026-02-01T02:12:48.387+0000] {processor.py:157} INFO - Started process (PID=299) to work on /home/airflow/.local/lib/python3.8/site-packages/airflow/example_dags/example_branch_operator_decorator.py
[2026-02-01T02:12:48.389+0000] {processor.py:829} INFO - Processing file /home/airflow/.local/lib/python3.8/site-packages/airflow/example_dags/example_branch_operator_decorator.py for tasks to queue
[2026-02-01T02:12:48.392+0000] {logging_mixin.py:151} INFO - [2026-02-01T02:12:48.392+0000] {dagbag.py:536} INFO - Filling up the DagBag from /home/airflow/.local/lib/python3.8/site-packages/airflow/example_dags/example_branch_operator_decorator.py
[2026-02-01T02:12:48.414+0000] {processor.py:839} INFO - DAG(s) dict_keys(['example_branch_python_operator_decorator']) retrieved from /home/airflow/.local/lib/python3.8/site-packages/airflow/example_dags/example_branch_operator_decorator.py
[2026-02-01T02:12:48.465+0000] {logging_mixin.py:151} INFO - [2026-02-01T02:12:48.464+0000] {dag.py:2941} INFO - Sync 1 DAGs
[2026-02-01T02:12:48.511+0000] {logging_mixin.py:151} INFO - [2026-02-01T02:12:48.511+0000] {dag.py:3722} INFO - Setting next_dagrun for example_branch_python_operator_decorator to 2026-01-31T00:00:00+00:00, run_after=2026-02-01T00:00:00+00:00
[2026-02-01T02:12:48.561+0000] {processor.py:179} INFO - Processing /home/airflow/.local/lib/python3.8/site-packages/airflow/example_dags/example_branch_operator_decorator.py took 0.181 seconds
[2026-02-01T02:13:18.772+0000] {processor.py:157} INFO - Started process (PID=354) to work on /home/airflow/.local/lib/python3.8/site-packages/airflow/example_dags/example_branch_operator_decorator.py
[2026-02-01T02:13:18.778+0000] {processor.py:829} INFO - Processing file /home/airflow/.local/lib/python3.8/site-packages/airflow/example_dags/example_branch_operator_decorator.py for tasks to queue
[2026-02-01T02:13:18.783+0000] {logging_mixin.py:151} INFO - [2026-02-01T02:13:18.783+0000] {dagbag.py:536} INFO - Filling up the DagBag from /home/airflow/.local/lib/python3.8/site-packages/airflow/example_dags/example_branch_operator_decorator.py
[2026-02-01T02:13:18.803+0000] {processor.py:839} INFO - DAG(s) dict_keys(['example_branch_python_operator_decorator']) retrieved from /home/airflow/.local/lib/python3.8/site-packages/airflow/example_dags/example_branch_operator_decorator.py
[2026-02-01T02:13:18.851+0000] {logging_mixin.py:151} INFO - [2026-02-01T02:13:18.850+0000] {dag.py:2941} INFO - Sync 1 DAGs
[2026-02-01T02:13:18.936+0000] {logging_mixin.py:151} INFO - [2026-02-01T02:13:18.936+0000] {dag.py:3722} INFO - Setting next_dagrun for example_branch_python_operator_decorator to 2026-01-31T00:00:00+00:00, run_after=2026-02-01T00:00:00+00:00
[2026-02-01T02:13:19.018+0000] {processor.py:179} INFO - Processing /home/airflow/.local/lib/python3.8/site-packages/airflow/example_dags/example_branch_operator_decorator.py took 0.258 seconds
[2026-02-01T02:13:52.359+0000] {processor.py:157} INFO - Started process (PID=409) to work on /home/airflow/.local/lib/python3.8/site-packages/airflow/example_dags/example_branch_operator_decorator.py
[2026-02-01T02:13:52.375+0000] {processor.py:829} INFO - Processing file /home/airflow/.local/lib/python3.8/site-packages/airflow/example_dags/example_branch_operator_decorator.py for tasks to queue
[2026-02-01T02:13:52.391+0000] {logging_mixin.py:151} INFO - [2026-02-01T02:13:52.391+0000] {dagbag.py:536} INFO - Filling up the DagBag from /home/airflow/.local/lib/python3.8/site-packages/airflow/example_dags/example_branch_operator_decorator.py
[2026-02-01T02:13:52.479+0000] {processor.py:839} INFO - DAG(s) dict_keys(['example_branch_python_operator_decorator']) retrieved from /home/airflow/.local/lib/python3.8/site-packages/airflow/example_dags/example_branch_operator_decorator.py
[2026-02-01T02:13:52.691+0000] {logging_mixin.py:151} INFO - [2026-02-01T02:13:52.691+0000] {dag.py:2941} INFO - Sync 1 DAGs
[2026-02-01T02:13:52.799+0000] {logging_mixin.py:151} INFO - [2026-02-01T02:13:52.790+0000] {dag.py:3722} INFO - Setting next_dagrun for example_branch_python_operator_decorator to 2026-01-31T00:00:00+00:00, run_after=2026-02-01T00:00:00+00:00
[2026-02-01T02:13:52.893+0000] {processor.py:179} INFO - Processing /home/airflow/.local/lib/python3.8/site-packages/airflow/example_dags/example_branch_operator_decorator.py took 0.563 seconds
[2026-02-01T02:14:23.005+0000] {processor.py:157} INFO - Started process (PID=465) to work on /home/airflow/.local/lib/python3.8/site-packages/airflow/example_dags/example_branch_operator_decorator.py
[2026-02-01T02:14:23.007+0000] {processor.py:829} INFO - Processing file /home/airflow/.local/lib/python3.8/site-packages/airflow/example_dags/example_branch_operator_decorator.py for tasks to queue
[2026-02-01T02:14:23.011+0000] {logging_mixin.py:151} INFO - [2026-02-01T02:14:23.011+0000] {dagbag.py:536} INFO - Filling up the DagBag from /home/airflow/.local/lib/python3.8/site-packages/airflow/example_dags/example_branch_operator_decorator.py
[2026-02-01T02:14:23.040+0000] {processor.py:839} INFO - DAG(s) dict_keys(['example_branch_python_operator_decorator']) retrieved from /home/airflow/.local/lib/python3.8/site-packages/airflow/example_dags/example_branch_operator_decorator.py
[2026-02-01T02:14:23.101+0000] {logging_mixin.py:151} INFO - [2026-02-01T02:14:23.101+0000] {dag.py:2941} INFO - Sync 1 DAGs
[2026-02-01T02:14:23.157+0000] {logging_mixin.py:151} INFO - [2026-02-01T02:14:23.157+0000] {dag.py:3722} INFO - Setting next_dagrun for example_branch_python_operator_decorator to 2026-01-31T00:00:00+00:00, run_after=2026-02-01T00:00:00+00:00
[2026-02-01T02:14:23.191+0000] {processor.py:179} INFO - Processing /home/airflow/.local/lib/python3.8/site-packages/airflow/example_dags/example_branch_operator_decorator.py took 0.195 seconds
[2026-02-01T02:14:53.950+0000] {processor.py:157} INFO - Started process (PID=518) to work on /home/airflow/.local/lib/python3.8/site-packages/airflow/example_dags/example_branch_operator_decorator.py
[2026-02-01T02:14:53.953+0000] {processor.py:829} INFO - Processing file /home/airflow/.local/lib/python3.8/site-packages/airflow/example_dags/example_branch_operator_decorator.py for tasks to queue
[2026-02-01T02:14:53.958+0000] {logging_mixin.py:151} INFO - [2026-02-01T02:14:53.957+0000] {dagbag.py:536} INFO - Filling up the DagBag from /home/airflow/.local/lib/python3.8/site-packages/airflow/example_dags/example_branch_operator_decorator.py
[2026-02-01T02:14:53.983+0000] {processor.py:839} INFO - DAG(s) dict_keys(['example_branch_python_operator_decorator']) retrieved from /home/airflow/.local/lib/python3.8/site-packages/airflow/example_dags/example_branch_operator_decorator.py
[2026-02-01T02:14:54.032+0000] {logging_mixin.py:151} INFO - [2026-02-01T02:14:54.031+0000] {dag.py:2941} INFO - Sync 1 DAGs
[2026-02-01T02:14:54.080+0000] {logging_mixin.py:151} INFO - [2026-02-01T02:14:54.080+0000] {dag.py:3722} INFO - Setting next_dagrun for example_branch_python_operator_decorator to 2026-01-31T00:00:00+00:00, run_after=2026-02-01T00:00:00+00:00
[2026-02-01T02:14:54.122+0000] {processor.py:179} INFO - Processing /home/airflow/.local/lib/python3.8/site-packages/airflow/example_dags/example_branch_operator_decorator.py took 0.180 seconds
[2026-02-01T02:15:24.626+0000] {processor.py:157} INFO - Started process (PID=573) to work on /home/airflow/.local/lib/python3.8/site-packages/airflow/example_dags/example_branch_operator_decorator.py
[2026-02-01T02:15:24.629+0000] {processor.py:829} INFO - Processing file /home/airflow/.local/lib/python3.8/site-packages/airflow/example_dags/example_branch_operator_decorator.py for tasks to queue
[2026-02-01T02:15:24.636+0000] {logging_mixin.py:151} INFO - [2026-02-01T02:15:24.635+0000] {dagbag.py:536} INFO - Filling up the DagBag from /home/airflow/.local/lib/python3.8/site-packages/airflow/example_dags/example_branch_operator_decorator.py
[2026-02-01T02:15:24.660+0000] {processor.py:839} INFO - DAG(s) dict_keys(['example_branch_python_operator_decorator']) retrieved from /home/airflow/.local/lib/python3.8/site-packages/airflow/example_dags/example_branch_operator_decorator.py
[2026-02-01T02:15:24.713+0000] {logging_mixin.py:151} INFO - [2026-02-01T02:15:24.713+0000] {dag.py:2941} INFO - Sync 1 DAGs
[2026-02-01T02:15:24.776+0000] {logging_mixin.py:151} INFO - [2026-02-01T02:15:24.775+0000] {dag.py:3722} INFO - Setting next_dagrun for example_branch_python_operator_decorator to 2026-01-31T00:00:00+00:00, run_after=2026-02-01T00:00:00+00:00
[2026-02-01T02:15:24.819+0000] {processor.py:179} INFO - Processing /home/airflow/.local/lib/python3.8/site-packages/airflow/example_dags/example_branch_operator_decorator.py took 0.202 seconds
[2026-02-01T02:15:55.634+0000] {processor.py:157} INFO - Started process (PID=628) to work on /home/airflow/.local/lib/python3.8/site-packages/airflow/example_dags/example_branch_operator_decorator.py
[2026-02-01T02:15:55.637+0000] {processor.py:829} INFO - Processing file /home/airflow/.local/lib/python3.8/site-packages/airflow/example_dags/example_branch_operator_decorator.py for tasks to queue
[2026-02-01T02:15:55.642+0000] {logging_mixin.py:151} INFO - [2026-02-01T02:15:55.642+0000] {dagbag.py:536} INFO - Filling up the DagBag from /home/airflow/.local/lib/python3.8/site-packages/airflow/example_dags/example_branch_operator_decorator.py
[2026-02-01T02:15:55.660+0000] {processor.py:839} INFO - DAG(s) dict_keys(['example_branch_python_operator_decorator']) retrieved from /home/airflow/.local/lib/python3.8/site-packages/airflow/example_dags/example_branch_operator_decorator.py
[2026-02-01T02:15:55.703+0000] {logging_mixin.py:151} INFO - [2026-02-01T02:15:55.703+0000] {dag.py:2941} INFO - Sync 1 DAGs
[2026-02-01T02:15:55.751+0000] {logging_mixin.py:151} INFO - [2026-02-01T02:15:55.750+0000] {dag.py:3722} INFO - Setting next_dagrun for example_branch_python_operator_decorator to 2026-01-31T00:00:00+00:00, run_after=2026-02-01T00:00:00+00:00
[2026-02-01T02:15:55.790+0000] {processor.py:179} INFO - Processing /home/airflow/.local/lib/python3.8/site-packages/airflow/example_dags/example_branch_operator_decorator.py took 0.163 seconds
[2026-02-01T02:16:26.164+0000] {processor.py:157} INFO - Started process (PID=683) to work on /home/airflow/.local/lib/python3.8/site-packages/airflow/example_dags/example_branch_operator_decorator.py
[2026-02-01T02:16:26.166+0000] {processor.py:829} INFO - Processing file /home/airflow/.local/lib/python3.8/site-packages/airflow/example_dags/example_branch_operator_decorator.py for tasks to queue
[2026-02-01T02:16:26.178+0000] {logging_mixin.py:151} INFO - [2026-02-01T02:16:26.177+0000] {dagbag.py:536} INFO - Filling up the DagBag from /home/airflow/.local/lib/python3.8/site-packages/airflow/example_dags/example_branch_operator_decorator.py
[2026-02-01T02:16:26.215+0000] {processor.py:839} INFO - DAG(s) dict_keys(['example_branch_python_operator_decorator']) retrieved from /home/airflow/.local/lib/python3.8/site-packages/airflow/example_dags/example_branch_operator_decorator.py
[2026-02-01T02:16:26.277+0000] {logging_mixin.py:151} INFO - [2026-02-01T02:16:26.277+0000] {dag.py:2941} INFO - Sync 1 DAGs
[2026-02-01T02:16:26.345+0000] {logging_mixin.py:151} INFO - [2026-02-01T02:16:26.345+0000] {dag.py:3722} INFO - Setting next_dagrun for example_branch_python_operator_decorator to 2026-01-31T00:00:00+00:00, run_after=2026-02-01T00:00:00+00:00
[2026-02-01T02:16:26.388+0000] {processor.py:179} INFO - Processing /home/airflow/.local/lib/python3.8/site-packages/airflow/example_dags/example_branch_operator_decorator.py took 0.240 seconds
