[2026-02-01T01:37:04.086+0000] {processor.py:157} INFO - Started process (PID=82) to work on /home/airflow/.local/lib/python3.8/site-packages/airflow/example_dags/example_setup_teardown_taskflow.py
[2026-02-01T01:37:04.129+0000] {processor.py:829} INFO - Processing file /home/airflow/.local/lib/python3.8/site-packages/airflow/example_dags/example_setup_teardown_taskflow.py for tasks to queue
[2026-02-01T01:37:04.152+0000] {logging_mixin.py:151} INFO - [2026-02-01T01:37:04.152+0000] {dagbag.py:536} INFO - Filling up the DagBag from /home/airflow/.local/lib/python3.8/site-packages/airflow/example_dags/example_setup_teardown_taskflow.py
[2026-02-01T01:37:04.233+0000] {processor.py:839} INFO - DAG(s) dict_keys(['example_setup_teardown_taskflow']) retrieved from /home/airflow/.local/lib/python3.8/site-packages/airflow/example_dags/example_setup_teardown_taskflow.py
[2026-02-01T01:37:05.028+0000] {logging_mixin.py:151} INFO - [2026-02-01T01:37:05.027+0000] {manager.py:499} INFO - Created Permission View: %s
[2026-02-01T01:37:05.070+0000] {logging_mixin.py:151} INFO - [2026-02-01T01:37:05.068+0000] {manager.py:499} INFO - Created Permission View: %s
[2026-02-01T01:37:05.091+0000] {logging_mixin.py:151} INFO - [2026-02-01T01:37:05.091+0000] {manager.py:499} INFO - Created Permission View: %s
[2026-02-01T01:37:05.092+0000] {logging_mixin.py:151} INFO - [2026-02-01T01:37:05.091+0000] {dag.py:2941} INFO - Sync 1 DAGs
[2026-02-01T01:37:05.150+0000] {logging_mixin.py:151} INFO - [2026-02-01T01:37:05.149+0000] {dag.py:2963} INFO - Creating ORM DAG for example_setup_teardown_taskflow
[2026-02-01T01:37:05.200+0000] {logging_mixin.py:151} INFO - [2026-02-01T01:37:05.200+0000] {dag.py:3722} INFO - Setting next_dagrun for example_setup_teardown_taskflow to 2026-01-31T01:37:05.199956+00:00, run_after=2026-02-01T01:37:05.199956+00:00
[2026-02-01T01:37:05.265+0000] {processor.py:179} INFO - Processing /home/airflow/.local/lib/python3.8/site-packages/airflow/example_dags/example_setup_teardown_taskflow.py took 1.261 seconds
[2026-02-01T01:40:34.049+0000] {processor.py:157} INFO - Started process (PID=75) to work on /home/airflow/.local/lib/python3.8/site-packages/airflow/example_dags/example_setup_teardown_taskflow.py
[2026-02-01T01:40:34.059+0000] {processor.py:829} INFO - Processing file /home/airflow/.local/lib/python3.8/site-packages/airflow/example_dags/example_setup_teardown_taskflow.py for tasks to queue
[2026-02-01T01:40:34.075+0000] {logging_mixin.py:151} INFO - [2026-02-01T01:40:34.074+0000] {dagbag.py:536} INFO - Filling up the DagBag from /home/airflow/.local/lib/python3.8/site-packages/airflow/example_dags/example_setup_teardown_taskflow.py
[2026-02-01T01:40:34.132+0000] {processor.py:839} INFO - DAG(s) dict_keys(['example_setup_teardown_taskflow']) retrieved from /home/airflow/.local/lib/python3.8/site-packages/airflow/example_dags/example_setup_teardown_taskflow.py
[2026-02-01T01:40:34.252+0000] {logging_mixin.py:151} INFO - [2026-02-01T01:40:34.252+0000] {dag.py:2941} INFO - Sync 1 DAGs
[2026-02-01T01:40:34.334+0000] {logging_mixin.py:151} INFO - [2026-02-01T01:40:34.334+0000] {dag.py:3722} INFO - Setting next_dagrun for example_setup_teardown_taskflow to 2026-01-31T01:40:34.333890+00:00, run_after=2026-02-01T01:40:34.333890+00:00
[2026-02-01T01:40:34.393+0000] {processor.py:179} INFO - Processing /home/airflow/.local/lib/python3.8/site-packages/airflow/example_dags/example_setup_teardown_taskflow.py took 0.355 seconds
[2026-02-01T01:41:04.913+0000] {processor.py:157} INFO - Started process (PID=131) to work on /home/airflow/.local/lib/python3.8/site-packages/airflow/example_dags/example_setup_teardown_taskflow.py
[2026-02-01T01:41:04.917+0000] {processor.py:829} INFO - Processing file /home/airflow/.local/lib/python3.8/site-packages/airflow/example_dags/example_setup_teardown_taskflow.py for tasks to queue
[2026-02-01T01:41:04.923+0000] {logging_mixin.py:151} INFO - [2026-02-01T01:41:04.922+0000] {dagbag.py:536} INFO - Filling up the DagBag from /home/airflow/.local/lib/python3.8/site-packages/airflow/example_dags/example_setup_teardown_taskflow.py
[2026-02-01T01:41:04.951+0000] {processor.py:839} INFO - DAG(s) dict_keys(['example_setup_teardown_taskflow']) retrieved from /home/airflow/.local/lib/python3.8/site-packages/airflow/example_dags/example_setup_teardown_taskflow.py
[2026-02-01T01:41:05.017+0000] {logging_mixin.py:151} INFO - [2026-02-01T01:41:05.016+0000] {dag.py:2941} INFO - Sync 1 DAGs
[2026-02-01T01:41:05.072+0000] {logging_mixin.py:151} INFO - [2026-02-01T01:41:05.071+0000] {dag.py:3722} INFO - Setting next_dagrun for example_setup_teardown_taskflow to 2026-01-31T01:41:05.071227+00:00, run_after=2026-02-01T01:41:05.071227+00:00
[2026-02-01T01:41:05.116+0000] {processor.py:179} INFO - Processing /home/airflow/.local/lib/python3.8/site-packages/airflow/example_dags/example_setup_teardown_taskflow.py took 0.209 seconds
[2026-02-01T01:41:41.942+0000] {processor.py:157} INFO - Started process (PID=186) to work on /home/airflow/.local/lib/python3.8/site-packages/airflow/example_dags/example_setup_teardown_taskflow.py
[2026-02-01T01:41:41.971+0000] {processor.py:829} INFO - Processing file /home/airflow/.local/lib/python3.8/site-packages/airflow/example_dags/example_setup_teardown_taskflow.py for tasks to queue
[2026-02-01T01:41:41.977+0000] {logging_mixin.py:151} INFO - [2026-02-01T01:41:41.976+0000] {dagbag.py:536} INFO - Filling up the DagBag from /home/airflow/.local/lib/python3.8/site-packages/airflow/example_dags/example_setup_teardown_taskflow.py
[2026-02-01T01:41:42.041+0000] {processor.py:839} INFO - DAG(s) dict_keys(['example_setup_teardown_taskflow']) retrieved from /home/airflow/.local/lib/python3.8/site-packages/airflow/example_dags/example_setup_teardown_taskflow.py
[2026-02-01T01:41:42.250+0000] {logging_mixin.py:151} INFO - [2026-02-01T01:41:42.249+0000] {dag.py:2941} INFO - Sync 1 DAGs
[2026-02-01T01:41:42.377+0000] {logging_mixin.py:151} INFO - [2026-02-01T01:41:42.377+0000] {dag.py:3722} INFO - Setting next_dagrun for example_setup_teardown_taskflow to 2026-01-31T01:41:42.376656+00:00, run_after=2026-02-01T01:41:42.376656+00:00
[2026-02-01T01:41:42.548+0000] {processor.py:179} INFO - Processing /home/airflow/.local/lib/python3.8/site-packages/airflow/example_dags/example_setup_teardown_taskflow.py took 0.646 seconds
[2026-02-01T01:42:12.988+0000] {processor.py:157} INFO - Started process (PID=242) to work on /home/airflow/.local/lib/python3.8/site-packages/airflow/example_dags/example_setup_teardown_taskflow.py
[2026-02-01T01:42:12.998+0000] {processor.py:829} INFO - Processing file /home/airflow/.local/lib/python3.8/site-packages/airflow/example_dags/example_setup_teardown_taskflow.py for tasks to queue
[2026-02-01T01:42:13.004+0000] {logging_mixin.py:151} INFO - [2026-02-01T01:42:13.003+0000] {dagbag.py:536} INFO - Filling up the DagBag from /home/airflow/.local/lib/python3.8/site-packages/airflow/example_dags/example_setup_teardown_taskflow.py
[2026-02-01T01:42:13.069+0000] {processor.py:839} INFO - DAG(s) dict_keys(['example_setup_teardown_taskflow']) retrieved from /home/airflow/.local/lib/python3.8/site-packages/airflow/example_dags/example_setup_teardown_taskflow.py
[2026-02-01T01:42:13.149+0000] {logging_mixin.py:151} INFO - [2026-02-01T01:42:13.149+0000] {dag.py:2941} INFO - Sync 1 DAGs
[2026-02-01T01:42:13.248+0000] {logging_mixin.py:151} INFO - [2026-02-01T01:42:13.247+0000] {dag.py:3722} INFO - Setting next_dagrun for example_setup_teardown_taskflow to 2026-01-31T01:42:13.247221+00:00, run_after=2026-02-01T01:42:13.247221+00:00
[2026-02-01T01:42:13.364+0000] {processor.py:179} INFO - Processing /home/airflow/.local/lib/python3.8/site-packages/airflow/example_dags/example_setup_teardown_taskflow.py took 0.393 seconds
[2026-02-01T01:42:43.723+0000] {processor.py:157} INFO - Started process (PID=297) to work on /home/airflow/.local/lib/python3.8/site-packages/airflow/example_dags/example_setup_teardown_taskflow.py
[2026-02-01T01:42:43.729+0000] {processor.py:829} INFO - Processing file /home/airflow/.local/lib/python3.8/site-packages/airflow/example_dags/example_setup_teardown_taskflow.py for tasks to queue
[2026-02-01T01:42:43.740+0000] {logging_mixin.py:151} INFO - [2026-02-01T01:42:43.739+0000] {dagbag.py:536} INFO - Filling up the DagBag from /home/airflow/.local/lib/python3.8/site-packages/airflow/example_dags/example_setup_teardown_taskflow.py
[2026-02-01T01:42:43.788+0000] {processor.py:839} INFO - DAG(s) dict_keys(['example_setup_teardown_taskflow']) retrieved from /home/airflow/.local/lib/python3.8/site-packages/airflow/example_dags/example_setup_teardown_taskflow.py
[2026-02-01T01:42:44.117+0000] {logging_mixin.py:151} INFO - [2026-02-01T01:42:44.116+0000] {dag.py:2941} INFO - Sync 1 DAGs
[2026-02-01T01:42:44.345+0000] {logging_mixin.py:151} INFO - [2026-02-01T01:42:44.345+0000] {dag.py:3722} INFO - Setting next_dagrun for example_setup_teardown_taskflow to 2026-01-31T01:42:44.344608+00:00, run_after=2026-02-01T01:42:44.344608+00:00
[2026-02-01T01:42:44.443+0000] {processor.py:179} INFO - Processing /home/airflow/.local/lib/python3.8/site-packages/airflow/example_dags/example_setup_teardown_taskflow.py took 0.732 seconds
[2026-02-01T01:43:15.226+0000] {processor.py:157} INFO - Started process (PID=351) to work on /home/airflow/.local/lib/python3.8/site-packages/airflow/example_dags/example_setup_teardown_taskflow.py
[2026-02-01T01:43:15.231+0000] {processor.py:829} INFO - Processing file /home/airflow/.local/lib/python3.8/site-packages/airflow/example_dags/example_setup_teardown_taskflow.py for tasks to queue
[2026-02-01T01:43:15.238+0000] {logging_mixin.py:151} INFO - [2026-02-01T01:43:15.237+0000] {dagbag.py:536} INFO - Filling up the DagBag from /home/airflow/.local/lib/python3.8/site-packages/airflow/example_dags/example_setup_teardown_taskflow.py
[2026-02-01T01:43:15.263+0000] {processor.py:839} INFO - DAG(s) dict_keys(['example_setup_teardown_taskflow']) retrieved from /home/airflow/.local/lib/python3.8/site-packages/airflow/example_dags/example_setup_teardown_taskflow.py
[2026-02-01T01:43:15.321+0000] {logging_mixin.py:151} INFO - [2026-02-01T01:43:15.321+0000] {dag.py:2941} INFO - Sync 1 DAGs
[2026-02-01T01:43:15.373+0000] {logging_mixin.py:151} INFO - [2026-02-01T01:43:15.373+0000] {dag.py:3722} INFO - Setting next_dagrun for example_setup_teardown_taskflow to 2026-01-31T01:43:15.372874+00:00, run_after=2026-02-01T01:43:15.372874+00:00
[2026-02-01T01:43:15.414+0000] {processor.py:179} INFO - Processing /home/airflow/.local/lib/python3.8/site-packages/airflow/example_dags/example_setup_teardown_taskflow.py took 0.197 seconds
[2026-02-01T01:43:45.726+0000] {processor.py:157} INFO - Started process (PID=406) to work on /home/airflow/.local/lib/python3.8/site-packages/airflow/example_dags/example_setup_teardown_taskflow.py
[2026-02-01T01:43:45.728+0000] {processor.py:829} INFO - Processing file /home/airflow/.local/lib/python3.8/site-packages/airflow/example_dags/example_setup_teardown_taskflow.py for tasks to queue
[2026-02-01T01:43:45.743+0000] {logging_mixin.py:151} INFO - [2026-02-01T01:43:45.743+0000] {dagbag.py:536} INFO - Filling up the DagBag from /home/airflow/.local/lib/python3.8/site-packages/airflow/example_dags/example_setup_teardown_taskflow.py
[2026-02-01T01:43:45.821+0000] {processor.py:839} INFO - DAG(s) dict_keys(['example_setup_teardown_taskflow']) retrieved from /home/airflow/.local/lib/python3.8/site-packages/airflow/example_dags/example_setup_teardown_taskflow.py
[2026-02-01T01:43:45.964+0000] {logging_mixin.py:151} INFO - [2026-02-01T01:43:45.964+0000] {dag.py:2941} INFO - Sync 1 DAGs
[2026-02-01T01:43:46.123+0000] {logging_mixin.py:151} INFO - [2026-02-01T01:43:46.122+0000] {dag.py:3722} INFO - Setting next_dagrun for example_setup_teardown_taskflow to 2026-01-31T01:43:46.122419+00:00, run_after=2026-02-01T01:43:46.122419+00:00
[2026-02-01T01:43:46.270+0000] {processor.py:179} INFO - Processing /home/airflow/.local/lib/python3.8/site-packages/airflow/example_dags/example_setup_teardown_taskflow.py took 0.573 seconds
[2026-02-01T01:44:16.396+0000] {processor.py:157} INFO - Started process (PID=461) to work on /home/airflow/.local/lib/python3.8/site-packages/airflow/example_dags/example_setup_teardown_taskflow.py
[2026-02-01T01:44:16.398+0000] {processor.py:829} INFO - Processing file /home/airflow/.local/lib/python3.8/site-packages/airflow/example_dags/example_setup_teardown_taskflow.py for tasks to queue
[2026-02-01T01:44:16.402+0000] {logging_mixin.py:151} INFO - [2026-02-01T01:44:16.402+0000] {dagbag.py:536} INFO - Filling up the DagBag from /home/airflow/.local/lib/python3.8/site-packages/airflow/example_dags/example_setup_teardown_taskflow.py
[2026-02-01T01:44:16.424+0000] {processor.py:839} INFO - DAG(s) dict_keys(['example_setup_teardown_taskflow']) retrieved from /home/airflow/.local/lib/python3.8/site-packages/airflow/example_dags/example_setup_teardown_taskflow.py
[2026-02-01T01:44:16.502+0000] {logging_mixin.py:151} INFO - [2026-02-01T01:44:16.502+0000] {dag.py:2941} INFO - Sync 1 DAGs
[2026-02-01T01:44:16.574+0000] {logging_mixin.py:151} INFO - [2026-02-01T01:44:16.573+0000] {dag.py:3722} INFO - Setting next_dagrun for example_setup_teardown_taskflow to 2026-01-31T01:44:16.573299+00:00, run_after=2026-02-01T01:44:16.573299+00:00
[2026-02-01T01:44:16.626+0000] {processor.py:179} INFO - Processing /home/airflow/.local/lib/python3.8/site-packages/airflow/example_dags/example_setup_teardown_taskflow.py took 0.238 seconds
[2026-02-01T02:10:57.548+0000] {processor.py:157} INFO - Started process (PID=87) to work on /home/airflow/.local/lib/python3.8/site-packages/airflow/example_dags/example_setup_teardown_taskflow.py
[2026-02-01T02:10:57.552+0000] {processor.py:829} INFO - Processing file /home/airflow/.local/lib/python3.8/site-packages/airflow/example_dags/example_setup_teardown_taskflow.py for tasks to queue
[2026-02-01T02:10:57.561+0000] {logging_mixin.py:151} INFO - [2026-02-01T02:10:57.560+0000] {dagbag.py:536} INFO - Filling up the DagBag from /home/airflow/.local/lib/python3.8/site-packages/airflow/example_dags/example_setup_teardown_taskflow.py
[2026-02-01T02:10:57.616+0000] {processor.py:839} INFO - DAG(s) dict_keys(['example_setup_teardown_taskflow']) retrieved from /home/airflow/.local/lib/python3.8/site-packages/airflow/example_dags/example_setup_teardown_taskflow.py
[2026-02-01T02:10:57.703+0000] {logging_mixin.py:151} INFO - [2026-02-01T02:10:57.703+0000] {dag.py:2941} INFO - Sync 1 DAGs
[2026-02-01T02:10:57.799+0000] {logging_mixin.py:151} INFO - [2026-02-01T02:10:57.799+0000] {dag.py:3722} INFO - Setting next_dagrun for example_setup_teardown_taskflow to 2026-01-31T02:10:57.797747+00:00, run_after=2026-02-01T02:10:57.797747+00:00
[2026-02-01T02:10:57.874+0000] {processor.py:179} INFO - Processing /home/airflow/.local/lib/python3.8/site-packages/airflow/example_dags/example_setup_teardown_taskflow.py took 0.338 seconds
[2026-02-01T02:11:28.433+0000] {processor.py:157} INFO - Started process (PID=142) to work on /home/airflow/.local/lib/python3.8/site-packages/airflow/example_dags/example_setup_teardown_taskflow.py
[2026-02-01T02:11:28.437+0000] {processor.py:829} INFO - Processing file /home/airflow/.local/lib/python3.8/site-packages/airflow/example_dags/example_setup_teardown_taskflow.py for tasks to queue
[2026-02-01T02:11:28.447+0000] {logging_mixin.py:151} INFO - [2026-02-01T02:11:28.445+0000] {dagbag.py:536} INFO - Filling up the DagBag from /home/airflow/.local/lib/python3.8/site-packages/airflow/example_dags/example_setup_teardown_taskflow.py
[2026-02-01T02:11:28.480+0000] {processor.py:839} INFO - DAG(s) dict_keys(['example_setup_teardown_taskflow']) retrieved from /home/airflow/.local/lib/python3.8/site-packages/airflow/example_dags/example_setup_teardown_taskflow.py
[2026-02-01T02:11:28.547+0000] {logging_mixin.py:151} INFO - [2026-02-01T02:11:28.546+0000] {dag.py:2941} INFO - Sync 1 DAGs
[2026-02-01T02:11:28.694+0000] {logging_mixin.py:151} INFO - [2026-02-01T02:11:28.694+0000] {dag.py:3722} INFO - Setting next_dagrun for example_setup_teardown_taskflow to 2026-01-31T02:11:28.693836+00:00, run_after=2026-02-01T02:11:28.693836+00:00
[2026-02-01T02:11:28.809+0000] {processor.py:179} INFO - Processing /home/airflow/.local/lib/python3.8/site-packages/airflow/example_dags/example_setup_teardown_taskflow.py took 0.395 seconds
[2026-02-01T02:11:59.899+0000] {processor.py:157} INFO - Started process (PID=197) to work on /home/airflow/.local/lib/python3.8/site-packages/airflow/example_dags/example_setup_teardown_taskflow.py
[2026-02-01T02:11:59.908+0000] {processor.py:829} INFO - Processing file /home/airflow/.local/lib/python3.8/site-packages/airflow/example_dags/example_setup_teardown_taskflow.py for tasks to queue
[2026-02-01T02:11:59.920+0000] {logging_mixin.py:151} INFO - [2026-02-01T02:11:59.919+0000] {dagbag.py:536} INFO - Filling up the DagBag from /home/airflow/.local/lib/python3.8/site-packages/airflow/example_dags/example_setup_teardown_taskflow.py
[2026-02-01T02:12:00.036+0000] {processor.py:839} INFO - DAG(s) dict_keys(['example_setup_teardown_taskflow']) retrieved from /home/airflow/.local/lib/python3.8/site-packages/airflow/example_dags/example_setup_teardown_taskflow.py
[2026-02-01T02:12:00.306+0000] {logging_mixin.py:151} INFO - [2026-02-01T02:12:00.305+0000] {dag.py:2941} INFO - Sync 1 DAGs
[2026-02-01T02:12:00.450+0000] {logging_mixin.py:151} INFO - [2026-02-01T02:12:00.450+0000] {dag.py:3722} INFO - Setting next_dagrun for example_setup_teardown_taskflow to 2026-01-31T02:12:00.448889+00:00, run_after=2026-02-01T02:12:00.448889+00:00
[2026-02-01T02:12:00.533+0000] {processor.py:179} INFO - Processing /home/airflow/.local/lib/python3.8/site-packages/airflow/example_dags/example_setup_teardown_taskflow.py took 0.654 seconds
[2026-02-01T02:12:31.519+0000] {processor.py:157} INFO - Started process (PID=252) to work on /home/airflow/.local/lib/python3.8/site-packages/airflow/example_dags/example_setup_teardown_taskflow.py
[2026-02-01T02:12:31.523+0000] {processor.py:829} INFO - Processing file /home/airflow/.local/lib/python3.8/site-packages/airflow/example_dags/example_setup_teardown_taskflow.py for tasks to queue
[2026-02-01T02:12:31.527+0000] {logging_mixin.py:151} INFO - [2026-02-01T02:12:31.527+0000] {dagbag.py:536} INFO - Filling up the DagBag from /home/airflow/.local/lib/python3.8/site-packages/airflow/example_dags/example_setup_teardown_taskflow.py
[2026-02-01T02:12:31.559+0000] {processor.py:839} INFO - DAG(s) dict_keys(['example_setup_teardown_taskflow']) retrieved from /home/airflow/.local/lib/python3.8/site-packages/airflow/example_dags/example_setup_teardown_taskflow.py
[2026-02-01T02:12:31.615+0000] {logging_mixin.py:151} INFO - [2026-02-01T02:12:31.615+0000] {dag.py:2941} INFO - Sync 1 DAGs
[2026-02-01T02:12:31.676+0000] {logging_mixin.py:151} INFO - [2026-02-01T02:12:31.676+0000] {dag.py:3722} INFO - Setting next_dagrun for example_setup_teardown_taskflow to 2026-01-31T02:12:31.675981+00:00, run_after=2026-02-01T02:12:31.675981+00:00
[2026-02-01T02:12:31.740+0000] {processor.py:179} INFO - Processing /home/airflow/.local/lib/python3.8/site-packages/airflow/example_dags/example_setup_teardown_taskflow.py took 0.235 seconds
[2026-02-01T02:13:02.063+0000] {processor.py:157} INFO - Started process (PID=307) to work on /home/airflow/.local/lib/python3.8/site-packages/airflow/example_dags/example_setup_teardown_taskflow.py
[2026-02-01T02:13:02.065+0000] {processor.py:829} INFO - Processing file /home/airflow/.local/lib/python3.8/site-packages/airflow/example_dags/example_setup_teardown_taskflow.py for tasks to queue
[2026-02-01T02:13:02.071+0000] {logging_mixin.py:151} INFO - [2026-02-01T02:13:02.070+0000] {dagbag.py:536} INFO - Filling up the DagBag from /home/airflow/.local/lib/python3.8/site-packages/airflow/example_dags/example_setup_teardown_taskflow.py
[2026-02-01T02:13:02.112+0000] {processor.py:839} INFO - DAG(s) dict_keys(['example_setup_teardown_taskflow']) retrieved from /home/airflow/.local/lib/python3.8/site-packages/airflow/example_dags/example_setup_teardown_taskflow.py
[2026-02-01T02:13:02.184+0000] {logging_mixin.py:151} INFO - [2026-02-01T02:13:02.184+0000] {dag.py:2941} INFO - Sync 1 DAGs
[2026-02-01T02:13:02.251+0000] {logging_mixin.py:151} INFO - [2026-02-01T02:13:02.251+0000] {dag.py:3722} INFO - Setting next_dagrun for example_setup_teardown_taskflow to 2026-01-31T02:13:02.250725+00:00, run_after=2026-02-01T02:13:02.250725+00:00
[2026-02-01T02:13:03.001+0000] {processor.py:179} INFO - Processing /home/airflow/.local/lib/python3.8/site-packages/airflow/example_dags/example_setup_teardown_taskflow.py took 0.953 seconds
[2026-02-01T02:13:33.319+0000] {processor.py:157} INFO - Started process (PID=362) to work on /home/airflow/.local/lib/python3.8/site-packages/airflow/example_dags/example_setup_teardown_taskflow.py
[2026-02-01T02:13:33.323+0000] {processor.py:829} INFO - Processing file /home/airflow/.local/lib/python3.8/site-packages/airflow/example_dags/example_setup_teardown_taskflow.py for tasks to queue
[2026-02-01T02:13:33.329+0000] {logging_mixin.py:151} INFO - [2026-02-01T02:13:33.328+0000] {dagbag.py:536} INFO - Filling up the DagBag from /home/airflow/.local/lib/python3.8/site-packages/airflow/example_dags/example_setup_teardown_taskflow.py
[2026-02-01T02:13:33.354+0000] {processor.py:839} INFO - DAG(s) dict_keys(['example_setup_teardown_taskflow']) retrieved from /home/airflow/.local/lib/python3.8/site-packages/airflow/example_dags/example_setup_teardown_taskflow.py
[2026-02-01T02:13:33.437+0000] {logging_mixin.py:151} INFO - [2026-02-01T02:13:33.437+0000] {dag.py:2941} INFO - Sync 1 DAGs
[2026-02-01T02:13:33.496+0000] {logging_mixin.py:151} INFO - [2026-02-01T02:13:33.495+0000] {dag.py:3722} INFO - Setting next_dagrun for example_setup_teardown_taskflow to 2026-01-31T02:13:33.495629+00:00, run_after=2026-02-01T02:13:33.495629+00:00
[2026-02-01T02:13:33.565+0000] {processor.py:179} INFO - Processing /home/airflow/.local/lib/python3.8/site-packages/airflow/example_dags/example_setup_teardown_taskflow.py took 0.253 seconds
[2026-02-01T02:14:04.204+0000] {processor.py:157} INFO - Started process (PID=417) to work on /home/airflow/.local/lib/python3.8/site-packages/airflow/example_dags/example_setup_teardown_taskflow.py
[2026-02-01T02:14:04.216+0000] {processor.py:829} INFO - Processing file /home/airflow/.local/lib/python3.8/site-packages/airflow/example_dags/example_setup_teardown_taskflow.py for tasks to queue
[2026-02-01T02:14:04.221+0000] {logging_mixin.py:151} INFO - [2026-02-01T02:14:04.221+0000] {dagbag.py:536} INFO - Filling up the DagBag from /home/airflow/.local/lib/python3.8/site-packages/airflow/example_dags/example_setup_teardown_taskflow.py
[2026-02-01T02:14:04.251+0000] {processor.py:839} INFO - DAG(s) dict_keys(['example_setup_teardown_taskflow']) retrieved from /home/airflow/.local/lib/python3.8/site-packages/airflow/example_dags/example_setup_teardown_taskflow.py
[2026-02-01T02:14:04.306+0000] {logging_mixin.py:151} INFO - [2026-02-01T02:14:04.305+0000] {dag.py:2941} INFO - Sync 1 DAGs
[2026-02-01T02:14:04.365+0000] {logging_mixin.py:151} INFO - [2026-02-01T02:14:04.365+0000] {dag.py:3722} INFO - Setting next_dagrun for example_setup_teardown_taskflow to 2026-01-31T02:14:04.364929+00:00, run_after=2026-02-01T02:14:04.364929+00:00
[2026-02-01T02:14:04.432+0000] {processor.py:179} INFO - Processing /home/airflow/.local/lib/python3.8/site-packages/airflow/example_dags/example_setup_teardown_taskflow.py took 0.236 seconds
[2026-02-01T02:14:35.327+0000] {processor.py:157} INFO - Started process (PID=472) to work on /home/airflow/.local/lib/python3.8/site-packages/airflow/example_dags/example_setup_teardown_taskflow.py
[2026-02-01T02:14:35.330+0000] {processor.py:829} INFO - Processing file /home/airflow/.local/lib/python3.8/site-packages/airflow/example_dags/example_setup_teardown_taskflow.py for tasks to queue
[2026-02-01T02:14:35.336+0000] {logging_mixin.py:151} INFO - [2026-02-01T02:14:35.335+0000] {dagbag.py:536} INFO - Filling up the DagBag from /home/airflow/.local/lib/python3.8/site-packages/airflow/example_dags/example_setup_teardown_taskflow.py
[2026-02-01T02:14:35.359+0000] {processor.py:839} INFO - DAG(s) dict_keys(['example_setup_teardown_taskflow']) retrieved from /home/airflow/.local/lib/python3.8/site-packages/airflow/example_dags/example_setup_teardown_taskflow.py
[2026-02-01T02:14:35.406+0000] {logging_mixin.py:151} INFO - [2026-02-01T02:14:35.406+0000] {dag.py:2941} INFO - Sync 1 DAGs
[2026-02-01T02:14:35.446+0000] {logging_mixin.py:151} INFO - [2026-02-01T02:14:35.446+0000] {dag.py:3722} INFO - Setting next_dagrun for example_setup_teardown_taskflow to 2026-01-31T02:14:35.446222+00:00, run_after=2026-02-01T02:14:35.446222+00:00
[2026-02-01T02:14:35.480+0000] {processor.py:179} INFO - Processing /home/airflow/.local/lib/python3.8/site-packages/airflow/example_dags/example_setup_teardown_taskflow.py took 0.164 seconds
[2026-02-01T02:15:06.410+0000] {processor.py:157} INFO - Started process (PID=526) to work on /home/airflow/.local/lib/python3.8/site-packages/airflow/example_dags/example_setup_teardown_taskflow.py
[2026-02-01T02:15:06.411+0000] {processor.py:829} INFO - Processing file /home/airflow/.local/lib/python3.8/site-packages/airflow/example_dags/example_setup_teardown_taskflow.py for tasks to queue
[2026-02-01T02:15:06.416+0000] {logging_mixin.py:151} INFO - [2026-02-01T02:15:06.415+0000] {dagbag.py:536} INFO - Filling up the DagBag from /home/airflow/.local/lib/python3.8/site-packages/airflow/example_dags/example_setup_teardown_taskflow.py
[2026-02-01T02:15:06.436+0000] {processor.py:839} INFO - DAG(s) dict_keys(['example_setup_teardown_taskflow']) retrieved from /home/airflow/.local/lib/python3.8/site-packages/airflow/example_dags/example_setup_teardown_taskflow.py
[2026-02-01T02:15:06.478+0000] {logging_mixin.py:151} INFO - [2026-02-01T02:15:06.478+0000] {dag.py:2941} INFO - Sync 1 DAGs
[2026-02-01T02:15:06.523+0000] {logging_mixin.py:151} INFO - [2026-02-01T02:15:06.522+0000] {dag.py:3722} INFO - Setting next_dagrun for example_setup_teardown_taskflow to 2026-01-31T02:15:06.522419+00:00, run_after=2026-02-01T02:15:06.522419+00:00
[2026-02-01T02:15:06.563+0000] {processor.py:179} INFO - Processing /home/airflow/.local/lib/python3.8/site-packages/airflow/example_dags/example_setup_teardown_taskflow.py took 0.161 seconds
[2026-02-01T02:15:36.975+0000] {processor.py:157} INFO - Started process (PID=581) to work on /home/airflow/.local/lib/python3.8/site-packages/airflow/example_dags/example_setup_teardown_taskflow.py
[2026-02-01T02:15:36.990+0000] {processor.py:829} INFO - Processing file /home/airflow/.local/lib/python3.8/site-packages/airflow/example_dags/example_setup_teardown_taskflow.py for tasks to queue
[2026-02-01T02:15:36.996+0000] {logging_mixin.py:151} INFO - [2026-02-01T02:15:36.995+0000] {dagbag.py:536} INFO - Filling up the DagBag from /home/airflow/.local/lib/python3.8/site-packages/airflow/example_dags/example_setup_teardown_taskflow.py
[2026-02-01T02:15:37.046+0000] {processor.py:839} INFO - DAG(s) dict_keys(['example_setup_teardown_taskflow']) retrieved from /home/airflow/.local/lib/python3.8/site-packages/airflow/example_dags/example_setup_teardown_taskflow.py
[2026-02-01T02:15:37.099+0000] {logging_mixin.py:151} INFO - [2026-02-01T02:15:37.099+0000] {dag.py:2941} INFO - Sync 1 DAGs
[2026-02-01T02:15:37.147+0000] {logging_mixin.py:151} INFO - [2026-02-01T02:15:37.147+0000] {dag.py:3722} INFO - Setting next_dagrun for example_setup_teardown_taskflow to 2026-01-31T02:15:37.146627+00:00, run_after=2026-02-01T02:15:37.146627+00:00
[2026-02-01T02:15:37.192+0000] {processor.py:179} INFO - Processing /home/airflow/.local/lib/python3.8/site-packages/airflow/example_dags/example_setup_teardown_taskflow.py took 0.229 seconds
[2026-02-01T02:16:07.711+0000] {processor.py:157} INFO - Started process (PID=636) to work on /home/airflow/.local/lib/python3.8/site-packages/airflow/example_dags/example_setup_teardown_taskflow.py
[2026-02-01T02:16:07.714+0000] {processor.py:829} INFO - Processing file /home/airflow/.local/lib/python3.8/site-packages/airflow/example_dags/example_setup_teardown_taskflow.py for tasks to queue
[2026-02-01T02:16:07.729+0000] {logging_mixin.py:151} INFO - [2026-02-01T02:16:07.728+0000] {dagbag.py:536} INFO - Filling up the DagBag from /home/airflow/.local/lib/python3.8/site-packages/airflow/example_dags/example_setup_teardown_taskflow.py
[2026-02-01T02:16:07.760+0000] {processor.py:839} INFO - DAG(s) dict_keys(['example_setup_teardown_taskflow']) retrieved from /home/airflow/.local/lib/python3.8/site-packages/airflow/example_dags/example_setup_teardown_taskflow.py
[2026-02-01T02:16:07.851+0000] {logging_mixin.py:151} INFO - [2026-02-01T02:16:07.851+0000] {dag.py:2941} INFO - Sync 1 DAGs
[2026-02-01T02:16:07.904+0000] {logging_mixin.py:151} INFO - [2026-02-01T02:16:07.903+0000] {dag.py:3722} INFO - Setting next_dagrun for example_setup_teardown_taskflow to 2026-01-31T02:16:07.903395+00:00, run_after=2026-02-01T02:16:07.903395+00:00
[2026-02-01T02:16:07.965+0000] {processor.py:179} INFO - Processing /home/airflow/.local/lib/python3.8/site-packages/airflow/example_dags/example_setup_teardown_taskflow.py took 0.271 seconds
