[2026-02-01T01:37:16.754+0000] {processor.py:157} INFO - Started process (PID=102) to work on /home/airflow/.local/lib/python3.8/site-packages/airflow/example_dags/example_external_task_marker_dag.py
[2026-02-01T01:37:16.756+0000] {processor.py:829} INFO - Processing file /home/airflow/.local/lib/python3.8/site-packages/airflow/example_dags/example_external_task_marker_dag.py for tasks to queue
[2026-02-01T01:37:16.762+0000] {logging_mixin.py:151} INFO - [2026-02-01T01:37:16.761+0000] {dagbag.py:536} INFO - Filling up the DagBag from /home/airflow/.local/lib/python3.8/site-packages/airflow/example_dags/example_external_task_marker_dag.py
[2026-02-01T01:37:16.801+0000] {processor.py:839} INFO - DAG(s) dict_keys(['example_external_task_marker_child', 'example_external_task_marker_parent']) retrieved from /home/airflow/.local/lib/python3.8/site-packages/airflow/example_dags/example_external_task_marker_dag.py
[2026-02-01T01:37:17.369+0000] {logging_mixin.py:151} INFO - [2026-02-01T01:37:17.369+0000] {manager.py:499} INFO - Created Permission View: %s
[2026-02-01T01:37:17.407+0000] {logging_mixin.py:151} INFO - [2026-02-01T01:37:17.407+0000] {manager.py:499} INFO - Created Permission View: %s
[2026-02-01T01:37:17.449+0000] {logging_mixin.py:151} INFO - [2026-02-01T01:37:17.449+0000] {manager.py:499} INFO - Created Permission View: %s
[2026-02-01T01:37:17.508+0000] {logging_mixin.py:151} INFO - [2026-02-01T01:37:17.507+0000] {manager.py:499} INFO - Created Permission View: %s
[2026-02-01T01:37:17.531+0000] {logging_mixin.py:151} INFO - [2026-02-01T01:37:17.531+0000] {manager.py:499} INFO - Created Permission View: %s
[2026-02-01T01:37:17.557+0000] {logging_mixin.py:151} INFO - [2026-02-01T01:37:17.556+0000] {manager.py:499} INFO - Created Permission View: %s
[2026-02-01T01:37:17.558+0000] {logging_mixin.py:151} INFO - [2026-02-01T01:37:17.558+0000] {dag.py:2941} INFO - Sync 2 DAGs
[2026-02-01T01:37:17.627+0000] {logging_mixin.py:151} INFO - [2026-02-01T01:37:17.627+0000] {dag.py:2963} INFO - Creating ORM DAG for example_external_task_marker_parent
[2026-02-01T01:37:17.629+0000] {logging_mixin.py:151} INFO - [2026-02-01T01:37:17.628+0000] {dag.py:2963} INFO - Creating ORM DAG for example_external_task_marker_child
[2026-02-01T01:37:17.630+0000] {logging_mixin.py:151} INFO - [2026-02-01T01:37:17.630+0000] {dag.py:3722} INFO - Setting next_dagrun for example_external_task_marker_child to None, run_after=None
[2026-02-01T01:37:17.632+0000] {logging_mixin.py:151} INFO - [2026-02-01T01:37:17.631+0000] {dag.py:3722} INFO - Setting next_dagrun for example_external_task_marker_parent to None, run_after=None
[2026-02-01T01:37:17.720+0000] {processor.py:179} INFO - Processing /home/airflow/.local/lib/python3.8/site-packages/airflow/example_dags/example_external_task_marker_dag.py took 0.980 seconds
[2026-02-01T01:40:37.855+0000] {processor.py:157} INFO - Started process (PID=95) to work on /home/airflow/.local/lib/python3.8/site-packages/airflow/example_dags/example_external_task_marker_dag.py
[2026-02-01T01:40:37.861+0000] {processor.py:829} INFO - Processing file /home/airflow/.local/lib/python3.8/site-packages/airflow/example_dags/example_external_task_marker_dag.py for tasks to queue
[2026-02-01T01:40:37.871+0000] {logging_mixin.py:151} INFO - [2026-02-01T01:40:37.869+0000] {dagbag.py:536} INFO - Filling up the DagBag from /home/airflow/.local/lib/python3.8/site-packages/airflow/example_dags/example_external_task_marker_dag.py
[2026-02-01T01:40:37.899+0000] {processor.py:839} INFO - DAG(s) dict_keys(['example_external_task_marker_child', 'example_external_task_marker_parent']) retrieved from /home/airflow/.local/lib/python3.8/site-packages/airflow/example_dags/example_external_task_marker_dag.py
[2026-02-01T01:40:37.982+0000] {logging_mixin.py:151} INFO - [2026-02-01T01:40:37.982+0000] {dag.py:2941} INFO - Sync 2 DAGs
[2026-02-01T01:40:38.043+0000] {logging_mixin.py:151} INFO - [2026-02-01T01:40:38.043+0000] {dag.py:3722} INFO - Setting next_dagrun for example_external_task_marker_child to None, run_after=None
[2026-02-01T01:40:38.053+0000] {logging_mixin.py:151} INFO - [2026-02-01T01:40:38.052+0000] {dag.py:3722} INFO - Setting next_dagrun for example_external_task_marker_parent to None, run_after=None
[2026-02-01T01:40:38.109+0000] {processor.py:179} INFO - Processing /home/airflow/.local/lib/python3.8/site-packages/airflow/example_dags/example_external_task_marker_dag.py took 0.263 seconds
[2026-02-01T01:41:08.288+0000] {processor.py:157} INFO - Started process (PID=150) to work on /home/airflow/.local/lib/python3.8/site-packages/airflow/example_dags/example_external_task_marker_dag.py
[2026-02-01T01:41:08.291+0000] {processor.py:829} INFO - Processing file /home/airflow/.local/lib/python3.8/site-packages/airflow/example_dags/example_external_task_marker_dag.py for tasks to queue
[2026-02-01T01:41:08.297+0000] {logging_mixin.py:151} INFO - [2026-02-01T01:41:08.295+0000] {dagbag.py:536} INFO - Filling up the DagBag from /home/airflow/.local/lib/python3.8/site-packages/airflow/example_dags/example_external_task_marker_dag.py
[2026-02-01T01:41:08.316+0000] {processor.py:839} INFO - DAG(s) dict_keys(['example_external_task_marker_parent', 'example_external_task_marker_child']) retrieved from /home/airflow/.local/lib/python3.8/site-packages/airflow/example_dags/example_external_task_marker_dag.py
[2026-02-01T01:41:08.466+0000] {logging_mixin.py:151} INFO - [2026-02-01T01:41:08.461+0000] {dag.py:2941} INFO - Sync 2 DAGs
[2026-02-01T01:41:08.504+0000] {logging_mixin.py:151} INFO - [2026-02-01T01:41:08.503+0000] {dag.py:3722} INFO - Setting next_dagrun for example_external_task_marker_child to None, run_after=None
[2026-02-01T01:41:08.513+0000] {logging_mixin.py:151} INFO - [2026-02-01T01:41:08.512+0000] {dag.py:3722} INFO - Setting next_dagrun for example_external_task_marker_parent to None, run_after=None
[2026-02-01T01:41:08.564+0000] {processor.py:179} INFO - Processing /home/airflow/.local/lib/python3.8/site-packages/airflow/example_dags/example_external_task_marker_dag.py took 0.283 seconds
[2026-02-01T01:41:48.803+0000] {processor.py:157} INFO - Started process (PID=206) to work on /home/airflow/.local/lib/python3.8/site-packages/airflow/example_dags/example_external_task_marker_dag.py
[2026-02-01T01:41:48.813+0000] {processor.py:829} INFO - Processing file /home/airflow/.local/lib/python3.8/site-packages/airflow/example_dags/example_external_task_marker_dag.py for tasks to queue
[2026-02-01T01:41:48.823+0000] {logging_mixin.py:151} INFO - [2026-02-01T01:41:48.822+0000] {dagbag.py:536} INFO - Filling up the DagBag from /home/airflow/.local/lib/python3.8/site-packages/airflow/example_dags/example_external_task_marker_dag.py
[2026-02-01T01:41:48.875+0000] {processor.py:839} INFO - DAG(s) dict_keys(['example_external_task_marker_parent', 'example_external_task_marker_child']) retrieved from /home/airflow/.local/lib/python3.8/site-packages/airflow/example_dags/example_external_task_marker_dag.py
[2026-02-01T01:41:49.003+0000] {logging_mixin.py:151} INFO - [2026-02-01T01:41:49.003+0000] {dag.py:2941} INFO - Sync 2 DAGs
[2026-02-01T01:41:49.100+0000] {logging_mixin.py:151} INFO - [2026-02-01T01:41:49.100+0000] {dag.py:3722} INFO - Setting next_dagrun for example_external_task_marker_child to None, run_after=None
[2026-02-01T01:41:49.111+0000] {logging_mixin.py:151} INFO - [2026-02-01T01:41:49.110+0000] {dag.py:3722} INFO - Setting next_dagrun for example_external_task_marker_parent to None, run_after=None
[2026-02-01T01:41:49.191+0000] {processor.py:179} INFO - Processing /home/airflow/.local/lib/python3.8/site-packages/airflow/example_dags/example_external_task_marker_dag.py took 0.404 seconds
[2026-02-01T01:42:19.528+0000] {processor.py:157} INFO - Started process (PID=261) to work on /home/airflow/.local/lib/python3.8/site-packages/airflow/example_dags/example_external_task_marker_dag.py
[2026-02-01T01:42:19.530+0000] {processor.py:829} INFO - Processing file /home/airflow/.local/lib/python3.8/site-packages/airflow/example_dags/example_external_task_marker_dag.py for tasks to queue
[2026-02-01T01:42:19.547+0000] {logging_mixin.py:151} INFO - [2026-02-01T01:42:19.546+0000] {dagbag.py:536} INFO - Filling up the DagBag from /home/airflow/.local/lib/python3.8/site-packages/airflow/example_dags/example_external_task_marker_dag.py
[2026-02-01T01:42:19.573+0000] {processor.py:839} INFO - DAG(s) dict_keys(['example_external_task_marker_child', 'example_external_task_marker_parent']) retrieved from /home/airflow/.local/lib/python3.8/site-packages/airflow/example_dags/example_external_task_marker_dag.py
[2026-02-01T01:42:19.653+0000] {logging_mixin.py:151} INFO - [2026-02-01T01:42:19.653+0000] {dag.py:2941} INFO - Sync 2 DAGs
[2026-02-01T01:42:19.687+0000] {logging_mixin.py:151} INFO - [2026-02-01T01:42:19.686+0000] {dag.py:3722} INFO - Setting next_dagrun for example_external_task_marker_child to None, run_after=None
[2026-02-01T01:42:19.694+0000] {logging_mixin.py:151} INFO - [2026-02-01T01:42:19.694+0000] {dag.py:3722} INFO - Setting next_dagrun for example_external_task_marker_parent to None, run_after=None
[2026-02-01T01:42:19.737+0000] {processor.py:179} INFO - Processing /home/airflow/.local/lib/python3.8/site-packages/airflow/example_dags/example_external_task_marker_dag.py took 0.239 seconds
[2026-02-01T01:42:50.312+0000] {processor.py:157} INFO - Started process (PID=316) to work on /home/airflow/.local/lib/python3.8/site-packages/airflow/example_dags/example_external_task_marker_dag.py
[2026-02-01T01:42:50.314+0000] {processor.py:829} INFO - Processing file /home/airflow/.local/lib/python3.8/site-packages/airflow/example_dags/example_external_task_marker_dag.py for tasks to queue
[2026-02-01T01:42:50.320+0000] {logging_mixin.py:151} INFO - [2026-02-01T01:42:50.319+0000] {dagbag.py:536} INFO - Filling up the DagBag from /home/airflow/.local/lib/python3.8/site-packages/airflow/example_dags/example_external_task_marker_dag.py
[2026-02-01T01:42:50.334+0000] {processor.py:839} INFO - DAG(s) dict_keys(['example_external_task_marker_parent', 'example_external_task_marker_child']) retrieved from /home/airflow/.local/lib/python3.8/site-packages/airflow/example_dags/example_external_task_marker_dag.py
[2026-02-01T01:42:50.392+0000] {logging_mixin.py:151} INFO - [2026-02-01T01:42:50.392+0000] {dag.py:2941} INFO - Sync 2 DAGs
[2026-02-01T01:42:50.424+0000] {logging_mixin.py:151} INFO - [2026-02-01T01:42:50.424+0000] {dag.py:3722} INFO - Setting next_dagrun for example_external_task_marker_child to None, run_after=None
[2026-02-01T01:42:50.433+0000] {logging_mixin.py:151} INFO - [2026-02-01T01:42:50.433+0000] {dag.py:3722} INFO - Setting next_dagrun for example_external_task_marker_parent to None, run_after=None
[2026-02-01T01:42:50.482+0000] {processor.py:179} INFO - Processing /home/airflow/.local/lib/python3.8/site-packages/airflow/example_dags/example_external_task_marker_dag.py took 0.179 seconds
[2026-02-01T01:43:20.724+0000] {processor.py:157} INFO - Started process (PID=370) to work on /home/airflow/.local/lib/python3.8/site-packages/airflow/example_dags/example_external_task_marker_dag.py
[2026-02-01T01:43:20.734+0000] {processor.py:829} INFO - Processing file /home/airflow/.local/lib/python3.8/site-packages/airflow/example_dags/example_external_task_marker_dag.py for tasks to queue
[2026-02-01T01:43:20.738+0000] {logging_mixin.py:151} INFO - [2026-02-01T01:43:20.738+0000] {dagbag.py:536} INFO - Filling up the DagBag from /home/airflow/.local/lib/python3.8/site-packages/airflow/example_dags/example_external_task_marker_dag.py
[2026-02-01T01:43:20.749+0000] {processor.py:839} INFO - DAG(s) dict_keys(['example_external_task_marker_child', 'example_external_task_marker_parent']) retrieved from /home/airflow/.local/lib/python3.8/site-packages/airflow/example_dags/example_external_task_marker_dag.py
[2026-02-01T01:43:20.794+0000] {logging_mixin.py:151} INFO - [2026-02-01T01:43:20.794+0000] {dag.py:2941} INFO - Sync 2 DAGs
[2026-02-01T01:43:20.823+0000] {logging_mixin.py:151} INFO - [2026-02-01T01:43:20.823+0000] {dag.py:3722} INFO - Setting next_dagrun for example_external_task_marker_child to None, run_after=None
[2026-02-01T01:43:20.829+0000] {logging_mixin.py:151} INFO - [2026-02-01T01:43:20.828+0000] {dag.py:3722} INFO - Setting next_dagrun for example_external_task_marker_parent to None, run_after=None
[2026-02-01T01:43:20.856+0000] {processor.py:179} INFO - Processing /home/airflow/.local/lib/python3.8/site-packages/airflow/example_dags/example_external_task_marker_dag.py took 0.141 seconds
[2026-02-01T01:43:51.874+0000] {processor.py:157} INFO - Started process (PID=425) to work on /home/airflow/.local/lib/python3.8/site-packages/airflow/example_dags/example_external_task_marker_dag.py
[2026-02-01T01:43:51.889+0000] {processor.py:829} INFO - Processing file /home/airflow/.local/lib/python3.8/site-packages/airflow/example_dags/example_external_task_marker_dag.py for tasks to queue
[2026-02-01T01:43:51.901+0000] {logging_mixin.py:151} INFO - [2026-02-01T01:43:51.900+0000] {dagbag.py:536} INFO - Filling up the DagBag from /home/airflow/.local/lib/python3.8/site-packages/airflow/example_dags/example_external_task_marker_dag.py
[2026-02-01T01:43:51.925+0000] {processor.py:839} INFO - DAG(s) dict_keys(['example_external_task_marker_parent', 'example_external_task_marker_child']) retrieved from /home/airflow/.local/lib/python3.8/site-packages/airflow/example_dags/example_external_task_marker_dag.py
[2026-02-01T01:43:52.045+0000] {logging_mixin.py:151} INFO - [2026-02-01T01:43:52.045+0000] {dag.py:2941} INFO - Sync 2 DAGs
[2026-02-01T01:43:52.178+0000] {logging_mixin.py:151} INFO - [2026-02-01T01:43:52.165+0000] {dag.py:3722} INFO - Setting next_dagrun for example_external_task_marker_child to None, run_after=None
[2026-02-01T01:43:52.213+0000] {logging_mixin.py:151} INFO - [2026-02-01T01:43:52.213+0000] {dag.py:3722} INFO - Setting next_dagrun for example_external_task_marker_parent to None, run_after=None
[2026-02-01T01:43:52.340+0000] {processor.py:179} INFO - Processing /home/airflow/.local/lib/python3.8/site-packages/airflow/example_dags/example_external_task_marker_dag.py took 0.478 seconds
[2026-02-01T01:44:22.981+0000] {processor.py:157} INFO - Started process (PID=480) to work on /home/airflow/.local/lib/python3.8/site-packages/airflow/example_dags/example_external_task_marker_dag.py
[2026-02-01T01:44:22.991+0000] {processor.py:829} INFO - Processing file /home/airflow/.local/lib/python3.8/site-packages/airflow/example_dags/example_external_task_marker_dag.py for tasks to queue
[2026-02-01T01:44:23.003+0000] {logging_mixin.py:151} INFO - [2026-02-01T01:44:23.003+0000] {dagbag.py:536} INFO - Filling up the DagBag from /home/airflow/.local/lib/python3.8/site-packages/airflow/example_dags/example_external_task_marker_dag.py
[2026-02-01T01:44:23.032+0000] {processor.py:839} INFO - DAG(s) dict_keys(['example_external_task_marker_child', 'example_external_task_marker_parent']) retrieved from /home/airflow/.local/lib/python3.8/site-packages/airflow/example_dags/example_external_task_marker_dag.py
[2026-02-01T01:44:23.099+0000] {logging_mixin.py:151} INFO - [2026-02-01T01:44:23.098+0000] {dag.py:2941} INFO - Sync 2 DAGs
[2026-02-01T01:44:23.261+0000] {logging_mixin.py:151} INFO - [2026-02-01T01:44:23.261+0000] {dag.py:3722} INFO - Setting next_dagrun for example_external_task_marker_child to None, run_after=None
[2026-02-01T01:44:23.370+0000] {logging_mixin.py:151} INFO - [2026-02-01T01:44:23.369+0000] {dag.py:3722} INFO - Setting next_dagrun for example_external_task_marker_parent to None, run_after=None
[2026-02-01T01:44:23.584+0000] {processor.py:179} INFO - Processing /home/airflow/.local/lib/python3.8/site-packages/airflow/example_dags/example_external_task_marker_dag.py took 0.613 seconds
[2026-02-01T02:11:11.148+0000] {processor.py:157} INFO - Started process (PID=114) to work on /home/airflow/.local/lib/python3.8/site-packages/airflow/example_dags/example_external_task_marker_dag.py
[2026-02-01T02:11:11.154+0000] {processor.py:829} INFO - Processing file /home/airflow/.local/lib/python3.8/site-packages/airflow/example_dags/example_external_task_marker_dag.py for tasks to queue
[2026-02-01T02:11:11.164+0000] {logging_mixin.py:151} INFO - [2026-02-01T02:11:11.162+0000] {dagbag.py:536} INFO - Filling up the DagBag from /home/airflow/.local/lib/python3.8/site-packages/airflow/example_dags/example_external_task_marker_dag.py
[2026-02-01T02:11:11.192+0000] {processor.py:839} INFO - DAG(s) dict_keys(['example_external_task_marker_parent', 'example_external_task_marker_child']) retrieved from /home/airflow/.local/lib/python3.8/site-packages/airflow/example_dags/example_external_task_marker_dag.py
[2026-02-01T02:11:11.274+0000] {logging_mixin.py:151} INFO - [2026-02-01T02:11:11.274+0000] {dag.py:2941} INFO - Sync 2 DAGs
[2026-02-01T02:11:11.329+0000] {logging_mixin.py:151} INFO - [2026-02-01T02:11:11.329+0000] {dag.py:3722} INFO - Setting next_dagrun for example_external_task_marker_child to None, run_after=None
[2026-02-01T02:11:11.345+0000] {logging_mixin.py:151} INFO - [2026-02-01T02:11:11.344+0000] {dag.py:3722} INFO - Setting next_dagrun for example_external_task_marker_parent to None, run_after=None
[2026-02-01T02:11:11.397+0000] {processor.py:179} INFO - Processing /home/airflow/.local/lib/python3.8/site-packages/airflow/example_dags/example_external_task_marker_dag.py took 0.258 seconds
[2026-02-01T02:11:41.910+0000] {processor.py:157} INFO - Started process (PID=169) to work on /home/airflow/.local/lib/python3.8/site-packages/airflow/example_dags/example_external_task_marker_dag.py
[2026-02-01T02:11:41.912+0000] {processor.py:829} INFO - Processing file /home/airflow/.local/lib/python3.8/site-packages/airflow/example_dags/example_external_task_marker_dag.py for tasks to queue
[2026-02-01T02:11:41.918+0000] {logging_mixin.py:151} INFO - [2026-02-01T02:11:41.917+0000] {dagbag.py:536} INFO - Filling up the DagBag from /home/airflow/.local/lib/python3.8/site-packages/airflow/example_dags/example_external_task_marker_dag.py
[2026-02-01T02:11:41.940+0000] {processor.py:839} INFO - DAG(s) dict_keys(['example_external_task_marker_child', 'example_external_task_marker_parent']) retrieved from /home/airflow/.local/lib/python3.8/site-packages/airflow/example_dags/example_external_task_marker_dag.py
[2026-02-01T02:11:42.203+0000] {logging_mixin.py:151} INFO - [2026-02-01T02:11:42.202+0000] {dag.py:2941} INFO - Sync 2 DAGs
[2026-02-01T02:11:42.260+0000] {logging_mixin.py:151} INFO - [2026-02-01T02:11:42.259+0000] {dag.py:3722} INFO - Setting next_dagrun for example_external_task_marker_child to None, run_after=None
[2026-02-01T02:11:42.276+0000] {logging_mixin.py:151} INFO - [2026-02-01T02:11:42.276+0000] {dag.py:3722} INFO - Setting next_dagrun for example_external_task_marker_parent to None, run_after=None
[2026-02-01T02:11:42.322+0000] {processor.py:179} INFO - Processing /home/airflow/.local/lib/python3.8/site-packages/airflow/example_dags/example_external_task_marker_dag.py took 0.424 seconds
[2026-02-01T02:12:12.743+0000] {processor.py:157} INFO - Started process (PID=224) to work on /home/airflow/.local/lib/python3.8/site-packages/airflow/example_dags/example_external_task_marker_dag.py
[2026-02-01T02:12:12.745+0000] {processor.py:829} INFO - Processing file /home/airflow/.local/lib/python3.8/site-packages/airflow/example_dags/example_external_task_marker_dag.py for tasks to queue
[2026-02-01T02:12:12.750+0000] {logging_mixin.py:151} INFO - [2026-02-01T02:12:12.750+0000] {dagbag.py:536} INFO - Filling up the DagBag from /home/airflow/.local/lib/python3.8/site-packages/airflow/example_dags/example_external_task_marker_dag.py
[2026-02-01T02:12:12.766+0000] {processor.py:839} INFO - DAG(s) dict_keys(['example_external_task_marker_parent', 'example_external_task_marker_child']) retrieved from /home/airflow/.local/lib/python3.8/site-packages/airflow/example_dags/example_external_task_marker_dag.py
[2026-02-01T02:12:12.816+0000] {logging_mixin.py:151} INFO - [2026-02-01T02:12:12.816+0000] {dag.py:2941} INFO - Sync 2 DAGs
[2026-02-01T02:12:12.843+0000] {logging_mixin.py:151} INFO - [2026-02-01T02:12:12.843+0000] {dag.py:3722} INFO - Setting next_dagrun for example_external_task_marker_child to None, run_after=None
[2026-02-01T02:12:12.850+0000] {logging_mixin.py:151} INFO - [2026-02-01T02:12:12.850+0000] {dag.py:3722} INFO - Setting next_dagrun for example_external_task_marker_parent to None, run_after=None
[2026-02-01T02:12:12.883+0000] {processor.py:179} INFO - Processing /home/airflow/.local/lib/python3.8/site-packages/airflow/example_dags/example_external_task_marker_dag.py took 0.146 seconds
[2026-02-01T02:12:44.743+0000] {processor.py:157} INFO - Started process (PID=279) to work on /home/airflow/.local/lib/python3.8/site-packages/airflow/example_dags/example_external_task_marker_dag.py
[2026-02-01T02:12:44.745+0000] {processor.py:829} INFO - Processing file /home/airflow/.local/lib/python3.8/site-packages/airflow/example_dags/example_external_task_marker_dag.py for tasks to queue
[2026-02-01T02:12:44.750+0000] {logging_mixin.py:151} INFO - [2026-02-01T02:12:44.750+0000] {dagbag.py:536} INFO - Filling up the DagBag from /home/airflow/.local/lib/python3.8/site-packages/airflow/example_dags/example_external_task_marker_dag.py
[2026-02-01T02:12:44.764+0000] {processor.py:839} INFO - DAG(s) dict_keys(['example_external_task_marker_child', 'example_external_task_marker_parent']) retrieved from /home/airflow/.local/lib/python3.8/site-packages/airflow/example_dags/example_external_task_marker_dag.py
[2026-02-01T02:12:44.820+0000] {logging_mixin.py:151} INFO - [2026-02-01T02:12:44.820+0000] {dag.py:2941} INFO - Sync 2 DAGs
[2026-02-01T02:12:44.846+0000] {logging_mixin.py:151} INFO - [2026-02-01T02:12:44.846+0000] {dag.py:3722} INFO - Setting next_dagrun for example_external_task_marker_child to None, run_after=None
[2026-02-01T02:12:44.854+0000] {logging_mixin.py:151} INFO - [2026-02-01T02:12:44.854+0000] {dag.py:3722} INFO - Setting next_dagrun for example_external_task_marker_parent to None, run_after=None
[2026-02-01T02:12:44.891+0000] {processor.py:179} INFO - Processing /home/airflow/.local/lib/python3.8/site-packages/airflow/example_dags/example_external_task_marker_dag.py took 0.157 seconds
[2026-02-01T02:13:15.229+0000] {processor.py:157} INFO - Started process (PID=334) to work on /home/airflow/.local/lib/python3.8/site-packages/airflow/example_dags/example_external_task_marker_dag.py
[2026-02-01T02:13:15.231+0000] {processor.py:829} INFO - Processing file /home/airflow/.local/lib/python3.8/site-packages/airflow/example_dags/example_external_task_marker_dag.py for tasks to queue
[2026-02-01T02:13:15.238+0000] {logging_mixin.py:151} INFO - [2026-02-01T02:13:15.237+0000] {dagbag.py:536} INFO - Filling up the DagBag from /home/airflow/.local/lib/python3.8/site-packages/airflow/example_dags/example_external_task_marker_dag.py
[2026-02-01T02:13:15.259+0000] {processor.py:839} INFO - DAG(s) dict_keys(['example_external_task_marker_parent', 'example_external_task_marker_child']) retrieved from /home/airflow/.local/lib/python3.8/site-packages/airflow/example_dags/example_external_task_marker_dag.py
[2026-02-01T02:13:15.333+0000] {logging_mixin.py:151} INFO - [2026-02-01T02:13:15.332+0000] {dag.py:2941} INFO - Sync 2 DAGs
[2026-02-01T02:13:15.365+0000] {logging_mixin.py:151} INFO - [2026-02-01T02:13:15.364+0000] {dag.py:3722} INFO - Setting next_dagrun for example_external_task_marker_child to None, run_after=None
[2026-02-01T02:13:15.373+0000] {logging_mixin.py:151} INFO - [2026-02-01T02:13:15.373+0000] {dag.py:3722} INFO - Setting next_dagrun for example_external_task_marker_parent to None, run_after=None
[2026-02-01T02:13:15.435+0000] {processor.py:179} INFO - Processing /home/airflow/.local/lib/python3.8/site-packages/airflow/example_dags/example_external_task_marker_dag.py took 0.219 seconds
[2026-02-01T02:13:45.700+0000] {processor.py:157} INFO - Started process (PID=388) to work on /home/airflow/.local/lib/python3.8/site-packages/airflow/example_dags/example_external_task_marker_dag.py
[2026-02-01T02:13:45.705+0000] {processor.py:829} INFO - Processing file /home/airflow/.local/lib/python3.8/site-packages/airflow/example_dags/example_external_task_marker_dag.py for tasks to queue
[2026-02-01T02:13:45.715+0000] {logging_mixin.py:151} INFO - [2026-02-01T02:13:45.712+0000] {dagbag.py:536} INFO - Filling up the DagBag from /home/airflow/.local/lib/python3.8/site-packages/airflow/example_dags/example_external_task_marker_dag.py
[2026-02-01T02:13:45.728+0000] {processor.py:839} INFO - DAG(s) dict_keys(['example_external_task_marker_child', 'example_external_task_marker_parent']) retrieved from /home/airflow/.local/lib/python3.8/site-packages/airflow/example_dags/example_external_task_marker_dag.py
[2026-02-01T02:13:45.799+0000] {logging_mixin.py:151} INFO - [2026-02-01T02:13:45.799+0000] {dag.py:2941} INFO - Sync 2 DAGs
[2026-02-01T02:13:45.855+0000] {logging_mixin.py:151} INFO - [2026-02-01T02:13:45.854+0000] {dag.py:3722} INFO - Setting next_dagrun for example_external_task_marker_child to None, run_after=None
[2026-02-01T02:13:45.873+0000] {logging_mixin.py:151} INFO - [2026-02-01T02:13:45.872+0000] {dag.py:3722} INFO - Setting next_dagrun for example_external_task_marker_parent to None, run_after=None
[2026-02-01T02:13:45.914+0000] {processor.py:179} INFO - Processing /home/airflow/.local/lib/python3.8/site-packages/airflow/example_dags/example_external_task_marker_dag.py took 0.227 seconds
[2026-02-01T02:14:16.685+0000] {processor.py:157} INFO - Started process (PID=444) to work on /home/airflow/.local/lib/python3.8/site-packages/airflow/example_dags/example_external_task_marker_dag.py
[2026-02-01T02:14:16.687+0000] {processor.py:829} INFO - Processing file /home/airflow/.local/lib/python3.8/site-packages/airflow/example_dags/example_external_task_marker_dag.py for tasks to queue
[2026-02-01T02:14:16.695+0000] {logging_mixin.py:151} INFO - [2026-02-01T02:14:16.694+0000] {dagbag.py:536} INFO - Filling up the DagBag from /home/airflow/.local/lib/python3.8/site-packages/airflow/example_dags/example_external_task_marker_dag.py
[2026-02-01T02:14:16.715+0000] {processor.py:839} INFO - DAG(s) dict_keys(['example_external_task_marker_child', 'example_external_task_marker_parent']) retrieved from /home/airflow/.local/lib/python3.8/site-packages/airflow/example_dags/example_external_task_marker_dag.py
[2026-02-01T02:14:16.788+0000] {logging_mixin.py:151} INFO - [2026-02-01T02:14:16.788+0000] {dag.py:2941} INFO - Sync 2 DAGs
[2026-02-01T02:14:16.819+0000] {logging_mixin.py:151} INFO - [2026-02-01T02:14:16.819+0000] {dag.py:3722} INFO - Setting next_dagrun for example_external_task_marker_child to None, run_after=None
[2026-02-01T02:14:16.828+0000] {logging_mixin.py:151} INFO - [2026-02-01T02:14:16.828+0000] {dag.py:3722} INFO - Setting next_dagrun for example_external_task_marker_parent to None, run_after=None
[2026-02-01T02:14:16.861+0000] {processor.py:179} INFO - Processing /home/airflow/.local/lib/python3.8/site-packages/airflow/example_dags/example_external_task_marker_dag.py took 0.190 seconds
[2026-02-01T02:14:47.904+0000] {processor.py:157} INFO - Started process (PID=498) to work on /home/airflow/.local/lib/python3.8/site-packages/airflow/example_dags/example_external_task_marker_dag.py
[2026-02-01T02:14:47.907+0000] {processor.py:829} INFO - Processing file /home/airflow/.local/lib/python3.8/site-packages/airflow/example_dags/example_external_task_marker_dag.py for tasks to queue
[2026-02-01T02:14:47.913+0000] {logging_mixin.py:151} INFO - [2026-02-01T02:14:47.912+0000] {dagbag.py:536} INFO - Filling up the DagBag from /home/airflow/.local/lib/python3.8/site-packages/airflow/example_dags/example_external_task_marker_dag.py
[2026-02-01T02:14:47.927+0000] {processor.py:839} INFO - DAG(s) dict_keys(['example_external_task_marker_child', 'example_external_task_marker_parent']) retrieved from /home/airflow/.local/lib/python3.8/site-packages/airflow/example_dags/example_external_task_marker_dag.py
[2026-02-01T02:14:47.982+0000] {logging_mixin.py:151} INFO - [2026-02-01T02:14:47.981+0000] {dag.py:2941} INFO - Sync 2 DAGs
[2026-02-01T02:14:48.012+0000] {logging_mixin.py:151} INFO - [2026-02-01T02:14:48.012+0000] {dag.py:3722} INFO - Setting next_dagrun for example_external_task_marker_child to None, run_after=None
[2026-02-01T02:14:48.019+0000] {logging_mixin.py:151} INFO - [2026-02-01T02:14:48.019+0000] {dag.py:3722} INFO - Setting next_dagrun for example_external_task_marker_parent to None, run_after=None
[2026-02-01T02:14:48.052+0000] {processor.py:179} INFO - Processing /home/airflow/.local/lib/python3.8/site-packages/airflow/example_dags/example_external_task_marker_dag.py took 0.156 seconds
[2026-02-01T02:15:18.247+0000] {processor.py:157} INFO - Started process (PID=552) to work on /home/airflow/.local/lib/python3.8/site-packages/airflow/example_dags/example_external_task_marker_dag.py
[2026-02-01T02:15:18.255+0000] {processor.py:829} INFO - Processing file /home/airflow/.local/lib/python3.8/site-packages/airflow/example_dags/example_external_task_marker_dag.py for tasks to queue
[2026-02-01T02:15:18.264+0000] {logging_mixin.py:151} INFO - [2026-02-01T02:15:18.263+0000] {dagbag.py:536} INFO - Filling up the DagBag from /home/airflow/.local/lib/python3.8/site-packages/airflow/example_dags/example_external_task_marker_dag.py
[2026-02-01T02:15:18.284+0000] {processor.py:839} INFO - DAG(s) dict_keys(['example_external_task_marker_parent', 'example_external_task_marker_child']) retrieved from /home/airflow/.local/lib/python3.8/site-packages/airflow/example_dags/example_external_task_marker_dag.py
[2026-02-01T02:15:18.364+0000] {logging_mixin.py:151} INFO - [2026-02-01T02:15:18.363+0000] {dag.py:2941} INFO - Sync 2 DAGs
[2026-02-01T02:15:18.409+0000] {logging_mixin.py:151} INFO - [2026-02-01T02:15:18.409+0000] {dag.py:3722} INFO - Setting next_dagrun for example_external_task_marker_child to None, run_after=None
[2026-02-01T02:15:18.429+0000] {logging_mixin.py:151} INFO - [2026-02-01T02:15:18.429+0000] {dag.py:3722} INFO - Setting next_dagrun for example_external_task_marker_parent to None, run_after=None
[2026-02-01T02:15:18.495+0000] {processor.py:179} INFO - Processing /home/airflow/.local/lib/python3.8/site-packages/airflow/example_dags/example_external_task_marker_dag.py took 0.257 seconds
[2026-02-01T02:15:49.091+0000] {processor.py:157} INFO - Started process (PID=607) to work on /home/airflow/.local/lib/python3.8/site-packages/airflow/example_dags/example_external_task_marker_dag.py
[2026-02-01T02:15:49.094+0000] {processor.py:829} INFO - Processing file /home/airflow/.local/lib/python3.8/site-packages/airflow/example_dags/example_external_task_marker_dag.py for tasks to queue
[2026-02-01T02:15:49.099+0000] {logging_mixin.py:151} INFO - [2026-02-01T02:15:49.098+0000] {dagbag.py:536} INFO - Filling up the DagBag from /home/airflow/.local/lib/python3.8/site-packages/airflow/example_dags/example_external_task_marker_dag.py
[2026-02-01T02:15:49.109+0000] {processor.py:839} INFO - DAG(s) dict_keys(['example_external_task_marker_parent', 'example_external_task_marker_child']) retrieved from /home/airflow/.local/lib/python3.8/site-packages/airflow/example_dags/example_external_task_marker_dag.py
[2026-02-01T02:15:49.168+0000] {logging_mixin.py:151} INFO - [2026-02-01T02:15:49.167+0000] {dag.py:2941} INFO - Sync 2 DAGs
[2026-02-01T02:15:49.196+0000] {logging_mixin.py:151} INFO - [2026-02-01T02:15:49.196+0000] {dag.py:3722} INFO - Setting next_dagrun for example_external_task_marker_child to None, run_after=None
[2026-02-01T02:15:49.204+0000] {logging_mixin.py:151} INFO - [2026-02-01T02:15:49.204+0000] {dag.py:3722} INFO - Setting next_dagrun for example_external_task_marker_parent to None, run_after=None
[2026-02-01T02:15:49.235+0000] {processor.py:179} INFO - Processing /home/airflow/.local/lib/python3.8/site-packages/airflow/example_dags/example_external_task_marker_dag.py took 0.151 seconds
[2026-02-01T02:16:19.455+0000] {processor.py:157} INFO - Started process (PID=662) to work on /home/airflow/.local/lib/python3.8/site-packages/airflow/example_dags/example_external_task_marker_dag.py
[2026-02-01T02:16:19.457+0000] {processor.py:829} INFO - Processing file /home/airflow/.local/lib/python3.8/site-packages/airflow/example_dags/example_external_task_marker_dag.py for tasks to queue
[2026-02-01T02:16:19.464+0000] {logging_mixin.py:151} INFO - [2026-02-01T02:16:19.463+0000] {dagbag.py:536} INFO - Filling up the DagBag from /home/airflow/.local/lib/python3.8/site-packages/airflow/example_dags/example_external_task_marker_dag.py
[2026-02-01T02:16:19.477+0000] {processor.py:839} INFO - DAG(s) dict_keys(['example_external_task_marker_child', 'example_external_task_marker_parent']) retrieved from /home/airflow/.local/lib/python3.8/site-packages/airflow/example_dags/example_external_task_marker_dag.py
[2026-02-01T02:16:19.531+0000] {logging_mixin.py:151} INFO - [2026-02-01T02:16:19.531+0000] {dag.py:2941} INFO - Sync 2 DAGs
[2026-02-01T02:16:19.563+0000] {logging_mixin.py:151} INFO - [2026-02-01T02:16:19.562+0000] {dag.py:3722} INFO - Setting next_dagrun for example_external_task_marker_child to None, run_after=None
[2026-02-01T02:16:19.569+0000] {logging_mixin.py:151} INFO - [2026-02-01T02:16:19.569+0000] {dag.py:3722} INFO - Setting next_dagrun for example_external_task_marker_parent to None, run_after=None
[2026-02-01T02:16:19.607+0000] {processor.py:179} INFO - Processing /home/airflow/.local/lib/python3.8/site-packages/airflow/example_dags/example_external_task_marker_dag.py took 0.163 seconds
