[2026-02-01T01:37:09.036+0000] {processor.py:157} INFO - Started process (PID=90) to work on /home/airflow/.local/lib/python3.8/site-packages/airflow/example_dags/example_task_group.py
[2026-02-01T01:37:09.063+0000] {processor.py:829} INFO - Processing file /home/airflow/.local/lib/python3.8/site-packages/airflow/example_dags/example_task_group.py for tasks to queue
[2026-02-01T01:37:09.071+0000] {logging_mixin.py:151} INFO - [2026-02-01T01:37:09.069+0000] {dagbag.py:536} INFO - Filling up the DagBag from /home/airflow/.local/lib/python3.8/site-packages/airflow/example_dags/example_task_group.py
[2026-02-01T01:37:09.163+0000] {processor.py:839} INFO - DAG(s) dict_keys(['example_task_group']) retrieved from /home/airflow/.local/lib/python3.8/site-packages/airflow/example_dags/example_task_group.py
[2026-02-01T01:37:09.835+0000] {logging_mixin.py:151} INFO - [2026-02-01T01:37:09.835+0000] {manager.py:499} INFO - Created Permission View: %s
[2026-02-01T01:37:09.867+0000] {logging_mixin.py:151} INFO - [2026-02-01T01:37:09.866+0000] {manager.py:499} INFO - Created Permission View: %s
[2026-02-01T01:37:09.925+0000] {logging_mixin.py:151} INFO - [2026-02-01T01:37:09.925+0000] {manager.py:499} INFO - Created Permission View: %s
[2026-02-01T01:37:09.927+0000] {logging_mixin.py:151} INFO - [2026-02-01T01:37:09.926+0000] {dag.py:2941} INFO - Sync 1 DAGs
[2026-02-01T01:37:10.091+0000] {logging_mixin.py:151} INFO - [2026-02-01T01:37:10.091+0000] {dag.py:2963} INFO - Creating ORM DAG for example_task_group
[2026-02-01T01:37:10.183+0000] {logging_mixin.py:151} INFO - [2026-02-01T01:37:10.182+0000] {dag.py:3722} INFO - Setting next_dagrun for example_task_group to 2026-01-31T01:37:10.181501+00:00, run_after=2026-02-01T01:37:10.181501+00:00
[2026-02-01T01:37:10.280+0000] {processor.py:179} INFO - Processing /home/airflow/.local/lib/python3.8/site-packages/airflow/example_dags/example_task_group.py took 1.282 seconds
[2026-02-01T01:40:35.328+0000] {processor.py:157} INFO - Started process (PID=83) to work on /home/airflow/.local/lib/python3.8/site-packages/airflow/example_dags/example_task_group.py
[2026-02-01T01:40:35.330+0000] {processor.py:829} INFO - Processing file /home/airflow/.local/lib/python3.8/site-packages/airflow/example_dags/example_task_group.py for tasks to queue
[2026-02-01T01:40:35.335+0000] {logging_mixin.py:151} INFO - [2026-02-01T01:40:35.334+0000] {dagbag.py:536} INFO - Filling up the DagBag from /home/airflow/.local/lib/python3.8/site-packages/airflow/example_dags/example_task_group.py
[2026-02-01T01:40:35.361+0000] {processor.py:839} INFO - DAG(s) dict_keys(['example_task_group']) retrieved from /home/airflow/.local/lib/python3.8/site-packages/airflow/example_dags/example_task_group.py
[2026-02-01T01:40:35.434+0000] {logging_mixin.py:151} INFO - [2026-02-01T01:40:35.433+0000] {dag.py:2941} INFO - Sync 1 DAGs
[2026-02-01T01:40:35.502+0000] {logging_mixin.py:151} INFO - [2026-02-01T01:40:35.502+0000] {dag.py:3722} INFO - Setting next_dagrun for example_task_group to 2026-01-31T01:40:35.501543+00:00, run_after=2026-02-01T01:40:35.501543+00:00
[2026-02-01T01:40:35.553+0000] {processor.py:179} INFO - Processing /home/airflow/.local/lib/python3.8/site-packages/airflow/example_dags/example_task_group.py took 0.235 seconds
[2026-02-01T01:41:06.000+0000] {processor.py:157} INFO - Started process (PID=138) to work on /home/airflow/.local/lib/python3.8/site-packages/airflow/example_dags/example_task_group.py
[2026-02-01T01:41:06.003+0000] {processor.py:829} INFO - Processing file /home/airflow/.local/lib/python3.8/site-packages/airflow/example_dags/example_task_group.py for tasks to queue
[2026-02-01T01:41:06.009+0000] {logging_mixin.py:151} INFO - [2026-02-01T01:41:06.007+0000] {dagbag.py:536} INFO - Filling up the DagBag from /home/airflow/.local/lib/python3.8/site-packages/airflow/example_dags/example_task_group.py
[2026-02-01T01:41:06.032+0000] {processor.py:839} INFO - DAG(s) dict_keys(['example_task_group']) retrieved from /home/airflow/.local/lib/python3.8/site-packages/airflow/example_dags/example_task_group.py
[2026-02-01T01:41:06.078+0000] {logging_mixin.py:151} INFO - [2026-02-01T01:41:06.078+0000] {dag.py:2941} INFO - Sync 1 DAGs
[2026-02-01T01:41:06.151+0000] {logging_mixin.py:151} INFO - [2026-02-01T01:41:06.151+0000] {dag.py:3722} INFO - Setting next_dagrun for example_task_group to 2026-01-31T01:41:06.150630+00:00, run_after=2026-02-01T01:41:06.150630+00:00
[2026-02-01T01:41:06.245+0000] {processor.py:179} INFO - Processing /home/airflow/.local/lib/python3.8/site-packages/airflow/example_dags/example_task_group.py took 0.253 seconds
[2026-02-01T01:41:45.470+0000] {processor.py:157} INFO - Started process (PID=194) to work on /home/airflow/.local/lib/python3.8/site-packages/airflow/example_dags/example_task_group.py
[2026-02-01T01:41:45.479+0000] {processor.py:829} INFO - Processing file /home/airflow/.local/lib/python3.8/site-packages/airflow/example_dags/example_task_group.py for tasks to queue
[2026-02-01T01:41:45.484+0000] {logging_mixin.py:151} INFO - [2026-02-01T01:41:45.483+0000] {dagbag.py:536} INFO - Filling up the DagBag from /home/airflow/.local/lib/python3.8/site-packages/airflow/example_dags/example_task_group.py
[2026-02-01T01:41:45.538+0000] {processor.py:839} INFO - DAG(s) dict_keys(['example_task_group']) retrieved from /home/airflow/.local/lib/python3.8/site-packages/airflow/example_dags/example_task_group.py
[2026-02-01T01:41:45.684+0000] {logging_mixin.py:151} INFO - [2026-02-01T01:41:45.683+0000] {dag.py:2941} INFO - Sync 1 DAGs
[2026-02-01T01:41:45.766+0000] {logging_mixin.py:151} INFO - [2026-02-01T01:41:45.765+0000] {dag.py:3722} INFO - Setting next_dagrun for example_task_group to 2026-01-31T01:41:45.765005+00:00, run_after=2026-02-01T01:41:45.765005+00:00
[2026-02-01T01:41:45.896+0000] {processor.py:179} INFO - Processing /home/airflow/.local/lib/python3.8/site-packages/airflow/example_dags/example_task_group.py took 0.450 seconds
[2026-02-01T01:42:16.369+0000] {processor.py:157} INFO - Started process (PID=250) to work on /home/airflow/.local/lib/python3.8/site-packages/airflow/example_dags/example_task_group.py
[2026-02-01T01:42:16.371+0000] {processor.py:829} INFO - Processing file /home/airflow/.local/lib/python3.8/site-packages/airflow/example_dags/example_task_group.py for tasks to queue
[2026-02-01T01:42:16.382+0000] {logging_mixin.py:151} INFO - [2026-02-01T01:42:16.382+0000] {dagbag.py:536} INFO - Filling up the DagBag from /home/airflow/.local/lib/python3.8/site-packages/airflow/example_dags/example_task_group.py
[2026-02-01T01:42:16.419+0000] {processor.py:839} INFO - DAG(s) dict_keys(['example_task_group']) retrieved from /home/airflow/.local/lib/python3.8/site-packages/airflow/example_dags/example_task_group.py
[2026-02-01T01:42:16.506+0000] {logging_mixin.py:151} INFO - [2026-02-01T01:42:16.506+0000] {dag.py:2941} INFO - Sync 1 DAGs
[2026-02-01T01:42:16.632+0000] {logging_mixin.py:151} INFO - [2026-02-01T01:42:16.632+0000] {dag.py:3722} INFO - Setting next_dagrun for example_task_group to 2026-01-31T01:42:16.631830+00:00, run_after=2026-02-01T01:42:16.631830+00:00
[2026-02-01T01:42:16.756+0000] {processor.py:179} INFO - Processing /home/airflow/.local/lib/python3.8/site-packages/airflow/example_dags/example_task_group.py took 0.403 seconds
[2026-02-01T01:42:47.086+0000] {processor.py:157} INFO - Started process (PID=305) to work on /home/airflow/.local/lib/python3.8/site-packages/airflow/example_dags/example_task_group.py
[2026-02-01T01:42:47.089+0000] {processor.py:829} INFO - Processing file /home/airflow/.local/lib/python3.8/site-packages/airflow/example_dags/example_task_group.py for tasks to queue
[2026-02-01T01:42:47.119+0000] {logging_mixin.py:151} INFO - [2026-02-01T01:42:47.106+0000] {dagbag.py:536} INFO - Filling up the DagBag from /home/airflow/.local/lib/python3.8/site-packages/airflow/example_dags/example_task_group.py
[2026-02-01T01:42:47.334+0000] {processor.py:839} INFO - DAG(s) dict_keys(['example_task_group']) retrieved from /home/airflow/.local/lib/python3.8/site-packages/airflow/example_dags/example_task_group.py
[2026-02-01T01:42:47.486+0000] {logging_mixin.py:151} INFO - [2026-02-01T01:42:47.485+0000] {dag.py:2941} INFO - Sync 1 DAGs
[2026-02-01T01:42:47.578+0000] {logging_mixin.py:151} INFO - [2026-02-01T01:42:47.578+0000] {dag.py:3722} INFO - Setting next_dagrun for example_task_group to 2026-01-31T01:42:47.577712+00:00, run_after=2026-02-01T01:42:47.577712+00:00
[2026-02-01T01:42:47.720+0000] {processor.py:179} INFO - Processing /home/airflow/.local/lib/python3.8/site-packages/airflow/example_dags/example_task_group.py took 0.666 seconds
[2026-02-01T01:43:18.132+0000] {processor.py:157} INFO - Started process (PID=359) to work on /home/airflow/.local/lib/python3.8/site-packages/airflow/example_dags/example_task_group.py
[2026-02-01T01:43:18.137+0000] {processor.py:829} INFO - Processing file /home/airflow/.local/lib/python3.8/site-packages/airflow/example_dags/example_task_group.py for tasks to queue
[2026-02-01T01:43:18.143+0000] {logging_mixin.py:151} INFO - [2026-02-01T01:43:18.143+0000] {dagbag.py:536} INFO - Filling up the DagBag from /home/airflow/.local/lib/python3.8/site-packages/airflow/example_dags/example_task_group.py
[2026-02-01T01:43:18.170+0000] {processor.py:839} INFO - DAG(s) dict_keys(['example_task_group']) retrieved from /home/airflow/.local/lib/python3.8/site-packages/airflow/example_dags/example_task_group.py
[2026-02-01T01:43:18.223+0000] {logging_mixin.py:151} INFO - [2026-02-01T01:43:18.222+0000] {dag.py:2941} INFO - Sync 1 DAGs
[2026-02-01T01:43:18.284+0000] {logging_mixin.py:151} INFO - [2026-02-01T01:43:18.284+0000] {dag.py:3722} INFO - Setting next_dagrun for example_task_group to 2026-01-31T01:43:18.283667+00:00, run_after=2026-02-01T01:43:18.283667+00:00
[2026-02-01T01:43:18.320+0000] {processor.py:179} INFO - Processing /home/airflow/.local/lib/python3.8/site-packages/airflow/example_dags/example_task_group.py took 0.199 seconds
[2026-02-01T01:43:49.233+0000] {processor.py:157} INFO - Started process (PID=414) to work on /home/airflow/.local/lib/python3.8/site-packages/airflow/example_dags/example_task_group.py
[2026-02-01T01:43:49.235+0000] {processor.py:829} INFO - Processing file /home/airflow/.local/lib/python3.8/site-packages/airflow/example_dags/example_task_group.py for tasks to queue
[2026-02-01T01:43:49.245+0000] {logging_mixin.py:151} INFO - [2026-02-01T01:43:49.244+0000] {dagbag.py:536} INFO - Filling up the DagBag from /home/airflow/.local/lib/python3.8/site-packages/airflow/example_dags/example_task_group.py
[2026-02-01T01:43:49.266+0000] {processor.py:839} INFO - DAG(s) dict_keys(['example_task_group']) retrieved from /home/airflow/.local/lib/python3.8/site-packages/airflow/example_dags/example_task_group.py
[2026-02-01T01:43:49.328+0000] {logging_mixin.py:151} INFO - [2026-02-01T01:43:49.328+0000] {dag.py:2941} INFO - Sync 1 DAGs
[2026-02-01T01:43:49.369+0000] {logging_mixin.py:151} INFO - [2026-02-01T01:43:49.369+0000] {dag.py:3722} INFO - Setting next_dagrun for example_task_group to 2026-01-31T01:43:49.369141+00:00, run_after=2026-02-01T01:43:49.369141+00:00
[2026-02-01T01:43:49.409+0000] {processor.py:179} INFO - Processing /home/airflow/.local/lib/python3.8/site-packages/airflow/example_dags/example_task_group.py took 0.200 seconds
[2026-02-01T01:44:19.973+0000] {processor.py:157} INFO - Started process (PID=469) to work on /home/airflow/.local/lib/python3.8/site-packages/airflow/example_dags/example_task_group.py
[2026-02-01T01:44:19.975+0000] {processor.py:829} INFO - Processing file /home/airflow/.local/lib/python3.8/site-packages/airflow/example_dags/example_task_group.py for tasks to queue
[2026-02-01T01:44:19.979+0000] {logging_mixin.py:151} INFO - [2026-02-01T01:44:19.979+0000] {dagbag.py:536} INFO - Filling up the DagBag from /home/airflow/.local/lib/python3.8/site-packages/airflow/example_dags/example_task_group.py
[2026-02-01T01:44:20.000+0000] {processor.py:839} INFO - DAG(s) dict_keys(['example_task_group']) retrieved from /home/airflow/.local/lib/python3.8/site-packages/airflow/example_dags/example_task_group.py
[2026-02-01T01:44:20.027+0000] {logging_mixin.py:151} INFO - [2026-02-01T01:44:20.027+0000] {dag.py:2941} INFO - Sync 1 DAGs
[2026-02-01T01:44:20.103+0000] {logging_mixin.py:151} INFO - [2026-02-01T01:44:20.102+0000] {dag.py:3722} INFO - Setting next_dagrun for example_task_group to 2026-01-31T01:44:20.102126+00:00, run_after=2026-02-01T01:44:20.102126+00:00
[2026-02-01T01:44:20.153+0000] {processor.py:179} INFO - Processing /home/airflow/.local/lib/python3.8/site-packages/airflow/example_dags/example_task_group.py took 0.186 seconds
[2026-02-01T02:10:59.203+0000] {processor.py:157} INFO - Started process (PID=95) to work on /home/airflow/.local/lib/python3.8/site-packages/airflow/example_dags/example_task_group.py
[2026-02-01T02:10:59.206+0000] {processor.py:829} INFO - Processing file /home/airflow/.local/lib/python3.8/site-packages/airflow/example_dags/example_task_group.py for tasks to queue
[2026-02-01T02:10:59.223+0000] {logging_mixin.py:151} INFO - [2026-02-01T02:10:59.222+0000] {dagbag.py:536} INFO - Filling up the DagBag from /home/airflow/.local/lib/python3.8/site-packages/airflow/example_dags/example_task_group.py
[2026-02-01T02:10:59.302+0000] {processor.py:839} INFO - DAG(s) dict_keys(['example_task_group']) retrieved from /home/airflow/.local/lib/python3.8/site-packages/airflow/example_dags/example_task_group.py
[2026-02-01T02:10:59.622+0000] {logging_mixin.py:151} INFO - [2026-02-01T02:10:59.621+0000] {dag.py:2941} INFO - Sync 1 DAGs
[2026-02-01T02:10:59.736+0000] {logging_mixin.py:151} INFO - [2026-02-01T02:10:59.736+0000] {dag.py:3722} INFO - Setting next_dagrun for example_task_group to 2026-01-31T02:10:59.731250+00:00, run_after=2026-02-01T02:10:59.731250+00:00
[2026-02-01T02:11:08.688+0000] {processor.py:179} INFO - Processing /home/airflow/.local/lib/python3.8/site-packages/airflow/example_dags/example_task_group.py took 9.496 seconds
[2026-02-01T02:11:38.900+0000] {processor.py:157} INFO - Started process (PID=149) to work on /home/airflow/.local/lib/python3.8/site-packages/airflow/example_dags/example_task_group.py
[2026-02-01T02:11:38.907+0000] {processor.py:829} INFO - Processing file /home/airflow/.local/lib/python3.8/site-packages/airflow/example_dags/example_task_group.py for tasks to queue
[2026-02-01T02:11:38.912+0000] {logging_mixin.py:151} INFO - [2026-02-01T02:11:38.912+0000] {dagbag.py:536} INFO - Filling up the DagBag from /home/airflow/.local/lib/python3.8/site-packages/airflow/example_dags/example_task_group.py
[2026-02-01T02:11:38.930+0000] {processor.py:839} INFO - DAG(s) dict_keys(['example_task_group']) retrieved from /home/airflow/.local/lib/python3.8/site-packages/airflow/example_dags/example_task_group.py
[2026-02-01T02:11:39.032+0000] {logging_mixin.py:151} INFO - [2026-02-01T02:11:39.032+0000] {dag.py:2941} INFO - Sync 1 DAGs
[2026-02-01T02:11:39.181+0000] {logging_mixin.py:151} INFO - [2026-02-01T02:11:39.181+0000] {dag.py:3722} INFO - Setting next_dagrun for example_task_group to 2026-01-31T02:11:39.180362+00:00, run_after=2026-02-01T02:11:39.180362+00:00
[2026-02-01T02:11:39.334+0000] {processor.py:179} INFO - Processing /home/airflow/.local/lib/python3.8/site-packages/airflow/example_dags/example_task_group.py took 0.443 seconds
[2026-02-01T02:12:09.933+0000] {processor.py:157} INFO - Started process (PID=212) to work on /home/airflow/.local/lib/python3.8/site-packages/airflow/example_dags/example_task_group.py
[2026-02-01T02:12:09.935+0000] {processor.py:829} INFO - Processing file /home/airflow/.local/lib/python3.8/site-packages/airflow/example_dags/example_task_group.py for tasks to queue
[2026-02-01T02:12:09.941+0000] {logging_mixin.py:151} INFO - [2026-02-01T02:12:09.941+0000] {dagbag.py:536} INFO - Filling up the DagBag from /home/airflow/.local/lib/python3.8/site-packages/airflow/example_dags/example_task_group.py
[2026-02-01T02:12:09.956+0000] {processor.py:839} INFO - DAG(s) dict_keys(['example_task_group']) retrieved from /home/airflow/.local/lib/python3.8/site-packages/airflow/example_dags/example_task_group.py
[2026-02-01T02:12:10.006+0000] {logging_mixin.py:151} INFO - [2026-02-01T02:12:10.006+0000] {dag.py:2941} INFO - Sync 1 DAGs
[2026-02-01T02:12:10.045+0000] {logging_mixin.py:151} INFO - [2026-02-01T02:12:10.044+0000] {dag.py:3722} INFO - Setting next_dagrun for example_task_group to 2026-01-31T02:12:10.044321+00:00, run_after=2026-02-01T02:12:10.044321+00:00
[2026-02-01T02:12:10.098+0000] {processor.py:179} INFO - Processing /home/airflow/.local/lib/python3.8/site-packages/airflow/example_dags/example_task_group.py took 0.174 seconds
[2026-02-01T02:12:40.809+0000] {processor.py:157} INFO - Started process (PID=267) to work on /home/airflow/.local/lib/python3.8/site-packages/airflow/example_dags/example_task_group.py
[2026-02-01T02:12:40.813+0000] {processor.py:829} INFO - Processing file /home/airflow/.local/lib/python3.8/site-packages/airflow/example_dags/example_task_group.py for tasks to queue
[2026-02-01T02:12:40.820+0000] {logging_mixin.py:151} INFO - [2026-02-01T02:12:40.819+0000] {dagbag.py:536} INFO - Filling up the DagBag from /home/airflow/.local/lib/python3.8/site-packages/airflow/example_dags/example_task_group.py
[2026-02-01T02:12:40.839+0000] {processor.py:839} INFO - DAG(s) dict_keys(['example_task_group']) retrieved from /home/airflow/.local/lib/python3.8/site-packages/airflow/example_dags/example_task_group.py
[2026-02-01T02:12:40.904+0000] {logging_mixin.py:151} INFO - [2026-02-01T02:12:40.904+0000] {dag.py:2941} INFO - Sync 1 DAGs
[2026-02-01T02:12:40.980+0000] {logging_mixin.py:151} INFO - [2026-02-01T02:12:40.979+0000] {dag.py:3722} INFO - Setting next_dagrun for example_task_group to 2026-01-31T02:12:40.978926+00:00, run_after=2026-02-01T02:12:40.978926+00:00
[2026-02-01T02:12:41.114+0000] {processor.py:179} INFO - Processing /home/airflow/.local/lib/python3.8/site-packages/airflow/example_dags/example_task_group.py took 0.317 seconds
[2026-02-01T02:13:11.951+0000] {processor.py:157} INFO - Started process (PID=321) to work on /home/airflow/.local/lib/python3.8/site-packages/airflow/example_dags/example_task_group.py
[2026-02-01T02:13:11.958+0000] {processor.py:829} INFO - Processing file /home/airflow/.local/lib/python3.8/site-packages/airflow/example_dags/example_task_group.py for tasks to queue
[2026-02-01T02:13:11.993+0000] {logging_mixin.py:151} INFO - [2026-02-01T02:13:11.993+0000] {dagbag.py:536} INFO - Filling up the DagBag from /home/airflow/.local/lib/python3.8/site-packages/airflow/example_dags/example_task_group.py
[2026-02-01T02:13:12.035+0000] {processor.py:839} INFO - DAG(s) dict_keys(['example_task_group']) retrieved from /home/airflow/.local/lib/python3.8/site-packages/airflow/example_dags/example_task_group.py
[2026-02-01T02:13:12.179+0000] {logging_mixin.py:151} INFO - [2026-02-01T02:13:12.178+0000] {dag.py:2941} INFO - Sync 1 DAGs
[2026-02-01T02:13:12.289+0000] {logging_mixin.py:151} INFO - [2026-02-01T02:13:12.289+0000] {dag.py:3722} INFO - Setting next_dagrun for example_task_group to 2026-01-31T02:13:12.287841+00:00, run_after=2026-02-01T02:13:12.287841+00:00
[2026-02-01T02:13:12.374+0000] {processor.py:179} INFO - Processing /home/airflow/.local/lib/python3.8/site-packages/airflow/example_dags/example_task_group.py took 0.496 seconds
[2026-02-01T02:13:43.139+0000] {processor.py:157} INFO - Started process (PID=377) to work on /home/airflow/.local/lib/python3.8/site-packages/airflow/example_dags/example_task_group.py
[2026-02-01T02:13:43.141+0000] {processor.py:829} INFO - Processing file /home/airflow/.local/lib/python3.8/site-packages/airflow/example_dags/example_task_group.py for tasks to queue
[2026-02-01T02:13:43.145+0000] {logging_mixin.py:151} INFO - [2026-02-01T02:13:43.145+0000] {dagbag.py:536} INFO - Filling up the DagBag from /home/airflow/.local/lib/python3.8/site-packages/airflow/example_dags/example_task_group.py
[2026-02-01T02:13:43.165+0000] {processor.py:839} INFO - DAG(s) dict_keys(['example_task_group']) retrieved from /home/airflow/.local/lib/python3.8/site-packages/airflow/example_dags/example_task_group.py
[2026-02-01T02:13:43.234+0000] {logging_mixin.py:151} INFO - [2026-02-01T02:13:43.234+0000] {dag.py:2941} INFO - Sync 1 DAGs
[2026-02-01T02:13:43.277+0000] {logging_mixin.py:151} INFO - [2026-02-01T02:13:43.277+0000] {dag.py:3722} INFO - Setting next_dagrun for example_task_group to 2026-01-31T02:13:43.276457+00:00, run_after=2026-02-01T02:13:43.276457+00:00
[2026-02-01T02:13:43.323+0000] {processor.py:179} INFO - Processing /home/airflow/.local/lib/python3.8/site-packages/airflow/example_dags/example_task_group.py took 0.196 seconds
[2026-02-01T02:14:13.760+0000] {processor.py:157} INFO - Started process (PID=432) to work on /home/airflow/.local/lib/python3.8/site-packages/airflow/example_dags/example_task_group.py
[2026-02-01T02:14:13.764+0000] {processor.py:829} INFO - Processing file /home/airflow/.local/lib/python3.8/site-packages/airflow/example_dags/example_task_group.py for tasks to queue
[2026-02-01T02:14:13.775+0000] {logging_mixin.py:151} INFO - [2026-02-01T02:14:13.775+0000] {dagbag.py:536} INFO - Filling up the DagBag from /home/airflow/.local/lib/python3.8/site-packages/airflow/example_dags/example_task_group.py
[2026-02-01T02:14:13.802+0000] {processor.py:839} INFO - DAG(s) dict_keys(['example_task_group']) retrieved from /home/airflow/.local/lib/python3.8/site-packages/airflow/example_dags/example_task_group.py
[2026-02-01T02:14:13.876+0000] {logging_mixin.py:151} INFO - [2026-02-01T02:14:13.875+0000] {dag.py:2941} INFO - Sync 1 DAGs
[2026-02-01T02:14:13.950+0000] {logging_mixin.py:151} INFO - [2026-02-01T02:14:13.950+0000] {dag.py:3722} INFO - Setting next_dagrun for example_task_group to 2026-01-31T02:14:13.949700+00:00, run_after=2026-02-01T02:14:13.949700+00:00
[2026-02-01T02:14:14.019+0000] {processor.py:179} INFO - Processing /home/airflow/.local/lib/python3.8/site-packages/airflow/example_dags/example_task_group.py took 0.268 seconds
[2026-02-01T02:14:44.379+0000] {processor.py:157} INFO - Started process (PID=486) to work on /home/airflow/.local/lib/python3.8/site-packages/airflow/example_dags/example_task_group.py
[2026-02-01T02:14:44.381+0000] {processor.py:829} INFO - Processing file /home/airflow/.local/lib/python3.8/site-packages/airflow/example_dags/example_task_group.py for tasks to queue
[2026-02-01T02:14:44.385+0000] {logging_mixin.py:151} INFO - [2026-02-01T02:14:44.385+0000] {dagbag.py:536} INFO - Filling up the DagBag from /home/airflow/.local/lib/python3.8/site-packages/airflow/example_dags/example_task_group.py
[2026-02-01T02:14:44.400+0000] {processor.py:839} INFO - DAG(s) dict_keys(['example_task_group']) retrieved from /home/airflow/.local/lib/python3.8/site-packages/airflow/example_dags/example_task_group.py
[2026-02-01T02:14:44.439+0000] {logging_mixin.py:151} INFO - [2026-02-01T02:14:44.438+0000] {dag.py:2941} INFO - Sync 1 DAGs
[2026-02-01T02:14:44.479+0000] {logging_mixin.py:151} INFO - [2026-02-01T02:14:44.479+0000] {dag.py:3722} INFO - Setting next_dagrun for example_task_group to 2026-01-31T02:14:44.479218+00:00, run_after=2026-02-01T02:14:44.479218+00:00
[2026-02-01T02:14:44.516+0000] {processor.py:179} INFO - Processing /home/airflow/.local/lib/python3.8/site-packages/airflow/example_dags/example_task_group.py took 0.146 seconds
[2026-02-01T02:15:14.823+0000] {processor.py:157} INFO - Started process (PID=541) to work on /home/airflow/.local/lib/python3.8/site-packages/airflow/example_dags/example_task_group.py
[2026-02-01T02:15:14.833+0000] {processor.py:829} INFO - Processing file /home/airflow/.local/lib/python3.8/site-packages/airflow/example_dags/example_task_group.py for tasks to queue
[2026-02-01T02:15:14.839+0000] {logging_mixin.py:151} INFO - [2026-02-01T02:15:14.838+0000] {dagbag.py:536} INFO - Filling up the DagBag from /home/airflow/.local/lib/python3.8/site-packages/airflow/example_dags/example_task_group.py
[2026-02-01T02:15:14.864+0000] {processor.py:839} INFO - DAG(s) dict_keys(['example_task_group']) retrieved from /home/airflow/.local/lib/python3.8/site-packages/airflow/example_dags/example_task_group.py
[2026-02-01T02:15:14.994+0000] {logging_mixin.py:151} INFO - [2026-02-01T02:15:14.991+0000] {dag.py:2941} INFO - Sync 1 DAGs
[2026-02-01T02:15:15.070+0000] {logging_mixin.py:151} INFO - [2026-02-01T02:15:15.069+0000] {dag.py:3722} INFO - Setting next_dagrun for example_task_group to 2026-01-31T02:15:15.069172+00:00, run_after=2026-02-01T02:15:15.069172+00:00
[2026-02-01T02:15:15.129+0000] {processor.py:179} INFO - Processing /home/airflow/.local/lib/python3.8/site-packages/airflow/example_dags/example_task_group.py took 0.315 seconds
[2026-02-01T02:15:45.422+0000] {processor.py:157} INFO - Started process (PID=596) to work on /home/airflow/.local/lib/python3.8/site-packages/airflow/example_dags/example_task_group.py
[2026-02-01T02:15:45.425+0000] {processor.py:829} INFO - Processing file /home/airflow/.local/lib/python3.8/site-packages/airflow/example_dags/example_task_group.py for tasks to queue
[2026-02-01T02:15:45.431+0000] {logging_mixin.py:151} INFO - [2026-02-01T02:15:45.430+0000] {dagbag.py:536} INFO - Filling up the DagBag from /home/airflow/.local/lib/python3.8/site-packages/airflow/example_dags/example_task_group.py
[2026-02-01T02:15:45.462+0000] {processor.py:839} INFO - DAG(s) dict_keys(['example_task_group']) retrieved from /home/airflow/.local/lib/python3.8/site-packages/airflow/example_dags/example_task_group.py
[2026-02-01T02:15:45.597+0000] {logging_mixin.py:151} INFO - [2026-02-01T02:15:45.597+0000] {dag.py:2941} INFO - Sync 1 DAGs
[2026-02-01T02:15:45.673+0000] {logging_mixin.py:151} INFO - [2026-02-01T02:15:45.673+0000] {dag.py:3722} INFO - Setting next_dagrun for example_task_group to 2026-01-31T02:15:45.672909+00:00, run_after=2026-02-01T02:15:45.672909+00:00
[2026-02-01T02:15:45.705+0000] {processor.py:179} INFO - Processing /home/airflow/.local/lib/python3.8/site-packages/airflow/example_dags/example_task_group.py took 0.297 seconds
[2026-02-01T02:16:15.915+0000] {processor.py:157} INFO - Started process (PID=651) to work on /home/airflow/.local/lib/python3.8/site-packages/airflow/example_dags/example_task_group.py
[2026-02-01T02:16:15.917+0000] {processor.py:829} INFO - Processing file /home/airflow/.local/lib/python3.8/site-packages/airflow/example_dags/example_task_group.py for tasks to queue
[2026-02-01T02:16:15.923+0000] {logging_mixin.py:151} INFO - [2026-02-01T02:16:15.923+0000] {dagbag.py:536} INFO - Filling up the DagBag from /home/airflow/.local/lib/python3.8/site-packages/airflow/example_dags/example_task_group.py
[2026-02-01T02:16:15.946+0000] {processor.py:839} INFO - DAG(s) dict_keys(['example_task_group']) retrieved from /home/airflow/.local/lib/python3.8/site-packages/airflow/example_dags/example_task_group.py
[2026-02-01T02:16:15.996+0000] {logging_mixin.py:151} INFO - [2026-02-01T02:16:15.995+0000] {dag.py:2941} INFO - Sync 1 DAGs
[2026-02-01T02:16:16.042+0000] {logging_mixin.py:151} INFO - [2026-02-01T02:16:16.041+0000] {dag.py:3722} INFO - Setting next_dagrun for example_task_group to 2026-01-31T02:16:16.041143+00:00, run_after=2026-02-01T02:16:16.041143+00:00
[2026-02-01T02:16:16.087+0000] {processor.py:179} INFO - Processing /home/airflow/.local/lib/python3.8/site-packages/airflow/example_dags/example_task_group.py took 0.178 seconds
