[2026-02-01T01:37:14.912+0000] {processor.py:157} INFO - Started process (PID=99) to work on /home/airflow/.local/lib/python3.8/site-packages/airflow/example_dags/example_xcom.py
[2026-02-01T01:37:14.917+0000] {processor.py:829} INFO - Processing file /home/airflow/.local/lib/python3.8/site-packages/airflow/example_dags/example_xcom.py for tasks to queue
[2026-02-01T01:37:14.924+0000] {logging_mixin.py:151} INFO - [2026-02-01T01:37:14.923+0000] {dagbag.py:536} INFO - Filling up the DagBag from /home/airflow/.local/lib/python3.8/site-packages/airflow/example_dags/example_xcom.py
[2026-02-01T01:37:14.980+0000] {processor.py:839} INFO - DAG(s) dict_keys(['example_xcom']) retrieved from /home/airflow/.local/lib/python3.8/site-packages/airflow/example_dags/example_xcom.py
[2026-02-01T01:37:15.668+0000] {logging_mixin.py:151} INFO - [2026-02-01T01:37:15.668+0000] {manager.py:499} INFO - Created Permission View: %s
[2026-02-01T01:37:15.721+0000] {logging_mixin.py:151} INFO - [2026-02-01T01:37:15.721+0000] {manager.py:499} INFO - Created Permission View: %s
[2026-02-01T01:37:15.746+0000] {logging_mixin.py:151} INFO - [2026-02-01T01:37:15.745+0000] {manager.py:499} INFO - Created Permission View: %s
[2026-02-01T01:37:15.747+0000] {logging_mixin.py:151} INFO - [2026-02-01T01:37:15.747+0000] {dag.py:2941} INFO - Sync 1 DAGs
[2026-02-01T01:37:15.798+0000] {logging_mixin.py:151} INFO - [2026-02-01T01:37:15.797+0000] {dag.py:2963} INFO - Creating ORM DAG for example_xcom
[2026-02-01T01:37:15.854+0000] {logging_mixin.py:151} INFO - [2026-02-01T01:37:15.852+0000] {dag.py:3722} INFO - Setting next_dagrun for example_xcom to 2021-01-01T00:00:00+00:00, run_after=2021-01-01T00:00:00+00:00
[2026-02-01T01:37:15.928+0000] {processor.py:179} INFO - Processing /home/airflow/.local/lib/python3.8/site-packages/airflow/example_dags/example_xcom.py took 1.031 seconds
[2026-02-01T01:40:37.312+0000] {processor.py:157} INFO - Started process (PID=92) to work on /home/airflow/.local/lib/python3.8/site-packages/airflow/example_dags/example_xcom.py
[2026-02-01T01:40:37.314+0000] {processor.py:829} INFO - Processing file /home/airflow/.local/lib/python3.8/site-packages/airflow/example_dags/example_xcom.py for tasks to queue
[2026-02-01T01:40:37.321+0000] {logging_mixin.py:151} INFO - [2026-02-01T01:40:37.320+0000] {dagbag.py:536} INFO - Filling up the DagBag from /home/airflow/.local/lib/python3.8/site-packages/airflow/example_dags/example_xcom.py
[2026-02-01T01:40:37.346+0000] {processor.py:839} INFO - DAG(s) dict_keys(['example_xcom']) retrieved from /home/airflow/.local/lib/python3.8/site-packages/airflow/example_dags/example_xcom.py
[2026-02-01T01:40:37.407+0000] {logging_mixin.py:151} INFO - [2026-02-01T01:40:37.407+0000] {dag.py:2941} INFO - Sync 1 DAGs
[2026-02-01T01:40:37.472+0000] {logging_mixin.py:151} INFO - [2026-02-01T01:40:37.471+0000] {dag.py:3722} INFO - Setting next_dagrun for example_xcom to 2021-01-01T00:00:00+00:00, run_after=2021-01-01T00:00:00+00:00
[2026-02-01T01:40:37.542+0000] {processor.py:179} INFO - Processing /home/airflow/.local/lib/python3.8/site-packages/airflow/example_dags/example_xcom.py took 0.240 seconds
[2026-02-01T01:41:07.738+0000] {processor.py:157} INFO - Started process (PID=148) to work on /home/airflow/.local/lib/python3.8/site-packages/airflow/example_dags/example_xcom.py
[2026-02-01T01:41:07.740+0000] {processor.py:829} INFO - Processing file /home/airflow/.local/lib/python3.8/site-packages/airflow/example_dags/example_xcom.py for tasks to queue
[2026-02-01T01:41:07.747+0000] {logging_mixin.py:151} INFO - [2026-02-01T01:41:07.746+0000] {dagbag.py:536} INFO - Filling up the DagBag from /home/airflow/.local/lib/python3.8/site-packages/airflow/example_dags/example_xcom.py
[2026-02-01T01:41:07.765+0000] {processor.py:839} INFO - DAG(s) dict_keys(['example_xcom']) retrieved from /home/airflow/.local/lib/python3.8/site-packages/airflow/example_dags/example_xcom.py
[2026-02-01T01:41:07.812+0000] {logging_mixin.py:151} INFO - [2026-02-01T01:41:07.812+0000] {dag.py:2941} INFO - Sync 1 DAGs
[2026-02-01T01:41:07.857+0000] {logging_mixin.py:151} INFO - [2026-02-01T01:41:07.856+0000] {dag.py:3722} INFO - Setting next_dagrun for example_xcom to 2021-01-01T00:00:00+00:00, run_after=2021-01-01T00:00:00+00:00
[2026-02-01T01:41:07.897+0000] {processor.py:179} INFO - Processing /home/airflow/.local/lib/python3.8/site-packages/airflow/example_dags/example_xcom.py took 0.169 seconds
[2026-02-01T01:41:47.764+0000] {processor.py:157} INFO - Started process (PID=203) to work on /home/airflow/.local/lib/python3.8/site-packages/airflow/example_dags/example_xcom.py
[2026-02-01T01:41:47.782+0000] {processor.py:829} INFO - Processing file /home/airflow/.local/lib/python3.8/site-packages/airflow/example_dags/example_xcom.py for tasks to queue
[2026-02-01T01:41:47.793+0000] {logging_mixin.py:151} INFO - [2026-02-01T01:41:47.786+0000] {dagbag.py:536} INFO - Filling up the DagBag from /home/airflow/.local/lib/python3.8/site-packages/airflow/example_dags/example_xcom.py
[2026-02-01T01:41:47.838+0000] {processor.py:839} INFO - DAG(s) dict_keys(['example_xcom']) retrieved from /home/airflow/.local/lib/python3.8/site-packages/airflow/example_dags/example_xcom.py
[2026-02-01T01:41:47.942+0000] {logging_mixin.py:151} INFO - [2026-02-01T01:41:47.942+0000] {dag.py:2941} INFO - Sync 1 DAGs
[2026-02-01T01:41:48.013+0000] {logging_mixin.py:151} INFO - [2026-02-01T01:41:48.013+0000] {dag.py:3722} INFO - Setting next_dagrun for example_xcom to 2021-01-01T00:00:00+00:00, run_after=2021-01-01T00:00:00+00:00
[2026-02-01T01:41:48.150+0000] {processor.py:179} INFO - Processing /home/airflow/.local/lib/python3.8/site-packages/airflow/example_dags/example_xcom.py took 0.404 seconds
[2026-02-01T01:42:18.427+0000] {processor.py:157} INFO - Started process (PID=259) to work on /home/airflow/.local/lib/python3.8/site-packages/airflow/example_dags/example_xcom.py
[2026-02-01T01:42:18.430+0000] {processor.py:829} INFO - Processing file /home/airflow/.local/lib/python3.8/site-packages/airflow/example_dags/example_xcom.py for tasks to queue
[2026-02-01T01:42:18.437+0000] {logging_mixin.py:151} INFO - [2026-02-01T01:42:18.436+0000] {dagbag.py:536} INFO - Filling up the DagBag from /home/airflow/.local/lib/python3.8/site-packages/airflow/example_dags/example_xcom.py
[2026-02-01T01:42:18.462+0000] {processor.py:839} INFO - DAG(s) dict_keys(['example_xcom']) retrieved from /home/airflow/.local/lib/python3.8/site-packages/airflow/example_dags/example_xcom.py
[2026-02-01T01:42:18.529+0000] {logging_mixin.py:151} INFO - [2026-02-01T01:42:18.529+0000] {dag.py:2941} INFO - Sync 1 DAGs
[2026-02-01T01:42:18.633+0000] {logging_mixin.py:151} INFO - [2026-02-01T01:42:18.632+0000] {dag.py:3722} INFO - Setting next_dagrun for example_xcom to 2021-01-01T00:00:00+00:00, run_after=2021-01-01T00:00:00+00:00
[2026-02-01T01:42:18.688+0000] {processor.py:179} INFO - Processing /home/airflow/.local/lib/python3.8/site-packages/airflow/example_dags/example_xcom.py took 0.279 seconds
[2026-02-01T01:42:49.823+0000] {processor.py:157} INFO - Started process (PID=314) to work on /home/airflow/.local/lib/python3.8/site-packages/airflow/example_dags/example_xcom.py
[2026-02-01T01:42:49.826+0000] {processor.py:829} INFO - Processing file /home/airflow/.local/lib/python3.8/site-packages/airflow/example_dags/example_xcom.py for tasks to queue
[2026-02-01T01:42:49.834+0000] {logging_mixin.py:151} INFO - [2026-02-01T01:42:49.832+0000] {dagbag.py:536} INFO - Filling up the DagBag from /home/airflow/.local/lib/python3.8/site-packages/airflow/example_dags/example_xcom.py
[2026-02-01T01:42:49.853+0000] {processor.py:839} INFO - DAG(s) dict_keys(['example_xcom']) retrieved from /home/airflow/.local/lib/python3.8/site-packages/airflow/example_dags/example_xcom.py
[2026-02-01T01:42:49.924+0000] {logging_mixin.py:151} INFO - [2026-02-01T01:42:49.924+0000] {dag.py:2941} INFO - Sync 1 DAGs
[2026-02-01T01:42:50.013+0000] {logging_mixin.py:151} INFO - [2026-02-01T01:42:50.012+0000] {dag.py:3722} INFO - Setting next_dagrun for example_xcom to 2021-01-01T00:00:00+00:00, run_after=2021-01-01T00:00:00+00:00
[2026-02-01T01:42:50.059+0000] {processor.py:179} INFO - Processing /home/airflow/.local/lib/python3.8/site-packages/airflow/example_dags/example_xcom.py took 0.247 seconds
[2026-02-01T01:43:20.429+0000] {processor.py:157} INFO - Started process (PID=368) to work on /home/airflow/.local/lib/python3.8/site-packages/airflow/example_dags/example_xcom.py
[2026-02-01T01:43:20.433+0000] {processor.py:829} INFO - Processing file /home/airflow/.local/lib/python3.8/site-packages/airflow/example_dags/example_xcom.py for tasks to queue
[2026-02-01T01:43:20.437+0000] {logging_mixin.py:151} INFO - [2026-02-01T01:43:20.437+0000] {dagbag.py:536} INFO - Filling up the DagBag from /home/airflow/.local/lib/python3.8/site-packages/airflow/example_dags/example_xcom.py
[2026-02-01T01:43:20.465+0000] {processor.py:839} INFO - DAG(s) dict_keys(['example_xcom']) retrieved from /home/airflow/.local/lib/python3.8/site-packages/airflow/example_dags/example_xcom.py
[2026-02-01T01:43:20.530+0000] {logging_mixin.py:151} INFO - [2026-02-01T01:43:20.529+0000] {dag.py:2941} INFO - Sync 1 DAGs
[2026-02-01T01:43:20.608+0000] {logging_mixin.py:151} INFO - [2026-02-01T01:43:20.608+0000] {dag.py:3722} INFO - Setting next_dagrun for example_xcom to 2021-01-01T00:00:00+00:00, run_after=2021-01-01T00:00:00+00:00
[2026-02-01T01:43:20.669+0000] {processor.py:179} INFO - Processing /home/airflow/.local/lib/python3.8/site-packages/airflow/example_dags/example_xcom.py took 0.248 seconds
[2026-02-01T01:43:51.607+0000] {processor.py:157} INFO - Started process (PID=423) to work on /home/airflow/.local/lib/python3.8/site-packages/airflow/example_dags/example_xcom.py
[2026-02-01T01:43:51.609+0000] {processor.py:829} INFO - Processing file /home/airflow/.local/lib/python3.8/site-packages/airflow/example_dags/example_xcom.py for tasks to queue
[2026-02-01T01:43:51.615+0000] {logging_mixin.py:151} INFO - [2026-02-01T01:43:51.614+0000] {dagbag.py:536} INFO - Filling up the DagBag from /home/airflow/.local/lib/python3.8/site-packages/airflow/example_dags/example_xcom.py
[2026-02-01T01:43:51.631+0000] {processor.py:839} INFO - DAG(s) dict_keys(['example_xcom']) retrieved from /home/airflow/.local/lib/python3.8/site-packages/airflow/example_dags/example_xcom.py
[2026-02-01T01:43:51.681+0000] {logging_mixin.py:151} INFO - [2026-02-01T01:43:51.680+0000] {dag.py:2941} INFO - Sync 1 DAGs
[2026-02-01T01:43:51.725+0000] {logging_mixin.py:151} INFO - [2026-02-01T01:43:51.724+0000] {dag.py:3722} INFO - Setting next_dagrun for example_xcom to 2021-01-01T00:00:00+00:00, run_after=2021-01-01T00:00:00+00:00
[2026-02-01T01:43:51.795+0000] {processor.py:179} INFO - Processing /home/airflow/.local/lib/python3.8/site-packages/airflow/example_dags/example_xcom.py took 0.197 seconds
[2026-02-01T01:44:22.561+0000] {processor.py:157} INFO - Started process (PID=478) to work on /home/airflow/.local/lib/python3.8/site-packages/airflow/example_dags/example_xcom.py
[2026-02-01T01:44:22.566+0000] {processor.py:829} INFO - Processing file /home/airflow/.local/lib/python3.8/site-packages/airflow/example_dags/example_xcom.py for tasks to queue
[2026-02-01T01:44:22.573+0000] {logging_mixin.py:151} INFO - [2026-02-01T01:44:22.572+0000] {dagbag.py:536} INFO - Filling up the DagBag from /home/airflow/.local/lib/python3.8/site-packages/airflow/example_dags/example_xcom.py
[2026-02-01T01:44:22.604+0000] {processor.py:839} INFO - DAG(s) dict_keys(['example_xcom']) retrieved from /home/airflow/.local/lib/python3.8/site-packages/airflow/example_dags/example_xcom.py
[2026-02-01T01:44:22.669+0000] {logging_mixin.py:151} INFO - [2026-02-01T01:44:22.664+0000] {dag.py:2941} INFO - Sync 1 DAGs
[2026-02-01T01:44:22.790+0000] {logging_mixin.py:151} INFO - [2026-02-01T01:44:22.789+0000] {dag.py:3722} INFO - Setting next_dagrun for example_xcom to 2021-01-01T00:00:00+00:00, run_after=2021-01-01T00:00:00+00:00
[2026-02-01T01:44:22.855+0000] {processor.py:179} INFO - Processing /home/airflow/.local/lib/python3.8/site-packages/airflow/example_dags/example_xcom.py took 0.303 seconds
[2026-02-01T02:11:10.344+0000] {processor.py:157} INFO - Started process (PID=111) to work on /home/airflow/.local/lib/python3.8/site-packages/airflow/example_dags/example_xcom.py
[2026-02-01T02:11:10.349+0000] {processor.py:829} INFO - Processing file /home/airflow/.local/lib/python3.8/site-packages/airflow/example_dags/example_xcom.py for tasks to queue
[2026-02-01T02:11:10.356+0000] {logging_mixin.py:151} INFO - [2026-02-01T02:11:10.355+0000] {dagbag.py:536} INFO - Filling up the DagBag from /home/airflow/.local/lib/python3.8/site-packages/airflow/example_dags/example_xcom.py
[2026-02-01T02:11:10.395+0000] {processor.py:839} INFO - DAG(s) dict_keys(['example_xcom']) retrieved from /home/airflow/.local/lib/python3.8/site-packages/airflow/example_dags/example_xcom.py
[2026-02-01T02:11:10.458+0000] {logging_mixin.py:151} INFO - [2026-02-01T02:11:10.458+0000] {dag.py:2941} INFO - Sync 1 DAGs
[2026-02-01T02:11:10.523+0000] {logging_mixin.py:151} INFO - [2026-02-01T02:11:10.521+0000] {dag.py:3722} INFO - Setting next_dagrun for example_xcom to 2021-01-01T00:00:00+00:00, run_after=2021-01-01T00:00:00+00:00
[2026-02-01T02:11:10.584+0000] {processor.py:179} INFO - Processing /home/airflow/.local/lib/python3.8/site-packages/airflow/example_dags/example_xcom.py took 0.248 seconds
[2026-02-01T02:11:41.431+0000] {processor.py:157} INFO - Started process (PID=166) to work on /home/airflow/.local/lib/python3.8/site-packages/airflow/example_dags/example_xcom.py
[2026-02-01T02:11:41.433+0000] {processor.py:829} INFO - Processing file /home/airflow/.local/lib/python3.8/site-packages/airflow/example_dags/example_xcom.py for tasks to queue
[2026-02-01T02:11:41.439+0000] {logging_mixin.py:151} INFO - [2026-02-01T02:11:41.438+0000] {dagbag.py:536} INFO - Filling up the DagBag from /home/airflow/.local/lib/python3.8/site-packages/airflow/example_dags/example_xcom.py
[2026-02-01T02:11:41.463+0000] {processor.py:839} INFO - DAG(s) dict_keys(['example_xcom']) retrieved from /home/airflow/.local/lib/python3.8/site-packages/airflow/example_dags/example_xcom.py
[2026-02-01T02:11:41.523+0000] {logging_mixin.py:151} INFO - [2026-02-01T02:11:41.522+0000] {dag.py:2941} INFO - Sync 1 DAGs
[2026-02-01T02:11:41.576+0000] {logging_mixin.py:151} INFO - [2026-02-01T02:11:41.576+0000] {dag.py:3722} INFO - Setting next_dagrun for example_xcom to 2021-01-01T00:00:00+00:00, run_after=2021-01-01T00:00:00+00:00
[2026-02-01T02:11:41.629+0000] {processor.py:179} INFO - Processing /home/airflow/.local/lib/python3.8/site-packages/airflow/example_dags/example_xcom.py took 0.207 seconds
[2026-02-01T02:12:12.141+0000] {processor.py:157} INFO - Started process (PID=221) to work on /home/airflow/.local/lib/python3.8/site-packages/airflow/example_dags/example_xcom.py
[2026-02-01T02:12:12.145+0000] {processor.py:829} INFO - Processing file /home/airflow/.local/lib/python3.8/site-packages/airflow/example_dags/example_xcom.py for tasks to queue
[2026-02-01T02:12:12.150+0000] {logging_mixin.py:151} INFO - [2026-02-01T02:12:12.150+0000] {dagbag.py:536} INFO - Filling up the DagBag from /home/airflow/.local/lib/python3.8/site-packages/airflow/example_dags/example_xcom.py
[2026-02-01T02:12:12.170+0000] {processor.py:839} INFO - DAG(s) dict_keys(['example_xcom']) retrieved from /home/airflow/.local/lib/python3.8/site-packages/airflow/example_dags/example_xcom.py
[2026-02-01T02:12:12.254+0000] {logging_mixin.py:151} INFO - [2026-02-01T02:12:12.253+0000] {dag.py:2941} INFO - Sync 1 DAGs
[2026-02-01T02:12:12.347+0000] {logging_mixin.py:151} INFO - [2026-02-01T02:12:12.347+0000] {dag.py:3722} INFO - Setting next_dagrun for example_xcom to 2021-01-01T00:00:00+00:00, run_after=2021-01-01T00:00:00+00:00
[2026-02-01T02:12:12.441+0000] {processor.py:179} INFO - Processing /home/airflow/.local/lib/python3.8/site-packages/airflow/example_dags/example_xcom.py took 0.309 seconds
[2026-02-01T02:12:44.122+0000] {processor.py:157} INFO - Started process (PID=276) to work on /home/airflow/.local/lib/python3.8/site-packages/airflow/example_dags/example_xcom.py
[2026-02-01T02:12:44.126+0000] {processor.py:829} INFO - Processing file /home/airflow/.local/lib/python3.8/site-packages/airflow/example_dags/example_xcom.py for tasks to queue
[2026-02-01T02:12:44.134+0000] {logging_mixin.py:151} INFO - [2026-02-01T02:12:44.133+0000] {dagbag.py:536} INFO - Filling up the DagBag from /home/airflow/.local/lib/python3.8/site-packages/airflow/example_dags/example_xcom.py
[2026-02-01T02:12:44.158+0000] {processor.py:839} INFO - DAG(s) dict_keys(['example_xcom']) retrieved from /home/airflow/.local/lib/python3.8/site-packages/airflow/example_dags/example_xcom.py
[2026-02-01T02:12:44.260+0000] {logging_mixin.py:151} INFO - [2026-02-01T02:12:44.259+0000] {dag.py:2941} INFO - Sync 1 DAGs
[2026-02-01T02:12:44.352+0000] {logging_mixin.py:151} INFO - [2026-02-01T02:12:44.351+0000] {dag.py:3722} INFO - Setting next_dagrun for example_xcom to 2021-01-01T00:00:00+00:00, run_after=2021-01-01T00:00:00+00:00
[2026-02-01T02:12:44.415+0000] {processor.py:179} INFO - Processing /home/airflow/.local/lib/python3.8/site-packages/airflow/example_dags/example_xcom.py took 0.302 seconds
[2026-02-01T02:13:14.644+0000] {processor.py:157} INFO - Started process (PID=331) to work on /home/airflow/.local/lib/python3.8/site-packages/airflow/example_dags/example_xcom.py
[2026-02-01T02:13:14.647+0000] {processor.py:829} INFO - Processing file /home/airflow/.local/lib/python3.8/site-packages/airflow/example_dags/example_xcom.py for tasks to queue
[2026-02-01T02:13:14.653+0000] {logging_mixin.py:151} INFO - [2026-02-01T02:13:14.652+0000] {dagbag.py:536} INFO - Filling up the DagBag from /home/airflow/.local/lib/python3.8/site-packages/airflow/example_dags/example_xcom.py
[2026-02-01T02:13:14.676+0000] {processor.py:839} INFO - DAG(s) dict_keys(['example_xcom']) retrieved from /home/airflow/.local/lib/python3.8/site-packages/airflow/example_dags/example_xcom.py
[2026-02-01T02:13:14.742+0000] {logging_mixin.py:151} INFO - [2026-02-01T02:13:14.742+0000] {dag.py:2941} INFO - Sync 1 DAGs
[2026-02-01T02:13:14.817+0000] {logging_mixin.py:151} INFO - [2026-02-01T02:13:14.817+0000] {dag.py:3722} INFO - Setting next_dagrun for example_xcom to 2021-01-01T00:00:00+00:00, run_after=2021-01-01T00:00:00+00:00
[2026-02-01T02:13:14.874+0000] {processor.py:179} INFO - Processing /home/airflow/.local/lib/python3.8/site-packages/airflow/example_dags/example_xcom.py took 0.246 seconds
[2026-02-01T02:13:45.083+0000] {processor.py:157} INFO - Started process (PID=386) to work on /home/airflow/.local/lib/python3.8/site-packages/airflow/example_dags/example_xcom.py
[2026-02-01T02:13:45.091+0000] {processor.py:829} INFO - Processing file /home/airflow/.local/lib/python3.8/site-packages/airflow/example_dags/example_xcom.py for tasks to queue
[2026-02-01T02:13:45.099+0000] {logging_mixin.py:151} INFO - [2026-02-01T02:13:45.098+0000] {dagbag.py:536} INFO - Filling up the DagBag from /home/airflow/.local/lib/python3.8/site-packages/airflow/example_dags/example_xcom.py
[2026-02-01T02:13:45.121+0000] {processor.py:839} INFO - DAG(s) dict_keys(['example_xcom']) retrieved from /home/airflow/.local/lib/python3.8/site-packages/airflow/example_dags/example_xcom.py
[2026-02-01T02:13:45.194+0000] {logging_mixin.py:151} INFO - [2026-02-01T02:13:45.193+0000] {dag.py:2941} INFO - Sync 1 DAGs
[2026-02-01T02:13:45.271+0000] {logging_mixin.py:151} INFO - [2026-02-01T02:13:45.271+0000] {dag.py:3722} INFO - Setting next_dagrun for example_xcom to 2021-01-01T00:00:00+00:00, run_after=2021-01-01T00:00:00+00:00
[2026-02-01T02:13:45.353+0000] {processor.py:179} INFO - Processing /home/airflow/.local/lib/python3.8/site-packages/airflow/example_dags/example_xcom.py took 0.278 seconds
[2026-02-01T02:14:15.437+0000] {processor.py:157} INFO - Started process (PID=441) to work on /home/airflow/.local/lib/python3.8/site-packages/airflow/example_dags/example_xcom.py
[2026-02-01T02:14:15.440+0000] {processor.py:829} INFO - Processing file /home/airflow/.local/lib/python3.8/site-packages/airflow/example_dags/example_xcom.py for tasks to queue
[2026-02-01T02:14:15.449+0000] {logging_mixin.py:151} INFO - [2026-02-01T02:14:15.449+0000] {dagbag.py:536} INFO - Filling up the DagBag from /home/airflow/.local/lib/python3.8/site-packages/airflow/example_dags/example_xcom.py
[2026-02-01T02:14:15.474+0000] {processor.py:839} INFO - DAG(s) dict_keys(['example_xcom']) retrieved from /home/airflow/.local/lib/python3.8/site-packages/airflow/example_dags/example_xcom.py
[2026-02-01T02:14:15.525+0000] {logging_mixin.py:151} INFO - [2026-02-01T02:14:15.524+0000] {dag.py:2941} INFO - Sync 1 DAGs
[2026-02-01T02:14:15.565+0000] {logging_mixin.py:151} INFO - [2026-02-01T02:14:15.565+0000] {dag.py:3722} INFO - Setting next_dagrun for example_xcom to 2021-01-01T00:00:00+00:00, run_after=2021-01-01T00:00:00+00:00
[2026-02-01T02:14:15.595+0000] {processor.py:179} INFO - Processing /home/airflow/.local/lib/python3.8/site-packages/airflow/example_dags/example_xcom.py took 0.172 seconds
[2026-02-01T02:14:45.696+0000] {processor.py:157} INFO - Started process (PID=495) to work on /home/airflow/.local/lib/python3.8/site-packages/airflow/example_dags/example_xcom.py
[2026-02-01T02:14:45.698+0000] {processor.py:829} INFO - Processing file /home/airflow/.local/lib/python3.8/site-packages/airflow/example_dags/example_xcom.py for tasks to queue
[2026-02-01T02:14:45.701+0000] {logging_mixin.py:151} INFO - [2026-02-01T02:14:45.701+0000] {dagbag.py:536} INFO - Filling up the DagBag from /home/airflow/.local/lib/python3.8/site-packages/airflow/example_dags/example_xcom.py
[2026-02-01T02:14:45.716+0000] {processor.py:839} INFO - DAG(s) dict_keys(['example_xcom']) retrieved from /home/airflow/.local/lib/python3.8/site-packages/airflow/example_dags/example_xcom.py
[2026-02-01T02:14:45.751+0000] {logging_mixin.py:151} INFO - [2026-02-01T02:14:45.751+0000] {dag.py:2941} INFO - Sync 1 DAGs
[2026-02-01T02:14:45.792+0000] {logging_mixin.py:151} INFO - [2026-02-01T02:14:45.792+0000] {dag.py:3722} INFO - Setting next_dagrun for example_xcom to 2021-01-01T00:00:00+00:00, run_after=2021-01-01T00:00:00+00:00
[2026-02-01T02:14:45.825+0000] {processor.py:179} INFO - Processing /home/airflow/.local/lib/python3.8/site-packages/airflow/example_dags/example_xcom.py took 0.135 seconds
[2026-02-01T02:15:16.687+0000] {processor.py:157} INFO - Started process (PID=550) to work on /home/airflow/.local/lib/python3.8/site-packages/airflow/example_dags/example_xcom.py
[2026-02-01T02:15:16.689+0000] {processor.py:829} INFO - Processing file /home/airflow/.local/lib/python3.8/site-packages/airflow/example_dags/example_xcom.py for tasks to queue
[2026-02-01T02:15:16.707+0000] {logging_mixin.py:151} INFO - [2026-02-01T02:15:16.705+0000] {dagbag.py:536} INFO - Filling up the DagBag from /home/airflow/.local/lib/python3.8/site-packages/airflow/example_dags/example_xcom.py
[2026-02-01T02:15:16.757+0000] {processor.py:839} INFO - DAG(s) dict_keys(['example_xcom']) retrieved from /home/airflow/.local/lib/python3.8/site-packages/airflow/example_dags/example_xcom.py
[2026-02-01T02:15:16.863+0000] {logging_mixin.py:151} INFO - [2026-02-01T02:15:16.863+0000] {dag.py:2941} INFO - Sync 1 DAGs
[2026-02-01T02:15:17.035+0000] {logging_mixin.py:151} INFO - [2026-02-01T02:15:17.035+0000] {dag.py:3722} INFO - Setting next_dagrun for example_xcom to 2021-01-01T00:00:00+00:00, run_after=2021-01-01T00:00:00+00:00
[2026-02-01T02:15:17.169+0000] {processor.py:179} INFO - Processing /home/airflow/.local/lib/python3.8/site-packages/airflow/example_dags/example_xcom.py took 0.500 seconds
[2026-02-01T02:15:47.832+0000] {processor.py:157} INFO - Started process (PID=605) to work on /home/airflow/.local/lib/python3.8/site-packages/airflow/example_dags/example_xcom.py
[2026-02-01T02:15:47.834+0000] {processor.py:829} INFO - Processing file /home/airflow/.local/lib/python3.8/site-packages/airflow/example_dags/example_xcom.py for tasks to queue
[2026-02-01T02:15:47.845+0000] {logging_mixin.py:151} INFO - [2026-02-01T02:15:47.844+0000] {dagbag.py:536} INFO - Filling up the DagBag from /home/airflow/.local/lib/python3.8/site-packages/airflow/example_dags/example_xcom.py
[2026-02-01T02:15:47.863+0000] {processor.py:839} INFO - DAG(s) dict_keys(['example_xcom']) retrieved from /home/airflow/.local/lib/python3.8/site-packages/airflow/example_dags/example_xcom.py
[2026-02-01T02:15:47.908+0000] {logging_mixin.py:151} INFO - [2026-02-01T02:15:47.908+0000] {dag.py:2941} INFO - Sync 1 DAGs
[2026-02-01T02:15:47.979+0000] {logging_mixin.py:151} INFO - [2026-02-01T02:15:47.979+0000] {dag.py:3722} INFO - Setting next_dagrun for example_xcom to 2021-01-01T00:00:00+00:00, run_after=2021-01-01T00:00:00+00:00
[2026-02-01T02:15:48.034+0000] {processor.py:179} INFO - Processing /home/airflow/.local/lib/python3.8/site-packages/airflow/example_dags/example_xcom.py took 0.211 seconds
[2026-02-01T02:16:18.233+0000] {processor.py:157} INFO - Started process (PID=660) to work on /home/airflow/.local/lib/python3.8/site-packages/airflow/example_dags/example_xcom.py
[2026-02-01T02:16:18.235+0000] {processor.py:829} INFO - Processing file /home/airflow/.local/lib/python3.8/site-packages/airflow/example_dags/example_xcom.py for tasks to queue
[2026-02-01T02:16:18.240+0000] {logging_mixin.py:151} INFO - [2026-02-01T02:16:18.239+0000] {dagbag.py:536} INFO - Filling up the DagBag from /home/airflow/.local/lib/python3.8/site-packages/airflow/example_dags/example_xcom.py
[2026-02-01T02:16:18.257+0000] {processor.py:839} INFO - DAG(s) dict_keys(['example_xcom']) retrieved from /home/airflow/.local/lib/python3.8/site-packages/airflow/example_dags/example_xcom.py
[2026-02-01T02:16:18.303+0000] {logging_mixin.py:151} INFO - [2026-02-01T02:16:18.303+0000] {dag.py:2941} INFO - Sync 1 DAGs
[2026-02-01T02:16:18.350+0000] {logging_mixin.py:151} INFO - [2026-02-01T02:16:18.349+0000] {dag.py:3722} INFO - Setting next_dagrun for example_xcom to 2021-01-01T00:00:00+00:00, run_after=2021-01-01T00:00:00+00:00
[2026-02-01T02:16:18.385+0000] {processor.py:179} INFO - Processing /home/airflow/.local/lib/python3.8/site-packages/airflow/example_dags/example_xcom.py took 0.160 seconds
