[2026-02-01T01:37:12.877+0000] {processor.py:157} INFO - Started process (PID=95) to work on /home/airflow/.local/lib/python3.8/site-packages/airflow/example_dags/example_branch_datetime_operator.py
[2026-02-01T01:37:12.890+0000] {processor.py:829} INFO - Processing file /home/airflow/.local/lib/python3.8/site-packages/airflow/example_dags/example_branch_datetime_operator.py for tasks to queue
[2026-02-01T01:37:12.910+0000] {logging_mixin.py:151} INFO - [2026-02-01T01:37:12.910+0000] {dagbag.py:536} INFO - Filling up the DagBag from /home/airflow/.local/lib/python3.8/site-packages/airflow/example_dags/example_branch_datetime_operator.py
[2026-02-01T01:37:13.013+0000] {processor.py:839} INFO - DAG(s) dict_keys(['example_branch_datetime_operator', 'example_branch_datetime_operator_2', 'example_branch_datetime_operator_3']) retrieved from /home/airflow/.local/lib/python3.8/site-packages/airflow/example_dags/example_branch_datetime_operator.py
[2026-02-01T01:37:13.462+0000] {logging_mixin.py:151} INFO - [2026-02-01T01:37:13.462+0000] {manager.py:499} INFO - Created Permission View: %s
[2026-02-01T01:37:13.501+0000] {logging_mixin.py:151} INFO - [2026-02-01T01:37:13.501+0000] {manager.py:499} INFO - Created Permission View: %s
[2026-02-01T01:37:13.529+0000] {logging_mixin.py:151} INFO - [2026-02-01T01:37:13.529+0000] {manager.py:499} INFO - Created Permission View: %s
[2026-02-01T01:37:13.579+0000] {logging_mixin.py:151} INFO - [2026-02-01T01:37:13.579+0000] {manager.py:499} INFO - Created Permission View: %s
[2026-02-01T01:37:13.631+0000] {logging_mixin.py:151} INFO - [2026-02-01T01:37:13.630+0000] {manager.py:499} INFO - Created Permission View: %s
[2026-02-01T01:37:13.688+0000] {logging_mixin.py:151} INFO - [2026-02-01T01:37:13.688+0000] {manager.py:499} INFO - Created Permission View: %s
[2026-02-01T01:37:13.756+0000] {logging_mixin.py:151} INFO - [2026-02-01T01:37:13.756+0000] {manager.py:499} INFO - Created Permission View: %s
[2026-02-01T01:37:13.781+0000] {logging_mixin.py:151} INFO - [2026-02-01T01:37:13.781+0000] {manager.py:499} INFO - Created Permission View: %s
[2026-02-01T01:37:13.853+0000] {logging_mixin.py:151} INFO - [2026-02-01T01:37:13.853+0000] {manager.py:499} INFO - Created Permission View: %s
[2026-02-01T01:37:13.867+0000] {logging_mixin.py:151} INFO - [2026-02-01T01:37:13.866+0000] {dag.py:2941} INFO - Sync 3 DAGs
[2026-02-01T01:37:13.908+0000] {logging_mixin.py:151} INFO - [2026-02-01T01:37:13.908+0000] {dag.py:2963} INFO - Creating ORM DAG for example_branch_datetime_operator_3
[2026-02-01T01:37:13.910+0000] {logging_mixin.py:151} INFO - [2026-02-01T01:37:13.910+0000] {dag.py:2963} INFO - Creating ORM DAG for example_branch_datetime_operator
[2026-02-01T01:37:13.915+0000] {logging_mixin.py:151} INFO - [2026-02-01T01:37:13.914+0000] {dag.py:2963} INFO - Creating ORM DAG for example_branch_datetime_operator_2
[2026-02-01T01:37:13.980+0000] {logging_mixin.py:151} INFO - [2026-02-01T01:37:13.979+0000] {dag.py:3722} INFO - Setting next_dagrun for example_branch_datetime_operator to 2026-01-31T00:00:00+00:00, run_after=2026-02-01T00:00:00+00:00
[2026-02-01T01:37:13.988+0000] {logging_mixin.py:151} INFO - [2026-02-01T01:37:13.987+0000] {dag.py:3722} INFO - Setting next_dagrun for example_branch_datetime_operator_2 to 2026-01-31T00:00:00+00:00, run_after=2026-02-01T00:00:00+00:00
[2026-02-01T01:37:13.993+0000] {logging_mixin.py:151} INFO - [2026-02-01T01:37:13.993+0000] {dag.py:3722} INFO - Setting next_dagrun for example_branch_datetime_operator_3 to 2026-01-31T00:00:00+00:00, run_after=2026-02-01T00:00:00+00:00
[2026-02-01T01:37:14.091+0000] {processor.py:179} INFO - Processing /home/airflow/.local/lib/python3.8/site-packages/airflow/example_dags/example_branch_datetime_operator.py took 1.244 seconds
[2026-02-01T01:40:36.640+0000] {processor.py:157} INFO - Started process (PID=88) to work on /home/airflow/.local/lib/python3.8/site-packages/airflow/example_dags/example_branch_datetime_operator.py
[2026-02-01T01:40:36.652+0000] {processor.py:829} INFO - Processing file /home/airflow/.local/lib/python3.8/site-packages/airflow/example_dags/example_branch_datetime_operator.py for tasks to queue
[2026-02-01T01:40:36.672+0000] {logging_mixin.py:151} INFO - [2026-02-01T01:40:36.669+0000] {dagbag.py:536} INFO - Filling up the DagBag from /home/airflow/.local/lib/python3.8/site-packages/airflow/example_dags/example_branch_datetime_operator.py
[2026-02-01T01:40:36.721+0000] {processor.py:839} INFO - DAG(s) dict_keys(['example_branch_datetime_operator_3', 'example_branch_datetime_operator', 'example_branch_datetime_operator_2']) retrieved from /home/airflow/.local/lib/python3.8/site-packages/airflow/example_dags/example_branch_datetime_operator.py
[2026-02-01T01:40:36.804+0000] {logging_mixin.py:151} INFO - [2026-02-01T01:40:36.803+0000] {dag.py:2941} INFO - Sync 3 DAGs
[2026-02-01T01:40:36.895+0000] {logging_mixin.py:151} INFO - [2026-02-01T01:40:36.894+0000] {dag.py:3722} INFO - Setting next_dagrun for example_branch_datetime_operator to 2026-01-31T00:00:00+00:00, run_after=2026-02-01T00:00:00+00:00
[2026-02-01T01:40:36.915+0000] {logging_mixin.py:151} INFO - [2026-02-01T01:40:36.914+0000] {dag.py:3722} INFO - Setting next_dagrun for example_branch_datetime_operator_2 to 2026-01-31T00:00:00+00:00, run_after=2026-02-01T00:00:00+00:00
[2026-02-01T01:40:36.929+0000] {logging_mixin.py:151} INFO - [2026-02-01T01:40:36.928+0000] {dag.py:3722} INFO - Setting next_dagrun for example_branch_datetime_operator_3 to 2026-01-31T00:00:00+00:00, run_after=2026-02-01T00:00:00+00:00
[2026-02-01T01:40:36.974+0000] {processor.py:179} INFO - Processing /home/airflow/.local/lib/python3.8/site-packages/airflow/example_dags/example_branch_datetime_operator.py took 0.373 seconds
[2026-02-01T01:41:07.027+0000] {processor.py:157} INFO - Started process (PID=144) to work on /home/airflow/.local/lib/python3.8/site-packages/airflow/example_dags/example_branch_datetime_operator.py
[2026-02-01T01:41:07.031+0000] {processor.py:829} INFO - Processing file /home/airflow/.local/lib/python3.8/site-packages/airflow/example_dags/example_branch_datetime_operator.py for tasks to queue
[2026-02-01T01:41:07.036+0000] {logging_mixin.py:151} INFO - [2026-02-01T01:41:07.035+0000] {dagbag.py:536} INFO - Filling up the DagBag from /home/airflow/.local/lib/python3.8/site-packages/airflow/example_dags/example_branch_datetime_operator.py
[2026-02-01T01:41:07.061+0000] {processor.py:839} INFO - DAG(s) dict_keys(['example_branch_datetime_operator', 'example_branch_datetime_operator_3', 'example_branch_datetime_operator_2']) retrieved from /home/airflow/.local/lib/python3.8/site-packages/airflow/example_dags/example_branch_datetime_operator.py
[2026-02-01T01:41:07.131+0000] {logging_mixin.py:151} INFO - [2026-02-01T01:41:07.131+0000] {dag.py:2941} INFO - Sync 3 DAGs
[2026-02-01T01:41:07.192+0000] {logging_mixin.py:151} INFO - [2026-02-01T01:41:07.192+0000] {dag.py:3722} INFO - Setting next_dagrun for example_branch_datetime_operator to 2026-01-31T00:00:00+00:00, run_after=2026-02-01T00:00:00+00:00
[2026-02-01T01:41:07.203+0000] {logging_mixin.py:151} INFO - [2026-02-01T01:41:07.202+0000] {dag.py:3722} INFO - Setting next_dagrun for example_branch_datetime_operator_2 to 2026-01-31T00:00:00+00:00, run_after=2026-02-01T00:00:00+00:00
[2026-02-01T01:41:07.208+0000] {logging_mixin.py:151} INFO - [2026-02-01T01:41:07.208+0000] {dag.py:3722} INFO - Setting next_dagrun for example_branch_datetime_operator_3 to 2026-01-31T00:00:00+00:00, run_after=2026-02-01T00:00:00+00:00
[2026-02-01T01:41:07.248+0000] {processor.py:179} INFO - Processing /home/airflow/.local/lib/python3.8/site-packages/airflow/example_dags/example_branch_datetime_operator.py took 0.229 seconds
[2026-02-01T01:41:46.726+0000] {processor.py:157} INFO - Started process (PID=199) to work on /home/airflow/.local/lib/python3.8/site-packages/airflow/example_dags/example_branch_datetime_operator.py
[2026-02-01T01:41:46.730+0000] {processor.py:829} INFO - Processing file /home/airflow/.local/lib/python3.8/site-packages/airflow/example_dags/example_branch_datetime_operator.py for tasks to queue
[2026-02-01T01:41:46.736+0000] {logging_mixin.py:151} INFO - [2026-02-01T01:41:46.735+0000] {dagbag.py:536} INFO - Filling up the DagBag from /home/airflow/.local/lib/python3.8/site-packages/airflow/example_dags/example_branch_datetime_operator.py
[2026-02-01T01:41:46.768+0000] {processor.py:839} INFO - DAG(s) dict_keys(['example_branch_datetime_operator_2', 'example_branch_datetime_operator_3', 'example_branch_datetime_operator']) retrieved from /home/airflow/.local/lib/python3.8/site-packages/airflow/example_dags/example_branch_datetime_operator.py
[2026-02-01T01:41:46.850+0000] {logging_mixin.py:151} INFO - [2026-02-01T01:41:46.850+0000] {dag.py:2941} INFO - Sync 3 DAGs
[2026-02-01T01:41:46.928+0000] {logging_mixin.py:151} INFO - [2026-02-01T01:41:46.927+0000] {dag.py:3722} INFO - Setting next_dagrun for example_branch_datetime_operator to 2026-01-31T00:00:00+00:00, run_after=2026-02-01T00:00:00+00:00
[2026-02-01T01:41:46.942+0000] {logging_mixin.py:151} INFO - [2026-02-01T01:41:46.942+0000] {dag.py:3722} INFO - Setting next_dagrun for example_branch_datetime_operator_2 to 2026-01-31T00:00:00+00:00, run_after=2026-02-01T00:00:00+00:00
[2026-02-01T01:41:46.949+0000] {logging_mixin.py:151} INFO - [2026-02-01T01:41:46.949+0000] {dag.py:3722} INFO - Setting next_dagrun for example_branch_datetime_operator_3 to 2026-01-31T00:00:00+00:00, run_after=2026-02-01T00:00:00+00:00
[2026-02-01T01:41:47.019+0000] {processor.py:179} INFO - Processing /home/airflow/.local/lib/python3.8/site-packages/airflow/example_dags/example_branch_datetime_operator.py took 0.308 seconds
[2026-02-01T01:42:17.458+0000] {processor.py:157} INFO - Started process (PID=255) to work on /home/airflow/.local/lib/python3.8/site-packages/airflow/example_dags/example_branch_datetime_operator.py
[2026-02-01T01:42:17.463+0000] {processor.py:829} INFO - Processing file /home/airflow/.local/lib/python3.8/site-packages/airflow/example_dags/example_branch_datetime_operator.py for tasks to queue
[2026-02-01T01:42:17.469+0000] {logging_mixin.py:151} INFO - [2026-02-01T01:42:17.468+0000] {dagbag.py:536} INFO - Filling up the DagBag from /home/airflow/.local/lib/python3.8/site-packages/airflow/example_dags/example_branch_datetime_operator.py
[2026-02-01T01:42:17.495+0000] {processor.py:839} INFO - DAG(s) dict_keys(['example_branch_datetime_operator_3', 'example_branch_datetime_operator_2', 'example_branch_datetime_operator']) retrieved from /home/airflow/.local/lib/python3.8/site-packages/airflow/example_dags/example_branch_datetime_operator.py
[2026-02-01T01:42:17.573+0000] {logging_mixin.py:151} INFO - [2026-02-01T01:42:17.573+0000] {dag.py:2941} INFO - Sync 3 DAGs
[2026-02-01T01:42:17.645+0000] {logging_mixin.py:151} INFO - [2026-02-01T01:42:17.644+0000] {dag.py:3722} INFO - Setting next_dagrun for example_branch_datetime_operator to 2026-01-31T00:00:00+00:00, run_after=2026-02-01T00:00:00+00:00
[2026-02-01T01:42:17.659+0000] {logging_mixin.py:151} INFO - [2026-02-01T01:42:17.658+0000] {dag.py:3722} INFO - Setting next_dagrun for example_branch_datetime_operator_2 to 2026-01-31T00:00:00+00:00, run_after=2026-02-01T00:00:00+00:00
[2026-02-01T01:42:17.665+0000] {logging_mixin.py:151} INFO - [2026-02-01T01:42:17.665+0000] {dag.py:3722} INFO - Setting next_dagrun for example_branch_datetime_operator_3 to 2026-01-31T00:00:00+00:00, run_after=2026-02-01T00:00:00+00:00
[2026-02-01T01:42:17.725+0000] {processor.py:179} INFO - Processing /home/airflow/.local/lib/python3.8/site-packages/airflow/example_dags/example_branch_datetime_operator.py took 0.278 seconds
[2026-02-01T01:42:49.256+0000] {processor.py:157} INFO - Started process (PID=310) to work on /home/airflow/.local/lib/python3.8/site-packages/airflow/example_dags/example_branch_datetime_operator.py
[2026-02-01T01:42:49.258+0000] {processor.py:829} INFO - Processing file /home/airflow/.local/lib/python3.8/site-packages/airflow/example_dags/example_branch_datetime_operator.py for tasks to queue
[2026-02-01T01:42:49.263+0000] {logging_mixin.py:151} INFO - [2026-02-01T01:42:49.262+0000] {dagbag.py:536} INFO - Filling up the DagBag from /home/airflow/.local/lib/python3.8/site-packages/airflow/example_dags/example_branch_datetime_operator.py
[2026-02-01T01:42:49.281+0000] {processor.py:839} INFO - DAG(s) dict_keys(['example_branch_datetime_operator', 'example_branch_datetime_operator_3', 'example_branch_datetime_operator_2']) retrieved from /home/airflow/.local/lib/python3.8/site-packages/airflow/example_dags/example_branch_datetime_operator.py
[2026-02-01T01:42:49.341+0000] {logging_mixin.py:151} INFO - [2026-02-01T01:42:49.341+0000] {dag.py:2941} INFO - Sync 3 DAGs
[2026-02-01T01:42:49.387+0000] {logging_mixin.py:151} INFO - [2026-02-01T01:42:49.387+0000] {dag.py:3722} INFO - Setting next_dagrun for example_branch_datetime_operator to 2026-01-31T00:00:00+00:00, run_after=2026-02-01T00:00:00+00:00
[2026-02-01T01:42:49.398+0000] {logging_mixin.py:151} INFO - [2026-02-01T01:42:49.398+0000] {dag.py:3722} INFO - Setting next_dagrun for example_branch_datetime_operator_2 to 2026-01-31T00:00:00+00:00, run_after=2026-02-01T00:00:00+00:00
[2026-02-01T01:42:49.405+0000] {logging_mixin.py:151} INFO - [2026-02-01T01:42:49.405+0000] {dag.py:3722} INFO - Setting next_dagrun for example_branch_datetime_operator_3 to 2026-01-31T00:00:00+00:00, run_after=2026-02-01T00:00:00+00:00
[2026-02-01T01:42:49.446+0000] {processor.py:179} INFO - Processing /home/airflow/.local/lib/python3.8/site-packages/airflow/example_dags/example_branch_datetime_operator.py took 0.198 seconds
[2026-02-01T01:43:19.937+0000] {processor.py:157} INFO - Started process (PID=364) to work on /home/airflow/.local/lib/python3.8/site-packages/airflow/example_dags/example_branch_datetime_operator.py
[2026-02-01T01:43:19.940+0000] {processor.py:829} INFO - Processing file /home/airflow/.local/lib/python3.8/site-packages/airflow/example_dags/example_branch_datetime_operator.py for tasks to queue
[2026-02-01T01:43:19.955+0000] {logging_mixin.py:151} INFO - [2026-02-01T01:43:19.955+0000] {dagbag.py:536} INFO - Filling up the DagBag from /home/airflow/.local/lib/python3.8/site-packages/airflow/example_dags/example_branch_datetime_operator.py
[2026-02-01T01:43:20.011+0000] {processor.py:839} INFO - DAG(s) dict_keys(['example_branch_datetime_operator_2', 'example_branch_datetime_operator_3', 'example_branch_datetime_operator']) retrieved from /home/airflow/.local/lib/python3.8/site-packages/airflow/example_dags/example_branch_datetime_operator.py
[2026-02-01T01:43:20.106+0000] {logging_mixin.py:151} INFO - [2026-02-01T01:43:20.106+0000] {dag.py:2941} INFO - Sync 3 DAGs
[2026-02-01T01:43:20.158+0000] {logging_mixin.py:151} INFO - [2026-02-01T01:43:20.157+0000] {dag.py:3722} INFO - Setting next_dagrun for example_branch_datetime_operator to 2026-01-31T00:00:00+00:00, run_after=2026-02-01T00:00:00+00:00
[2026-02-01T01:43:20.171+0000] {logging_mixin.py:151} INFO - [2026-02-01T01:43:20.170+0000] {dag.py:3722} INFO - Setting next_dagrun for example_branch_datetime_operator_2 to 2026-01-31T00:00:00+00:00, run_after=2026-02-01T00:00:00+00:00
[2026-02-01T01:43:20.179+0000] {logging_mixin.py:151} INFO - [2026-02-01T01:43:20.179+0000] {dag.py:3722} INFO - Setting next_dagrun for example_branch_datetime_operator_3 to 2026-01-31T00:00:00+00:00, run_after=2026-02-01T00:00:00+00:00
[2026-02-01T01:43:20.215+0000] {processor.py:179} INFO - Processing /home/airflow/.local/lib/python3.8/site-packages/airflow/example_dags/example_branch_datetime_operator.py took 0.290 seconds
[2026-02-01T01:43:50.878+0000] {processor.py:157} INFO - Started process (PID=419) to work on /home/airflow/.local/lib/python3.8/site-packages/airflow/example_dags/example_branch_datetime_operator.py
[2026-02-01T01:43:50.879+0000] {processor.py:829} INFO - Processing file /home/airflow/.local/lib/python3.8/site-packages/airflow/example_dags/example_branch_datetime_operator.py for tasks to queue
[2026-02-01T01:43:50.884+0000] {logging_mixin.py:151} INFO - [2026-02-01T01:43:50.884+0000] {dagbag.py:536} INFO - Filling up the DagBag from /home/airflow/.local/lib/python3.8/site-packages/airflow/example_dags/example_branch_datetime_operator.py
[2026-02-01T01:43:50.910+0000] {processor.py:839} INFO - DAG(s) dict_keys(['example_branch_datetime_operator', 'example_branch_datetime_operator_2', 'example_branch_datetime_operator_3']) retrieved from /home/airflow/.local/lib/python3.8/site-packages/airflow/example_dags/example_branch_datetime_operator.py
[2026-02-01T01:43:51.033+0000] {logging_mixin.py:151} INFO - [2026-02-01T01:43:51.033+0000] {dag.py:2941} INFO - Sync 3 DAGs
[2026-02-01T01:43:51.218+0000] {logging_mixin.py:151} INFO - [2026-02-01T01:43:51.217+0000] {dag.py:3722} INFO - Setting next_dagrun for example_branch_datetime_operator to 2026-01-31T00:00:00+00:00, run_after=2026-02-01T00:00:00+00:00
[2026-02-01T01:43:51.253+0000] {logging_mixin.py:151} INFO - [2026-02-01T01:43:51.252+0000] {dag.py:3722} INFO - Setting next_dagrun for example_branch_datetime_operator_2 to 2026-01-31T00:00:00+00:00, run_after=2026-02-01T00:00:00+00:00
[2026-02-01T01:43:51.282+0000] {logging_mixin.py:151} INFO - [2026-02-01T01:43:51.281+0000] {dag.py:3722} INFO - Setting next_dagrun for example_branch_datetime_operator_3 to 2026-01-31T00:00:00+00:00, run_after=2026-02-01T00:00:00+00:00
[2026-02-01T01:43:51.339+0000] {processor.py:179} INFO - Processing /home/airflow/.local/lib/python3.8/site-packages/airflow/example_dags/example_branch_datetime_operator.py took 0.472 seconds
[2026-02-01T01:44:21.791+0000] {processor.py:157} INFO - Started process (PID=474) to work on /home/airflow/.local/lib/python3.8/site-packages/airflow/example_dags/example_branch_datetime_operator.py
[2026-02-01T01:44:21.794+0000] {processor.py:829} INFO - Processing file /home/airflow/.local/lib/python3.8/site-packages/airflow/example_dags/example_branch_datetime_operator.py for tasks to queue
[2026-02-01T01:44:21.801+0000] {logging_mixin.py:151} INFO - [2026-02-01T01:44:21.800+0000] {dagbag.py:536} INFO - Filling up the DagBag from /home/airflow/.local/lib/python3.8/site-packages/airflow/example_dags/example_branch_datetime_operator.py
[2026-02-01T01:44:21.856+0000] {processor.py:839} INFO - DAG(s) dict_keys(['example_branch_datetime_operator_2', 'example_branch_datetime_operator_3', 'example_branch_datetime_operator']) retrieved from /home/airflow/.local/lib/python3.8/site-packages/airflow/example_dags/example_branch_datetime_operator.py
[2026-02-01T01:44:21.913+0000] {logging_mixin.py:151} INFO - [2026-02-01T01:44:21.913+0000] {dag.py:2941} INFO - Sync 3 DAGs
[2026-02-01T01:44:22.035+0000] {logging_mixin.py:151} INFO - [2026-02-01T01:44:22.035+0000] {dag.py:3722} INFO - Setting next_dagrun for example_branch_datetime_operator to 2026-01-31T00:00:00+00:00, run_after=2026-02-01T00:00:00+00:00
[2026-02-01T01:44:22.060+0000] {logging_mixin.py:151} INFO - [2026-02-01T01:44:22.056+0000] {dag.py:3722} INFO - Setting next_dagrun for example_branch_datetime_operator_2 to 2026-01-31T00:00:00+00:00, run_after=2026-02-01T00:00:00+00:00
[2026-02-01T01:44:22.080+0000] {logging_mixin.py:151} INFO - [2026-02-01T01:44:22.079+0000] {dag.py:3722} INFO - Setting next_dagrun for example_branch_datetime_operator_3 to 2026-01-31T00:00:00+00:00, run_after=2026-02-01T00:00:00+00:00
[2026-02-01T01:44:22.142+0000] {processor.py:179} INFO - Processing /home/airflow/.local/lib/python3.8/site-packages/airflow/example_dags/example_branch_datetime_operator.py took 0.365 seconds
[2026-02-01T02:11:09.726+0000] {processor.py:157} INFO - Started process (PID=107) to work on /home/airflow/.local/lib/python3.8/site-packages/airflow/example_dags/example_branch_datetime_operator.py
[2026-02-01T02:11:09.729+0000] {processor.py:829} INFO - Processing file /home/airflow/.local/lib/python3.8/site-packages/airflow/example_dags/example_branch_datetime_operator.py for tasks to queue
[2026-02-01T02:11:09.738+0000] {logging_mixin.py:151} INFO - [2026-02-01T02:11:09.737+0000] {dagbag.py:536} INFO - Filling up the DagBag from /home/airflow/.local/lib/python3.8/site-packages/airflow/example_dags/example_branch_datetime_operator.py
[2026-02-01T02:11:09.777+0000] {processor.py:839} INFO - DAG(s) dict_keys(['example_branch_datetime_operator_3', 'example_branch_datetime_operator_2', 'example_branch_datetime_operator']) retrieved from /home/airflow/.local/lib/python3.8/site-packages/airflow/example_dags/example_branch_datetime_operator.py
[2026-02-01T02:11:09.877+0000] {logging_mixin.py:151} INFO - [2026-02-01T02:11:09.877+0000] {dag.py:2941} INFO - Sync 3 DAGs
[2026-02-01T02:11:09.943+0000] {logging_mixin.py:151} INFO - [2026-02-01T02:11:09.943+0000] {dag.py:3722} INFO - Setting next_dagrun for example_branch_datetime_operator to 2026-01-31T00:00:00+00:00, run_after=2026-02-01T00:00:00+00:00
[2026-02-01T02:11:09.957+0000] {logging_mixin.py:151} INFO - [2026-02-01T02:11:09.957+0000] {dag.py:3722} INFO - Setting next_dagrun for example_branch_datetime_operator_2 to 2026-01-31T00:00:00+00:00, run_after=2026-02-01T00:00:00+00:00
[2026-02-01T02:11:09.966+0000] {logging_mixin.py:151} INFO - [2026-02-01T02:11:09.965+0000] {dag.py:3722} INFO - Setting next_dagrun for example_branch_datetime_operator_3 to 2026-01-31T00:00:00+00:00, run_after=2026-02-01T00:00:00+00:00
[2026-02-01T02:11:10.019+0000] {processor.py:179} INFO - Processing /home/airflow/.local/lib/python3.8/site-packages/airflow/example_dags/example_branch_datetime_operator.py took 0.313 seconds
[2026-02-01T02:11:40.296+0000] {processor.py:157} INFO - Started process (PID=162) to work on /home/airflow/.local/lib/python3.8/site-packages/airflow/example_dags/example_branch_datetime_operator.py
[2026-02-01T02:11:40.298+0000] {processor.py:829} INFO - Processing file /home/airflow/.local/lib/python3.8/site-packages/airflow/example_dags/example_branch_datetime_operator.py for tasks to queue
[2026-02-01T02:11:40.309+0000] {logging_mixin.py:151} INFO - [2026-02-01T02:11:40.308+0000] {dagbag.py:536} INFO - Filling up the DagBag from /home/airflow/.local/lib/python3.8/site-packages/airflow/example_dags/example_branch_datetime_operator.py
[2026-02-01T02:11:40.352+0000] {processor.py:839} INFO - DAG(s) dict_keys(['example_branch_datetime_operator_3', 'example_branch_datetime_operator_2', 'example_branch_datetime_operator']) retrieved from /home/airflow/.local/lib/python3.8/site-packages/airflow/example_dags/example_branch_datetime_operator.py
[2026-02-01T02:11:40.505+0000] {logging_mixin.py:151} INFO - [2026-02-01T02:11:40.505+0000] {dag.py:2941} INFO - Sync 3 DAGs
[2026-02-01T02:11:40.639+0000] {logging_mixin.py:151} INFO - [2026-02-01T02:11:40.639+0000] {dag.py:3722} INFO - Setting next_dagrun for example_branch_datetime_operator to 2026-01-31T00:00:00+00:00, run_after=2026-02-01T00:00:00+00:00
[2026-02-01T02:11:40.658+0000] {logging_mixin.py:151} INFO - [2026-02-01T02:11:40.657+0000] {dag.py:3722} INFO - Setting next_dagrun for example_branch_datetime_operator_2 to 2026-01-31T00:00:00+00:00, run_after=2026-02-01T00:00:00+00:00
[2026-02-01T02:11:40.675+0000] {logging_mixin.py:151} INFO - [2026-02-01T02:11:40.674+0000] {dag.py:3722} INFO - Setting next_dagrun for example_branch_datetime_operator_3 to 2026-01-31T00:00:00+00:00, run_after=2026-02-01T00:00:00+00:00
[2026-02-01T02:11:40.771+0000] {processor.py:179} INFO - Processing /home/airflow/.local/lib/python3.8/site-packages/airflow/example_dags/example_branch_datetime_operator.py took 0.488 seconds
[2026-02-01T02:12:11.547+0000] {processor.py:157} INFO - Started process (PID=217) to work on /home/airflow/.local/lib/python3.8/site-packages/airflow/example_dags/example_branch_datetime_operator.py
[2026-02-01T02:12:11.549+0000] {processor.py:829} INFO - Processing file /home/airflow/.local/lib/python3.8/site-packages/airflow/example_dags/example_branch_datetime_operator.py for tasks to queue
[2026-02-01T02:12:11.553+0000] {logging_mixin.py:151} INFO - [2026-02-01T02:12:11.553+0000] {dagbag.py:536} INFO - Filling up the DagBag from /home/airflow/.local/lib/python3.8/site-packages/airflow/example_dags/example_branch_datetime_operator.py
[2026-02-01T02:12:11.586+0000] {processor.py:839} INFO - DAG(s) dict_keys(['example_branch_datetime_operator_3', 'example_branch_datetime_operator', 'example_branch_datetime_operator_2']) retrieved from /home/airflow/.local/lib/python3.8/site-packages/airflow/example_dags/example_branch_datetime_operator.py
[2026-02-01T02:12:11.710+0000] {logging_mixin.py:151} INFO - [2026-02-01T02:12:11.709+0000] {dag.py:2941} INFO - Sync 3 DAGs
[2026-02-01T02:12:11.781+0000] {logging_mixin.py:151} INFO - [2026-02-01T02:12:11.780+0000] {dag.py:3722} INFO - Setting next_dagrun for example_branch_datetime_operator to 2026-01-31T00:00:00+00:00, run_after=2026-02-01T00:00:00+00:00
[2026-02-01T02:12:11.796+0000] {logging_mixin.py:151} INFO - [2026-02-01T02:12:11.795+0000] {dag.py:3722} INFO - Setting next_dagrun for example_branch_datetime_operator_2 to 2026-01-31T00:00:00+00:00, run_after=2026-02-01T00:00:00+00:00
[2026-02-01T02:12:11.805+0000] {logging_mixin.py:151} INFO - [2026-02-01T02:12:11.805+0000] {dag.py:3722} INFO - Setting next_dagrun for example_branch_datetime_operator_3 to 2026-01-31T00:00:00+00:00, run_after=2026-02-01T00:00:00+00:00
[2026-02-01T02:12:11.849+0000] {processor.py:179} INFO - Processing /home/airflow/.local/lib/python3.8/site-packages/airflow/example_dags/example_branch_datetime_operator.py took 0.313 seconds
[2026-02-01T02:12:42.548+0000] {processor.py:157} INFO - Started process (PID=272) to work on /home/airflow/.local/lib/python3.8/site-packages/airflow/example_dags/example_branch_datetime_operator.py
[2026-02-01T02:12:42.551+0000] {processor.py:829} INFO - Processing file /home/airflow/.local/lib/python3.8/site-packages/airflow/example_dags/example_branch_datetime_operator.py for tasks to queue
[2026-02-01T02:12:42.565+0000] {logging_mixin.py:151} INFO - [2026-02-01T02:12:42.565+0000] {dagbag.py:536} INFO - Filling up the DagBag from /home/airflow/.local/lib/python3.8/site-packages/airflow/example_dags/example_branch_datetime_operator.py
[2026-02-01T02:12:42.621+0000] {processor.py:839} INFO - DAG(s) dict_keys(['example_branch_datetime_operator_2', 'example_branch_datetime_operator_3', 'example_branch_datetime_operator']) retrieved from /home/airflow/.local/lib/python3.8/site-packages/airflow/example_dags/example_branch_datetime_operator.py
[2026-02-01T02:12:42.717+0000] {logging_mixin.py:151} INFO - [2026-02-01T02:12:42.717+0000] {dag.py:2941} INFO - Sync 3 DAGs
[2026-02-01T02:12:42.824+0000] {logging_mixin.py:151} INFO - [2026-02-01T02:12:42.824+0000] {dag.py:3722} INFO - Setting next_dagrun for example_branch_datetime_operator to 2026-01-31T00:00:00+00:00, run_after=2026-02-01T00:00:00+00:00
[2026-02-01T02:12:42.838+0000] {logging_mixin.py:151} INFO - [2026-02-01T02:12:42.837+0000] {dag.py:3722} INFO - Setting next_dagrun for example_branch_datetime_operator_2 to 2026-01-31T00:00:00+00:00, run_after=2026-02-01T00:00:00+00:00
[2026-02-01T02:12:42.851+0000] {logging_mixin.py:151} INFO - [2026-02-01T02:12:42.850+0000] {dag.py:3722} INFO - Setting next_dagrun for example_branch_datetime_operator_3 to 2026-01-31T00:00:00+00:00, run_after=2026-02-01T00:00:00+00:00
[2026-02-01T02:12:42.924+0000] {processor.py:179} INFO - Processing /home/airflow/.local/lib/python3.8/site-packages/airflow/example_dags/example_branch_datetime_operator.py took 0.396 seconds
[2026-02-01T02:13:13.639+0000] {processor.py:157} INFO - Started process (PID=327) to work on /home/airflow/.local/lib/python3.8/site-packages/airflow/example_dags/example_branch_datetime_operator.py
[2026-02-01T02:13:13.642+0000] {processor.py:829} INFO - Processing file /home/airflow/.local/lib/python3.8/site-packages/airflow/example_dags/example_branch_datetime_operator.py for tasks to queue
[2026-02-01T02:13:13.657+0000] {logging_mixin.py:151} INFO - [2026-02-01T02:13:13.648+0000] {dagbag.py:536} INFO - Filling up the DagBag from /home/airflow/.local/lib/python3.8/site-packages/airflow/example_dags/example_branch_datetime_operator.py
[2026-02-01T02:13:13.683+0000] {processor.py:839} INFO - DAG(s) dict_keys(['example_branch_datetime_operator_2', 'example_branch_datetime_operator_3', 'example_branch_datetime_operator']) retrieved from /home/airflow/.local/lib/python3.8/site-packages/airflow/example_dags/example_branch_datetime_operator.py
[2026-02-01T02:13:13.758+0000] {logging_mixin.py:151} INFO - [2026-02-01T02:13:13.758+0000] {dag.py:2941} INFO - Sync 3 DAGs
[2026-02-01T02:13:13.810+0000] {logging_mixin.py:151} INFO - [2026-02-01T02:13:13.809+0000] {dag.py:3722} INFO - Setting next_dagrun for example_branch_datetime_operator to 2026-01-31T00:00:00+00:00, run_after=2026-02-01T00:00:00+00:00
[2026-02-01T02:13:13.830+0000] {logging_mixin.py:151} INFO - [2026-02-01T02:13:13.829+0000] {dag.py:3722} INFO - Setting next_dagrun for example_branch_datetime_operator_2 to 2026-01-31T00:00:00+00:00, run_after=2026-02-01T00:00:00+00:00
[2026-02-01T02:13:13.838+0000] {logging_mixin.py:151} INFO - [2026-02-01T02:13:13.837+0000] {dag.py:3722} INFO - Setting next_dagrun for example_branch_datetime_operator_3 to 2026-01-31T00:00:00+00:00, run_after=2026-02-01T00:00:00+00:00
[2026-02-01T02:13:13.898+0000] {processor.py:179} INFO - Processing /home/airflow/.local/lib/python3.8/site-packages/airflow/example_dags/example_branch_datetime_operator.py took 0.270 seconds
[2026-02-01T02:13:44.047+0000] {processor.py:157} INFO - Started process (PID=382) to work on /home/airflow/.local/lib/python3.8/site-packages/airflow/example_dags/example_branch_datetime_operator.py
[2026-02-01T02:13:44.051+0000] {processor.py:829} INFO - Processing file /home/airflow/.local/lib/python3.8/site-packages/airflow/example_dags/example_branch_datetime_operator.py for tasks to queue
[2026-02-01T02:13:44.061+0000] {logging_mixin.py:151} INFO - [2026-02-01T02:13:44.060+0000] {dagbag.py:536} INFO - Filling up the DagBag from /home/airflow/.local/lib/python3.8/site-packages/airflow/example_dags/example_branch_datetime_operator.py
[2026-02-01T02:13:44.115+0000] {processor.py:839} INFO - DAG(s) dict_keys(['example_branch_datetime_operator_2', 'example_branch_datetime_operator', 'example_branch_datetime_operator_3']) retrieved from /home/airflow/.local/lib/python3.8/site-packages/airflow/example_dags/example_branch_datetime_operator.py
[2026-02-01T02:13:44.203+0000] {logging_mixin.py:151} INFO - [2026-02-01T02:13:44.203+0000] {dag.py:2941} INFO - Sync 3 DAGs
[2026-02-01T02:13:44.263+0000] {logging_mixin.py:151} INFO - [2026-02-01T02:13:44.263+0000] {dag.py:3722} INFO - Setting next_dagrun for example_branch_datetime_operator to 2026-01-31T00:00:00+00:00, run_after=2026-02-01T00:00:00+00:00
[2026-02-01T02:13:44.274+0000] {logging_mixin.py:151} INFO - [2026-02-01T02:13:44.274+0000] {dag.py:3722} INFO - Setting next_dagrun for example_branch_datetime_operator_2 to 2026-01-31T00:00:00+00:00, run_after=2026-02-01T00:00:00+00:00
[2026-02-01T02:13:44.280+0000] {logging_mixin.py:151} INFO - [2026-02-01T02:13:44.279+0000] {dag.py:3722} INFO - Setting next_dagrun for example_branch_datetime_operator_3 to 2026-01-31T00:00:00+00:00, run_after=2026-02-01T00:00:00+00:00
[2026-02-01T02:13:44.315+0000] {processor.py:179} INFO - Processing /home/airflow/.local/lib/python3.8/site-packages/airflow/example_dags/example_branch_datetime_operator.py took 0.281 seconds
[2026-02-01T02:14:14.522+0000] {processor.py:157} INFO - Started process (PID=437) to work on /home/airflow/.local/lib/python3.8/site-packages/airflow/example_dags/example_branch_datetime_operator.py
[2026-02-01T02:14:14.523+0000] {processor.py:829} INFO - Processing file /home/airflow/.local/lib/python3.8/site-packages/airflow/example_dags/example_branch_datetime_operator.py for tasks to queue
[2026-02-01T02:14:14.528+0000] {logging_mixin.py:151} INFO - [2026-02-01T02:14:14.527+0000] {dagbag.py:536} INFO - Filling up the DagBag from /home/airflow/.local/lib/python3.8/site-packages/airflow/example_dags/example_branch_datetime_operator.py
[2026-02-01T02:14:14.550+0000] {processor.py:839} INFO - DAG(s) dict_keys(['example_branch_datetime_operator_3', 'example_branch_datetime_operator_2', 'example_branch_datetime_operator']) retrieved from /home/airflow/.local/lib/python3.8/site-packages/airflow/example_dags/example_branch_datetime_operator.py
[2026-02-01T02:14:14.632+0000] {logging_mixin.py:151} INFO - [2026-02-01T02:14:14.632+0000] {dag.py:2941} INFO - Sync 3 DAGs
[2026-02-01T02:14:14.717+0000] {logging_mixin.py:151} INFO - [2026-02-01T02:14:14.717+0000] {dag.py:3722} INFO - Setting next_dagrun for example_branch_datetime_operator to 2026-01-31T00:00:00+00:00, run_after=2026-02-01T00:00:00+00:00
[2026-02-01T02:14:14.738+0000] {logging_mixin.py:151} INFO - [2026-02-01T02:14:14.738+0000] {dag.py:3722} INFO - Setting next_dagrun for example_branch_datetime_operator_2 to 2026-01-31T00:00:00+00:00, run_after=2026-02-01T00:00:00+00:00
[2026-02-01T02:14:14.751+0000] {logging_mixin.py:151} INFO - [2026-02-01T02:14:14.751+0000] {dag.py:3722} INFO - Setting next_dagrun for example_branch_datetime_operator_3 to 2026-01-31T00:00:00+00:00, run_after=2026-02-01T00:00:00+00:00
[2026-02-01T02:14:14.824+0000] {processor.py:179} INFO - Processing /home/airflow/.local/lib/python3.8/site-packages/airflow/example_dags/example_branch_datetime_operator.py took 0.308 seconds
[2026-02-01T02:14:45.017+0000] {processor.py:157} INFO - Started process (PID=491) to work on /home/airflow/.local/lib/python3.8/site-packages/airflow/example_dags/example_branch_datetime_operator.py
[2026-02-01T02:14:45.023+0000] {processor.py:829} INFO - Processing file /home/airflow/.local/lib/python3.8/site-packages/airflow/example_dags/example_branch_datetime_operator.py for tasks to queue
[2026-02-01T02:14:45.029+0000] {logging_mixin.py:151} INFO - [2026-02-01T02:14:45.028+0000] {dagbag.py:536} INFO - Filling up the DagBag from /home/airflow/.local/lib/python3.8/site-packages/airflow/example_dags/example_branch_datetime_operator.py
[2026-02-01T02:14:45.048+0000] {processor.py:839} INFO - DAG(s) dict_keys(['example_branch_datetime_operator_3', 'example_branch_datetime_operator', 'example_branch_datetime_operator_2']) retrieved from /home/airflow/.local/lib/python3.8/site-packages/airflow/example_dags/example_branch_datetime_operator.py
[2026-02-01T02:14:45.186+0000] {logging_mixin.py:151} INFO - [2026-02-01T02:14:45.186+0000] {dag.py:2941} INFO - Sync 3 DAGs
[2026-02-01T02:14:45.272+0000] {logging_mixin.py:151} INFO - [2026-02-01T02:14:45.272+0000] {dag.py:3722} INFO - Setting next_dagrun for example_branch_datetime_operator to 2026-01-31T00:00:00+00:00, run_after=2026-02-01T00:00:00+00:00
[2026-02-01T02:14:45.286+0000] {logging_mixin.py:151} INFO - [2026-02-01T02:14:45.285+0000] {dag.py:3722} INFO - Setting next_dagrun for example_branch_datetime_operator_2 to 2026-01-31T00:00:00+00:00, run_after=2026-02-01T00:00:00+00:00
[2026-02-01T02:14:45.296+0000] {logging_mixin.py:151} INFO - [2026-02-01T02:14:45.295+0000] {dag.py:3722} INFO - Setting next_dagrun for example_branch_datetime_operator_3 to 2026-01-31T00:00:00+00:00, run_after=2026-02-01T00:00:00+00:00
[2026-02-01T02:14:45.347+0000] {processor.py:179} INFO - Processing /home/airflow/.local/lib/python3.8/site-packages/airflow/example_dags/example_branch_datetime_operator.py took 0.342 seconds
[2026-02-01T02:15:15.839+0000] {processor.py:157} INFO - Started process (PID=546) to work on /home/airflow/.local/lib/python3.8/site-packages/airflow/example_dags/example_branch_datetime_operator.py
[2026-02-01T02:15:15.842+0000] {processor.py:829} INFO - Processing file /home/airflow/.local/lib/python3.8/site-packages/airflow/example_dags/example_branch_datetime_operator.py for tasks to queue
[2026-02-01T02:15:15.848+0000] {logging_mixin.py:151} INFO - [2026-02-01T02:15:15.847+0000] {dagbag.py:536} INFO - Filling up the DagBag from /home/airflow/.local/lib/python3.8/site-packages/airflow/example_dags/example_branch_datetime_operator.py
[2026-02-01T02:15:15.884+0000] {processor.py:839} INFO - DAG(s) dict_keys(['example_branch_datetime_operator_2', 'example_branch_datetime_operator', 'example_branch_datetime_operator_3']) retrieved from /home/airflow/.local/lib/python3.8/site-packages/airflow/example_dags/example_branch_datetime_operator.py
[2026-02-01T02:15:16.051+0000] {logging_mixin.py:151} INFO - [2026-02-01T02:15:16.050+0000] {dag.py:2941} INFO - Sync 3 DAGs
[2026-02-01T02:15:16.152+0000] {logging_mixin.py:151} INFO - [2026-02-01T02:15:16.152+0000] {dag.py:3722} INFO - Setting next_dagrun for example_branch_datetime_operator to 2026-01-31T00:00:00+00:00, run_after=2026-02-01T00:00:00+00:00
[2026-02-01T02:15:16.175+0000] {logging_mixin.py:151} INFO - [2026-02-01T02:15:16.175+0000] {dag.py:3722} INFO - Setting next_dagrun for example_branch_datetime_operator_2 to 2026-01-31T00:00:00+00:00, run_after=2026-02-01T00:00:00+00:00
[2026-02-01T02:15:16.185+0000] {logging_mixin.py:151} INFO - [2026-02-01T02:15:16.182+0000] {dag.py:3722} INFO - Setting next_dagrun for example_branch_datetime_operator_3 to 2026-01-31T00:00:00+00:00, run_after=2026-02-01T00:00:00+00:00
[2026-02-01T02:15:16.238+0000] {processor.py:179} INFO - Processing /home/airflow/.local/lib/python3.8/site-packages/airflow/example_dags/example_branch_datetime_operator.py took 0.408 seconds
[2026-02-01T02:15:46.438+0000] {processor.py:157} INFO - Started process (PID=601) to work on /home/airflow/.local/lib/python3.8/site-packages/airflow/example_dags/example_branch_datetime_operator.py
[2026-02-01T02:15:46.440+0000] {processor.py:829} INFO - Processing file /home/airflow/.local/lib/python3.8/site-packages/airflow/example_dags/example_branch_datetime_operator.py for tasks to queue
[2026-02-01T02:15:46.444+0000] {logging_mixin.py:151} INFO - [2026-02-01T02:15:46.443+0000] {dagbag.py:536} INFO - Filling up the DagBag from /home/airflow/.local/lib/python3.8/site-packages/airflow/example_dags/example_branch_datetime_operator.py
[2026-02-01T02:15:46.459+0000] {processor.py:839} INFO - DAG(s) dict_keys(['example_branch_datetime_operator_2', 'example_branch_datetime_operator_3', 'example_branch_datetime_operator']) retrieved from /home/airflow/.local/lib/python3.8/site-packages/airflow/example_dags/example_branch_datetime_operator.py
[2026-02-01T02:15:46.501+0000] {logging_mixin.py:151} INFO - [2026-02-01T02:15:46.500+0000] {dag.py:2941} INFO - Sync 3 DAGs
[2026-02-01T02:15:46.534+0000] {logging_mixin.py:151} INFO - [2026-02-01T02:15:46.534+0000] {dag.py:3722} INFO - Setting next_dagrun for example_branch_datetime_operator to 2026-01-31T00:00:00+00:00, run_after=2026-02-01T00:00:00+00:00
[2026-02-01T02:15:46.542+0000] {logging_mixin.py:151} INFO - [2026-02-01T02:15:46.542+0000] {dag.py:3722} INFO - Setting next_dagrun for example_branch_datetime_operator_2 to 2026-01-31T00:00:00+00:00, run_after=2026-02-01T00:00:00+00:00
[2026-02-01T02:15:46.547+0000] {logging_mixin.py:151} INFO - [2026-02-01T02:15:46.547+0000] {dag.py:3722} INFO - Setting next_dagrun for example_branch_datetime_operator_3 to 2026-01-31T00:00:00+00:00, run_after=2026-02-01T00:00:00+00:00
[2026-02-01T02:15:46.577+0000] {processor.py:179} INFO - Processing /home/airflow/.local/lib/python3.8/site-packages/airflow/example_dags/example_branch_datetime_operator.py took 0.147 seconds
[2026-02-01T02:16:17.373+0000] {processor.py:157} INFO - Started process (PID=656) to work on /home/airflow/.local/lib/python3.8/site-packages/airflow/example_dags/example_branch_datetime_operator.py
[2026-02-01T02:16:17.402+0000] {processor.py:829} INFO - Processing file /home/airflow/.local/lib/python3.8/site-packages/airflow/example_dags/example_branch_datetime_operator.py for tasks to queue
[2026-02-01T02:16:17.418+0000] {logging_mixin.py:151} INFO - [2026-02-01T02:16:17.417+0000] {dagbag.py:536} INFO - Filling up the DagBag from /home/airflow/.local/lib/python3.8/site-packages/airflow/example_dags/example_branch_datetime_operator.py
[2026-02-01T02:16:17.503+0000] {processor.py:839} INFO - DAG(s) dict_keys(['example_branch_datetime_operator', 'example_branch_datetime_operator_3', 'example_branch_datetime_operator_2']) retrieved from /home/airflow/.local/lib/python3.8/site-packages/airflow/example_dags/example_branch_datetime_operator.py
[2026-02-01T02:16:17.614+0000] {logging_mixin.py:151} INFO - [2026-02-01T02:16:17.614+0000] {dag.py:2941} INFO - Sync 3 DAGs
[2026-02-01T02:16:17.697+0000] {logging_mixin.py:151} INFO - [2026-02-01T02:16:17.697+0000] {dag.py:3722} INFO - Setting next_dagrun for example_branch_datetime_operator to 2026-01-31T00:00:00+00:00, run_after=2026-02-01T00:00:00+00:00
[2026-02-01T02:16:17.714+0000] {logging_mixin.py:151} INFO - [2026-02-01T02:16:17.713+0000] {dag.py:3722} INFO - Setting next_dagrun for example_branch_datetime_operator_2 to 2026-01-31T00:00:00+00:00, run_after=2026-02-01T00:00:00+00:00
[2026-02-01T02:16:17.722+0000] {logging_mixin.py:151} INFO - [2026-02-01T02:16:17.722+0000] {dag.py:3722} INFO - Setting next_dagrun for example_branch_datetime_operator_3 to 2026-01-31T00:00:00+00:00, run_after=2026-02-01T00:00:00+00:00
[2026-02-01T02:16:17.768+0000] {processor.py:179} INFO - Processing /home/airflow/.local/lib/python3.8/site-packages/airflow/example_dags/example_branch_datetime_operator.py took 0.427 seconds
