[2026-02-01T01:40:42.235+0000] {processor.py:157} INFO - Started process (PID=113) to work on /home/airflow/.local/lib/python3.8/site-packages/airflow/example_dags/example_branch_day_of_week_operator.py
[2026-02-01T01:40:42.237+0000] {processor.py:829} INFO - Processing file /home/airflow/.local/lib/python3.8/site-packages/airflow/example_dags/example_branch_day_of_week_operator.py for tasks to queue
[2026-02-01T01:40:42.247+0000] {logging_mixin.py:151} INFO - [2026-02-01T01:40:42.246+0000] {dagbag.py:536} INFO - Filling up the DagBag from /home/airflow/.local/lib/python3.8/site-packages/airflow/example_dags/example_branch_day_of_week_operator.py
[2026-02-01T01:40:42.277+0000] {processor.py:839} INFO - DAG(s) dict_keys(['example_weekday_branch_operator']) retrieved from /home/airflow/.local/lib/python3.8/site-packages/airflow/example_dags/example_branch_day_of_week_operator.py
[2026-02-01T01:40:42.344+0000] {logging_mixin.py:151} INFO - [2026-02-01T01:40:42.343+0000] {dag.py:2941} INFO - Sync 1 DAGs
[2026-02-01T01:40:42.482+0000] {logging_mixin.py:151} INFO - [2026-02-01T01:40:42.482+0000] {dag.py:3722} INFO - Setting next_dagrun for example_weekday_branch_operator to 2026-01-31T00:00:00+00:00, run_after=2026-02-01T00:00:00+00:00
[2026-02-01T01:40:42.669+0000] {processor.py:179} INFO - Processing /home/airflow/.local/lib/python3.8/site-packages/airflow/example_dags/example_branch_day_of_week_operator.py took 0.446 seconds
[2026-02-01T01:41:12.798+0000] {processor.py:157} INFO - Started process (PID=169) to work on /home/airflow/.local/lib/python3.8/site-packages/airflow/example_dags/example_branch_day_of_week_operator.py
[2026-02-01T01:41:12.801+0000] {processor.py:829} INFO - Processing file /home/airflow/.local/lib/python3.8/site-packages/airflow/example_dags/example_branch_day_of_week_operator.py for tasks to queue
[2026-02-01T01:41:12.805+0000] {logging_mixin.py:151} INFO - [2026-02-01T01:41:12.804+0000] {dagbag.py:536} INFO - Filling up the DagBag from /home/airflow/.local/lib/python3.8/site-packages/airflow/example_dags/example_branch_day_of_week_operator.py
[2026-02-01T01:41:12.826+0000] {processor.py:839} INFO - DAG(s) dict_keys(['example_weekday_branch_operator']) retrieved from /home/airflow/.local/lib/python3.8/site-packages/airflow/example_dags/example_branch_day_of_week_operator.py
[2026-02-01T01:41:12.869+0000] {logging_mixin.py:151} INFO - [2026-02-01T01:41:12.869+0000] {dag.py:2941} INFO - Sync 1 DAGs
[2026-02-01T01:41:12.910+0000] {logging_mixin.py:151} INFO - [2026-02-01T01:41:12.909+0000] {dag.py:3722} INFO - Setting next_dagrun for example_weekday_branch_operator to 2026-01-31T00:00:00+00:00, run_after=2026-02-01T00:00:00+00:00
[2026-02-01T01:41:12.949+0000] {processor.py:179} INFO - Processing /home/airflow/.local/lib/python3.8/site-packages/airflow/example_dags/example_branch_day_of_week_operator.py took 0.158 seconds
[2026-02-01T01:41:52.198+0000] {processor.py:157} INFO - Started process (PID=224) to work on /home/airflow/.local/lib/python3.8/site-packages/airflow/example_dags/example_branch_day_of_week_operator.py
[2026-02-01T01:41:52.205+0000] {processor.py:829} INFO - Processing file /home/airflow/.local/lib/python3.8/site-packages/airflow/example_dags/example_branch_day_of_week_operator.py for tasks to queue
[2026-02-01T01:41:52.217+0000] {logging_mixin.py:151} INFO - [2026-02-01T01:41:52.217+0000] {dagbag.py:536} INFO - Filling up the DagBag from /home/airflow/.local/lib/python3.8/site-packages/airflow/example_dags/example_branch_day_of_week_operator.py
[2026-02-01T01:41:52.238+0000] {processor.py:839} INFO - DAG(s) dict_keys(['example_weekday_branch_operator']) retrieved from /home/airflow/.local/lib/python3.8/site-packages/airflow/example_dags/example_branch_day_of_week_operator.py
[2026-02-01T01:41:52.294+0000] {logging_mixin.py:151} INFO - [2026-02-01T01:41:52.294+0000] {dag.py:2941} INFO - Sync 1 DAGs
[2026-02-01T01:41:52.413+0000] {logging_mixin.py:151} INFO - [2026-02-01T01:41:52.412+0000] {dag.py:3722} INFO - Setting next_dagrun for example_weekday_branch_operator to 2026-01-31T00:00:00+00:00, run_after=2026-02-01T00:00:00+00:00
[2026-02-01T01:41:52.480+0000] {processor.py:179} INFO - Processing /home/airflow/.local/lib/python3.8/site-packages/airflow/example_dags/example_branch_day_of_week_operator.py took 0.294 seconds
[2026-02-01T01:42:23.270+0000] {processor.py:157} INFO - Started process (PID=280) to work on /home/airflow/.local/lib/python3.8/site-packages/airflow/example_dags/example_branch_day_of_week_operator.py
[2026-02-01T01:42:23.278+0000] {processor.py:829} INFO - Processing file /home/airflow/.local/lib/python3.8/site-packages/airflow/example_dags/example_branch_day_of_week_operator.py for tasks to queue
[2026-02-01T01:42:23.284+0000] {logging_mixin.py:151} INFO - [2026-02-01T01:42:23.283+0000] {dagbag.py:536} INFO - Filling up the DagBag from /home/airflow/.local/lib/python3.8/site-packages/airflow/example_dags/example_branch_day_of_week_operator.py
[2026-02-01T01:42:23.309+0000] {processor.py:839} INFO - DAG(s) dict_keys(['example_weekday_branch_operator']) retrieved from /home/airflow/.local/lib/python3.8/site-packages/airflow/example_dags/example_branch_day_of_week_operator.py
[2026-02-01T01:42:23.369+0000] {logging_mixin.py:151} INFO - [2026-02-01T01:42:23.369+0000] {dag.py:2941} INFO - Sync 1 DAGs
[2026-02-01T01:42:23.426+0000] {logging_mixin.py:151} INFO - [2026-02-01T01:42:23.426+0000] {dag.py:3722} INFO - Setting next_dagrun for example_weekday_branch_operator to 2026-01-31T00:00:00+00:00, run_after=2026-02-01T00:00:00+00:00
[2026-02-01T01:42:23.466+0000] {processor.py:179} INFO - Processing /home/airflow/.local/lib/python3.8/site-packages/airflow/example_dags/example_branch_day_of_week_operator.py took 0.206 seconds
[2026-02-01T01:42:55.339+0000] {processor.py:157} INFO - Started process (PID=335) to work on /home/airflow/.local/lib/python3.8/site-packages/airflow/example_dags/example_branch_day_of_week_operator.py
[2026-02-01T01:42:55.343+0000] {processor.py:829} INFO - Processing file /home/airflow/.local/lib/python3.8/site-packages/airflow/example_dags/example_branch_day_of_week_operator.py for tasks to queue
[2026-02-01T01:42:55.348+0000] {logging_mixin.py:151} INFO - [2026-02-01T01:42:55.347+0000] {dagbag.py:536} INFO - Filling up the DagBag from /home/airflow/.local/lib/python3.8/site-packages/airflow/example_dags/example_branch_day_of_week_operator.py
[2026-02-01T01:42:55.374+0000] {processor.py:839} INFO - DAG(s) dict_keys(['example_weekday_branch_operator']) retrieved from /home/airflow/.local/lib/python3.8/site-packages/airflow/example_dags/example_branch_day_of_week_operator.py
[2026-02-01T01:42:55.456+0000] {logging_mixin.py:151} INFO - [2026-02-01T01:42:55.455+0000] {dag.py:2941} INFO - Sync 1 DAGs
[2026-02-01T01:42:55.527+0000] {logging_mixin.py:151} INFO - [2026-02-01T01:42:55.526+0000] {dag.py:3722} INFO - Setting next_dagrun for example_weekday_branch_operator to 2026-01-31T00:00:00+00:00, run_after=2026-02-01T00:00:00+00:00
[2026-02-01T01:42:55.568+0000] {processor.py:179} INFO - Processing /home/airflow/.local/lib/python3.8/site-packages/airflow/example_dags/example_branch_day_of_week_operator.py took 0.239 seconds
[2026-02-01T01:43:26.350+0000] {processor.py:157} INFO - Started process (PID=396) to work on /home/airflow/.local/lib/python3.8/site-packages/airflow/example_dags/example_branch_day_of_week_operator.py
[2026-02-01T01:43:26.352+0000] {processor.py:829} INFO - Processing file /home/airflow/.local/lib/python3.8/site-packages/airflow/example_dags/example_branch_day_of_week_operator.py for tasks to queue
[2026-02-01T01:43:26.358+0000] {logging_mixin.py:151} INFO - [2026-02-01T01:43:26.358+0000] {dagbag.py:536} INFO - Filling up the DagBag from /home/airflow/.local/lib/python3.8/site-packages/airflow/example_dags/example_branch_day_of_week_operator.py
[2026-02-01T01:43:26.380+0000] {processor.py:839} INFO - DAG(s) dict_keys(['example_weekday_branch_operator']) retrieved from /home/airflow/.local/lib/python3.8/site-packages/airflow/example_dags/example_branch_day_of_week_operator.py
[2026-02-01T01:43:26.446+0000] {logging_mixin.py:151} INFO - [2026-02-01T01:43:26.445+0000] {dag.py:2941} INFO - Sync 1 DAGs
[2026-02-01T01:43:26.529+0000] {logging_mixin.py:151} INFO - [2026-02-01T01:43:26.529+0000] {dag.py:3722} INFO - Setting next_dagrun for example_weekday_branch_operator to 2026-01-31T00:00:00+00:00, run_after=2026-02-01T00:00:00+00:00
[2026-02-01T01:43:26.578+0000] {processor.py:179} INFO - Processing /home/airflow/.local/lib/python3.8/site-packages/airflow/example_dags/example_branch_day_of_week_operator.py took 0.237 seconds
[2026-02-01T01:43:57.454+0000] {processor.py:157} INFO - Started process (PID=451) to work on /home/airflow/.local/lib/python3.8/site-packages/airflow/example_dags/example_branch_day_of_week_operator.py
[2026-02-01T01:43:57.464+0000] {processor.py:829} INFO - Processing file /home/airflow/.local/lib/python3.8/site-packages/airflow/example_dags/example_branch_day_of_week_operator.py for tasks to queue
[2026-02-01T01:43:57.474+0000] {logging_mixin.py:151} INFO - [2026-02-01T01:43:57.473+0000] {dagbag.py:536} INFO - Filling up the DagBag from /home/airflow/.local/lib/python3.8/site-packages/airflow/example_dags/example_branch_day_of_week_operator.py
[2026-02-01T01:43:57.507+0000] {processor.py:839} INFO - DAG(s) dict_keys(['example_weekday_branch_operator']) retrieved from /home/airflow/.local/lib/python3.8/site-packages/airflow/example_dags/example_branch_day_of_week_operator.py
[2026-02-01T01:43:57.626+0000] {logging_mixin.py:151} INFO - [2026-02-01T01:43:57.625+0000] {dag.py:2941} INFO - Sync 1 DAGs
[2026-02-01T01:43:57.721+0000] {logging_mixin.py:151} INFO - [2026-02-01T01:43:57.721+0000] {dag.py:3722} INFO - Setting next_dagrun for example_weekday_branch_operator to 2026-01-31T00:00:00+00:00, run_after=2026-02-01T00:00:00+00:00
[2026-02-01T01:43:57.791+0000] {processor.py:179} INFO - Processing /home/airflow/.local/lib/python3.8/site-packages/airflow/example_dags/example_branch_day_of_week_operator.py took 0.351 seconds
[2026-02-01T01:44:28.250+0000] {processor.py:157} INFO - Started process (PID=506) to work on /home/airflow/.local/lib/python3.8/site-packages/airflow/example_dags/example_branch_day_of_week_operator.py
[2026-02-01T01:44:28.257+0000] {processor.py:829} INFO - Processing file /home/airflow/.local/lib/python3.8/site-packages/airflow/example_dags/example_branch_day_of_week_operator.py for tasks to queue
[2026-02-01T01:44:28.264+0000] {logging_mixin.py:151} INFO - [2026-02-01T01:44:28.263+0000] {dagbag.py:536} INFO - Filling up the DagBag from /home/airflow/.local/lib/python3.8/site-packages/airflow/example_dags/example_branch_day_of_week_operator.py
[2026-02-01T01:44:28.296+0000] {processor.py:839} INFO - DAG(s) dict_keys(['example_weekday_branch_operator']) retrieved from /home/airflow/.local/lib/python3.8/site-packages/airflow/example_dags/example_branch_day_of_week_operator.py
[2026-02-01T01:44:28.339+0000] {logging_mixin.py:151} INFO - [2026-02-01T01:44:28.338+0000] {dag.py:2941} INFO - Sync 1 DAGs
[2026-02-01T01:44:28.408+0000] {logging_mixin.py:151} INFO - [2026-02-01T01:44:28.408+0000] {dag.py:3722} INFO - Setting next_dagrun for example_weekday_branch_operator to 2026-01-31T00:00:00+00:00, run_after=2026-02-01T00:00:00+00:00
[2026-02-01T01:44:28.444+0000] {processor.py:179} INFO - Processing /home/airflow/.local/lib/python3.8/site-packages/airflow/example_dags/example_branch_day_of_week_operator.py took 0.206 seconds
[2026-02-01T02:11:14.730+0000] {processor.py:157} INFO - Started process (PID=132) to work on /home/airflow/.local/lib/python3.8/site-packages/airflow/example_dags/example_branch_day_of_week_operator.py
[2026-02-01T02:11:14.738+0000] {processor.py:829} INFO - Processing file /home/airflow/.local/lib/python3.8/site-packages/airflow/example_dags/example_branch_day_of_week_operator.py for tasks to queue
[2026-02-01T02:11:14.742+0000] {logging_mixin.py:151} INFO - [2026-02-01T02:11:14.742+0000] {dagbag.py:536} INFO - Filling up the DagBag from /home/airflow/.local/lib/python3.8/site-packages/airflow/example_dags/example_branch_day_of_week_operator.py
[2026-02-01T02:11:14.765+0000] {processor.py:839} INFO - DAG(s) dict_keys(['example_weekday_branch_operator']) retrieved from /home/airflow/.local/lib/python3.8/site-packages/airflow/example_dags/example_branch_day_of_week_operator.py
[2026-02-01T02:11:14.865+0000] {logging_mixin.py:151} INFO - [2026-02-01T02:11:14.864+0000] {dag.py:2941} INFO - Sync 1 DAGs
[2026-02-01T02:11:14.953+0000] {logging_mixin.py:151} INFO - [2026-02-01T02:11:14.953+0000] {dag.py:3722} INFO - Setting next_dagrun for example_weekday_branch_operator to 2026-01-31T00:00:00+00:00, run_after=2026-02-01T00:00:00+00:00
[2026-02-01T02:11:15.043+0000] {processor.py:179} INFO - Processing /home/airflow/.local/lib/python3.8/site-packages/airflow/example_dags/example_branch_day_of_week_operator.py took 0.322 seconds
[2026-02-01T02:11:46.426+0000] {processor.py:157} INFO - Started process (PID=187) to work on /home/airflow/.local/lib/python3.8/site-packages/airflow/example_dags/example_branch_day_of_week_operator.py
[2026-02-01T02:11:46.437+0000] {processor.py:829} INFO - Processing file /home/airflow/.local/lib/python3.8/site-packages/airflow/example_dags/example_branch_day_of_week_operator.py for tasks to queue
[2026-02-01T02:11:46.442+0000] {logging_mixin.py:151} INFO - [2026-02-01T02:11:46.442+0000] {dagbag.py:536} INFO - Filling up the DagBag from /home/airflow/.local/lib/python3.8/site-packages/airflow/example_dags/example_branch_day_of_week_operator.py
[2026-02-01T02:11:46.480+0000] {processor.py:839} INFO - DAG(s) dict_keys(['example_weekday_branch_operator']) retrieved from /home/airflow/.local/lib/python3.8/site-packages/airflow/example_dags/example_branch_day_of_week_operator.py
[2026-02-01T02:11:46.575+0000] {logging_mixin.py:151} INFO - [2026-02-01T02:11:46.574+0000] {dag.py:2941} INFO - Sync 1 DAGs
[2026-02-01T02:11:46.686+0000] {logging_mixin.py:151} INFO - [2026-02-01T02:11:46.684+0000] {dag.py:3722} INFO - Setting next_dagrun for example_weekday_branch_operator to 2026-01-31T00:00:00+00:00, run_after=2026-02-01T00:00:00+00:00
[2026-02-01T02:11:46.777+0000] {processor.py:179} INFO - Processing /home/airflow/.local/lib/python3.8/site-packages/airflow/example_dags/example_branch_day_of_week_operator.py took 0.373 seconds
[2026-02-01T02:12:17.290+0000] {processor.py:157} INFO - Started process (PID=242) to work on /home/airflow/.local/lib/python3.8/site-packages/airflow/example_dags/example_branch_day_of_week_operator.py
[2026-02-01T02:12:17.292+0000] {processor.py:829} INFO - Processing file /home/airflow/.local/lib/python3.8/site-packages/airflow/example_dags/example_branch_day_of_week_operator.py for tasks to queue
[2026-02-01T02:12:17.298+0000] {logging_mixin.py:151} INFO - [2026-02-01T02:12:17.297+0000] {dagbag.py:536} INFO - Filling up the DagBag from /home/airflow/.local/lib/python3.8/site-packages/airflow/example_dags/example_branch_day_of_week_operator.py
[2026-02-01T02:12:17.326+0000] {processor.py:839} INFO - DAG(s) dict_keys(['example_weekday_branch_operator']) retrieved from /home/airflow/.local/lib/python3.8/site-packages/airflow/example_dags/example_branch_day_of_week_operator.py
[2026-02-01T02:12:17.390+0000] {logging_mixin.py:151} INFO - [2026-02-01T02:12:17.390+0000] {dag.py:2941} INFO - Sync 1 DAGs
[2026-02-01T02:12:17.462+0000] {logging_mixin.py:151} INFO - [2026-02-01T02:12:17.462+0000] {dag.py:3722} INFO - Setting next_dagrun for example_weekday_branch_operator to 2026-01-31T00:00:00+00:00, run_after=2026-02-01T00:00:00+00:00
[2026-02-01T02:12:17.559+0000] {processor.py:179} INFO - Processing /home/airflow/.local/lib/python3.8/site-packages/airflow/example_dags/example_branch_day_of_week_operator.py took 0.282 seconds
[2026-02-01T02:12:48.166+0000] {processor.py:157} INFO - Started process (PID=297) to work on /home/airflow/.local/lib/python3.8/site-packages/airflow/example_dags/example_branch_day_of_week_operator.py
[2026-02-01T02:12:48.168+0000] {processor.py:829} INFO - Processing file /home/airflow/.local/lib/python3.8/site-packages/airflow/example_dags/example_branch_day_of_week_operator.py for tasks to queue
[2026-02-01T02:12:48.172+0000] {logging_mixin.py:151} INFO - [2026-02-01T02:12:48.172+0000] {dagbag.py:536} INFO - Filling up the DagBag from /home/airflow/.local/lib/python3.8/site-packages/airflow/example_dags/example_branch_day_of_week_operator.py
[2026-02-01T02:12:48.189+0000] {processor.py:839} INFO - DAG(s) dict_keys(['example_weekday_branch_operator']) retrieved from /home/airflow/.local/lib/python3.8/site-packages/airflow/example_dags/example_branch_day_of_week_operator.py
[2026-02-01T02:12:48.237+0000] {logging_mixin.py:151} INFO - [2026-02-01T02:12:48.237+0000] {dag.py:2941} INFO - Sync 1 DAGs
[2026-02-01T02:12:48.297+0000] {logging_mixin.py:151} INFO - [2026-02-01T02:12:48.297+0000] {dag.py:3722} INFO - Setting next_dagrun for example_weekday_branch_operator to 2026-01-31T00:00:00+00:00, run_after=2026-02-01T00:00:00+00:00
[2026-02-01T02:12:48.340+0000] {processor.py:179} INFO - Processing /home/airflow/.local/lib/python3.8/site-packages/airflow/example_dags/example_branch_day_of_week_operator.py took 0.181 seconds
[2026-02-01T02:13:18.511+0000] {processor.py:157} INFO - Started process (PID=352) to work on /home/airflow/.local/lib/python3.8/site-packages/airflow/example_dags/example_branch_day_of_week_operator.py
[2026-02-01T02:13:18.514+0000] {processor.py:829} INFO - Processing file /home/airflow/.local/lib/python3.8/site-packages/airflow/example_dags/example_branch_day_of_week_operator.py for tasks to queue
[2026-02-01T02:13:18.521+0000] {logging_mixin.py:151} INFO - [2026-02-01T02:13:18.520+0000] {dagbag.py:536} INFO - Filling up the DagBag from /home/airflow/.local/lib/python3.8/site-packages/airflow/example_dags/example_branch_day_of_week_operator.py
[2026-02-01T02:13:18.535+0000] {processor.py:839} INFO - DAG(s) dict_keys(['example_weekday_branch_operator']) retrieved from /home/airflow/.local/lib/python3.8/site-packages/airflow/example_dags/example_branch_day_of_week_operator.py
[2026-02-01T02:13:18.583+0000] {logging_mixin.py:151} INFO - [2026-02-01T02:13:18.582+0000] {dag.py:2941} INFO - Sync 1 DAGs
[2026-02-01T02:13:18.649+0000] {logging_mixin.py:151} INFO - [2026-02-01T02:13:18.649+0000] {dag.py:3722} INFO - Setting next_dagrun for example_weekday_branch_operator to 2026-01-31T00:00:00+00:00, run_after=2026-02-01T00:00:00+00:00
[2026-02-01T02:13:18.695+0000] {processor.py:179} INFO - Processing /home/airflow/.local/lib/python3.8/site-packages/airflow/example_dags/example_branch_day_of_week_operator.py took 0.197 seconds
[2026-02-01T02:13:51.491+0000] {processor.py:157} INFO - Started process (PID=407) to work on /home/airflow/.local/lib/python3.8/site-packages/airflow/example_dags/example_branch_day_of_week_operator.py
[2026-02-01T02:13:51.493+0000] {processor.py:829} INFO - Processing file /home/airflow/.local/lib/python3.8/site-packages/airflow/example_dags/example_branch_day_of_week_operator.py for tasks to queue
[2026-02-01T02:13:51.509+0000] {logging_mixin.py:151} INFO - [2026-02-01T02:13:51.509+0000] {dagbag.py:536} INFO - Filling up the DagBag from /home/airflow/.local/lib/python3.8/site-packages/airflow/example_dags/example_branch_day_of_week_operator.py
[2026-02-01T02:13:51.576+0000] {processor.py:839} INFO - DAG(s) dict_keys(['example_weekday_branch_operator']) retrieved from /home/airflow/.local/lib/python3.8/site-packages/airflow/example_dags/example_branch_day_of_week_operator.py
[2026-02-01T02:13:51.820+0000] {logging_mixin.py:151} INFO - [2026-02-01T02:13:51.820+0000] {dag.py:2941} INFO - Sync 1 DAGs
[2026-02-01T02:13:51.974+0000] {logging_mixin.py:151} INFO - [2026-02-01T02:13:51.974+0000] {dag.py:3722} INFO - Setting next_dagrun for example_weekday_branch_operator to 2026-01-31T00:00:00+00:00, run_after=2026-02-01T00:00:00+00:00
[2026-02-01T02:13:52.208+0000] {processor.py:179} INFO - Processing /home/airflow/.local/lib/python3.8/site-packages/airflow/example_dags/example_branch_day_of_week_operator.py took 0.746 seconds
[2026-02-01T02:14:22.509+0000] {processor.py:157} INFO - Started process (PID=462) to work on /home/airflow/.local/lib/python3.8/site-packages/airflow/example_dags/example_branch_day_of_week_operator.py
[2026-02-01T02:14:22.516+0000] {processor.py:829} INFO - Processing file /home/airflow/.local/lib/python3.8/site-packages/airflow/example_dags/example_branch_day_of_week_operator.py for tasks to queue
[2026-02-01T02:14:22.521+0000] {logging_mixin.py:151} INFO - [2026-02-01T02:14:22.520+0000] {dagbag.py:536} INFO - Filling up the DagBag from /home/airflow/.local/lib/python3.8/site-packages/airflow/example_dags/example_branch_day_of_week_operator.py
[2026-02-01T02:14:22.538+0000] {processor.py:839} INFO - DAG(s) dict_keys(['example_weekday_branch_operator']) retrieved from /home/airflow/.local/lib/python3.8/site-packages/airflow/example_dags/example_branch_day_of_week_operator.py
[2026-02-01T02:14:22.583+0000] {logging_mixin.py:151} INFO - [2026-02-01T02:14:22.583+0000] {dag.py:2941} INFO - Sync 1 DAGs
[2026-02-01T02:14:22.710+0000] {logging_mixin.py:151} INFO - [2026-02-01T02:14:22.709+0000] {dag.py:3722} INFO - Setting next_dagrun for example_weekday_branch_operator to 2026-01-31T00:00:00+00:00, run_after=2026-02-01T00:00:00+00:00
[2026-02-01T02:14:22.804+0000] {processor.py:179} INFO - Processing /home/airflow/.local/lib/python3.8/site-packages/airflow/example_dags/example_branch_day_of_week_operator.py took 0.304 seconds
[2026-02-01T02:14:53.607+0000] {processor.py:157} INFO - Started process (PID=516) to work on /home/airflow/.local/lib/python3.8/site-packages/airflow/example_dags/example_branch_day_of_week_operator.py
[2026-02-01T02:14:53.609+0000] {processor.py:829} INFO - Processing file /home/airflow/.local/lib/python3.8/site-packages/airflow/example_dags/example_branch_day_of_week_operator.py for tasks to queue
[2026-02-01T02:14:53.612+0000] {logging_mixin.py:151} INFO - [2026-02-01T02:14:53.612+0000] {dagbag.py:536} INFO - Filling up the DagBag from /home/airflow/.local/lib/python3.8/site-packages/airflow/example_dags/example_branch_day_of_week_operator.py
[2026-02-01T02:14:53.627+0000] {processor.py:839} INFO - DAG(s) dict_keys(['example_weekday_branch_operator']) retrieved from /home/airflow/.local/lib/python3.8/site-packages/airflow/example_dags/example_branch_day_of_week_operator.py
[2026-02-01T02:14:53.668+0000] {logging_mixin.py:151} INFO - [2026-02-01T02:14:53.667+0000] {dag.py:2941} INFO - Sync 1 DAGs
[2026-02-01T02:14:53.714+0000] {logging_mixin.py:151} INFO - [2026-02-01T02:14:53.713+0000] {dag.py:3722} INFO - Setting next_dagrun for example_weekday_branch_operator to 2026-01-31T00:00:00+00:00, run_after=2026-02-01T00:00:00+00:00
[2026-02-01T02:14:53.745+0000] {processor.py:179} INFO - Processing /home/airflow/.local/lib/python3.8/site-packages/airflow/example_dags/example_branch_day_of_week_operator.py took 0.146 seconds
[2026-02-01T02:15:24.384+0000] {processor.py:157} INFO - Started process (PID=571) to work on /home/airflow/.local/lib/python3.8/site-packages/airflow/example_dags/example_branch_day_of_week_operator.py
[2026-02-01T02:15:24.386+0000] {processor.py:829} INFO - Processing file /home/airflow/.local/lib/python3.8/site-packages/airflow/example_dags/example_branch_day_of_week_operator.py for tasks to queue
[2026-02-01T02:15:24.390+0000] {logging_mixin.py:151} INFO - [2026-02-01T02:15:24.389+0000] {dagbag.py:536} INFO - Filling up the DagBag from /home/airflow/.local/lib/python3.8/site-packages/airflow/example_dags/example_branch_day_of_week_operator.py
[2026-02-01T02:15:24.410+0000] {processor.py:839} INFO - DAG(s) dict_keys(['example_weekday_branch_operator']) retrieved from /home/airflow/.local/lib/python3.8/site-packages/airflow/example_dags/example_branch_day_of_week_operator.py
[2026-02-01T02:15:24.463+0000] {logging_mixin.py:151} INFO - [2026-02-01T02:15:24.462+0000] {dag.py:2941} INFO - Sync 1 DAGs
[2026-02-01T02:15:24.522+0000] {logging_mixin.py:151} INFO - [2026-02-01T02:15:24.521+0000] {dag.py:3722} INFO - Setting next_dagrun for example_weekday_branch_operator to 2026-01-31T00:00:00+00:00, run_after=2026-02-01T00:00:00+00:00
[2026-02-01T02:15:24.568+0000] {processor.py:179} INFO - Processing /home/airflow/.local/lib/python3.8/site-packages/airflow/example_dags/example_branch_day_of_week_operator.py took 0.193 seconds
[2026-02-01T02:15:55.431+0000] {processor.py:157} INFO - Started process (PID=626) to work on /home/airflow/.local/lib/python3.8/site-packages/airflow/example_dags/example_branch_day_of_week_operator.py
[2026-02-01T02:15:55.433+0000] {processor.py:829} INFO - Processing file /home/airflow/.local/lib/python3.8/site-packages/airflow/example_dags/example_branch_day_of_week_operator.py for tasks to queue
[2026-02-01T02:15:55.437+0000] {logging_mixin.py:151} INFO - [2026-02-01T02:15:55.437+0000] {dagbag.py:536} INFO - Filling up the DagBag from /home/airflow/.local/lib/python3.8/site-packages/airflow/example_dags/example_branch_day_of_week_operator.py
[2026-02-01T02:15:55.456+0000] {processor.py:839} INFO - DAG(s) dict_keys(['example_weekday_branch_operator']) retrieved from /home/airflow/.local/lib/python3.8/site-packages/airflow/example_dags/example_branch_day_of_week_operator.py
[2026-02-01T02:15:55.508+0000] {logging_mixin.py:151} INFO - [2026-02-01T02:15:55.507+0000] {dag.py:2941} INFO - Sync 1 DAGs
[2026-02-01T02:15:55.548+0000] {logging_mixin.py:151} INFO - [2026-02-01T02:15:55.547+0000] {dag.py:3722} INFO - Setting next_dagrun for example_weekday_branch_operator to 2026-01-31T00:00:00+00:00, run_after=2026-02-01T00:00:00+00:00
[2026-02-01T02:15:55.588+0000] {processor.py:179} INFO - Processing /home/airflow/.local/lib/python3.8/site-packages/airflow/example_dags/example_branch_day_of_week_operator.py took 0.165 seconds
[2026-02-01T02:16:25.873+0000] {processor.py:157} INFO - Started process (PID=681) to work on /home/airflow/.local/lib/python3.8/site-packages/airflow/example_dags/example_branch_day_of_week_operator.py
[2026-02-01T02:16:25.876+0000] {processor.py:829} INFO - Processing file /home/airflow/.local/lib/python3.8/site-packages/airflow/example_dags/example_branch_day_of_week_operator.py for tasks to queue
[2026-02-01T02:16:25.880+0000] {logging_mixin.py:151} INFO - [2026-02-01T02:16:25.879+0000] {dagbag.py:536} INFO - Filling up the DagBag from /home/airflow/.local/lib/python3.8/site-packages/airflow/example_dags/example_branch_day_of_week_operator.py
[2026-02-01T02:16:25.902+0000] {processor.py:839} INFO - DAG(s) dict_keys(['example_weekday_branch_operator']) retrieved from /home/airflow/.local/lib/python3.8/site-packages/airflow/example_dags/example_branch_day_of_week_operator.py
[2026-02-01T02:16:25.962+0000] {logging_mixin.py:151} INFO - [2026-02-01T02:16:25.962+0000] {dag.py:2941} INFO - Sync 1 DAGs
[2026-02-01T02:16:26.035+0000] {logging_mixin.py:151} INFO - [2026-02-01T02:16:26.035+0000] {dag.py:3722} INFO - Setting next_dagrun for example_weekday_branch_operator to 2026-01-31T00:00:00+00:00, run_after=2026-02-01T00:00:00+00:00
[2026-02-01T02:16:26.083+0000] {processor.py:179} INFO - Processing /home/airflow/.local/lib/python3.8/site-packages/airflow/example_dags/example_branch_day_of_week_operator.py took 0.220 seconds
