[2026-02-01T01:37:17.819+0000] {processor.py:157} INFO - Started process (PID=104) to work on /home/airflow/.local/lib/python3.8/site-packages/airflow/example_dags/example_trigger_target_dag.py
[2026-02-01T01:37:17.833+0000] {processor.py:829} INFO - Processing file /home/airflow/.local/lib/python3.8/site-packages/airflow/example_dags/example_trigger_target_dag.py for tasks to queue
[2026-02-01T01:37:17.839+0000] {logging_mixin.py:151} INFO - [2026-02-01T01:37:17.838+0000] {dagbag.py:536} INFO - Filling up the DagBag from /home/airflow/.local/lib/python3.8/site-packages/airflow/example_dags/example_trigger_target_dag.py
[2026-02-01T01:37:17.879+0000] {processor.py:839} INFO - DAG(s) dict_keys(['example_trigger_target_dag']) retrieved from /home/airflow/.local/lib/python3.8/site-packages/airflow/example_dags/example_trigger_target_dag.py
[2026-02-01T01:37:18.281+0000] {logging_mixin.py:151} INFO - [2026-02-01T01:37:18.281+0000] {manager.py:499} INFO - Created Permission View: %s
[2026-02-01T01:37:18.315+0000] {logging_mixin.py:151} INFO - [2026-02-01T01:37:18.314+0000] {manager.py:499} INFO - Created Permission View: %s
[2026-02-01T01:37:18.338+0000] {logging_mixin.py:151} INFO - [2026-02-01T01:37:18.337+0000] {manager.py:499} INFO - Created Permission View: %s
[2026-02-01T01:37:18.339+0000] {logging_mixin.py:151} INFO - [2026-02-01T01:37:18.338+0000] {dag.py:2941} INFO - Sync 1 DAGs
[2026-02-01T01:37:18.390+0000] {logging_mixin.py:151} INFO - [2026-02-01T01:37:18.389+0000] {dag.py:2963} INFO - Creating ORM DAG for example_trigger_target_dag
[2026-02-01T01:37:18.391+0000] {logging_mixin.py:151} INFO - [2026-02-01T01:37:18.391+0000] {dag.py:3722} INFO - Setting next_dagrun for example_trigger_target_dag to None, run_after=None
[2026-02-01T01:37:18.443+0000] {processor.py:179} INFO - Processing /home/airflow/.local/lib/python3.8/site-packages/airflow/example_dags/example_trigger_target_dag.py took 0.634 seconds
[2026-02-01T01:40:38.517+0000] {processor.py:157} INFO - Started process (PID=97) to work on /home/airflow/.local/lib/python3.8/site-packages/airflow/example_dags/example_trigger_target_dag.py
[2026-02-01T01:40:38.533+0000] {processor.py:829} INFO - Processing file /home/airflow/.local/lib/python3.8/site-packages/airflow/example_dags/example_trigger_target_dag.py for tasks to queue
[2026-02-01T01:40:38.546+0000] {logging_mixin.py:151} INFO - [2026-02-01T01:40:38.545+0000] {dagbag.py:536} INFO - Filling up the DagBag from /home/airflow/.local/lib/python3.8/site-packages/airflow/example_dags/example_trigger_target_dag.py
[2026-02-01T01:40:38.593+0000] {processor.py:839} INFO - DAG(s) dict_keys(['example_trigger_target_dag']) retrieved from /home/airflow/.local/lib/python3.8/site-packages/airflow/example_dags/example_trigger_target_dag.py
[2026-02-01T01:40:38.685+0000] {logging_mixin.py:151} INFO - [2026-02-01T01:40:38.685+0000] {dag.py:2941} INFO - Sync 1 DAGs
[2026-02-01T01:40:38.731+0000] {logging_mixin.py:151} INFO - [2026-02-01T01:40:38.730+0000] {dag.py:3722} INFO - Setting next_dagrun for example_trigger_target_dag to None, run_after=None
[2026-02-01T01:40:38.808+0000] {processor.py:179} INFO - Processing /home/airflow/.local/lib/python3.8/site-packages/airflow/example_dags/example_trigger_target_dag.py took 0.319 seconds
[2026-02-01T01:41:08.858+0000] {processor.py:157} INFO - Started process (PID=153) to work on /home/airflow/.local/lib/python3.8/site-packages/airflow/example_dags/example_trigger_target_dag.py
[2026-02-01T01:41:08.861+0000] {processor.py:829} INFO - Processing file /home/airflow/.local/lib/python3.8/site-packages/airflow/example_dags/example_trigger_target_dag.py for tasks to queue
[2026-02-01T01:41:08.867+0000] {logging_mixin.py:151} INFO - [2026-02-01T01:41:08.866+0000] {dagbag.py:536} INFO - Filling up the DagBag from /home/airflow/.local/lib/python3.8/site-packages/airflow/example_dags/example_trigger_target_dag.py
[2026-02-01T01:41:08.889+0000] {processor.py:839} INFO - DAG(s) dict_keys(['example_trigger_target_dag']) retrieved from /home/airflow/.local/lib/python3.8/site-packages/airflow/example_dags/example_trigger_target_dag.py
[2026-02-01T01:41:08.946+0000] {logging_mixin.py:151} INFO - [2026-02-01T01:41:08.946+0000] {dag.py:2941} INFO - Sync 1 DAGs
[2026-02-01T01:41:08.987+0000] {logging_mixin.py:151} INFO - [2026-02-01T01:41:08.986+0000] {dag.py:3722} INFO - Setting next_dagrun for example_trigger_target_dag to None, run_after=None
[2026-02-01T01:41:09.046+0000] {processor.py:179} INFO - Processing /home/airflow/.local/lib/python3.8/site-packages/airflow/example_dags/example_trigger_target_dag.py took 0.196 seconds
[2026-02-01T01:41:49.566+0000] {processor.py:157} INFO - Started process (PID=208) to work on /home/airflow/.local/lib/python3.8/site-packages/airflow/example_dags/example_trigger_target_dag.py
[2026-02-01T01:41:49.568+0000] {processor.py:829} INFO - Processing file /home/airflow/.local/lib/python3.8/site-packages/airflow/example_dags/example_trigger_target_dag.py for tasks to queue
[2026-02-01T01:41:49.571+0000] {logging_mixin.py:151} INFO - [2026-02-01T01:41:49.571+0000] {dagbag.py:536} INFO - Filling up the DagBag from /home/airflow/.local/lib/python3.8/site-packages/airflow/example_dags/example_trigger_target_dag.py
[2026-02-01T01:41:49.581+0000] {processor.py:839} INFO - DAG(s) dict_keys(['example_trigger_target_dag']) retrieved from /home/airflow/.local/lib/python3.8/site-packages/airflow/example_dags/example_trigger_target_dag.py
[2026-02-01T01:41:49.618+0000] {logging_mixin.py:151} INFO - [2026-02-01T01:41:49.617+0000] {dag.py:2941} INFO - Sync 1 DAGs
[2026-02-01T01:41:49.636+0000] {logging_mixin.py:151} INFO - [2026-02-01T01:41:49.636+0000] {dag.py:3722} INFO - Setting next_dagrun for example_trigger_target_dag to None, run_after=None
[2026-02-01T01:41:49.666+0000] {processor.py:179} INFO - Processing /home/airflow/.local/lib/python3.8/site-packages/airflow/example_dags/example_trigger_target_dag.py took 0.109 seconds
[2026-02-01T01:42:20.468+0000] {processor.py:157} INFO - Started process (PID=264) to work on /home/airflow/.local/lib/python3.8/site-packages/airflow/example_dags/example_trigger_target_dag.py
[2026-02-01T01:42:20.471+0000] {processor.py:829} INFO - Processing file /home/airflow/.local/lib/python3.8/site-packages/airflow/example_dags/example_trigger_target_dag.py for tasks to queue
[2026-02-01T01:42:20.478+0000] {logging_mixin.py:151} INFO - [2026-02-01T01:42:20.478+0000] {dagbag.py:536} INFO - Filling up the DagBag from /home/airflow/.local/lib/python3.8/site-packages/airflow/example_dags/example_trigger_target_dag.py
[2026-02-01T01:42:20.490+0000] {processor.py:839} INFO - DAG(s) dict_keys(['example_trigger_target_dag']) retrieved from /home/airflow/.local/lib/python3.8/site-packages/airflow/example_dags/example_trigger_target_dag.py
[2026-02-01T01:42:20.530+0000] {logging_mixin.py:151} INFO - [2026-02-01T01:42:20.530+0000] {dag.py:2941} INFO - Sync 1 DAGs
[2026-02-01T01:42:20.557+0000] {logging_mixin.py:151} INFO - [2026-02-01T01:42:20.557+0000] {dag.py:3722} INFO - Setting next_dagrun for example_trigger_target_dag to None, run_after=None
[2026-02-01T01:42:20.590+0000] {processor.py:179} INFO - Processing /home/airflow/.local/lib/python3.8/site-packages/airflow/example_dags/example_trigger_target_dag.py took 0.133 seconds
[2026-02-01T01:42:51.675+0000] {processor.py:157} INFO - Started process (PID=319) to work on /home/airflow/.local/lib/python3.8/site-packages/airflow/example_dags/example_trigger_target_dag.py
[2026-02-01T01:42:51.694+0000] {processor.py:829} INFO - Processing file /home/airflow/.local/lib/python3.8/site-packages/airflow/example_dags/example_trigger_target_dag.py for tasks to queue
[2026-02-01T01:42:51.701+0000] {logging_mixin.py:151} INFO - [2026-02-01T01:42:51.700+0000] {dagbag.py:536} INFO - Filling up the DagBag from /home/airflow/.local/lib/python3.8/site-packages/airflow/example_dags/example_trigger_target_dag.py
[2026-02-01T01:42:51.732+0000] {processor.py:839} INFO - DAG(s) dict_keys(['example_trigger_target_dag']) retrieved from /home/airflow/.local/lib/python3.8/site-packages/airflow/example_dags/example_trigger_target_dag.py
[2026-02-01T01:42:51.795+0000] {logging_mixin.py:151} INFO - [2026-02-01T01:42:51.794+0000] {dag.py:2941} INFO - Sync 1 DAGs
[2026-02-01T01:42:51.836+0000] {logging_mixin.py:151} INFO - [2026-02-01T01:42:51.836+0000] {dag.py:3722} INFO - Setting next_dagrun for example_trigger_target_dag to None, run_after=None
[2026-02-01T01:42:51.886+0000] {processor.py:179} INFO - Processing /home/airflow/.local/lib/python3.8/site-packages/airflow/example_dags/example_trigger_target_dag.py took 0.221 seconds
[2026-02-01T01:43:22.279+0000] {processor.py:157} INFO - Started process (PID=373) to work on /home/airflow/.local/lib/python3.8/site-packages/airflow/example_dags/example_trigger_target_dag.py
[2026-02-01T01:43:22.282+0000] {processor.py:829} INFO - Processing file /home/airflow/.local/lib/python3.8/site-packages/airflow/example_dags/example_trigger_target_dag.py for tasks to queue
[2026-02-01T01:43:22.288+0000] {logging_mixin.py:151} INFO - [2026-02-01T01:43:22.287+0000] {dagbag.py:536} INFO - Filling up the DagBag from /home/airflow/.local/lib/python3.8/site-packages/airflow/example_dags/example_trigger_target_dag.py
[2026-02-01T01:43:22.313+0000] {processor.py:839} INFO - DAG(s) dict_keys(['example_trigger_target_dag']) retrieved from /home/airflow/.local/lib/python3.8/site-packages/airflow/example_dags/example_trigger_target_dag.py
[2026-02-01T01:43:22.369+0000] {logging_mixin.py:151} INFO - [2026-02-01T01:43:22.369+0000] {dag.py:2941} INFO - Sync 1 DAGs
[2026-02-01T01:43:22.411+0000] {logging_mixin.py:151} INFO - [2026-02-01T01:43:22.411+0000] {dag.py:3722} INFO - Setting next_dagrun for example_trigger_target_dag to None, run_after=None
[2026-02-01T01:43:22.454+0000] {processor.py:179} INFO - Processing /home/airflow/.local/lib/python3.8/site-packages/airflow/example_dags/example_trigger_target_dag.py took 0.196 seconds
[2026-02-01T01:43:52.977+0000] {processor.py:157} INFO - Started process (PID=428) to work on /home/airflow/.local/lib/python3.8/site-packages/airflow/example_dags/example_trigger_target_dag.py
[2026-02-01T01:43:52.980+0000] {processor.py:829} INFO - Processing file /home/airflow/.local/lib/python3.8/site-packages/airflow/example_dags/example_trigger_target_dag.py for tasks to queue
[2026-02-01T01:43:52.985+0000] {logging_mixin.py:151} INFO - [2026-02-01T01:43:52.984+0000] {dagbag.py:536} INFO - Filling up the DagBag from /home/airflow/.local/lib/python3.8/site-packages/airflow/example_dags/example_trigger_target_dag.py
[2026-02-01T01:43:53.007+0000] {processor.py:839} INFO - DAG(s) dict_keys(['example_trigger_target_dag']) retrieved from /home/airflow/.local/lib/python3.8/site-packages/airflow/example_dags/example_trigger_target_dag.py
[2026-02-01T01:43:53.100+0000] {logging_mixin.py:151} INFO - [2026-02-01T01:43:53.100+0000] {dag.py:2941} INFO - Sync 1 DAGs
[2026-02-01T01:43:53.144+0000] {logging_mixin.py:151} INFO - [2026-02-01T01:43:53.143+0000] {dag.py:3722} INFO - Setting next_dagrun for example_trigger_target_dag to None, run_after=None
[2026-02-01T01:43:53.241+0000] {processor.py:179} INFO - Processing /home/airflow/.local/lib/python3.8/site-packages/airflow/example_dags/example_trigger_target_dag.py took 0.277 seconds
[2026-02-01T01:44:23.686+0000] {processor.py:157} INFO - Started process (PID=482) to work on /home/airflow/.local/lib/python3.8/site-packages/airflow/example_dags/example_trigger_target_dag.py
[2026-02-01T01:44:23.698+0000] {processor.py:829} INFO - Processing file /home/airflow/.local/lib/python3.8/site-packages/airflow/example_dags/example_trigger_target_dag.py for tasks to queue
[2026-02-01T01:44:23.704+0000] {logging_mixin.py:151} INFO - [2026-02-01T01:44:23.703+0000] {dagbag.py:536} INFO - Filling up the DagBag from /home/airflow/.local/lib/python3.8/site-packages/airflow/example_dags/example_trigger_target_dag.py
[2026-02-01T01:44:23.736+0000] {processor.py:839} INFO - DAG(s) dict_keys(['example_trigger_target_dag']) retrieved from /home/airflow/.local/lib/python3.8/site-packages/airflow/example_dags/example_trigger_target_dag.py
[2026-02-01T01:44:23.994+0000] {logging_mixin.py:151} INFO - [2026-02-01T01:44:23.992+0000] {dag.py:2941} INFO - Sync 1 DAGs
[2026-02-01T01:44:24.153+0000] {logging_mixin.py:151} INFO - [2026-02-01T01:44:24.153+0000] {dag.py:3722} INFO - Setting next_dagrun for example_trigger_target_dag to None, run_after=None
[2026-02-01T01:44:24.310+0000] {processor.py:179} INFO - Processing /home/airflow/.local/lib/python3.8/site-packages/airflow/example_dags/example_trigger_target_dag.py took 0.633 seconds
[2026-02-01T02:11:11.605+0000] {processor.py:157} INFO - Started process (PID=116) to work on /home/airflow/.local/lib/python3.8/site-packages/airflow/example_dags/example_trigger_target_dag.py
[2026-02-01T02:11:11.608+0000] {processor.py:829} INFO - Processing file /home/airflow/.local/lib/python3.8/site-packages/airflow/example_dags/example_trigger_target_dag.py for tasks to queue
[2026-02-01T02:11:11.614+0000] {logging_mixin.py:151} INFO - [2026-02-01T02:11:11.614+0000] {dagbag.py:536} INFO - Filling up the DagBag from /home/airflow/.local/lib/python3.8/site-packages/airflow/example_dags/example_trigger_target_dag.py
[2026-02-01T02:11:11.641+0000] {processor.py:839} INFO - DAG(s) dict_keys(['example_trigger_target_dag']) retrieved from /home/airflow/.local/lib/python3.8/site-packages/airflow/example_dags/example_trigger_target_dag.py
[2026-02-01T02:11:11.706+0000] {logging_mixin.py:151} INFO - [2026-02-01T02:11:11.705+0000] {dag.py:2941} INFO - Sync 1 DAGs
[2026-02-01T02:11:11.743+0000] {logging_mixin.py:151} INFO - [2026-02-01T02:11:11.743+0000] {dag.py:3722} INFO - Setting next_dagrun for example_trigger_target_dag to None, run_after=None
[2026-02-01T02:11:11.836+0000] {processor.py:179} INFO - Processing /home/airflow/.local/lib/python3.8/site-packages/airflow/example_dags/example_trigger_target_dag.py took 0.241 seconds
[2026-02-01T02:11:42.486+0000] {processor.py:157} INFO - Started process (PID=171) to work on /home/airflow/.local/lib/python3.8/site-packages/airflow/example_dags/example_trigger_target_dag.py
[2026-02-01T02:11:42.488+0000] {processor.py:829} INFO - Processing file /home/airflow/.local/lib/python3.8/site-packages/airflow/example_dags/example_trigger_target_dag.py for tasks to queue
[2026-02-01T02:11:42.494+0000] {logging_mixin.py:151} INFO - [2026-02-01T02:11:42.493+0000] {dagbag.py:536} INFO - Filling up the DagBag from /home/airflow/.local/lib/python3.8/site-packages/airflow/example_dags/example_trigger_target_dag.py
[2026-02-01T02:11:42.508+0000] {processor.py:839} INFO - DAG(s) dict_keys(['example_trigger_target_dag']) retrieved from /home/airflow/.local/lib/python3.8/site-packages/airflow/example_dags/example_trigger_target_dag.py
[2026-02-01T02:11:42.623+0000] {logging_mixin.py:151} INFO - [2026-02-01T02:11:42.612+0000] {dag.py:2941} INFO - Sync 1 DAGs
[2026-02-01T02:11:42.701+0000] {logging_mixin.py:151} INFO - [2026-02-01T02:11:42.701+0000] {dag.py:3722} INFO - Setting next_dagrun for example_trigger_target_dag to None, run_after=None
[2026-02-01T02:11:42.813+0000] {processor.py:179} INFO - Processing /home/airflow/.local/lib/python3.8/site-packages/airflow/example_dags/example_trigger_target_dag.py took 0.338 seconds
[2026-02-01T02:12:13.273+0000] {processor.py:157} INFO - Started process (PID=226) to work on /home/airflow/.local/lib/python3.8/site-packages/airflow/example_dags/example_trigger_target_dag.py
[2026-02-01T02:12:13.285+0000] {processor.py:829} INFO - Processing file /home/airflow/.local/lib/python3.8/site-packages/airflow/example_dags/example_trigger_target_dag.py for tasks to queue
[2026-02-01T02:12:13.301+0000] {logging_mixin.py:151} INFO - [2026-02-01T02:12:13.300+0000] {dagbag.py:536} INFO - Filling up the DagBag from /home/airflow/.local/lib/python3.8/site-packages/airflow/example_dags/example_trigger_target_dag.py
[2026-02-01T02:12:13.332+0000] {processor.py:839} INFO - DAG(s) dict_keys(['example_trigger_target_dag']) retrieved from /home/airflow/.local/lib/python3.8/site-packages/airflow/example_dags/example_trigger_target_dag.py
[2026-02-01T02:12:13.374+0000] {logging_mixin.py:151} INFO - [2026-02-01T02:12:13.374+0000] {dag.py:2941} INFO - Sync 1 DAGs
[2026-02-01T02:12:13.409+0000] {logging_mixin.py:151} INFO - [2026-02-01T02:12:13.408+0000] {dag.py:3722} INFO - Setting next_dagrun for example_trigger_target_dag to None, run_after=None
[2026-02-01T02:12:13.451+0000] {processor.py:179} INFO - Processing /home/airflow/.local/lib/python3.8/site-packages/airflow/example_dags/example_trigger_target_dag.py took 0.197 seconds
[2026-02-01T02:12:45.169+0000] {processor.py:157} INFO - Started process (PID=281) to work on /home/airflow/.local/lib/python3.8/site-packages/airflow/example_dags/example_trigger_target_dag.py
[2026-02-01T02:12:45.172+0000] {processor.py:829} INFO - Processing file /home/airflow/.local/lib/python3.8/site-packages/airflow/example_dags/example_trigger_target_dag.py for tasks to queue
[2026-02-01T02:12:45.181+0000] {logging_mixin.py:151} INFO - [2026-02-01T02:12:45.181+0000] {dagbag.py:536} INFO - Filling up the DagBag from /home/airflow/.local/lib/python3.8/site-packages/airflow/example_dags/example_trigger_target_dag.py
[2026-02-01T02:12:45.195+0000] {processor.py:839} INFO - DAG(s) dict_keys(['example_trigger_target_dag']) retrieved from /home/airflow/.local/lib/python3.8/site-packages/airflow/example_dags/example_trigger_target_dag.py
[2026-02-01T02:12:45.239+0000] {logging_mixin.py:151} INFO - [2026-02-01T02:12:45.239+0000] {dag.py:2941} INFO - Sync 1 DAGs
[2026-02-01T02:12:45.268+0000] {logging_mixin.py:151} INFO - [2026-02-01T02:12:45.267+0000] {dag.py:3722} INFO - Setting next_dagrun for example_trigger_target_dag to None, run_after=None
[2026-02-01T02:12:45.304+0000] {processor.py:179} INFO - Processing /home/airflow/.local/lib/python3.8/site-packages/airflow/example_dags/example_trigger_target_dag.py took 0.143 seconds
[2026-02-01T02:13:15.776+0000] {processor.py:157} INFO - Started process (PID=336) to work on /home/airflow/.local/lib/python3.8/site-packages/airflow/example_dags/example_trigger_target_dag.py
[2026-02-01T02:13:15.780+0000] {processor.py:829} INFO - Processing file /home/airflow/.local/lib/python3.8/site-packages/airflow/example_dags/example_trigger_target_dag.py for tasks to queue
[2026-02-01T02:13:15.786+0000] {logging_mixin.py:151} INFO - [2026-02-01T02:13:15.785+0000] {dagbag.py:536} INFO - Filling up the DagBag from /home/airflow/.local/lib/python3.8/site-packages/airflow/example_dags/example_trigger_target_dag.py
[2026-02-01T02:13:15.802+0000] {processor.py:839} INFO - DAG(s) dict_keys(['example_trigger_target_dag']) retrieved from /home/airflow/.local/lib/python3.8/site-packages/airflow/example_dags/example_trigger_target_dag.py
[2026-02-01T02:13:15.857+0000] {logging_mixin.py:151} INFO - [2026-02-01T02:13:15.856+0000] {dag.py:2941} INFO - Sync 1 DAGs
[2026-02-01T02:13:15.891+0000] {logging_mixin.py:151} INFO - [2026-02-01T02:13:15.890+0000] {dag.py:3722} INFO - Setting next_dagrun for example_trigger_target_dag to None, run_after=None
[2026-02-01T02:13:15.950+0000] {processor.py:179} INFO - Processing /home/airflow/.local/lib/python3.8/site-packages/airflow/example_dags/example_trigger_target_dag.py took 0.184 seconds
[2026-02-01T02:13:46.288+0000] {processor.py:157} INFO - Started process (PID=391) to work on /home/airflow/.local/lib/python3.8/site-packages/airflow/example_dags/example_trigger_target_dag.py
[2026-02-01T02:13:46.296+0000] {processor.py:829} INFO - Processing file /home/airflow/.local/lib/python3.8/site-packages/airflow/example_dags/example_trigger_target_dag.py for tasks to queue
[2026-02-01T02:13:46.308+0000] {logging_mixin.py:151} INFO - [2026-02-01T02:13:46.307+0000] {dagbag.py:536} INFO - Filling up the DagBag from /home/airflow/.local/lib/python3.8/site-packages/airflow/example_dags/example_trigger_target_dag.py
[2026-02-01T02:13:46.327+0000] {processor.py:839} INFO - DAG(s) dict_keys(['example_trigger_target_dag']) retrieved from /home/airflow/.local/lib/python3.8/site-packages/airflow/example_dags/example_trigger_target_dag.py
[2026-02-01T02:13:46.401+0000] {logging_mixin.py:151} INFO - [2026-02-01T02:13:46.401+0000] {dag.py:2941} INFO - Sync 1 DAGs
[2026-02-01T02:13:46.459+0000] {logging_mixin.py:151} INFO - [2026-02-01T02:13:46.458+0000] {dag.py:3722} INFO - Setting next_dagrun for example_trigger_target_dag to None, run_after=None
[2026-02-01T02:13:46.608+0000] {processor.py:179} INFO - Processing /home/airflow/.local/lib/python3.8/site-packages/airflow/example_dags/example_trigger_target_dag.py took 0.328 seconds
[2026-02-01T02:14:17.143+0000] {processor.py:157} INFO - Started process (PID=446) to work on /home/airflow/.local/lib/python3.8/site-packages/airflow/example_dags/example_trigger_target_dag.py
[2026-02-01T02:14:17.145+0000] {processor.py:829} INFO - Processing file /home/airflow/.local/lib/python3.8/site-packages/airflow/example_dags/example_trigger_target_dag.py for tasks to queue
[2026-02-01T02:14:17.154+0000] {logging_mixin.py:151} INFO - [2026-02-01T02:14:17.153+0000] {dagbag.py:536} INFO - Filling up the DagBag from /home/airflow/.local/lib/python3.8/site-packages/airflow/example_dags/example_trigger_target_dag.py
[2026-02-01T02:14:17.167+0000] {processor.py:839} INFO - DAG(s) dict_keys(['example_trigger_target_dag']) retrieved from /home/airflow/.local/lib/python3.8/site-packages/airflow/example_dags/example_trigger_target_dag.py
[2026-02-01T02:14:17.230+0000] {logging_mixin.py:151} INFO - [2026-02-01T02:14:17.229+0000] {dag.py:2941} INFO - Sync 1 DAGs
[2026-02-01T02:14:17.260+0000] {logging_mixin.py:151} INFO - [2026-02-01T02:14:17.259+0000] {dag.py:3722} INFO - Setting next_dagrun for example_trigger_target_dag to None, run_after=None
[2026-02-01T02:14:17.319+0000] {processor.py:179} INFO - Processing /home/airflow/.local/lib/python3.8/site-packages/airflow/example_dags/example_trigger_target_dag.py took 0.190 seconds
[2026-02-01T02:14:48.329+0000] {processor.py:157} INFO - Started process (PID=500) to work on /home/airflow/.local/lib/python3.8/site-packages/airflow/example_dags/example_trigger_target_dag.py
[2026-02-01T02:14:48.342+0000] {processor.py:829} INFO - Processing file /home/airflow/.local/lib/python3.8/site-packages/airflow/example_dags/example_trigger_target_dag.py for tasks to queue
[2026-02-01T02:14:48.350+0000] {logging_mixin.py:151} INFO - [2026-02-01T02:14:48.349+0000] {dagbag.py:536} INFO - Filling up the DagBag from /home/airflow/.local/lib/python3.8/site-packages/airflow/example_dags/example_trigger_target_dag.py
[2026-02-01T02:14:48.369+0000] {processor.py:839} INFO - DAG(s) dict_keys(['example_trigger_target_dag']) retrieved from /home/airflow/.local/lib/python3.8/site-packages/airflow/example_dags/example_trigger_target_dag.py
[2026-02-01T02:14:48.431+0000] {logging_mixin.py:151} INFO - [2026-02-01T02:14:48.431+0000] {dag.py:2941} INFO - Sync 1 DAGs
[2026-02-01T02:14:48.480+0000] {logging_mixin.py:151} INFO - [2026-02-01T02:14:48.480+0000] {dag.py:3722} INFO - Setting next_dagrun for example_trigger_target_dag to None, run_after=None
[2026-02-01T02:14:48.541+0000] {processor.py:179} INFO - Processing /home/airflow/.local/lib/python3.8/site-packages/airflow/example_dags/example_trigger_target_dag.py took 0.227 seconds
[2026-02-01T02:15:18.698+0000] {processor.py:157} INFO - Started process (PID=554) to work on /home/airflow/.local/lib/python3.8/site-packages/airflow/example_dags/example_trigger_target_dag.py
[2026-02-01T02:15:18.700+0000] {processor.py:829} INFO - Processing file /home/airflow/.local/lib/python3.8/site-packages/airflow/example_dags/example_trigger_target_dag.py for tasks to queue
[2026-02-01T02:15:18.711+0000] {logging_mixin.py:151} INFO - [2026-02-01T02:15:18.711+0000] {dagbag.py:536} INFO - Filling up the DagBag from /home/airflow/.local/lib/python3.8/site-packages/airflow/example_dags/example_trigger_target_dag.py
[2026-02-01T02:15:18.727+0000] {processor.py:839} INFO - DAG(s) dict_keys(['example_trigger_target_dag']) retrieved from /home/airflow/.local/lib/python3.8/site-packages/airflow/example_dags/example_trigger_target_dag.py
[2026-02-01T02:15:18.771+0000] {logging_mixin.py:151} INFO - [2026-02-01T02:15:18.771+0000] {dag.py:2941} INFO - Sync 1 DAGs
[2026-02-01T02:15:18.802+0000] {logging_mixin.py:151} INFO - [2026-02-01T02:15:18.801+0000] {dag.py:3722} INFO - Setting next_dagrun for example_trigger_target_dag to None, run_after=None
[2026-02-01T02:15:18.844+0000] {processor.py:179} INFO - Processing /home/airflow/.local/lib/python3.8/site-packages/airflow/example_dags/example_trigger_target_dag.py took 0.155 seconds
[2026-02-01T02:15:49.274+0000] {processor.py:157} INFO - Started process (PID=609) to work on /home/airflow/.local/lib/python3.8/site-packages/airflow/example_dags/example_trigger_target_dag.py
[2026-02-01T02:15:49.276+0000] {processor.py:829} INFO - Processing file /home/airflow/.local/lib/python3.8/site-packages/airflow/example_dags/example_trigger_target_dag.py for tasks to queue
[2026-02-01T02:15:49.284+0000] {logging_mixin.py:151} INFO - [2026-02-01T02:15:49.283+0000] {dagbag.py:536} INFO - Filling up the DagBag from /home/airflow/.local/lib/python3.8/site-packages/airflow/example_dags/example_trigger_target_dag.py
[2026-02-01T02:15:49.298+0000] {processor.py:839} INFO - DAG(s) dict_keys(['example_trigger_target_dag']) retrieved from /home/airflow/.local/lib/python3.8/site-packages/airflow/example_dags/example_trigger_target_dag.py
[2026-02-01T02:15:49.340+0000] {logging_mixin.py:151} INFO - [2026-02-01T02:15:49.340+0000] {dag.py:2941} INFO - Sync 1 DAGs
[2026-02-01T02:15:49.363+0000] {logging_mixin.py:151} INFO - [2026-02-01T02:15:49.363+0000] {dag.py:3722} INFO - Setting next_dagrun for example_trigger_target_dag to None, run_after=None
[2026-02-01T02:15:49.412+0000] {processor.py:179} INFO - Processing /home/airflow/.local/lib/python3.8/site-packages/airflow/example_dags/example_trigger_target_dag.py took 0.146 seconds
[2026-02-01T02:16:19.678+0000] {processor.py:157} INFO - Started process (PID=664) to work on /home/airflow/.local/lib/python3.8/site-packages/airflow/example_dags/example_trigger_target_dag.py
[2026-02-01T02:16:19.680+0000] {processor.py:829} INFO - Processing file /home/airflow/.local/lib/python3.8/site-packages/airflow/example_dags/example_trigger_target_dag.py for tasks to queue
[2026-02-01T02:16:19.686+0000] {logging_mixin.py:151} INFO - [2026-02-01T02:16:19.685+0000] {dagbag.py:536} INFO - Filling up the DagBag from /home/airflow/.local/lib/python3.8/site-packages/airflow/example_dags/example_trigger_target_dag.py
[2026-02-01T02:16:19.713+0000] {processor.py:839} INFO - DAG(s) dict_keys(['example_trigger_target_dag']) retrieved from /home/airflow/.local/lib/python3.8/site-packages/airflow/example_dags/example_trigger_target_dag.py
[2026-02-01T02:16:19.784+0000] {logging_mixin.py:151} INFO - [2026-02-01T02:16:19.783+0000] {dag.py:2941} INFO - Sync 1 DAGs
[2026-02-01T02:16:19.830+0000] {logging_mixin.py:151} INFO - [2026-02-01T02:16:19.829+0000] {dag.py:3722} INFO - Setting next_dagrun for example_trigger_target_dag to None, run_after=None
[2026-02-01T02:16:19.887+0000] {processor.py:179} INFO - Processing /home/airflow/.local/lib/python3.8/site-packages/airflow/example_dags/example_trigger_target_dag.py took 0.222 seconds
