[2026-02-01T01:37:06.335+0000] {processor.py:157} INFO - Started process (PID=86) to work on /home/airflow/.local/lib/python3.8/site-packages/airflow/example_dags/example_task_group_decorator.py
[2026-02-01T01:37:06.346+0000] {processor.py:829} INFO - Processing file /home/airflow/.local/lib/python3.8/site-packages/airflow/example_dags/example_task_group_decorator.py for tasks to queue
[2026-02-01T01:37:06.353+0000] {logging_mixin.py:151} INFO - [2026-02-01T01:37:06.352+0000] {dagbag.py:536} INFO - Filling up the DagBag from /home/airflow/.local/lib/python3.8/site-packages/airflow/example_dags/example_task_group_decorator.py
[2026-02-01T01:37:06.459+0000] {processor.py:839} INFO - DAG(s) dict_keys(['example_task_group_decorator']) retrieved from /home/airflow/.local/lib/python3.8/site-packages/airflow/example_dags/example_task_group_decorator.py
[2026-02-01T01:37:07.121+0000] {logging_mixin.py:151} INFO - [2026-02-01T01:37:07.121+0000] {manager.py:499} INFO - Created Permission View: %s
[2026-02-01T01:37:07.182+0000] {logging_mixin.py:151} INFO - [2026-02-01T01:37:07.182+0000] {manager.py:499} INFO - Created Permission View: %s
[2026-02-01T01:37:07.216+0000] {logging_mixin.py:151} INFO - [2026-02-01T01:37:07.216+0000] {manager.py:499} INFO - Created Permission View: %s
[2026-02-01T01:37:07.218+0000] {logging_mixin.py:151} INFO - [2026-02-01T01:37:07.218+0000] {dag.py:2941} INFO - Sync 1 DAGs
[2026-02-01T01:37:07.262+0000] {logging_mixin.py:151} INFO - [2026-02-01T01:37:07.262+0000] {dag.py:2963} INFO - Creating ORM DAG for example_task_group_decorator
[2026-02-01T01:37:07.349+0000] {logging_mixin.py:151} INFO - [2026-02-01T01:37:07.349+0000] {dag.py:3722} INFO - Setting next_dagrun for example_task_group_decorator to 2026-01-31T01:37:07.348657+00:00, run_after=2026-02-01T01:37:07.348657+00:00
[2026-02-01T01:37:07.518+0000] {processor.py:179} INFO - Processing /home/airflow/.local/lib/python3.8/site-packages/airflow/example_dags/example_task_group_decorator.py took 1.227 seconds
[2026-02-01T01:40:34.682+0000] {processor.py:157} INFO - Started process (PID=79) to work on /home/airflow/.local/lib/python3.8/site-packages/airflow/example_dags/example_task_group_decorator.py
[2026-02-01T01:40:34.685+0000] {processor.py:829} INFO - Processing file /home/airflow/.local/lib/python3.8/site-packages/airflow/example_dags/example_task_group_decorator.py for tasks to queue
[2026-02-01T01:40:34.691+0000] {logging_mixin.py:151} INFO - [2026-02-01T01:40:34.690+0000] {dagbag.py:536} INFO - Filling up the DagBag from /home/airflow/.local/lib/python3.8/site-packages/airflow/example_dags/example_task_group_decorator.py
[2026-02-01T01:40:34.749+0000] {processor.py:839} INFO - DAG(s) dict_keys(['example_task_group_decorator']) retrieved from /home/airflow/.local/lib/python3.8/site-packages/airflow/example_dags/example_task_group_decorator.py
[2026-02-01T01:40:34.814+0000] {logging_mixin.py:151} INFO - [2026-02-01T01:40:34.814+0000] {dag.py:2941} INFO - Sync 1 DAGs
[2026-02-01T01:40:34.873+0000] {logging_mixin.py:151} INFO - [2026-02-01T01:40:34.873+0000] {dag.py:3722} INFO - Setting next_dagrun for example_task_group_decorator to 2026-01-31T01:40:34.872327+00:00, run_after=2026-02-01T01:40:34.872327+00:00
[2026-02-01T01:40:34.926+0000] {processor.py:179} INFO - Processing /home/airflow/.local/lib/python3.8/site-packages/airflow/example_dags/example_task_group_decorator.py took 0.253 seconds
[2026-02-01T01:41:05.550+0000] {processor.py:157} INFO - Started process (PID=135) to work on /home/airflow/.local/lib/python3.8/site-packages/airflow/example_dags/example_task_group_decorator.py
[2026-02-01T01:41:05.555+0000] {processor.py:829} INFO - Processing file /home/airflow/.local/lib/python3.8/site-packages/airflow/example_dags/example_task_group_decorator.py for tasks to queue
[2026-02-01T01:41:05.560+0000] {logging_mixin.py:151} INFO - [2026-02-01T01:41:05.559+0000] {dagbag.py:536} INFO - Filling up the DagBag from /home/airflow/.local/lib/python3.8/site-packages/airflow/example_dags/example_task_group_decorator.py
[2026-02-01T01:41:05.595+0000] {processor.py:839} INFO - DAG(s) dict_keys(['example_task_group_decorator']) retrieved from /home/airflow/.local/lib/python3.8/site-packages/airflow/example_dags/example_task_group_decorator.py
[2026-02-01T01:41:05.649+0000] {logging_mixin.py:151} INFO - [2026-02-01T01:41:05.649+0000] {dag.py:2941} INFO - Sync 1 DAGs
[2026-02-01T01:41:05.687+0000] {logging_mixin.py:151} INFO - [2026-02-01T01:41:05.687+0000] {dag.py:3722} INFO - Setting next_dagrun for example_task_group_decorator to 2026-01-31T01:41:05.687195+00:00, run_after=2026-02-01T01:41:05.687195+00:00
[2026-02-01T01:41:05.735+0000] {processor.py:179} INFO - Processing /home/airflow/.local/lib/python3.8/site-packages/airflow/example_dags/example_task_group_decorator.py took 0.194 seconds
[2026-02-01T01:41:43.460+0000] {processor.py:157} INFO - Started process (PID=190) to work on /home/airflow/.local/lib/python3.8/site-packages/airflow/example_dags/example_task_group_decorator.py
[2026-02-01T01:41:43.473+0000] {processor.py:829} INFO - Processing file /home/airflow/.local/lib/python3.8/site-packages/airflow/example_dags/example_task_group_decorator.py for tasks to queue
[2026-02-01T01:41:43.490+0000] {logging_mixin.py:151} INFO - [2026-02-01T01:41:43.489+0000] {dagbag.py:536} INFO - Filling up the DagBag from /home/airflow/.local/lib/python3.8/site-packages/airflow/example_dags/example_task_group_decorator.py
[2026-02-01T01:41:43.583+0000] {processor.py:839} INFO - DAG(s) dict_keys(['example_task_group_decorator']) retrieved from /home/airflow/.local/lib/python3.8/site-packages/airflow/example_dags/example_task_group_decorator.py
[2026-02-01T01:41:43.778+0000] {logging_mixin.py:151} INFO - [2026-02-01T01:41:43.778+0000] {dag.py:2941} INFO - Sync 1 DAGs
[2026-02-01T01:41:43.924+0000] {logging_mixin.py:151} INFO - [2026-02-01T01:41:43.923+0000] {dag.py:3722} INFO - Setting next_dagrun for example_task_group_decorator to 2026-01-31T01:41:43.923214+00:00, run_after=2026-02-01T01:41:43.923214+00:00
[2026-02-01T01:41:44.032+0000] {processor.py:179} INFO - Processing /home/airflow/.local/lib/python3.8/site-packages/airflow/example_dags/example_task_group_decorator.py took 0.604 seconds
[2026-02-01T01:42:14.434+0000] {processor.py:157} INFO - Started process (PID=246) to work on /home/airflow/.local/lib/python3.8/site-packages/airflow/example_dags/example_task_group_decorator.py
[2026-02-01T01:42:14.449+0000] {processor.py:829} INFO - Processing file /home/airflow/.local/lib/python3.8/site-packages/airflow/example_dags/example_task_group_decorator.py for tasks to queue
[2026-02-01T01:42:14.465+0000] {logging_mixin.py:151} INFO - [2026-02-01T01:42:14.464+0000] {dagbag.py:536} INFO - Filling up the DagBag from /home/airflow/.local/lib/python3.8/site-packages/airflow/example_dags/example_task_group_decorator.py
[2026-02-01T01:42:14.517+0000] {processor.py:839} INFO - DAG(s) dict_keys(['example_task_group_decorator']) retrieved from /home/airflow/.local/lib/python3.8/site-packages/airflow/example_dags/example_task_group_decorator.py
[2026-02-01T01:42:14.589+0000] {logging_mixin.py:151} INFO - [2026-02-01T01:42:14.589+0000] {dag.py:2941} INFO - Sync 1 DAGs
[2026-02-01T01:42:14.660+0000] {logging_mixin.py:151} INFO - [2026-02-01T01:42:14.659+0000] {dag.py:3722} INFO - Setting next_dagrun for example_task_group_decorator to 2026-01-31T01:42:14.658505+00:00, run_after=2026-02-01T01:42:14.658505+00:00
[2026-02-01T01:42:14.743+0000] {processor.py:179} INFO - Processing /home/airflow/.local/lib/python3.8/site-packages/airflow/example_dags/example_task_group_decorator.py took 0.320 seconds
[2026-02-01T01:42:44.964+0000] {processor.py:157} INFO - Started process (PID=301) to work on /home/airflow/.local/lib/python3.8/site-packages/airflow/example_dags/example_task_group_decorator.py
[2026-02-01T01:42:44.966+0000] {processor.py:829} INFO - Processing file /home/airflow/.local/lib/python3.8/site-packages/airflow/example_dags/example_task_group_decorator.py for tasks to queue
[2026-02-01T01:42:44.981+0000] {logging_mixin.py:151} INFO - [2026-02-01T01:42:44.980+0000] {dagbag.py:536} INFO - Filling up the DagBag from /home/airflow/.local/lib/python3.8/site-packages/airflow/example_dags/example_task_group_decorator.py
[2026-02-01T01:42:45.075+0000] {processor.py:839} INFO - DAG(s) dict_keys(['example_task_group_decorator']) retrieved from /home/airflow/.local/lib/python3.8/site-packages/airflow/example_dags/example_task_group_decorator.py
[2026-02-01T01:42:45.135+0000] {logging_mixin.py:151} INFO - [2026-02-01T01:42:45.135+0000] {dag.py:2941} INFO - Sync 1 DAGs
[2026-02-01T01:42:45.195+0000] {logging_mixin.py:151} INFO - [2026-02-01T01:42:45.194+0000] {dag.py:3722} INFO - Setting next_dagrun for example_task_group_decorator to 2026-01-31T01:42:45.193984+00:00, run_after=2026-02-01T01:42:45.193984+00:00
[2026-02-01T01:42:45.268+0000] {processor.py:179} INFO - Processing /home/airflow/.local/lib/python3.8/site-packages/airflow/example_dags/example_task_group_decorator.py took 0.323 seconds
[2026-02-01T01:43:15.637+0000] {processor.py:157} INFO - Started process (PID=355) to work on /home/airflow/.local/lib/python3.8/site-packages/airflow/example_dags/example_task_group_decorator.py
[2026-02-01T01:43:15.639+0000] {processor.py:829} INFO - Processing file /home/airflow/.local/lib/python3.8/site-packages/airflow/example_dags/example_task_group_decorator.py for tasks to queue
[2026-02-01T01:43:15.644+0000] {logging_mixin.py:151} INFO - [2026-02-01T01:43:15.644+0000] {dagbag.py:536} INFO - Filling up the DagBag from /home/airflow/.local/lib/python3.8/site-packages/airflow/example_dags/example_task_group_decorator.py
[2026-02-01T01:43:15.672+0000] {processor.py:839} INFO - DAG(s) dict_keys(['example_task_group_decorator']) retrieved from /home/airflow/.local/lib/python3.8/site-packages/airflow/example_dags/example_task_group_decorator.py
[2026-02-01T01:43:15.713+0000] {logging_mixin.py:151} INFO - [2026-02-01T01:43:15.713+0000] {dag.py:2941} INFO - Sync 1 DAGs
[2026-02-01T01:43:15.754+0000] {logging_mixin.py:151} INFO - [2026-02-01T01:43:15.754+0000] {dag.py:3722} INFO - Setting next_dagrun for example_task_group_decorator to 2026-01-31T01:43:15.753518+00:00, run_after=2026-02-01T01:43:15.753518+00:00
[2026-02-01T01:43:15.796+0000] {processor.py:179} INFO - Processing /home/airflow/.local/lib/python3.8/site-packages/airflow/example_dags/example_task_group_decorator.py took 0.166 seconds
[2026-02-01T01:43:46.643+0000] {processor.py:157} INFO - Started process (PID=410) to work on /home/airflow/.local/lib/python3.8/site-packages/airflow/example_dags/example_task_group_decorator.py
[2026-02-01T01:43:46.645+0000] {processor.py:829} INFO - Processing file /home/airflow/.local/lib/python3.8/site-packages/airflow/example_dags/example_task_group_decorator.py for tasks to queue
[2026-02-01T01:43:46.650+0000] {logging_mixin.py:151} INFO - [2026-02-01T01:43:46.649+0000] {dagbag.py:536} INFO - Filling up the DagBag from /home/airflow/.local/lib/python3.8/site-packages/airflow/example_dags/example_task_group_decorator.py
[2026-02-01T01:43:46.685+0000] {processor.py:839} INFO - DAG(s) dict_keys(['example_task_group_decorator']) retrieved from /home/airflow/.local/lib/python3.8/site-packages/airflow/example_dags/example_task_group_decorator.py
[2026-02-01T01:43:46.743+0000] {logging_mixin.py:151} INFO - [2026-02-01T01:43:46.742+0000] {dag.py:2941} INFO - Sync 1 DAGs
[2026-02-01T01:43:46.804+0000] {logging_mixin.py:151} INFO - [2026-02-01T01:43:46.804+0000] {dag.py:3722} INFO - Setting next_dagrun for example_task_group_decorator to 2026-01-31T01:43:46.802718+00:00, run_after=2026-02-01T01:43:46.802718+00:00
[2026-02-01T01:43:46.872+0000] {processor.py:179} INFO - Processing /home/airflow/.local/lib/python3.8/site-packages/airflow/example_dags/example_task_group_decorator.py took 0.240 seconds
[2026-02-01T01:44:17.289+0000] {processor.py:157} INFO - Started process (PID=465) to work on /home/airflow/.local/lib/python3.8/site-packages/airflow/example_dags/example_task_group_decorator.py
[2026-02-01T01:44:17.305+0000] {processor.py:829} INFO - Processing file /home/airflow/.local/lib/python3.8/site-packages/airflow/example_dags/example_task_group_decorator.py for tasks to queue
[2026-02-01T01:44:17.324+0000] {logging_mixin.py:151} INFO - [2026-02-01T01:44:17.324+0000] {dagbag.py:536} INFO - Filling up the DagBag from /home/airflow/.local/lib/python3.8/site-packages/airflow/example_dags/example_task_group_decorator.py
[2026-02-01T01:44:17.478+0000] {processor.py:839} INFO - DAG(s) dict_keys(['example_task_group_decorator']) retrieved from /home/airflow/.local/lib/python3.8/site-packages/airflow/example_dags/example_task_group_decorator.py
[2026-02-01T01:44:17.660+0000] {logging_mixin.py:151} INFO - [2026-02-01T01:44:17.658+0000] {dag.py:2941} INFO - Sync 1 DAGs
[2026-02-01T01:44:17.769+0000] {logging_mixin.py:151} INFO - [2026-02-01T01:44:17.769+0000] {dag.py:3722} INFO - Setting next_dagrun for example_task_group_decorator to 2026-01-31T01:44:17.768636+00:00, run_after=2026-02-01T01:44:17.768636+00:00
[2026-02-01T01:44:17.943+0000] {processor.py:179} INFO - Processing /home/airflow/.local/lib/python3.8/site-packages/airflow/example_dags/example_task_group_decorator.py took 0.673 seconds
[2026-02-01T02:10:58.181+0000] {processor.py:157} INFO - Started process (PID=91) to work on /home/airflow/.local/lib/python3.8/site-packages/airflow/example_dags/example_task_group_decorator.py
[2026-02-01T02:10:58.186+0000] {processor.py:829} INFO - Processing file /home/airflow/.local/lib/python3.8/site-packages/airflow/example_dags/example_task_group_decorator.py for tasks to queue
[2026-02-01T02:10:58.198+0000] {logging_mixin.py:151} INFO - [2026-02-01T02:10:58.197+0000] {dagbag.py:536} INFO - Filling up the DagBag from /home/airflow/.local/lib/python3.8/site-packages/airflow/example_dags/example_task_group_decorator.py
[2026-02-01T02:10:58.287+0000] {processor.py:839} INFO - DAG(s) dict_keys(['example_task_group_decorator']) retrieved from /home/airflow/.local/lib/python3.8/site-packages/airflow/example_dags/example_task_group_decorator.py
[2026-02-01T02:10:58.384+0000] {logging_mixin.py:151} INFO - [2026-02-01T02:10:58.384+0000] {dag.py:2941} INFO - Sync 1 DAGs
[2026-02-01T02:10:58.464+0000] {logging_mixin.py:151} INFO - [2026-02-01T02:10:58.464+0000] {dag.py:3722} INFO - Setting next_dagrun for example_task_group_decorator to 2026-01-31T02:10:58.462936+00:00, run_after=2026-02-01T02:10:58.462936+00:00
[2026-02-01T02:10:58.551+0000] {processor.py:179} INFO - Processing /home/airflow/.local/lib/python3.8/site-packages/airflow/example_dags/example_task_group_decorator.py took 0.380 seconds
[2026-02-01T02:11:29.661+0000] {processor.py:157} INFO - Started process (PID=146) to work on /home/airflow/.local/lib/python3.8/site-packages/airflow/example_dags/example_task_group_decorator.py
[2026-02-01T02:11:29.674+0000] {processor.py:829} INFO - Processing file /home/airflow/.local/lib/python3.8/site-packages/airflow/example_dags/example_task_group_decorator.py for tasks to queue
[2026-02-01T02:11:29.690+0000] {logging_mixin.py:151} INFO - [2026-02-01T02:11:29.689+0000] {dagbag.py:536} INFO - Filling up the DagBag from /home/airflow/.local/lib/python3.8/site-packages/airflow/example_dags/example_task_group_decorator.py
[2026-02-01T02:11:29.782+0000] {processor.py:839} INFO - DAG(s) dict_keys(['example_task_group_decorator']) retrieved from /home/airflow/.local/lib/python3.8/site-packages/airflow/example_dags/example_task_group_decorator.py
[2026-02-01T02:11:29.860+0000] {logging_mixin.py:151} INFO - [2026-02-01T02:11:29.860+0000] {dag.py:2941} INFO - Sync 1 DAGs
[2026-02-01T02:11:30.052+0000] {logging_mixin.py:151} INFO - [2026-02-01T02:11:30.051+0000] {dag.py:3722} INFO - Setting next_dagrun for example_task_group_decorator to 2026-01-31T02:11:30.051205+00:00, run_after=2026-02-01T02:11:30.051205+00:00
[2026-02-01T02:11:30.440+0000] {processor.py:179} INFO - Processing /home/airflow/.local/lib/python3.8/site-packages/airflow/example_dags/example_task_group_decorator.py took 0.802 seconds
[2026-02-01T02:12:01.187+0000] {processor.py:157} INFO - Started process (PID=201) to work on /home/airflow/.local/lib/python3.8/site-packages/airflow/example_dags/example_task_group_decorator.py
[2026-02-01T02:12:01.190+0000] {processor.py:829} INFO - Processing file /home/airflow/.local/lib/python3.8/site-packages/airflow/example_dags/example_task_group_decorator.py for tasks to queue
[2026-02-01T02:12:01.204+0000] {logging_mixin.py:151} INFO - [2026-02-01T02:12:01.202+0000] {dagbag.py:536} INFO - Filling up the DagBag from /home/airflow/.local/lib/python3.8/site-packages/airflow/example_dags/example_task_group_decorator.py
[2026-02-01T02:12:01.259+0000] {processor.py:839} INFO - DAG(s) dict_keys(['example_task_group_decorator']) retrieved from /home/airflow/.local/lib/python3.8/site-packages/airflow/example_dags/example_task_group_decorator.py
[2026-02-01T02:12:01.356+0000] {logging_mixin.py:151} INFO - [2026-02-01T02:12:01.356+0000] {dag.py:2941} INFO - Sync 1 DAGs
[2026-02-01T02:12:01.433+0000] {logging_mixin.py:151} INFO - [2026-02-01T02:12:01.432+0000] {dag.py:3722} INFO - Setting next_dagrun for example_task_group_decorator to 2026-01-31T02:12:01.432014+00:00, run_after=2026-02-01T02:12:01.432014+00:00
[2026-02-01T02:12:01.533+0000] {processor.py:179} INFO - Processing /home/airflow/.local/lib/python3.8/site-packages/airflow/example_dags/example_task_group_decorator.py took 0.354 seconds
[2026-02-01T02:12:32.389+0000] {processor.py:157} INFO - Started process (PID=256) to work on /home/airflow/.local/lib/python3.8/site-packages/airflow/example_dags/example_task_group_decorator.py
[2026-02-01T02:12:32.393+0000] {processor.py:829} INFO - Processing file /home/airflow/.local/lib/python3.8/site-packages/airflow/example_dags/example_task_group_decorator.py for tasks to queue
[2026-02-01T02:12:32.400+0000] {logging_mixin.py:151} INFO - [2026-02-01T02:12:32.399+0000] {dagbag.py:536} INFO - Filling up the DagBag from /home/airflow/.local/lib/python3.8/site-packages/airflow/example_dags/example_task_group_decorator.py
[2026-02-01T02:12:32.459+0000] {processor.py:839} INFO - DAG(s) dict_keys(['example_task_group_decorator']) retrieved from /home/airflow/.local/lib/python3.8/site-packages/airflow/example_dags/example_task_group_decorator.py
[2026-02-01T02:12:32.554+0000] {logging_mixin.py:151} INFO - [2026-02-01T02:12:32.554+0000] {dag.py:2941} INFO - Sync 1 DAGs
[2026-02-01T02:12:32.610+0000] {logging_mixin.py:151} INFO - [2026-02-01T02:12:32.609+0000] {dag.py:3722} INFO - Setting next_dagrun for example_task_group_decorator to 2026-01-31T02:12:32.609361+00:00, run_after=2026-02-01T02:12:32.609361+00:00
[2026-02-01T02:12:32.654+0000] {processor.py:179} INFO - Processing /home/airflow/.local/lib/python3.8/site-packages/airflow/example_dags/example_task_group_decorator.py took 0.276 seconds
[2026-02-01T02:13:03.783+0000] {processor.py:157} INFO - Started process (PID=311) to work on /home/airflow/.local/lib/python3.8/site-packages/airflow/example_dags/example_task_group_decorator.py
[2026-02-01T02:13:03.790+0000] {processor.py:829} INFO - Processing file /home/airflow/.local/lib/python3.8/site-packages/airflow/example_dags/example_task_group_decorator.py for tasks to queue
[2026-02-01T02:13:03.797+0000] {logging_mixin.py:151} INFO - [2026-02-01T02:13:03.796+0000] {dagbag.py:536} INFO - Filling up the DagBag from /home/airflow/.local/lib/python3.8/site-packages/airflow/example_dags/example_task_group_decorator.py
[2026-02-01T02:13:03.869+0000] {processor.py:839} INFO - DAG(s) dict_keys(['example_task_group_decorator']) retrieved from /home/airflow/.local/lib/python3.8/site-packages/airflow/example_dags/example_task_group_decorator.py
[2026-02-01T02:13:03.958+0000] {logging_mixin.py:151} INFO - [2026-02-01T02:13:03.958+0000] {dag.py:2941} INFO - Sync 1 DAGs
[2026-02-01T02:13:04.017+0000] {logging_mixin.py:151} INFO - [2026-02-01T02:13:04.017+0000] {dag.py:3722} INFO - Setting next_dagrun for example_task_group_decorator to 2026-01-31T02:13:04.016243+00:00, run_after=2026-02-01T02:13:04.016243+00:00
[2026-02-01T02:13:04.081+0000] {processor.py:179} INFO - Processing /home/airflow/.local/lib/python3.8/site-packages/airflow/example_dags/example_task_group_decorator.py took 0.313 seconds
[2026-02-01T02:13:34.448+0000] {processor.py:157} INFO - Started process (PID=366) to work on /home/airflow/.local/lib/python3.8/site-packages/airflow/example_dags/example_task_group_decorator.py
[2026-02-01T02:13:34.454+0000] {processor.py:829} INFO - Processing file /home/airflow/.local/lib/python3.8/site-packages/airflow/example_dags/example_task_group_decorator.py for tasks to queue
[2026-02-01T02:13:34.459+0000] {logging_mixin.py:151} INFO - [2026-02-01T02:13:34.459+0000] {dagbag.py:536} INFO - Filling up the DagBag from /home/airflow/.local/lib/python3.8/site-packages/airflow/example_dags/example_task_group_decorator.py
[2026-02-01T02:13:34.490+0000] {processor.py:839} INFO - DAG(s) dict_keys(['example_task_group_decorator']) retrieved from /home/airflow/.local/lib/python3.8/site-packages/airflow/example_dags/example_task_group_decorator.py
[2026-02-01T02:13:34.549+0000] {logging_mixin.py:151} INFO - [2026-02-01T02:13:34.548+0000] {dag.py:2941} INFO - Sync 1 DAGs
[2026-02-01T02:13:34.613+0000] {logging_mixin.py:151} INFO - [2026-02-01T02:13:34.612+0000] {dag.py:3722} INFO - Setting next_dagrun for example_task_group_decorator to 2026-01-31T02:13:34.612019+00:00, run_after=2026-02-01T02:13:34.612019+00:00
[2026-02-01T02:13:34.667+0000] {processor.py:179} INFO - Processing /home/airflow/.local/lib/python3.8/site-packages/airflow/example_dags/example_task_group_decorator.py took 0.230 seconds
[2026-02-01T02:14:04.895+0000] {processor.py:157} INFO - Started process (PID=421) to work on /home/airflow/.local/lib/python3.8/site-packages/airflow/example_dags/example_task_group_decorator.py
[2026-02-01T02:14:04.896+0000] {processor.py:829} INFO - Processing file /home/airflow/.local/lib/python3.8/site-packages/airflow/example_dags/example_task_group_decorator.py for tasks to queue
[2026-02-01T02:14:04.902+0000] {logging_mixin.py:151} INFO - [2026-02-01T02:14:04.901+0000] {dagbag.py:536} INFO - Filling up the DagBag from /home/airflow/.local/lib/python3.8/site-packages/airflow/example_dags/example_task_group_decorator.py
[2026-02-01T02:14:04.924+0000] {processor.py:839} INFO - DAG(s) dict_keys(['example_task_group_decorator']) retrieved from /home/airflow/.local/lib/python3.8/site-packages/airflow/example_dags/example_task_group_decorator.py
[2026-02-01T02:14:04.978+0000] {logging_mixin.py:151} INFO - [2026-02-01T02:14:04.977+0000] {dag.py:2941} INFO - Sync 1 DAGs
[2026-02-01T02:14:05.014+0000] {logging_mixin.py:151} INFO - [2026-02-01T02:14:05.014+0000] {dag.py:3722} INFO - Setting next_dagrun for example_task_group_decorator to 2026-01-31T02:14:05.013840+00:00, run_after=2026-02-01T02:14:05.013840+00:00
[2026-02-01T02:14:05.047+0000] {processor.py:179} INFO - Processing /home/airflow/.local/lib/python3.8/site-packages/airflow/example_dags/example_task_group_decorator.py took 0.159 seconds
[2026-02-01T02:14:35.954+0000] {processor.py:157} INFO - Started process (PID=476) to work on /home/airflow/.local/lib/python3.8/site-packages/airflow/example_dags/example_task_group_decorator.py
[2026-02-01T02:14:35.958+0000] {processor.py:829} INFO - Processing file /home/airflow/.local/lib/python3.8/site-packages/airflow/example_dags/example_task_group_decorator.py for tasks to queue
[2026-02-01T02:14:35.963+0000] {logging_mixin.py:151} INFO - [2026-02-01T02:14:35.963+0000] {dagbag.py:536} INFO - Filling up the DagBag from /home/airflow/.local/lib/python3.8/site-packages/airflow/example_dags/example_task_group_decorator.py
[2026-02-01T02:14:35.998+0000] {processor.py:839} INFO - DAG(s) dict_keys(['example_task_group_decorator']) retrieved from /home/airflow/.local/lib/python3.8/site-packages/airflow/example_dags/example_task_group_decorator.py
[2026-02-01T02:14:36.041+0000] {logging_mixin.py:151} INFO - [2026-02-01T02:14:36.040+0000] {dag.py:2941} INFO - Sync 1 DAGs
[2026-02-01T02:14:36.073+0000] {logging_mixin.py:151} INFO - [2026-02-01T02:14:36.073+0000] {dag.py:3722} INFO - Setting next_dagrun for example_task_group_decorator to 2026-01-31T02:14:36.072699+00:00, run_after=2026-02-01T02:14:36.072699+00:00
[2026-02-01T02:14:36.102+0000] {processor.py:179} INFO - Processing /home/airflow/.local/lib/python3.8/site-packages/airflow/example_dags/example_task_group_decorator.py took 0.159 seconds
[2026-02-01T02:15:07.046+0000] {processor.py:157} INFO - Started process (PID=530) to work on /home/airflow/.local/lib/python3.8/site-packages/airflow/example_dags/example_task_group_decorator.py
[2026-02-01T02:15:07.048+0000] {processor.py:829} INFO - Processing file /home/airflow/.local/lib/python3.8/site-packages/airflow/example_dags/example_task_group_decorator.py for tasks to queue
[2026-02-01T02:15:07.054+0000] {logging_mixin.py:151} INFO - [2026-02-01T02:15:07.054+0000] {dagbag.py:536} INFO - Filling up the DagBag from /home/airflow/.local/lib/python3.8/site-packages/airflow/example_dags/example_task_group_decorator.py
[2026-02-01T02:15:07.094+0000] {processor.py:839} INFO - DAG(s) dict_keys(['example_task_group_decorator']) retrieved from /home/airflow/.local/lib/python3.8/site-packages/airflow/example_dags/example_task_group_decorator.py
[2026-02-01T02:15:07.163+0000] {logging_mixin.py:151} INFO - [2026-02-01T02:15:07.162+0000] {dag.py:2941} INFO - Sync 1 DAGs
[2026-02-01T02:15:07.252+0000] {logging_mixin.py:151} INFO - [2026-02-01T02:15:07.251+0000] {dag.py:3722} INFO - Setting next_dagrun for example_task_group_decorator to 2026-01-31T02:15:07.250743+00:00, run_after=2026-02-01T02:15:07.250743+00:00
[2026-02-01T02:15:07.338+0000] {processor.py:179} INFO - Processing /home/airflow/.local/lib/python3.8/site-packages/airflow/example_dags/example_task_group_decorator.py took 0.301 seconds
[2026-02-01T02:15:37.769+0000] {processor.py:157} INFO - Started process (PID=585) to work on /home/airflow/.local/lib/python3.8/site-packages/airflow/example_dags/example_task_group_decorator.py
[2026-02-01T02:15:37.775+0000] {processor.py:829} INFO - Processing file /home/airflow/.local/lib/python3.8/site-packages/airflow/example_dags/example_task_group_decorator.py for tasks to queue
[2026-02-01T02:15:37.782+0000] {logging_mixin.py:151} INFO - [2026-02-01T02:15:37.781+0000] {dagbag.py:536} INFO - Filling up the DagBag from /home/airflow/.local/lib/python3.8/site-packages/airflow/example_dags/example_task_group_decorator.py
[2026-02-01T02:15:37.820+0000] {processor.py:839} INFO - DAG(s) dict_keys(['example_task_group_decorator']) retrieved from /home/airflow/.local/lib/python3.8/site-packages/airflow/example_dags/example_task_group_decorator.py
[2026-02-01T02:15:37.885+0000] {logging_mixin.py:151} INFO - [2026-02-01T02:15:37.885+0000] {dag.py:2941} INFO - Sync 1 DAGs
[2026-02-01T02:15:37.935+0000] {logging_mixin.py:151} INFO - [2026-02-01T02:15:37.935+0000] {dag.py:3722} INFO - Setting next_dagrun for example_task_group_decorator to 2026-01-31T02:15:37.934532+00:00, run_after=2026-02-01T02:15:37.934532+00:00
[2026-02-01T02:15:37.983+0000] {processor.py:179} INFO - Processing /home/airflow/.local/lib/python3.8/site-packages/airflow/example_dags/example_task_group_decorator.py took 0.224 seconds
[2026-02-01T02:16:08.268+0000] {processor.py:157} INFO - Started process (PID=640) to work on /home/airflow/.local/lib/python3.8/site-packages/airflow/example_dags/example_task_group_decorator.py
[2026-02-01T02:16:08.270+0000] {processor.py:829} INFO - Processing file /home/airflow/.local/lib/python3.8/site-packages/airflow/example_dags/example_task_group_decorator.py for tasks to queue
[2026-02-01T02:16:08.277+0000] {logging_mixin.py:151} INFO - [2026-02-01T02:16:08.276+0000] {dagbag.py:536} INFO - Filling up the DagBag from /home/airflow/.local/lib/python3.8/site-packages/airflow/example_dags/example_task_group_decorator.py
[2026-02-01T02:16:08.338+0000] {processor.py:839} INFO - DAG(s) dict_keys(['example_task_group_decorator']) retrieved from /home/airflow/.local/lib/python3.8/site-packages/airflow/example_dags/example_task_group_decorator.py
[2026-02-01T02:16:08.412+0000] {logging_mixin.py:151} INFO - [2026-02-01T02:16:08.412+0000] {dag.py:2941} INFO - Sync 1 DAGs
[2026-02-01T02:16:08.482+0000] {logging_mixin.py:151} INFO - [2026-02-01T02:16:08.481+0000] {dag.py:3722} INFO - Setting next_dagrun for example_task_group_decorator to 2026-01-31T02:16:08.480806+00:00, run_after=2026-02-01T02:16:08.480806+00:00
[2026-02-01T02:16:08.557+0000] {processor.py:179} INFO - Processing /home/airflow/.local/lib/python3.8/site-packages/airflow/example_dags/example_task_group_decorator.py took 0.302 seconds
