[2026-02-01T01:37:14.217+0000] {processor.py:157} INFO - Started process (PID=98) to work on /home/airflow/.local/lib/python3.8/site-packages/airflow/example_dags/example_latest_only_with_trigger.py
[2026-02-01T01:37:14.225+0000] {processor.py:829} INFO - Processing file /home/airflow/.local/lib/python3.8/site-packages/airflow/example_dags/example_latest_only_with_trigger.py for tasks to queue
[2026-02-01T01:37:14.244+0000] {logging_mixin.py:151} INFO - [2026-02-01T01:37:14.242+0000] {dagbag.py:536} INFO - Filling up the DagBag from /home/airflow/.local/lib/python3.8/site-packages/airflow/example_dags/example_latest_only_with_trigger.py
[2026-02-01T01:37:14.314+0000] {processor.py:839} INFO - DAG(s) dict_keys(['latest_only_with_trigger']) retrieved from /home/airflow/.local/lib/python3.8/site-packages/airflow/example_dags/example_latest_only_with_trigger.py
[2026-02-01T01:37:14.795+0000] {logging_mixin.py:151} INFO - [2026-02-01T01:37:14.795+0000] {manager.py:499} INFO - Created Permission View: %s
[2026-02-01T01:37:14.845+0000] {logging_mixin.py:151} INFO - [2026-02-01T01:37:14.845+0000] {manager.py:499} INFO - Created Permission View: %s
[2026-02-01T01:37:14.878+0000] {logging_mixin.py:151} INFO - [2026-02-01T01:37:14.878+0000] {manager.py:499} INFO - Created Permission View: %s
[2026-02-01T01:37:14.880+0000] {logging_mixin.py:151} INFO - [2026-02-01T01:37:14.879+0000] {dag.py:2941} INFO - Sync 1 DAGs
[2026-02-01T01:37:14.938+0000] {logging_mixin.py:151} INFO - [2026-02-01T01:37:14.937+0000] {dag.py:2963} INFO - Creating ORM DAG for latest_only_with_trigger
[2026-02-01T01:37:14.975+0000] {logging_mixin.py:151} INFO - [2026-02-01T01:37:14.975+0000] {dag.py:3722} INFO - Setting next_dagrun for latest_only_with_trigger to 2026-01-31T21:37:14.974860+00:00, run_after=2026-02-01T01:37:14.974860+00:00
[2026-02-01T01:37:15.067+0000] {processor.py:179} INFO - Processing /home/airflow/.local/lib/python3.8/site-packages/airflow/example_dags/example_latest_only_with_trigger.py took 0.868 seconds
[2026-02-01T01:40:37.176+0000] {processor.py:157} INFO - Started process (PID=91) to work on /home/airflow/.local/lib/python3.8/site-packages/airflow/example_dags/example_latest_only_with_trigger.py
[2026-02-01T01:40:37.179+0000] {processor.py:829} INFO - Processing file /home/airflow/.local/lib/python3.8/site-packages/airflow/example_dags/example_latest_only_with_trigger.py for tasks to queue
[2026-02-01T01:40:37.187+0000] {logging_mixin.py:151} INFO - [2026-02-01T01:40:37.185+0000] {dagbag.py:536} INFO - Filling up the DagBag from /home/airflow/.local/lib/python3.8/site-packages/airflow/example_dags/example_latest_only_with_trigger.py
[2026-02-01T01:40:37.209+0000] {processor.py:839} INFO - DAG(s) dict_keys(['latest_only_with_trigger']) retrieved from /home/airflow/.local/lib/python3.8/site-packages/airflow/example_dags/example_latest_only_with_trigger.py
[2026-02-01T01:40:37.280+0000] {logging_mixin.py:151} INFO - [2026-02-01T01:40:37.279+0000] {dag.py:2941} INFO - Sync 1 DAGs
[2026-02-01T01:40:37.335+0000] {logging_mixin.py:151} INFO - [2026-02-01T01:40:37.335+0000] {dag.py:3722} INFO - Setting next_dagrun for latest_only_with_trigger to 2026-01-31T21:40:37.335031+00:00, run_after=2026-02-01T01:40:37.335031+00:00
[2026-02-01T01:40:37.390+0000] {processor.py:179} INFO - Processing /home/airflow/.local/lib/python3.8/site-packages/airflow/example_dags/example_latest_only_with_trigger.py took 0.223 seconds
[2026-02-01T01:41:07.531+0000] {processor.py:157} INFO - Started process (PID=147) to work on /home/airflow/.local/lib/python3.8/site-packages/airflow/example_dags/example_latest_only_with_trigger.py
[2026-02-01T01:41:07.534+0000] {processor.py:829} INFO - Processing file /home/airflow/.local/lib/python3.8/site-packages/airflow/example_dags/example_latest_only_with_trigger.py for tasks to queue
[2026-02-01T01:41:07.539+0000] {logging_mixin.py:151} INFO - [2026-02-01T01:41:07.538+0000] {dagbag.py:536} INFO - Filling up the DagBag from /home/airflow/.local/lib/python3.8/site-packages/airflow/example_dags/example_latest_only_with_trigger.py
[2026-02-01T01:41:07.560+0000] {processor.py:839} INFO - DAG(s) dict_keys(['latest_only_with_trigger']) retrieved from /home/airflow/.local/lib/python3.8/site-packages/airflow/example_dags/example_latest_only_with_trigger.py
[2026-02-01T01:41:07.606+0000] {logging_mixin.py:151} INFO - [2026-02-01T01:41:07.606+0000] {dag.py:2941} INFO - Sync 1 DAGs
[2026-02-01T01:41:07.650+0000] {logging_mixin.py:151} INFO - [2026-02-01T01:41:07.650+0000] {dag.py:3722} INFO - Setting next_dagrun for latest_only_with_trigger to 2026-01-31T21:41:07.649753+00:00, run_after=2026-02-01T01:41:07.649753+00:00
[2026-02-01T01:41:07.687+0000] {processor.py:179} INFO - Processing /home/airflow/.local/lib/python3.8/site-packages/airflow/example_dags/example_latest_only_with_trigger.py took 0.169 seconds
[2026-02-01T01:41:47.311+0000] {processor.py:157} INFO - Started process (PID=202) to work on /home/airflow/.local/lib/python3.8/site-packages/airflow/example_dags/example_latest_only_with_trigger.py
[2026-02-01T01:41:47.319+0000] {processor.py:829} INFO - Processing file /home/airflow/.local/lib/python3.8/site-packages/airflow/example_dags/example_latest_only_with_trigger.py for tasks to queue
[2026-02-01T01:41:47.326+0000] {logging_mixin.py:151} INFO - [2026-02-01T01:41:47.325+0000] {dagbag.py:536} INFO - Filling up the DagBag from /home/airflow/.local/lib/python3.8/site-packages/airflow/example_dags/example_latest_only_with_trigger.py
[2026-02-01T01:41:47.348+0000] {processor.py:839} INFO - DAG(s) dict_keys(['latest_only_with_trigger']) retrieved from /home/airflow/.local/lib/python3.8/site-packages/airflow/example_dags/example_latest_only_with_trigger.py
[2026-02-01T01:41:47.442+0000] {logging_mixin.py:151} INFO - [2026-02-01T01:41:47.442+0000] {dag.py:2941} INFO - Sync 1 DAGs
[2026-02-01T01:41:47.555+0000] {logging_mixin.py:151} INFO - [2026-02-01T01:41:47.554+0000] {dag.py:3722} INFO - Setting next_dagrun for latest_only_with_trigger to 2026-01-31T21:41:47.553716+00:00, run_after=2026-02-01T01:41:47.553716+00:00
[2026-02-01T01:41:47.726+0000] {processor.py:179} INFO - Processing /home/airflow/.local/lib/python3.8/site-packages/airflow/example_dags/example_latest_only_with_trigger.py took 0.436 seconds
[2026-02-01T01:42:18.129+0000] {processor.py:157} INFO - Started process (PID=258) to work on /home/airflow/.local/lib/python3.8/site-packages/airflow/example_dags/example_latest_only_with_trigger.py
[2026-02-01T01:42:18.148+0000] {processor.py:829} INFO - Processing file /home/airflow/.local/lib/python3.8/site-packages/airflow/example_dags/example_latest_only_with_trigger.py for tasks to queue
[2026-02-01T01:42:18.155+0000] {logging_mixin.py:151} INFO - [2026-02-01T01:42:18.154+0000] {dagbag.py:536} INFO - Filling up the DagBag from /home/airflow/.local/lib/python3.8/site-packages/airflow/example_dags/example_latest_only_with_trigger.py
[2026-02-01T01:42:18.184+0000] {processor.py:839} INFO - DAG(s) dict_keys(['latest_only_with_trigger']) retrieved from /home/airflow/.local/lib/python3.8/site-packages/airflow/example_dags/example_latest_only_with_trigger.py
[2026-02-01T01:42:18.252+0000] {logging_mixin.py:151} INFO - [2026-02-01T01:42:18.252+0000] {dag.py:2941} INFO - Sync 1 DAGs
[2026-02-01T01:42:18.314+0000] {logging_mixin.py:151} INFO - [2026-02-01T01:42:18.314+0000] {dag.py:3722} INFO - Setting next_dagrun for latest_only_with_trigger to 2026-01-31T21:42:18.313530+00:00, run_after=2026-02-01T01:42:18.313530+00:00
[2026-02-01T01:42:18.369+0000] {processor.py:179} INFO - Processing /home/airflow/.local/lib/python3.8/site-packages/airflow/example_dags/example_latest_only_with_trigger.py took 0.263 seconds
[2026-02-01T01:42:49.763+0000] {processor.py:157} INFO - Started process (PID=313) to work on /home/airflow/.local/lib/python3.8/site-packages/airflow/example_dags/example_latest_only_with_trigger.py
[2026-02-01T01:42:49.769+0000] {processor.py:829} INFO - Processing file /home/airflow/.local/lib/python3.8/site-packages/airflow/example_dags/example_latest_only_with_trigger.py for tasks to queue
[2026-02-01T01:42:49.792+0000] {logging_mixin.py:151} INFO - [2026-02-01T01:42:49.779+0000] {dagbag.py:536} INFO - Filling up the DagBag from /home/airflow/.local/lib/python3.8/site-packages/airflow/example_dags/example_latest_only_with_trigger.py
[2026-02-01T01:42:49.813+0000] {processor.py:839} INFO - DAG(s) dict_keys(['latest_only_with_trigger']) retrieved from /home/airflow/.local/lib/python3.8/site-packages/airflow/example_dags/example_latest_only_with_trigger.py
[2026-02-01T01:42:49.887+0000] {logging_mixin.py:151} INFO - [2026-02-01T01:42:49.886+0000] {dag.py:2941} INFO - Sync 1 DAGs
[2026-02-01T01:42:49.969+0000] {logging_mixin.py:151} INFO - [2026-02-01T01:42:49.969+0000] {dag.py:3722} INFO - Setting next_dagrun for latest_only_with_trigger to 2026-01-31T21:42:49.968443+00:00, run_after=2026-02-01T01:42:49.968443+00:00
[2026-02-01T01:42:50.043+0000] {processor.py:179} INFO - Processing /home/airflow/.local/lib/python3.8/site-packages/airflow/example_dags/example_latest_only_with_trigger.py took 0.292 seconds
[2026-02-01T01:43:20.369+0000] {processor.py:157} INFO - Started process (PID=367) to work on /home/airflow/.local/lib/python3.8/site-packages/airflow/example_dags/example_latest_only_with_trigger.py
[2026-02-01T01:43:20.373+0000] {processor.py:829} INFO - Processing file /home/airflow/.local/lib/python3.8/site-packages/airflow/example_dags/example_latest_only_with_trigger.py for tasks to queue
[2026-02-01T01:43:20.378+0000] {logging_mixin.py:151} INFO - [2026-02-01T01:43:20.377+0000] {dagbag.py:536} INFO - Filling up the DagBag from /home/airflow/.local/lib/python3.8/site-packages/airflow/example_dags/example_latest_only_with_trigger.py
[2026-02-01T01:43:20.388+0000] {processor.py:839} INFO - DAG(s) dict_keys(['latest_only_with_trigger']) retrieved from /home/airflow/.local/lib/python3.8/site-packages/airflow/example_dags/example_latest_only_with_trigger.py
[2026-02-01T01:43:20.445+0000] {logging_mixin.py:151} INFO - [2026-02-01T01:43:20.445+0000] {dag.py:2941} INFO - Sync 1 DAGs
[2026-02-01T01:43:20.528+0000] {logging_mixin.py:151} INFO - [2026-02-01T01:43:20.527+0000] {dag.py:3722} INFO - Setting next_dagrun for latest_only_with_trigger to 2026-01-31T21:43:20.526364+00:00, run_after=2026-02-01T01:43:20.526364+00:00
[2026-02-01T01:43:20.590+0000] {processor.py:179} INFO - Processing /home/airflow/.local/lib/python3.8/site-packages/airflow/example_dags/example_latest_only_with_trigger.py took 0.229 seconds
[2026-02-01T01:43:51.500+0000] {processor.py:157} INFO - Started process (PID=422) to work on /home/airflow/.local/lib/python3.8/site-packages/airflow/example_dags/example_latest_only_with_trigger.py
[2026-02-01T01:43:51.502+0000] {processor.py:829} INFO - Processing file /home/airflow/.local/lib/python3.8/site-packages/airflow/example_dags/example_latest_only_with_trigger.py for tasks to queue
[2026-02-01T01:43:51.508+0000] {logging_mixin.py:151} INFO - [2026-02-01T01:43:51.508+0000] {dagbag.py:536} INFO - Filling up the DagBag from /home/airflow/.local/lib/python3.8/site-packages/airflow/example_dags/example_latest_only_with_trigger.py
[2026-02-01T01:43:51.522+0000] {processor.py:839} INFO - DAG(s) dict_keys(['latest_only_with_trigger']) retrieved from /home/airflow/.local/lib/python3.8/site-packages/airflow/example_dags/example_latest_only_with_trigger.py
[2026-02-01T01:43:51.577+0000] {logging_mixin.py:151} INFO - [2026-02-01T01:43:51.577+0000] {dag.py:2941} INFO - Sync 1 DAGs
[2026-02-01T01:43:51.632+0000] {logging_mixin.py:151} INFO - [2026-02-01T01:43:51.631+0000] {dag.py:3722} INFO - Setting next_dagrun for latest_only_with_trigger to 2026-01-31T21:43:51.631295+00:00, run_after=2026-02-01T01:43:51.631295+00:00
[2026-02-01T01:43:51.675+0000] {processor.py:179} INFO - Processing /home/airflow/.local/lib/python3.8/site-packages/airflow/example_dags/example_latest_only_with_trigger.py took 0.184 seconds
[2026-02-01T01:44:22.497+0000] {processor.py:157} INFO - Started process (PID=477) to work on /home/airflow/.local/lib/python3.8/site-packages/airflow/example_dags/example_latest_only_with_trigger.py
[2026-02-01T01:44:22.505+0000] {processor.py:829} INFO - Processing file /home/airflow/.local/lib/python3.8/site-packages/airflow/example_dags/example_latest_only_with_trigger.py for tasks to queue
[2026-02-01T01:44:22.512+0000] {logging_mixin.py:151} INFO - [2026-02-01T01:44:22.511+0000] {dagbag.py:536} INFO - Filling up the DagBag from /home/airflow/.local/lib/python3.8/site-packages/airflow/example_dags/example_latest_only_with_trigger.py
[2026-02-01T01:44:22.528+0000] {processor.py:839} INFO - DAG(s) dict_keys(['latest_only_with_trigger']) retrieved from /home/airflow/.local/lib/python3.8/site-packages/airflow/example_dags/example_latest_only_with_trigger.py
[2026-02-01T01:44:22.574+0000] {logging_mixin.py:151} INFO - [2026-02-01T01:44:22.574+0000] {dag.py:2941} INFO - Sync 1 DAGs
[2026-02-01T01:44:22.680+0000] {logging_mixin.py:151} INFO - [2026-02-01T01:44:22.679+0000] {dag.py:3722} INFO - Setting next_dagrun for latest_only_with_trigger to 2026-01-31T21:44:22.676136+00:00, run_after=2026-02-01T01:44:22.676136+00:00
[2026-02-01T01:44:22.762+0000] {processor.py:179} INFO - Processing /home/airflow/.local/lib/python3.8/site-packages/airflow/example_dags/example_latest_only_with_trigger.py took 0.276 seconds
[2026-02-01T02:11:10.148+0000] {processor.py:157} INFO - Started process (PID=110) to work on /home/airflow/.local/lib/python3.8/site-packages/airflow/example_dags/example_latest_only_with_trigger.py
[2026-02-01T02:11:10.154+0000] {processor.py:829} INFO - Processing file /home/airflow/.local/lib/python3.8/site-packages/airflow/example_dags/example_latest_only_with_trigger.py for tasks to queue
[2026-02-01T02:11:10.160+0000] {logging_mixin.py:151} INFO - [2026-02-01T02:11:10.159+0000] {dagbag.py:536} INFO - Filling up the DagBag from /home/airflow/.local/lib/python3.8/site-packages/airflow/example_dags/example_latest_only_with_trigger.py
[2026-02-01T02:11:10.184+0000] {processor.py:839} INFO - DAG(s) dict_keys(['latest_only_with_trigger']) retrieved from /home/airflow/.local/lib/python3.8/site-packages/airflow/example_dags/example_latest_only_with_trigger.py
[2026-02-01T02:11:10.251+0000] {logging_mixin.py:151} INFO - [2026-02-01T02:11:10.251+0000] {dag.py:2941} INFO - Sync 1 DAGs
[2026-02-01T02:11:10.317+0000] {logging_mixin.py:151} INFO - [2026-02-01T02:11:10.316+0000] {dag.py:3722} INFO - Setting next_dagrun for latest_only_with_trigger to 2026-01-31T22:11:10.316233+00:00, run_after=2026-02-01T02:11:10.316233+00:00
[2026-02-01T02:11:10.370+0000] {processor.py:179} INFO - Processing /home/airflow/.local/lib/python3.8/site-packages/airflow/example_dags/example_latest_only_with_trigger.py took 0.233 seconds
[2026-02-01T02:11:41.184+0000] {processor.py:157} INFO - Started process (PID=165) to work on /home/airflow/.local/lib/python3.8/site-packages/airflow/example_dags/example_latest_only_with_trigger.py
[2026-02-01T02:11:41.187+0000] {processor.py:829} INFO - Processing file /home/airflow/.local/lib/python3.8/site-packages/airflow/example_dags/example_latest_only_with_trigger.py for tasks to queue
[2026-02-01T02:11:41.193+0000] {logging_mixin.py:151} INFO - [2026-02-01T02:11:41.192+0000] {dagbag.py:536} INFO - Filling up the DagBag from /home/airflow/.local/lib/python3.8/site-packages/airflow/example_dags/example_latest_only_with_trigger.py
[2026-02-01T02:11:41.206+0000] {processor.py:839} INFO - DAG(s) dict_keys(['latest_only_with_trigger']) retrieved from /home/airflow/.local/lib/python3.8/site-packages/airflow/example_dags/example_latest_only_with_trigger.py
[2026-02-01T02:11:41.259+0000] {logging_mixin.py:151} INFO - [2026-02-01T02:11:41.259+0000] {dag.py:2941} INFO - Sync 1 DAGs
[2026-02-01T02:11:41.314+0000] {logging_mixin.py:151} INFO - [2026-02-01T02:11:41.313+0000] {dag.py:3722} INFO - Setting next_dagrun for latest_only_with_trigger to 2026-01-31T22:11:41.312344+00:00, run_after=2026-02-01T02:11:41.312344+00:00
[2026-02-01T02:11:41.374+0000] {processor.py:179} INFO - Processing /home/airflow/.local/lib/python3.8/site-packages/airflow/example_dags/example_latest_only_with_trigger.py took 0.204 seconds
[2026-02-01T02:12:12.088+0000] {processor.py:157} INFO - Started process (PID=220) to work on /home/airflow/.local/lib/python3.8/site-packages/airflow/example_dags/example_latest_only_with_trigger.py
[2026-02-01T02:12:12.091+0000] {processor.py:829} INFO - Processing file /home/airflow/.local/lib/python3.8/site-packages/airflow/example_dags/example_latest_only_with_trigger.py for tasks to queue
[2026-02-01T02:12:12.103+0000] {logging_mixin.py:151} INFO - [2026-02-01T02:12:12.102+0000] {dagbag.py:536} INFO - Filling up the DagBag from /home/airflow/.local/lib/python3.8/site-packages/airflow/example_dags/example_latest_only_with_trigger.py
[2026-02-01T02:12:12.117+0000] {processor.py:839} INFO - DAG(s) dict_keys(['latest_only_with_trigger']) retrieved from /home/airflow/.local/lib/python3.8/site-packages/airflow/example_dags/example_latest_only_with_trigger.py
[2026-02-01T02:12:12.180+0000] {logging_mixin.py:151} INFO - [2026-02-01T02:12:12.179+0000] {dag.py:2941} INFO - Sync 1 DAGs
[2026-02-01T02:12:12.266+0000] {logging_mixin.py:151} INFO - [2026-02-01T02:12:12.265+0000] {dag.py:3722} INFO - Setting next_dagrun for latest_only_with_trigger to 2026-01-31T22:12:12.264374+00:00, run_after=2026-02-01T02:12:12.264374+00:00
[2026-02-01T02:12:12.366+0000] {processor.py:179} INFO - Processing /home/airflow/.local/lib/python3.8/site-packages/airflow/example_dags/example_latest_only_with_trigger.py took 0.292 seconds
[2026-02-01T02:12:43.607+0000] {processor.py:157} INFO - Started process (PID=275) to work on /home/airflow/.local/lib/python3.8/site-packages/airflow/example_dags/example_latest_only_with_trigger.py
[2026-02-01T02:12:43.619+0000] {processor.py:829} INFO - Processing file /home/airflow/.local/lib/python3.8/site-packages/airflow/example_dags/example_latest_only_with_trigger.py for tasks to queue
[2026-02-01T02:12:43.636+0000] {logging_mixin.py:151} INFO - [2026-02-01T02:12:43.634+0000] {dagbag.py:536} INFO - Filling up the DagBag from /home/airflow/.local/lib/python3.8/site-packages/airflow/example_dags/example_latest_only_with_trigger.py
[2026-02-01T02:12:43.662+0000] {processor.py:839} INFO - DAG(s) dict_keys(['latest_only_with_trigger']) retrieved from /home/airflow/.local/lib/python3.8/site-packages/airflow/example_dags/example_latest_only_with_trigger.py
[2026-02-01T02:12:43.770+0000] {logging_mixin.py:151} INFO - [2026-02-01T02:12:43.770+0000] {dag.py:2941} INFO - Sync 1 DAGs
[2026-02-01T02:12:43.920+0000] {logging_mixin.py:151} INFO - [2026-02-01T02:12:43.919+0000] {dag.py:3722} INFO - Setting next_dagrun for latest_only_with_trigger to 2026-01-31T22:12:43.919020+00:00, run_after=2026-02-01T02:12:43.919020+00:00
[2026-02-01T02:12:44.026+0000] {processor.py:179} INFO - Processing /home/airflow/.local/lib/python3.8/site-packages/airflow/example_dags/example_latest_only_with_trigger.py took 0.453 seconds
[2026-02-01T02:13:14.290+0000] {processor.py:157} INFO - Started process (PID=330) to work on /home/airflow/.local/lib/python3.8/site-packages/airflow/example_dags/example_latest_only_with_trigger.py
[2026-02-01T02:13:14.294+0000] {processor.py:829} INFO - Processing file /home/airflow/.local/lib/python3.8/site-packages/airflow/example_dags/example_latest_only_with_trigger.py for tasks to queue
[2026-02-01T02:13:14.300+0000] {logging_mixin.py:151} INFO - [2026-02-01T02:13:14.299+0000] {dagbag.py:536} INFO - Filling up the DagBag from /home/airflow/.local/lib/python3.8/site-packages/airflow/example_dags/example_latest_only_with_trigger.py
[2026-02-01T02:13:14.336+0000] {processor.py:839} INFO - DAG(s) dict_keys(['latest_only_with_trigger']) retrieved from /home/airflow/.local/lib/python3.8/site-packages/airflow/example_dags/example_latest_only_with_trigger.py
[2026-02-01T02:13:14.425+0000] {logging_mixin.py:151} INFO - [2026-02-01T02:13:14.424+0000] {dag.py:2941} INFO - Sync 1 DAGs
[2026-02-01T02:13:14.518+0000] {logging_mixin.py:151} INFO - [2026-02-01T02:13:14.517+0000] {dag.py:3722} INFO - Setting next_dagrun for latest_only_with_trigger to 2026-01-31T22:13:14.517021+00:00, run_after=2026-02-01T02:13:14.517021+00:00
[2026-02-01T02:13:14.577+0000] {processor.py:179} INFO - Processing /home/airflow/.local/lib/python3.8/site-packages/airflow/example_dags/example_latest_only_with_trigger.py took 0.305 seconds
[2026-02-01T02:13:44.875+0000] {processor.py:157} INFO - Started process (PID=385) to work on /home/airflow/.local/lib/python3.8/site-packages/airflow/example_dags/example_latest_only_with_trigger.py
[2026-02-01T02:13:44.880+0000] {processor.py:829} INFO - Processing file /home/airflow/.local/lib/python3.8/site-packages/airflow/example_dags/example_latest_only_with_trigger.py for tasks to queue
[2026-02-01T02:13:44.886+0000] {logging_mixin.py:151} INFO - [2026-02-01T02:13:44.884+0000] {dagbag.py:536} INFO - Filling up the DagBag from /home/airflow/.local/lib/python3.8/site-packages/airflow/example_dags/example_latest_only_with_trigger.py
[2026-02-01T02:13:44.901+0000] {processor.py:839} INFO - DAG(s) dict_keys(['latest_only_with_trigger']) retrieved from /home/airflow/.local/lib/python3.8/site-packages/airflow/example_dags/example_latest_only_with_trigger.py
[2026-02-01T02:13:44.948+0000] {logging_mixin.py:151} INFO - [2026-02-01T02:13:44.948+0000] {dag.py:2941} INFO - Sync 1 DAGs
[2026-02-01T02:13:44.992+0000] {logging_mixin.py:151} INFO - [2026-02-01T02:13:44.991+0000] {dag.py:3722} INFO - Setting next_dagrun for latest_only_with_trigger to 2026-01-31T22:13:44.991259+00:00, run_after=2026-02-01T02:13:44.991259+00:00
[2026-02-01T02:13:45.034+0000] {processor.py:179} INFO - Processing /home/airflow/.local/lib/python3.8/site-packages/airflow/example_dags/example_latest_only_with_trigger.py took 0.170 seconds
[2026-02-01T02:14:15.186+0000] {processor.py:157} INFO - Started process (PID=440) to work on /home/airflow/.local/lib/python3.8/site-packages/airflow/example_dags/example_latest_only_with_trigger.py
[2026-02-01T02:14:15.188+0000] {processor.py:829} INFO - Processing file /home/airflow/.local/lib/python3.8/site-packages/airflow/example_dags/example_latest_only_with_trigger.py for tasks to queue
[2026-02-01T02:14:15.195+0000] {logging_mixin.py:151} INFO - [2026-02-01T02:14:15.195+0000] {dagbag.py:536} INFO - Filling up the DagBag from /home/airflow/.local/lib/python3.8/site-packages/airflow/example_dags/example_latest_only_with_trigger.py
[2026-02-01T02:14:15.209+0000] {processor.py:839} INFO - DAG(s) dict_keys(['latest_only_with_trigger']) retrieved from /home/airflow/.local/lib/python3.8/site-packages/airflow/example_dags/example_latest_only_with_trigger.py
[2026-02-01T02:14:15.266+0000] {logging_mixin.py:151} INFO - [2026-02-01T02:14:15.266+0000] {dag.py:2941} INFO - Sync 1 DAGs
[2026-02-01T02:14:15.324+0000] {logging_mixin.py:151} INFO - [2026-02-01T02:14:15.323+0000] {dag.py:3722} INFO - Setting next_dagrun for latest_only_with_trigger to 2026-01-31T22:14:15.323452+00:00, run_after=2026-02-01T02:14:15.323452+00:00
[2026-02-01T02:14:15.366+0000] {processor.py:179} INFO - Processing /home/airflow/.local/lib/python3.8/site-packages/airflow/example_dags/example_latest_only_with_trigger.py took 0.194 seconds
[2026-02-01T02:14:45.530+0000] {processor.py:157} INFO - Started process (PID=494) to work on /home/airflow/.local/lib/python3.8/site-packages/airflow/example_dags/example_latest_only_with_trigger.py
[2026-02-01T02:14:45.532+0000] {processor.py:829} INFO - Processing file /home/airflow/.local/lib/python3.8/site-packages/airflow/example_dags/example_latest_only_with_trigger.py for tasks to queue
[2026-02-01T02:14:45.537+0000] {logging_mixin.py:151} INFO - [2026-02-01T02:14:45.536+0000] {dagbag.py:536} INFO - Filling up the DagBag from /home/airflow/.local/lib/python3.8/site-packages/airflow/example_dags/example_latest_only_with_trigger.py
[2026-02-01T02:14:45.550+0000] {processor.py:839} INFO - DAG(s) dict_keys(['latest_only_with_trigger']) retrieved from /home/airflow/.local/lib/python3.8/site-packages/airflow/example_dags/example_latest_only_with_trigger.py
[2026-02-01T02:14:45.592+0000] {logging_mixin.py:151} INFO - [2026-02-01T02:14:45.591+0000] {dag.py:2941} INFO - Sync 1 DAGs
[2026-02-01T02:14:45.631+0000] {logging_mixin.py:151} INFO - [2026-02-01T02:14:45.631+0000] {dag.py:3722} INFO - Setting next_dagrun for latest_only_with_trigger to 2026-01-31T22:14:45.630774+00:00, run_after=2026-02-01T02:14:45.630774+00:00
[2026-02-01T02:14:45.661+0000] {processor.py:179} INFO - Processing /home/airflow/.local/lib/python3.8/site-packages/airflow/example_dags/example_latest_only_with_trigger.py took 0.139 seconds
[2026-02-01T02:15:16.581+0000] {processor.py:157} INFO - Started process (PID=549) to work on /home/airflow/.local/lib/python3.8/site-packages/airflow/example_dags/example_latest_only_with_trigger.py
[2026-02-01T02:15:16.584+0000] {processor.py:829} INFO - Processing file /home/airflow/.local/lib/python3.8/site-packages/airflow/example_dags/example_latest_only_with_trigger.py for tasks to queue
[2026-02-01T02:15:16.589+0000] {logging_mixin.py:151} INFO - [2026-02-01T02:15:16.589+0000] {dagbag.py:536} INFO - Filling up the DagBag from /home/airflow/.local/lib/python3.8/site-packages/airflow/example_dags/example_latest_only_with_trigger.py
[2026-02-01T02:15:16.620+0000] {processor.py:839} INFO - DAG(s) dict_keys(['latest_only_with_trigger']) retrieved from /home/airflow/.local/lib/python3.8/site-packages/airflow/example_dags/example_latest_only_with_trigger.py
[2026-02-01T02:15:16.721+0000] {logging_mixin.py:151} INFO - [2026-02-01T02:15:16.721+0000] {dag.py:2941} INFO - Sync 1 DAGs
[2026-02-01T02:15:16.840+0000] {logging_mixin.py:151} INFO - [2026-02-01T02:15:16.840+0000] {dag.py:3722} INFO - Setting next_dagrun for latest_only_with_trigger to 2026-01-31T22:15:16.839892+00:00, run_after=2026-02-01T02:15:16.839892+00:00
[2026-02-01T02:15:16.931+0000] {processor.py:179} INFO - Processing /home/airflow/.local/lib/python3.8/site-packages/airflow/example_dags/example_latest_only_with_trigger.py took 0.365 seconds
[2026-02-01T02:15:47.814+0000] {processor.py:157} INFO - Started process (PID=604) to work on /home/airflow/.local/lib/python3.8/site-packages/airflow/example_dags/example_latest_only_with_trigger.py
[2026-02-01T02:15:47.818+0000] {processor.py:829} INFO - Processing file /home/airflow/.local/lib/python3.8/site-packages/airflow/example_dags/example_latest_only_with_trigger.py for tasks to queue
[2026-02-01T02:15:47.823+0000] {logging_mixin.py:151} INFO - [2026-02-01T02:15:47.823+0000] {dagbag.py:536} INFO - Filling up the DagBag from /home/airflow/.local/lib/python3.8/site-packages/airflow/example_dags/example_latest_only_with_trigger.py
[2026-02-01T02:15:47.837+0000] {processor.py:839} INFO - DAG(s) dict_keys(['latest_only_with_trigger']) retrieved from /home/airflow/.local/lib/python3.8/site-packages/airflow/example_dags/example_latest_only_with_trigger.py
[2026-02-01T02:15:47.887+0000] {logging_mixin.py:151} INFO - [2026-02-01T02:15:47.887+0000] {dag.py:2941} INFO - Sync 1 DAGs
[2026-02-01T02:15:47.943+0000] {logging_mixin.py:151} INFO - [2026-02-01T02:15:47.942+0000] {dag.py:3722} INFO - Setting next_dagrun for latest_only_with_trigger to 2026-01-31T22:15:47.942284+00:00, run_after=2026-02-01T02:15:47.942284+00:00
[2026-02-01T02:15:48.001+0000] {processor.py:179} INFO - Processing /home/airflow/.local/lib/python3.8/site-packages/airflow/example_dags/example_latest_only_with_trigger.py took 0.196 seconds
[2026-02-01T02:16:18.048+0000] {processor.py:157} INFO - Started process (PID=659) to work on /home/airflow/.local/lib/python3.8/site-packages/airflow/example_dags/example_latest_only_with_trigger.py
[2026-02-01T02:16:18.050+0000] {processor.py:829} INFO - Processing file /home/airflow/.local/lib/python3.8/site-packages/airflow/example_dags/example_latest_only_with_trigger.py for tasks to queue
[2026-02-01T02:16:18.055+0000] {logging_mixin.py:151} INFO - [2026-02-01T02:16:18.055+0000] {dagbag.py:536} INFO - Filling up the DagBag from /home/airflow/.local/lib/python3.8/site-packages/airflow/example_dags/example_latest_only_with_trigger.py
[2026-02-01T02:16:18.068+0000] {processor.py:839} INFO - DAG(s) dict_keys(['latest_only_with_trigger']) retrieved from /home/airflow/.local/lib/python3.8/site-packages/airflow/example_dags/example_latest_only_with_trigger.py
[2026-02-01T02:16:18.116+0000] {logging_mixin.py:151} INFO - [2026-02-01T02:16:18.116+0000] {dag.py:2941} INFO - Sync 1 DAGs
[2026-02-01T02:16:18.157+0000] {logging_mixin.py:151} INFO - [2026-02-01T02:16:18.157+0000] {dag.py:3722} INFO - Setting next_dagrun for latest_only_with_trigger to 2026-01-31T22:16:18.156809+00:00, run_after=2026-02-01T02:16:18.156809+00:00
[2026-02-01T02:16:18.191+0000] {processor.py:179} INFO - Processing /home/airflow/.local/lib/python3.8/site-packages/airflow/example_dags/example_latest_only_with_trigger.py took 0.153 seconds
