[2026-02-01T01:37:11.721+0000] {processor.py:157} INFO - Started process (PID=93) to work on /home/airflow/.local/lib/python3.8/site-packages/airflow/example_dags/example_skip_dag.py
[2026-02-01T01:37:11.724+0000] {processor.py:829} INFO - Processing file /home/airflow/.local/lib/python3.8/site-packages/airflow/example_dags/example_skip_dag.py for tasks to queue
[2026-02-01T01:37:11.736+0000] {logging_mixin.py:151} INFO - [2026-02-01T01:37:11.735+0000] {dagbag.py:536} INFO - Filling up the DagBag from /home/airflow/.local/lib/python3.8/site-packages/airflow/example_dags/example_skip_dag.py
[2026-02-01T01:37:11.782+0000] {processor.py:839} INFO - DAG(s) dict_keys(['example_skip_dag']) retrieved from /home/airflow/.local/lib/python3.8/site-packages/airflow/example_dags/example_skip_dag.py
[2026-02-01T01:37:12.247+0000] {logging_mixin.py:151} INFO - [2026-02-01T01:37:12.246+0000] {manager.py:499} INFO - Created Permission View: %s
[2026-02-01T01:37:12.301+0000] {logging_mixin.py:151} INFO - [2026-02-01T01:37:12.301+0000] {manager.py:499} INFO - Created Permission View: %s
[2026-02-01T01:37:12.341+0000] {logging_mixin.py:151} INFO - [2026-02-01T01:37:12.335+0000] {manager.py:499} INFO - Created Permission View: %s
[2026-02-01T01:37:12.342+0000] {logging_mixin.py:151} INFO - [2026-02-01T01:37:12.341+0000] {dag.py:2941} INFO - Sync 1 DAGs
[2026-02-01T01:37:12.417+0000] {logging_mixin.py:151} INFO - [2026-02-01T01:37:12.417+0000] {dag.py:2963} INFO - Creating ORM DAG for example_skip_dag
[2026-02-01T01:37:12.506+0000] {logging_mixin.py:151} INFO - [2026-02-01T01:37:12.505+0000] {dag.py:3722} INFO - Setting next_dagrun for example_skip_dag to 2026-01-31T01:37:12.504607+00:00, run_after=2026-02-01T01:37:12.504607+00:00
[2026-02-01T01:37:12.661+0000] {processor.py:179} INFO - Processing /home/airflow/.local/lib/python3.8/site-packages/airflow/example_dags/example_skip_dag.py took 0.954 seconds
[2026-02-01T01:40:36.171+0000] {processor.py:157} INFO - Started process (PID=86) to work on /home/airflow/.local/lib/python3.8/site-packages/airflow/example_dags/example_skip_dag.py
[2026-02-01T01:40:36.181+0000] {processor.py:829} INFO - Processing file /home/airflow/.local/lib/python3.8/site-packages/airflow/example_dags/example_skip_dag.py for tasks to queue
[2026-02-01T01:40:36.187+0000] {logging_mixin.py:151} INFO - [2026-02-01T01:40:36.186+0000] {dagbag.py:536} INFO - Filling up the DagBag from /home/airflow/.local/lib/python3.8/site-packages/airflow/example_dags/example_skip_dag.py
[2026-02-01T01:40:36.215+0000] {processor.py:839} INFO - DAG(s) dict_keys(['example_skip_dag']) retrieved from /home/airflow/.local/lib/python3.8/site-packages/airflow/example_dags/example_skip_dag.py
[2026-02-01T01:40:36.291+0000] {logging_mixin.py:151} INFO - [2026-02-01T01:40:36.290+0000] {dag.py:2941} INFO - Sync 1 DAGs
[2026-02-01T01:40:36.391+0000] {logging_mixin.py:151} INFO - [2026-02-01T01:40:36.391+0000] {dag.py:3722} INFO - Setting next_dagrun for example_skip_dag to 2026-01-31T01:40:36.390871+00:00, run_after=2026-02-01T01:40:36.390871+00:00
[2026-02-01T01:40:36.482+0000] {processor.py:179} INFO - Processing /home/airflow/.local/lib/python3.8/site-packages/airflow/example_dags/example_skip_dag.py took 0.320 seconds
[2026-02-01T01:41:06.802+0000] {processor.py:157} INFO - Started process (PID=142) to work on /home/airflow/.local/lib/python3.8/site-packages/airflow/example_dags/example_skip_dag.py
[2026-02-01T01:41:06.811+0000] {processor.py:829} INFO - Processing file /home/airflow/.local/lib/python3.8/site-packages/airflow/example_dags/example_skip_dag.py for tasks to queue
[2026-02-01T01:41:06.815+0000] {logging_mixin.py:151} INFO - [2026-02-01T01:41:06.815+0000] {dagbag.py:536} INFO - Filling up the DagBag from /home/airflow/.local/lib/python3.8/site-packages/airflow/example_dags/example_skip_dag.py
[2026-02-01T01:41:06.831+0000] {processor.py:839} INFO - DAG(s) dict_keys(['example_skip_dag']) retrieved from /home/airflow/.local/lib/python3.8/site-packages/airflow/example_dags/example_skip_dag.py
[2026-02-01T01:41:06.881+0000] {logging_mixin.py:151} INFO - [2026-02-01T01:41:06.881+0000] {dag.py:2941} INFO - Sync 1 DAGs
[2026-02-01T01:41:06.927+0000] {logging_mixin.py:151} INFO - [2026-02-01T01:41:06.927+0000] {dag.py:3722} INFO - Setting next_dagrun for example_skip_dag to 2026-01-31T01:41:06.926692+00:00, run_after=2026-02-01T01:41:06.926692+00:00
[2026-02-01T01:41:06.972+0000] {processor.py:179} INFO - Processing /home/airflow/.local/lib/python3.8/site-packages/airflow/example_dags/example_skip_dag.py took 0.178 seconds
[2026-02-01T01:41:46.368+0000] {processor.py:157} INFO - Started process (PID=197) to work on /home/airflow/.local/lib/python3.8/site-packages/airflow/example_dags/example_skip_dag.py
[2026-02-01T01:41:46.372+0000] {processor.py:829} INFO - Processing file /home/airflow/.local/lib/python3.8/site-packages/airflow/example_dags/example_skip_dag.py for tasks to queue
[2026-02-01T01:41:46.382+0000] {logging_mixin.py:151} INFO - [2026-02-01T01:41:46.381+0000] {dagbag.py:536} INFO - Filling up the DagBag from /home/airflow/.local/lib/python3.8/site-packages/airflow/example_dags/example_skip_dag.py
[2026-02-01T01:41:46.406+0000] {processor.py:839} INFO - DAG(s) dict_keys(['example_skip_dag']) retrieved from /home/airflow/.local/lib/python3.8/site-packages/airflow/example_dags/example_skip_dag.py
[2026-02-01T01:41:46.489+0000] {logging_mixin.py:151} INFO - [2026-02-01T01:41:46.488+0000] {dag.py:2941} INFO - Sync 1 DAGs
[2026-02-01T01:41:46.576+0000] {logging_mixin.py:151} INFO - [2026-02-01T01:41:46.575+0000] {dag.py:3722} INFO - Setting next_dagrun for example_skip_dag to 2026-01-31T01:41:46.574537+00:00, run_after=2026-02-01T01:41:46.574537+00:00
[2026-02-01T01:41:46.635+0000] {processor.py:179} INFO - Processing /home/airflow/.local/lib/python3.8/site-packages/airflow/example_dags/example_skip_dag.py took 0.282 seconds
[2026-02-01T01:42:16.929+0000] {processor.py:157} INFO - Started process (PID=253) to work on /home/airflow/.local/lib/python3.8/site-packages/airflow/example_dags/example_skip_dag.py
[2026-02-01T01:42:16.938+0000] {processor.py:829} INFO - Processing file /home/airflow/.local/lib/python3.8/site-packages/airflow/example_dags/example_skip_dag.py for tasks to queue
[2026-02-01T01:42:16.954+0000] {logging_mixin.py:151} INFO - [2026-02-01T01:42:16.953+0000] {dagbag.py:536} INFO - Filling up the DagBag from /home/airflow/.local/lib/python3.8/site-packages/airflow/example_dags/example_skip_dag.py
[2026-02-01T01:42:16.970+0000] {processor.py:839} INFO - DAG(s) dict_keys(['example_skip_dag']) retrieved from /home/airflow/.local/lib/python3.8/site-packages/airflow/example_dags/example_skip_dag.py
[2026-02-01T01:42:17.032+0000] {logging_mixin.py:151} INFO - [2026-02-01T01:42:17.031+0000] {dag.py:2941} INFO - Sync 1 DAGs
[2026-02-01T01:42:17.086+0000] {logging_mixin.py:151} INFO - [2026-02-01T01:42:17.086+0000] {dag.py:3722} INFO - Setting next_dagrun for example_skip_dag to 2026-01-31T01:42:17.085950+00:00, run_after=2026-02-01T01:42:17.085950+00:00
[2026-02-01T01:42:17.142+0000] {processor.py:179} INFO - Processing /home/airflow/.local/lib/python3.8/site-packages/airflow/example_dags/example_skip_dag.py took 0.222 seconds
[2026-02-01T01:42:48.091+0000] {processor.py:157} INFO - Started process (PID=308) to work on /home/airflow/.local/lib/python3.8/site-packages/airflow/example_dags/example_skip_dag.py
[2026-02-01T01:42:48.094+0000] {processor.py:829} INFO - Processing file /home/airflow/.local/lib/python3.8/site-packages/airflow/example_dags/example_skip_dag.py for tasks to queue
[2026-02-01T01:42:48.104+0000] {logging_mixin.py:151} INFO - [2026-02-01T01:42:48.100+0000] {dagbag.py:536} INFO - Filling up the DagBag from /home/airflow/.local/lib/python3.8/site-packages/airflow/example_dags/example_skip_dag.py
[2026-02-01T01:42:48.156+0000] {processor.py:839} INFO - DAG(s) dict_keys(['example_skip_dag']) retrieved from /home/airflow/.local/lib/python3.8/site-packages/airflow/example_dags/example_skip_dag.py
[2026-02-01T01:42:48.443+0000] {logging_mixin.py:151} INFO - [2026-02-01T01:42:48.443+0000] {dag.py:2941} INFO - Sync 1 DAGs
[2026-02-01T01:42:48.610+0000] {logging_mixin.py:151} INFO - [2026-02-01T01:42:48.595+0000] {dag.py:3722} INFO - Setting next_dagrun for example_skip_dag to 2026-01-31T01:42:48.593764+00:00, run_after=2026-02-01T01:42:48.593764+00:00
[2026-02-01T01:42:48.818+0000] {processor.py:179} INFO - Processing /home/airflow/.local/lib/python3.8/site-packages/airflow/example_dags/example_skip_dag.py took 0.740 seconds
[2026-02-01T01:43:19.450+0000] {processor.py:157} INFO - Started process (PID=362) to work on /home/airflow/.local/lib/python3.8/site-packages/airflow/example_dags/example_skip_dag.py
[2026-02-01T01:43:19.465+0000] {processor.py:829} INFO - Processing file /home/airflow/.local/lib/python3.8/site-packages/airflow/example_dags/example_skip_dag.py for tasks to queue
[2026-02-01T01:43:19.482+0000] {logging_mixin.py:151} INFO - [2026-02-01T01:43:19.482+0000] {dagbag.py:536} INFO - Filling up the DagBag from /home/airflow/.local/lib/python3.8/site-packages/airflow/example_dags/example_skip_dag.py
[2026-02-01T01:43:19.518+0000] {processor.py:839} INFO - DAG(s) dict_keys(['example_skip_dag']) retrieved from /home/airflow/.local/lib/python3.8/site-packages/airflow/example_dags/example_skip_dag.py
[2026-02-01T01:43:19.646+0000] {logging_mixin.py:151} INFO - [2026-02-01T01:43:19.646+0000] {dag.py:2941} INFO - Sync 1 DAGs
[2026-02-01T01:43:19.725+0000] {logging_mixin.py:151} INFO - [2026-02-01T01:43:19.725+0000] {dag.py:3722} INFO - Setting next_dagrun for example_skip_dag to 2026-01-31T01:43:19.724663+00:00, run_after=2026-02-01T01:43:19.724663+00:00
[2026-02-01T01:43:19.760+0000] {processor.py:179} INFO - Processing /home/airflow/.local/lib/python3.8/site-packages/airflow/example_dags/example_skip_dag.py took 0.328 seconds
[2026-02-01T01:43:50.488+0000] {processor.py:157} INFO - Started process (PID=417) to work on /home/airflow/.local/lib/python3.8/site-packages/airflow/example_dags/example_skip_dag.py
[2026-02-01T01:43:50.490+0000] {processor.py:829} INFO - Processing file /home/airflow/.local/lib/python3.8/site-packages/airflow/example_dags/example_skip_dag.py for tasks to queue
[2026-02-01T01:43:50.495+0000] {logging_mixin.py:151} INFO - [2026-02-01T01:43:50.494+0000] {dagbag.py:536} INFO - Filling up the DagBag from /home/airflow/.local/lib/python3.8/site-packages/airflow/example_dags/example_skip_dag.py
[2026-02-01T01:43:50.511+0000] {processor.py:839} INFO - DAG(s) dict_keys(['example_skip_dag']) retrieved from /home/airflow/.local/lib/python3.8/site-packages/airflow/example_dags/example_skip_dag.py
[2026-02-01T01:43:50.604+0000] {logging_mixin.py:151} INFO - [2026-02-01T01:43:50.603+0000] {dag.py:2941} INFO - Sync 1 DAGs
[2026-02-01T01:43:50.677+0000] {logging_mixin.py:151} INFO - [2026-02-01T01:43:50.677+0000] {dag.py:3722} INFO - Setting next_dagrun for example_skip_dag to 2026-01-31T01:43:50.677042+00:00, run_after=2026-02-01T01:43:50.677042+00:00
[2026-02-01T01:43:50.716+0000] {processor.py:179} INFO - Processing /home/airflow/.local/lib/python3.8/site-packages/airflow/example_dags/example_skip_dag.py took 0.238 seconds
[2026-02-01T01:44:21.256+0000] {processor.py:157} INFO - Started process (PID=472) to work on /home/airflow/.local/lib/python3.8/site-packages/airflow/example_dags/example_skip_dag.py
[2026-02-01T01:44:21.274+0000] {processor.py:829} INFO - Processing file /home/airflow/.local/lib/python3.8/site-packages/airflow/example_dags/example_skip_dag.py for tasks to queue
[2026-02-01T01:44:21.283+0000] {logging_mixin.py:151} INFO - [2026-02-01T01:44:21.282+0000] {dagbag.py:536} INFO - Filling up the DagBag from /home/airflow/.local/lib/python3.8/site-packages/airflow/example_dags/example_skip_dag.py
[2026-02-01T01:44:21.313+0000] {processor.py:839} INFO - DAG(s) dict_keys(['example_skip_dag']) retrieved from /home/airflow/.local/lib/python3.8/site-packages/airflow/example_dags/example_skip_dag.py
[2026-02-01T01:44:21.404+0000] {logging_mixin.py:151} INFO - [2026-02-01T01:44:21.404+0000] {dag.py:2941} INFO - Sync 1 DAGs
[2026-02-01T01:44:21.533+0000] {logging_mixin.py:151} INFO - [2026-02-01T01:44:21.532+0000] {dag.py:3722} INFO - Setting next_dagrun for example_skip_dag to 2026-01-31T01:44:21.519993+00:00, run_after=2026-02-01T01:44:21.519993+00:00
[2026-02-01T01:44:21.641+0000] {processor.py:179} INFO - Processing /home/airflow/.local/lib/python3.8/site-packages/airflow/example_dags/example_skip_dag.py took 0.409 seconds
[2026-02-01T02:11:09.408+0000] {processor.py:157} INFO - Started process (PID=105) to work on /home/airflow/.local/lib/python3.8/site-packages/airflow/example_dags/example_skip_dag.py
[2026-02-01T02:11:09.418+0000] {processor.py:829} INFO - Processing file /home/airflow/.local/lib/python3.8/site-packages/airflow/example_dags/example_skip_dag.py for tasks to queue
[2026-02-01T02:11:09.423+0000] {logging_mixin.py:151} INFO - [2026-02-01T02:11:09.422+0000] {dagbag.py:536} INFO - Filling up the DagBag from /home/airflow/.local/lib/python3.8/site-packages/airflow/example_dags/example_skip_dag.py
[2026-02-01T02:11:09.461+0000] {processor.py:839} INFO - DAG(s) dict_keys(['example_skip_dag']) retrieved from /home/airflow/.local/lib/python3.8/site-packages/airflow/example_dags/example_skip_dag.py
[2026-02-01T02:11:09.518+0000] {logging_mixin.py:151} INFO - [2026-02-01T02:11:09.518+0000] {dag.py:2941} INFO - Sync 1 DAGs
[2026-02-01T02:11:09.574+0000] {logging_mixin.py:151} INFO - [2026-02-01T02:11:09.574+0000] {dag.py:3722} INFO - Setting next_dagrun for example_skip_dag to 2026-01-31T02:11:09.573706+00:00, run_after=2026-02-01T02:11:09.573706+00:00
[2026-02-01T02:11:09.639+0000] {processor.py:179} INFO - Processing /home/airflow/.local/lib/python3.8/site-packages/airflow/example_dags/example_skip_dag.py took 0.240 seconds
[2026-02-01T02:11:39.937+0000] {processor.py:157} INFO - Started process (PID=160) to work on /home/airflow/.local/lib/python3.8/site-packages/airflow/example_dags/example_skip_dag.py
[2026-02-01T02:11:39.942+0000] {processor.py:829} INFO - Processing file /home/airflow/.local/lib/python3.8/site-packages/airflow/example_dags/example_skip_dag.py for tasks to queue
[2026-02-01T02:11:39.948+0000] {logging_mixin.py:151} INFO - [2026-02-01T02:11:39.948+0000] {dagbag.py:536} INFO - Filling up the DagBag from /home/airflow/.local/lib/python3.8/site-packages/airflow/example_dags/example_skip_dag.py
[2026-02-01T02:11:39.982+0000] {processor.py:839} INFO - DAG(s) dict_keys(['example_skip_dag']) retrieved from /home/airflow/.local/lib/python3.8/site-packages/airflow/example_dags/example_skip_dag.py
[2026-02-01T02:11:40.062+0000] {logging_mixin.py:151} INFO - [2026-02-01T02:11:40.059+0000] {dag.py:2941} INFO - Sync 1 DAGs
[2026-02-01T02:11:40.125+0000] {logging_mixin.py:151} INFO - [2026-02-01T02:11:40.124+0000] {dag.py:3722} INFO - Setting next_dagrun for example_skip_dag to 2026-01-31T02:11:40.124057+00:00, run_after=2026-02-01T02:11:40.124057+00:00
[2026-02-01T02:11:40.205+0000] {processor.py:179} INFO - Processing /home/airflow/.local/lib/python3.8/site-packages/airflow/example_dags/example_skip_dag.py took 0.279 seconds
[2026-02-01T02:12:10.321+0000] {processor.py:157} INFO - Started process (PID=215) to work on /home/airflow/.local/lib/python3.8/site-packages/airflow/example_dags/example_skip_dag.py
[2026-02-01T02:12:10.323+0000] {processor.py:829} INFO - Processing file /home/airflow/.local/lib/python3.8/site-packages/airflow/example_dags/example_skip_dag.py for tasks to queue
[2026-02-01T02:12:10.327+0000] {logging_mixin.py:151} INFO - [2026-02-01T02:12:10.326+0000] {dagbag.py:536} INFO - Filling up the DagBag from /home/airflow/.local/lib/python3.8/site-packages/airflow/example_dags/example_skip_dag.py
[2026-02-01T02:12:10.340+0000] {processor.py:839} INFO - DAG(s) dict_keys(['example_skip_dag']) retrieved from /home/airflow/.local/lib/python3.8/site-packages/airflow/example_dags/example_skip_dag.py
[2026-02-01T02:12:10.379+0000] {logging_mixin.py:151} INFO - [2026-02-01T02:12:10.378+0000] {dag.py:2941} INFO - Sync 1 DAGs
[2026-02-01T02:12:10.419+0000] {logging_mixin.py:151} INFO - [2026-02-01T02:12:10.418+0000] {dag.py:3722} INFO - Setting next_dagrun for example_skip_dag to 2026-01-31T02:12:10.418287+00:00, run_after=2026-02-01T02:12:10.418287+00:00
[2026-02-01T02:12:10.459+0000] {processor.py:179} INFO - Processing /home/airflow/.local/lib/python3.8/site-packages/airflow/example_dags/example_skip_dag.py took 0.144 seconds
[2026-02-01T02:12:41.454+0000] {processor.py:157} INFO - Started process (PID=270) to work on /home/airflow/.local/lib/python3.8/site-packages/airflow/example_dags/example_skip_dag.py
[2026-02-01T02:12:41.456+0000] {processor.py:829} INFO - Processing file /home/airflow/.local/lib/python3.8/site-packages/airflow/example_dags/example_skip_dag.py for tasks to queue
[2026-02-01T02:12:41.461+0000] {logging_mixin.py:151} INFO - [2026-02-01T02:12:41.460+0000] {dagbag.py:536} INFO - Filling up the DagBag from /home/airflow/.local/lib/python3.8/site-packages/airflow/example_dags/example_skip_dag.py
[2026-02-01T02:12:41.472+0000] {processor.py:839} INFO - DAG(s) dict_keys(['example_skip_dag']) retrieved from /home/airflow/.local/lib/python3.8/site-packages/airflow/example_dags/example_skip_dag.py
[2026-02-01T02:12:41.506+0000] {logging_mixin.py:151} INFO - [2026-02-01T02:12:41.506+0000] {dag.py:2941} INFO - Sync 1 DAGs
[2026-02-01T02:12:41.541+0000] {logging_mixin.py:151} INFO - [2026-02-01T02:12:41.540+0000] {dag.py:3722} INFO - Setting next_dagrun for example_skip_dag to 2026-01-31T02:12:41.540276+00:00, run_after=2026-02-01T02:12:41.540276+00:00
[2026-02-01T02:12:41.583+0000] {processor.py:179} INFO - Processing /home/airflow/.local/lib/python3.8/site-packages/airflow/example_dags/example_skip_dag.py took 0.139 seconds
[2026-02-01T02:13:12.883+0000] {processor.py:157} INFO - Started process (PID=325) to work on /home/airflow/.local/lib/python3.8/site-packages/airflow/example_dags/example_skip_dag.py
[2026-02-01T02:13:12.897+0000] {processor.py:829} INFO - Processing file /home/airflow/.local/lib/python3.8/site-packages/airflow/example_dags/example_skip_dag.py for tasks to queue
[2026-02-01T02:13:12.914+0000] {logging_mixin.py:151} INFO - [2026-02-01T02:13:12.914+0000] {dagbag.py:536} INFO - Filling up the DagBag from /home/airflow/.local/lib/python3.8/site-packages/airflow/example_dags/example_skip_dag.py
[2026-02-01T02:13:12.951+0000] {processor.py:839} INFO - DAG(s) dict_keys(['example_skip_dag']) retrieved from /home/airflow/.local/lib/python3.8/site-packages/airflow/example_dags/example_skip_dag.py
[2026-02-01T02:13:13.036+0000] {logging_mixin.py:151} INFO - [2026-02-01T02:13:13.035+0000] {dag.py:2941} INFO - Sync 1 DAGs
[2026-02-01T02:13:13.173+0000] {logging_mixin.py:151} INFO - [2026-02-01T02:13:13.173+0000] {dag.py:3722} INFO - Setting next_dagrun for example_skip_dag to 2026-01-31T02:13:13.172353+00:00, run_after=2026-02-01T02:13:13.172353+00:00
[2026-02-01T02:13:13.277+0000] {processor.py:179} INFO - Processing /home/airflow/.local/lib/python3.8/site-packages/airflow/example_dags/example_skip_dag.py took 0.403 seconds
[2026-02-01T02:13:43.717+0000] {processor.py:157} INFO - Started process (PID=380) to work on /home/airflow/.local/lib/python3.8/site-packages/airflow/example_dags/example_skip_dag.py
[2026-02-01T02:13:43.720+0000] {processor.py:829} INFO - Processing file /home/airflow/.local/lib/python3.8/site-packages/airflow/example_dags/example_skip_dag.py for tasks to queue
[2026-02-01T02:13:43.727+0000] {logging_mixin.py:151} INFO - [2026-02-01T02:13:43.726+0000] {dagbag.py:536} INFO - Filling up the DagBag from /home/airflow/.local/lib/python3.8/site-packages/airflow/example_dags/example_skip_dag.py
[2026-02-01T02:13:43.749+0000] {processor.py:839} INFO - DAG(s) dict_keys(['example_skip_dag']) retrieved from /home/airflow/.local/lib/python3.8/site-packages/airflow/example_dags/example_skip_dag.py
[2026-02-01T02:13:43.816+0000] {logging_mixin.py:151} INFO - [2026-02-01T02:13:43.816+0000] {dag.py:2941} INFO - Sync 1 DAGs
[2026-02-01T02:13:43.896+0000] {logging_mixin.py:151} INFO - [2026-02-01T02:13:43.896+0000] {dag.py:3722} INFO - Setting next_dagrun for example_skip_dag to 2026-01-31T02:13:43.895758+00:00, run_after=2026-02-01T02:13:43.895758+00:00
[2026-02-01T02:13:43.959+0000] {processor.py:179} INFO - Processing /home/airflow/.local/lib/python3.8/site-packages/airflow/example_dags/example_skip_dag.py took 0.260 seconds
[2026-02-01T02:14:14.312+0000] {processor.py:157} INFO - Started process (PID=435) to work on /home/airflow/.local/lib/python3.8/site-packages/airflow/example_dags/example_skip_dag.py
[2026-02-01T02:14:14.315+0000] {processor.py:829} INFO - Processing file /home/airflow/.local/lib/python3.8/site-packages/airflow/example_dags/example_skip_dag.py for tasks to queue
[2026-02-01T02:14:14.322+0000] {logging_mixin.py:151} INFO - [2026-02-01T02:14:14.321+0000] {dagbag.py:536} INFO - Filling up the DagBag from /home/airflow/.local/lib/python3.8/site-packages/airflow/example_dags/example_skip_dag.py
[2026-02-01T02:14:14.338+0000] {processor.py:839} INFO - DAG(s) dict_keys(['example_skip_dag']) retrieved from /home/airflow/.local/lib/python3.8/site-packages/airflow/example_dags/example_skip_dag.py
[2026-02-01T02:14:14.391+0000] {logging_mixin.py:151} INFO - [2026-02-01T02:14:14.391+0000] {dag.py:2941} INFO - Sync 1 DAGs
[2026-02-01T02:14:14.435+0000] {logging_mixin.py:151} INFO - [2026-02-01T02:14:14.435+0000] {dag.py:3722} INFO - Setting next_dagrun for example_skip_dag to 2026-01-31T02:14:14.434980+00:00, run_after=2026-02-01T02:14:14.434980+00:00
[2026-02-01T02:14:14.475+0000] {processor.py:179} INFO - Processing /home/airflow/.local/lib/python3.8/site-packages/airflow/example_dags/example_skip_dag.py took 0.169 seconds
[2026-02-01T02:14:44.729+0000] {processor.py:157} INFO - Started process (PID=489) to work on /home/airflow/.local/lib/python3.8/site-packages/airflow/example_dags/example_skip_dag.py
[2026-02-01T02:14:44.734+0000] {processor.py:829} INFO - Processing file /home/airflow/.local/lib/python3.8/site-packages/airflow/example_dags/example_skip_dag.py for tasks to queue
[2026-02-01T02:14:44.739+0000] {logging_mixin.py:151} INFO - [2026-02-01T02:14:44.738+0000] {dagbag.py:536} INFO - Filling up the DagBag from /home/airflow/.local/lib/python3.8/site-packages/airflow/example_dags/example_skip_dag.py
[2026-02-01T02:14:44.755+0000] {processor.py:839} INFO - DAG(s) dict_keys(['example_skip_dag']) retrieved from /home/airflow/.local/lib/python3.8/site-packages/airflow/example_dags/example_skip_dag.py
[2026-02-01T02:14:44.799+0000] {logging_mixin.py:151} INFO - [2026-02-01T02:14:44.799+0000] {dag.py:2941} INFO - Sync 1 DAGs
[2026-02-01T02:14:44.839+0000] {logging_mixin.py:151} INFO - [2026-02-01T02:14:44.838+0000] {dag.py:3722} INFO - Setting next_dagrun for example_skip_dag to 2026-01-31T02:14:44.838176+00:00, run_after=2026-02-01T02:14:44.838176+00:00
[2026-02-01T02:14:44.883+0000] {processor.py:179} INFO - Processing /home/airflow/.local/lib/python3.8/site-packages/airflow/example_dags/example_skip_dag.py took 0.163 seconds
[2026-02-01T02:15:15.525+0000] {processor.py:157} INFO - Started process (PID=544) to work on /home/airflow/.local/lib/python3.8/site-packages/airflow/example_dags/example_skip_dag.py
[2026-02-01T02:15:15.528+0000] {processor.py:829} INFO - Processing file /home/airflow/.local/lib/python3.8/site-packages/airflow/example_dags/example_skip_dag.py for tasks to queue
[2026-02-01T02:15:15.533+0000] {logging_mixin.py:151} INFO - [2026-02-01T02:15:15.532+0000] {dagbag.py:536} INFO - Filling up the DagBag from /home/airflow/.local/lib/python3.8/site-packages/airflow/example_dags/example_skip_dag.py
[2026-02-01T02:15:15.550+0000] {processor.py:839} INFO - DAG(s) dict_keys(['example_skip_dag']) retrieved from /home/airflow/.local/lib/python3.8/site-packages/airflow/example_dags/example_skip_dag.py
[2026-02-01T02:15:15.606+0000] {logging_mixin.py:151} INFO - [2026-02-01T02:15:15.605+0000] {dag.py:2941} INFO - Sync 1 DAGs
[2026-02-01T02:15:15.676+0000] {logging_mixin.py:151} INFO - [2026-02-01T02:15:15.675+0000] {dag.py:3722} INFO - Setting next_dagrun for example_skip_dag to 2026-01-31T02:15:15.675157+00:00, run_after=2026-02-01T02:15:15.675157+00:00
[2026-02-01T02:15:15.767+0000] {processor.py:179} INFO - Processing /home/airflow/.local/lib/python3.8/site-packages/airflow/example_dags/example_skip_dag.py took 0.253 seconds
[2026-02-01T02:15:46.036+0000] {processor.py:157} INFO - Started process (PID=599) to work on /home/airflow/.local/lib/python3.8/site-packages/airflow/example_dags/example_skip_dag.py
[2026-02-01T02:15:46.038+0000] {processor.py:829} INFO - Processing file /home/airflow/.local/lib/python3.8/site-packages/airflow/example_dags/example_skip_dag.py for tasks to queue
[2026-02-01T02:15:46.043+0000] {logging_mixin.py:151} INFO - [2026-02-01T02:15:46.042+0000] {dagbag.py:536} INFO - Filling up the DagBag from /home/airflow/.local/lib/python3.8/site-packages/airflow/example_dags/example_skip_dag.py
[2026-02-01T02:15:46.058+0000] {processor.py:839} INFO - DAG(s) dict_keys(['example_skip_dag']) retrieved from /home/airflow/.local/lib/python3.8/site-packages/airflow/example_dags/example_skip_dag.py
[2026-02-01T02:15:46.108+0000] {logging_mixin.py:151} INFO - [2026-02-01T02:15:46.108+0000] {dag.py:2941} INFO - Sync 1 DAGs
[2026-02-01T02:15:46.158+0000] {logging_mixin.py:151} INFO - [2026-02-01T02:15:46.157+0000] {dag.py:3722} INFO - Setting next_dagrun for example_skip_dag to 2026-01-31T02:15:46.157407+00:00, run_after=2026-02-01T02:15:46.157407+00:00
[2026-02-01T02:15:46.193+0000] {processor.py:179} INFO - Processing /home/airflow/.local/lib/python3.8/site-packages/airflow/example_dags/example_skip_dag.py took 0.167 seconds
[2026-02-01T02:16:16.518+0000] {processor.py:157} INFO - Started process (PID=654) to work on /home/airflow/.local/lib/python3.8/site-packages/airflow/example_dags/example_skip_dag.py
[2026-02-01T02:16:16.524+0000] {processor.py:829} INFO - Processing file /home/airflow/.local/lib/python3.8/site-packages/airflow/example_dags/example_skip_dag.py for tasks to queue
[2026-02-01T02:16:16.532+0000] {logging_mixin.py:151} INFO - [2026-02-01T02:16:16.531+0000] {dagbag.py:536} INFO - Filling up the DagBag from /home/airflow/.local/lib/python3.8/site-packages/airflow/example_dags/example_skip_dag.py
[2026-02-01T02:16:16.574+0000] {processor.py:839} INFO - DAG(s) dict_keys(['example_skip_dag']) retrieved from /home/airflow/.local/lib/python3.8/site-packages/airflow/example_dags/example_skip_dag.py
[2026-02-01T02:16:16.720+0000] {logging_mixin.py:151} INFO - [2026-02-01T02:16:16.719+0000] {dag.py:2941} INFO - Sync 1 DAGs
[2026-02-01T02:16:16.869+0000] {logging_mixin.py:151} INFO - [2026-02-01T02:16:16.860+0000] {dag.py:3722} INFO - Setting next_dagrun for example_skip_dag to 2026-01-31T02:16:16.859577+00:00, run_after=2026-02-01T02:16:16.859577+00:00
[2026-02-01T02:16:17.015+0000] {processor.py:179} INFO - Processing /home/airflow/.local/lib/python3.8/site-packages/airflow/example_dags/example_skip_dag.py took 0.508 seconds
