[2026-02-01T01:37:06.104+0000] {processor.py:157} INFO - Started process (PID=85) to work on /home/airflow/.local/lib/python3.8/site-packages/airflow/example_dags/example_dynamic_task_mapping_with_no_taskflow_operators.py
[2026-02-01T01:37:06.111+0000] {processor.py:829} INFO - Processing file /home/airflow/.local/lib/python3.8/site-packages/airflow/example_dags/example_dynamic_task_mapping_with_no_taskflow_operators.py for tasks to queue
[2026-02-01T01:37:06.120+0000] {logging_mixin.py:151} INFO - [2026-02-01T01:37:06.120+0000] {dagbag.py:536} INFO - Filling up the DagBag from /home/airflow/.local/lib/python3.8/site-packages/airflow/example_dags/example_dynamic_task_mapping_with_no_taskflow_operators.py
[2026-02-01T01:37:06.153+0000] {processor.py:839} INFO - DAG(s) dict_keys(['example_dynamic_task_mapping_with_no_taskflow_operators']) retrieved from /home/airflow/.local/lib/python3.8/site-packages/airflow/example_dags/example_dynamic_task_mapping_with_no_taskflow_operators.py
[2026-02-01T01:37:06.673+0000] {logging_mixin.py:151} INFO - [2026-02-01T01:37:06.672+0000] {manager.py:499} INFO - Created Permission View: %s
[2026-02-01T01:37:06.716+0000] {logging_mixin.py:151} INFO - [2026-02-01T01:37:06.712+0000] {manager.py:499} INFO - Created Permission View: %s
[2026-02-01T01:37:06.769+0000] {logging_mixin.py:151} INFO - [2026-02-01T01:37:06.768+0000] {manager.py:499} INFO - Created Permission View: %s
[2026-02-01T01:37:06.770+0000] {logging_mixin.py:151} INFO - [2026-02-01T01:37:06.770+0000] {dag.py:2941} INFO - Sync 1 DAGs
[2026-02-01T01:37:06.870+0000] {logging_mixin.py:151} INFO - [2026-02-01T01:37:06.870+0000] {dag.py:2963} INFO - Creating ORM DAG for example_dynamic_task_mapping_with_no_taskflow_operators
[2026-02-01T01:37:06.936+0000] {logging_mixin.py:151} INFO - [2026-02-01T01:37:06.935+0000] {dag.py:3722} INFO - Setting next_dagrun for example_dynamic_task_mapping_with_no_taskflow_operators to 2026-01-31T01:37:06.932421+00:00, run_after=2026-02-01T01:37:06.932421+00:00
[2026-02-01T01:37:07.009+0000] {processor.py:179} INFO - Processing /home/airflow/.local/lib/python3.8/site-packages/airflow/example_dags/example_dynamic_task_mapping_with_no_taskflow_operators.py took 0.923 seconds
[2026-02-01T01:40:34.464+0000] {processor.py:157} INFO - Started process (PID=78) to work on /home/airflow/.local/lib/python3.8/site-packages/airflow/example_dags/example_dynamic_task_mapping_with_no_taskflow_operators.py
[2026-02-01T01:40:34.469+0000] {processor.py:829} INFO - Processing file /home/airflow/.local/lib/python3.8/site-packages/airflow/example_dags/example_dynamic_task_mapping_with_no_taskflow_operators.py for tasks to queue
[2026-02-01T01:40:34.475+0000] {logging_mixin.py:151} INFO - [2026-02-01T01:40:34.474+0000] {dagbag.py:536} INFO - Filling up the DagBag from /home/airflow/.local/lib/python3.8/site-packages/airflow/example_dags/example_dynamic_task_mapping_with_no_taskflow_operators.py
[2026-02-01T01:40:34.501+0000] {processor.py:839} INFO - DAG(s) dict_keys(['example_dynamic_task_mapping_with_no_taskflow_operators']) retrieved from /home/airflow/.local/lib/python3.8/site-packages/airflow/example_dags/example_dynamic_task_mapping_with_no_taskflow_operators.py
[2026-02-01T01:40:34.554+0000] {logging_mixin.py:151} INFO - [2026-02-01T01:40:34.554+0000] {dag.py:2941} INFO - Sync 1 DAGs
[2026-02-01T01:40:34.618+0000] {logging_mixin.py:151} INFO - [2026-02-01T01:40:34.618+0000] {dag.py:3722} INFO - Setting next_dagrun for example_dynamic_task_mapping_with_no_taskflow_operators to 2026-01-31T01:40:34.617445+00:00, run_after=2026-02-01T01:40:34.617445+00:00
[2026-02-01T01:40:34.674+0000] {processor.py:179} INFO - Processing /home/airflow/.local/lib/python3.8/site-packages/airflow/example_dags/example_dynamic_task_mapping_with_no_taskflow_operators.py took 0.223 seconds
[2026-02-01T01:41:05.321+0000] {processor.py:157} INFO - Started process (PID=134) to work on /home/airflow/.local/lib/python3.8/site-packages/airflow/example_dags/example_dynamic_task_mapping_with_no_taskflow_operators.py
[2026-02-01T01:41:05.324+0000] {processor.py:829} INFO - Processing file /home/airflow/.local/lib/python3.8/site-packages/airflow/example_dags/example_dynamic_task_mapping_with_no_taskflow_operators.py for tasks to queue
[2026-02-01T01:41:05.329+0000] {logging_mixin.py:151} INFO - [2026-02-01T01:41:05.328+0000] {dagbag.py:536} INFO - Filling up the DagBag from /home/airflow/.local/lib/python3.8/site-packages/airflow/example_dags/example_dynamic_task_mapping_with_no_taskflow_operators.py
[2026-02-01T01:41:05.345+0000] {processor.py:839} INFO - DAG(s) dict_keys(['example_dynamic_task_mapping_with_no_taskflow_operators']) retrieved from /home/airflow/.local/lib/python3.8/site-packages/airflow/example_dags/example_dynamic_task_mapping_with_no_taskflow_operators.py
[2026-02-01T01:41:05.400+0000] {logging_mixin.py:151} INFO - [2026-02-01T01:41:05.400+0000] {dag.py:2941} INFO - Sync 1 DAGs
[2026-02-01T01:41:05.459+0000] {logging_mixin.py:151} INFO - [2026-02-01T01:41:05.458+0000] {dag.py:3722} INFO - Setting next_dagrun for example_dynamic_task_mapping_with_no_taskflow_operators to 2026-01-31T01:41:05.457777+00:00, run_after=2026-02-01T01:41:05.457777+00:00
[2026-02-01T01:41:05.507+0000] {processor.py:179} INFO - Processing /home/airflow/.local/lib/python3.8/site-packages/airflow/example_dags/example_dynamic_task_mapping_with_no_taskflow_operators.py took 0.194 seconds
[2026-02-01T01:41:42.952+0000] {processor.py:157} INFO - Started process (PID=189) to work on /home/airflow/.local/lib/python3.8/site-packages/airflow/example_dags/example_dynamic_task_mapping_with_no_taskflow_operators.py
[2026-02-01T01:41:42.982+0000] {processor.py:829} INFO - Processing file /home/airflow/.local/lib/python3.8/site-packages/airflow/example_dags/example_dynamic_task_mapping_with_no_taskflow_operators.py for tasks to queue
[2026-02-01T01:41:42.987+0000] {logging_mixin.py:151} INFO - [2026-02-01T01:41:42.986+0000] {dagbag.py:536} INFO - Filling up the DagBag from /home/airflow/.local/lib/python3.8/site-packages/airflow/example_dags/example_dynamic_task_mapping_with_no_taskflow_operators.py
[2026-02-01T01:41:43.037+0000] {processor.py:839} INFO - DAG(s) dict_keys(['example_dynamic_task_mapping_with_no_taskflow_operators']) retrieved from /home/airflow/.local/lib/python3.8/site-packages/airflow/example_dags/example_dynamic_task_mapping_with_no_taskflow_operators.py
[2026-02-01T01:41:43.162+0000] {logging_mixin.py:151} INFO - [2026-02-01T01:41:43.162+0000] {dag.py:2941} INFO - Sync 1 DAGs
[2026-02-01T01:41:43.405+0000] {logging_mixin.py:151} INFO - [2026-02-01T01:41:43.404+0000] {dag.py:3722} INFO - Setting next_dagrun for example_dynamic_task_mapping_with_no_taskflow_operators to 2026-01-31T01:41:43.404015+00:00, run_after=2026-02-01T01:41:43.404015+00:00
[2026-02-01T01:41:43.516+0000] {processor.py:179} INFO - Processing /home/airflow/.local/lib/python3.8/site-packages/airflow/example_dags/example_dynamic_task_mapping_with_no_taskflow_operators.py took 0.584 seconds
[2026-02-01T01:42:14.018+0000] {processor.py:157} INFO - Started process (PID=245) to work on /home/airflow/.local/lib/python3.8/site-packages/airflow/example_dags/example_dynamic_task_mapping_with_no_taskflow_operators.py
[2026-02-01T01:42:14.024+0000] {processor.py:829} INFO - Processing file /home/airflow/.local/lib/python3.8/site-packages/airflow/example_dags/example_dynamic_task_mapping_with_no_taskflow_operators.py for tasks to queue
[2026-02-01T01:42:14.034+0000] {logging_mixin.py:151} INFO - [2026-02-01T01:42:14.033+0000] {dagbag.py:536} INFO - Filling up the DagBag from /home/airflow/.local/lib/python3.8/site-packages/airflow/example_dags/example_dynamic_task_mapping_with_no_taskflow_operators.py
[2026-02-01T01:42:14.073+0000] {processor.py:839} INFO - DAG(s) dict_keys(['example_dynamic_task_mapping_with_no_taskflow_operators']) retrieved from /home/airflow/.local/lib/python3.8/site-packages/airflow/example_dags/example_dynamic_task_mapping_with_no_taskflow_operators.py
[2026-02-01T01:42:14.164+0000] {logging_mixin.py:151} INFO - [2026-02-01T01:42:14.164+0000] {dag.py:2941} INFO - Sync 1 DAGs
[2026-02-01T01:42:14.279+0000] {logging_mixin.py:151} INFO - [2026-02-01T01:42:14.278+0000] {dag.py:3722} INFO - Setting next_dagrun for example_dynamic_task_mapping_with_no_taskflow_operators to 2026-01-31T01:42:14.278297+00:00, run_after=2026-02-01T01:42:14.278297+00:00
[2026-02-01T01:42:14.353+0000] {processor.py:179} INFO - Processing /home/airflow/.local/lib/python3.8/site-packages/airflow/example_dags/example_dynamic_task_mapping_with_no_taskflow_operators.py took 0.348 seconds
[2026-02-01T01:42:44.716+0000] {processor.py:157} INFO - Started process (PID=300) to work on /home/airflow/.local/lib/python3.8/site-packages/airflow/example_dags/example_dynamic_task_mapping_with_no_taskflow_operators.py
[2026-02-01T01:42:44.718+0000] {processor.py:829} INFO - Processing file /home/airflow/.local/lib/python3.8/site-packages/airflow/example_dags/example_dynamic_task_mapping_with_no_taskflow_operators.py for tasks to queue
[2026-02-01T01:42:44.723+0000] {logging_mixin.py:151} INFO - [2026-02-01T01:42:44.722+0000] {dagbag.py:536} INFO - Filling up the DagBag from /home/airflow/.local/lib/python3.8/site-packages/airflow/example_dags/example_dynamic_task_mapping_with_no_taskflow_operators.py
[2026-02-01T01:42:44.748+0000] {processor.py:839} INFO - DAG(s) dict_keys(['example_dynamic_task_mapping_with_no_taskflow_operators']) retrieved from /home/airflow/.local/lib/python3.8/site-packages/airflow/example_dags/example_dynamic_task_mapping_with_no_taskflow_operators.py
[2026-02-01T01:42:44.789+0000] {logging_mixin.py:151} INFO - [2026-02-01T01:42:44.789+0000] {dag.py:2941} INFO - Sync 1 DAGs
[2026-02-01T01:42:44.846+0000] {logging_mixin.py:151} INFO - [2026-02-01T01:42:44.845+0000] {dag.py:3722} INFO - Setting next_dagrun for example_dynamic_task_mapping_with_no_taskflow_operators to 2026-01-31T01:42:44.845157+00:00, run_after=2026-02-01T01:42:44.845157+00:00
[2026-02-01T01:42:44.909+0000] {processor.py:179} INFO - Processing /home/airflow/.local/lib/python3.8/site-packages/airflow/example_dags/example_dynamic_task_mapping_with_no_taskflow_operators.py took 0.206 seconds
[2026-02-01T01:43:15.590+0000] {processor.py:157} INFO - Started process (PID=354) to work on /home/airflow/.local/lib/python3.8/site-packages/airflow/example_dags/example_dynamic_task_mapping_with_no_taskflow_operators.py
[2026-02-01T01:43:15.594+0000] {processor.py:829} INFO - Processing file /home/airflow/.local/lib/python3.8/site-packages/airflow/example_dags/example_dynamic_task_mapping_with_no_taskflow_operators.py for tasks to queue
[2026-02-01T01:43:15.599+0000] {logging_mixin.py:151} INFO - [2026-02-01T01:43:15.598+0000] {dagbag.py:536} INFO - Filling up the DagBag from /home/airflow/.local/lib/python3.8/site-packages/airflow/example_dags/example_dynamic_task_mapping_with_no_taskflow_operators.py
[2026-02-01T01:43:15.612+0000] {processor.py:839} INFO - DAG(s) dict_keys(['example_dynamic_task_mapping_with_no_taskflow_operators']) retrieved from /home/airflow/.local/lib/python3.8/site-packages/airflow/example_dags/example_dynamic_task_mapping_with_no_taskflow_operators.py
[2026-02-01T01:43:15.654+0000] {logging_mixin.py:151} INFO - [2026-02-01T01:43:15.654+0000] {dag.py:2941} INFO - Sync 1 DAGs
[2026-02-01T01:43:15.694+0000] {logging_mixin.py:151} INFO - [2026-02-01T01:43:15.694+0000] {dag.py:3722} INFO - Setting next_dagrun for example_dynamic_task_mapping_with_no_taskflow_operators to 2026-01-31T01:43:15.694020+00:00, run_after=2026-02-01T01:43:15.694020+00:00
[2026-02-01T01:43:15.723+0000] {processor.py:179} INFO - Processing /home/airflow/.local/lib/python3.8/site-packages/airflow/example_dags/example_dynamic_task_mapping_with_no_taskflow_operators.py took 0.141 seconds
[2026-02-01T01:43:46.578+0000] {processor.py:157} INFO - Started process (PID=409) to work on /home/airflow/.local/lib/python3.8/site-packages/airflow/example_dags/example_dynamic_task_mapping_with_no_taskflow_operators.py
[2026-02-01T01:43:46.580+0000] {processor.py:829} INFO - Processing file /home/airflow/.local/lib/python3.8/site-packages/airflow/example_dags/example_dynamic_task_mapping_with_no_taskflow_operators.py for tasks to queue
[2026-02-01T01:43:46.586+0000] {logging_mixin.py:151} INFO - [2026-02-01T01:43:46.585+0000] {dagbag.py:536} INFO - Filling up the DagBag from /home/airflow/.local/lib/python3.8/site-packages/airflow/example_dags/example_dynamic_task_mapping_with_no_taskflow_operators.py
[2026-02-01T01:43:46.600+0000] {processor.py:839} INFO - DAG(s) dict_keys(['example_dynamic_task_mapping_with_no_taskflow_operators']) retrieved from /home/airflow/.local/lib/python3.8/site-packages/airflow/example_dags/example_dynamic_task_mapping_with_no_taskflow_operators.py
[2026-02-01T01:43:46.651+0000] {logging_mixin.py:151} INFO - [2026-02-01T01:43:46.651+0000] {dag.py:2941} INFO - Sync 1 DAGs
[2026-02-01T01:43:46.697+0000] {logging_mixin.py:151} INFO - [2026-02-01T01:43:46.697+0000] {dag.py:3722} INFO - Setting next_dagrun for example_dynamic_task_mapping_with_no_taskflow_operators to 2026-01-31T01:43:46.696765+00:00, run_after=2026-02-01T01:43:46.696765+00:00
[2026-02-01T01:43:46.736+0000] {processor.py:179} INFO - Processing /home/airflow/.local/lib/python3.8/site-packages/airflow/example_dags/example_dynamic_task_mapping_with_no_taskflow_operators.py took 0.167 seconds
[2026-02-01T01:44:17.237+0000] {processor.py:157} INFO - Started process (PID=464) to work on /home/airflow/.local/lib/python3.8/site-packages/airflow/example_dags/example_dynamic_task_mapping_with_no_taskflow_operators.py
[2026-02-01T01:44:17.280+0000] {processor.py:829} INFO - Processing file /home/airflow/.local/lib/python3.8/site-packages/airflow/example_dags/example_dynamic_task_mapping_with_no_taskflow_operators.py for tasks to queue
[2026-02-01T01:44:17.286+0000] {logging_mixin.py:151} INFO - [2026-02-01T01:44:17.285+0000] {dagbag.py:536} INFO - Filling up the DagBag from /home/airflow/.local/lib/python3.8/site-packages/airflow/example_dags/example_dynamic_task_mapping_with_no_taskflow_operators.py
[2026-02-01T01:44:17.361+0000] {processor.py:839} INFO - DAG(s) dict_keys(['example_dynamic_task_mapping_with_no_taskflow_operators']) retrieved from /home/airflow/.local/lib/python3.8/site-packages/airflow/example_dags/example_dynamic_task_mapping_with_no_taskflow_operators.py
[2026-02-01T01:44:17.538+0000] {logging_mixin.py:151} INFO - [2026-02-01T01:44:17.537+0000] {dag.py:2941} INFO - Sync 1 DAGs
[2026-02-01T01:44:17.654+0000] {logging_mixin.py:151} INFO - [2026-02-01T01:44:17.654+0000] {dag.py:3722} INFO - Setting next_dagrun for example_dynamic_task_mapping_with_no_taskflow_operators to 2026-01-31T01:44:17.653792+00:00, run_after=2026-02-01T01:44:17.653792+00:00
[2026-02-01T01:44:17.786+0000] {processor.py:179} INFO - Processing /home/airflow/.local/lib/python3.8/site-packages/airflow/example_dags/example_dynamic_task_mapping_with_no_taskflow_operators.py took 0.566 seconds
[2026-02-01T02:10:57.956+0000] {processor.py:157} INFO - Started process (PID=90) to work on /home/airflow/.local/lib/python3.8/site-packages/airflow/example_dags/example_dynamic_task_mapping_with_no_taskflow_operators.py
[2026-02-01T02:10:57.963+0000] {processor.py:829} INFO - Processing file /home/airflow/.local/lib/python3.8/site-packages/airflow/example_dags/example_dynamic_task_mapping_with_no_taskflow_operators.py for tasks to queue
[2026-02-01T02:10:57.969+0000] {logging_mixin.py:151} INFO - [2026-02-01T02:10:57.968+0000] {dagbag.py:536} INFO - Filling up the DagBag from /home/airflow/.local/lib/python3.8/site-packages/airflow/example_dags/example_dynamic_task_mapping_with_no_taskflow_operators.py
[2026-02-01T02:10:57.993+0000] {processor.py:839} INFO - DAG(s) dict_keys(['example_dynamic_task_mapping_with_no_taskflow_operators']) retrieved from /home/airflow/.local/lib/python3.8/site-packages/airflow/example_dags/example_dynamic_task_mapping_with_no_taskflow_operators.py
[2026-02-01T02:10:58.055+0000] {logging_mixin.py:151} INFO - [2026-02-01T02:10:58.055+0000] {dag.py:2941} INFO - Sync 1 DAGs
[2026-02-01T02:10:58.110+0000] {logging_mixin.py:151} INFO - [2026-02-01T02:10:58.109+0000] {dag.py:3722} INFO - Setting next_dagrun for example_dynamic_task_mapping_with_no_taskflow_operators to 2026-01-31T02:10:58.108907+00:00, run_after=2026-02-01T02:10:58.108907+00:00
[2026-02-01T02:10:58.163+0000] {processor.py:179} INFO - Processing /home/airflow/.local/lib/python3.8/site-packages/airflow/example_dags/example_dynamic_task_mapping_with_no_taskflow_operators.py took 0.216 seconds
[2026-02-01T02:11:29.276+0000] {processor.py:157} INFO - Started process (PID=145) to work on /home/airflow/.local/lib/python3.8/site-packages/airflow/example_dags/example_dynamic_task_mapping_with_no_taskflow_operators.py
[2026-02-01T02:11:29.281+0000] {processor.py:829} INFO - Processing file /home/airflow/.local/lib/python3.8/site-packages/airflow/example_dags/example_dynamic_task_mapping_with_no_taskflow_operators.py for tasks to queue
[2026-02-01T02:11:29.326+0000] {logging_mixin.py:151} INFO - [2026-02-01T02:11:29.305+0000] {dagbag.py:536} INFO - Filling up the DagBag from /home/airflow/.local/lib/python3.8/site-packages/airflow/example_dags/example_dynamic_task_mapping_with_no_taskflow_operators.py
[2026-02-01T02:11:29.411+0000] {processor.py:839} INFO - DAG(s) dict_keys(['example_dynamic_task_mapping_with_no_taskflow_operators']) retrieved from /home/airflow/.local/lib/python3.8/site-packages/airflow/example_dags/example_dynamic_task_mapping_with_no_taskflow_operators.py
[2026-02-01T02:11:29.530+0000] {logging_mixin.py:151} INFO - [2026-02-01T02:11:29.530+0000] {dag.py:2941} INFO - Sync 1 DAGs
[2026-02-01T02:11:29.651+0000] {logging_mixin.py:151} INFO - [2026-02-01T02:11:29.651+0000] {dag.py:3722} INFO - Setting next_dagrun for example_dynamic_task_mapping_with_no_taskflow_operators to 2026-01-31T02:11:29.650514+00:00, run_after=2026-02-01T02:11:29.650514+00:00
[2026-02-01T02:11:29.756+0000] {processor.py:179} INFO - Processing /home/airflow/.local/lib/python3.8/site-packages/airflow/example_dags/example_dynamic_task_mapping_with_no_taskflow_operators.py took 0.502 seconds
[2026-02-01T02:12:01.167+0000] {processor.py:157} INFO - Started process (PID=200) to work on /home/airflow/.local/lib/python3.8/site-packages/airflow/example_dags/example_dynamic_task_mapping_with_no_taskflow_operators.py
[2026-02-01T02:12:01.170+0000] {processor.py:829} INFO - Processing file /home/airflow/.local/lib/python3.8/site-packages/airflow/example_dags/example_dynamic_task_mapping_with_no_taskflow_operators.py for tasks to queue
[2026-02-01T02:12:01.176+0000] {logging_mixin.py:151} INFO - [2026-02-01T02:12:01.175+0000] {dagbag.py:536} INFO - Filling up the DagBag from /home/airflow/.local/lib/python3.8/site-packages/airflow/example_dags/example_dynamic_task_mapping_with_no_taskflow_operators.py
[2026-02-01T02:12:01.192+0000] {processor.py:839} INFO - DAG(s) dict_keys(['example_dynamic_task_mapping_with_no_taskflow_operators']) retrieved from /home/airflow/.local/lib/python3.8/site-packages/airflow/example_dags/example_dynamic_task_mapping_with_no_taskflow_operators.py
[2026-02-01T02:12:01.273+0000] {logging_mixin.py:151} INFO - [2026-02-01T02:12:01.273+0000] {dag.py:2941} INFO - Sync 1 DAGs
[2026-02-01T02:12:01.338+0000] {logging_mixin.py:151} INFO - [2026-02-01T02:12:01.338+0000] {dag.py:3722} INFO - Setting next_dagrun for example_dynamic_task_mapping_with_no_taskflow_operators to 2026-01-31T02:12:01.337143+00:00, run_after=2026-02-01T02:12:01.337143+00:00
[2026-02-01T02:12:01.383+0000] {processor.py:179} INFO - Processing /home/airflow/.local/lib/python3.8/site-packages/airflow/example_dags/example_dynamic_task_mapping_with_no_taskflow_operators.py took 0.226 seconds
[2026-02-01T02:12:32.063+0000] {processor.py:157} INFO - Started process (PID=255) to work on /home/airflow/.local/lib/python3.8/site-packages/airflow/example_dags/example_dynamic_task_mapping_with_no_taskflow_operators.py
[2026-02-01T02:12:32.065+0000] {processor.py:829} INFO - Processing file /home/airflow/.local/lib/python3.8/site-packages/airflow/example_dags/example_dynamic_task_mapping_with_no_taskflow_operators.py for tasks to queue
[2026-02-01T02:12:32.073+0000] {logging_mixin.py:151} INFO - [2026-02-01T02:12:32.072+0000] {dagbag.py:536} INFO - Filling up the DagBag from /home/airflow/.local/lib/python3.8/site-packages/airflow/example_dags/example_dynamic_task_mapping_with_no_taskflow_operators.py
[2026-02-01T02:12:32.104+0000] {processor.py:839} INFO - DAG(s) dict_keys(['example_dynamic_task_mapping_with_no_taskflow_operators']) retrieved from /home/airflow/.local/lib/python3.8/site-packages/airflow/example_dags/example_dynamic_task_mapping_with_no_taskflow_operators.py
[2026-02-01T02:12:32.192+0000] {logging_mixin.py:151} INFO - [2026-02-01T02:12:32.192+0000] {dag.py:2941} INFO - Sync 1 DAGs
[2026-02-01T02:12:32.263+0000] {logging_mixin.py:151} INFO - [2026-02-01T02:12:32.263+0000] {dag.py:3722} INFO - Setting next_dagrun for example_dynamic_task_mapping_with_no_taskflow_operators to 2026-01-31T02:12:32.262376+00:00, run_after=2026-02-01T02:12:32.262376+00:00
[2026-02-01T02:12:32.360+0000] {processor.py:179} INFO - Processing /home/airflow/.local/lib/python3.8/site-packages/airflow/example_dags/example_dynamic_task_mapping_with_no_taskflow_operators.py took 0.313 seconds
[2026-02-01T02:13:03.401+0000] {processor.py:157} INFO - Started process (PID=310) to work on /home/airflow/.local/lib/python3.8/site-packages/airflow/example_dags/example_dynamic_task_mapping_with_no_taskflow_operators.py
[2026-02-01T02:13:03.405+0000] {processor.py:829} INFO - Processing file /home/airflow/.local/lib/python3.8/site-packages/airflow/example_dags/example_dynamic_task_mapping_with_no_taskflow_operators.py for tasks to queue
[2026-02-01T02:13:03.412+0000] {logging_mixin.py:151} INFO - [2026-02-01T02:13:03.411+0000] {dagbag.py:536} INFO - Filling up the DagBag from /home/airflow/.local/lib/python3.8/site-packages/airflow/example_dags/example_dynamic_task_mapping_with_no_taskflow_operators.py
[2026-02-01T02:13:03.427+0000] {processor.py:839} INFO - DAG(s) dict_keys(['example_dynamic_task_mapping_with_no_taskflow_operators']) retrieved from /home/airflow/.local/lib/python3.8/site-packages/airflow/example_dags/example_dynamic_task_mapping_with_no_taskflow_operators.py
[2026-02-01T02:13:03.507+0000] {logging_mixin.py:151} INFO - [2026-02-01T02:13:03.506+0000] {dag.py:2941} INFO - Sync 1 DAGs
[2026-02-01T02:13:03.625+0000] {logging_mixin.py:151} INFO - [2026-02-01T02:13:03.624+0000] {dag.py:3722} INFO - Setting next_dagrun for example_dynamic_task_mapping_with_no_taskflow_operators to 2026-01-31T02:13:03.624138+00:00, run_after=2026-02-01T02:13:03.624138+00:00
[2026-02-01T02:13:03.723+0000] {processor.py:179} INFO - Processing /home/airflow/.local/lib/python3.8/site-packages/airflow/example_dags/example_dynamic_task_mapping_with_no_taskflow_operators.py took 0.338 seconds
[2026-02-01T02:13:34.051+0000] {processor.py:157} INFO - Started process (PID=365) to work on /home/airflow/.local/lib/python3.8/site-packages/airflow/example_dags/example_dynamic_task_mapping_with_no_taskflow_operators.py
[2026-02-01T02:13:34.064+0000] {processor.py:829} INFO - Processing file /home/airflow/.local/lib/python3.8/site-packages/airflow/example_dags/example_dynamic_task_mapping_with_no_taskflow_operators.py for tasks to queue
[2026-02-01T02:13:34.071+0000] {logging_mixin.py:151} INFO - [2026-02-01T02:13:34.071+0000] {dagbag.py:536} INFO - Filling up the DagBag from /home/airflow/.local/lib/python3.8/site-packages/airflow/example_dags/example_dynamic_task_mapping_with_no_taskflow_operators.py
[2026-02-01T02:13:34.117+0000] {processor.py:839} INFO - DAG(s) dict_keys(['example_dynamic_task_mapping_with_no_taskflow_operators']) retrieved from /home/airflow/.local/lib/python3.8/site-packages/airflow/example_dags/example_dynamic_task_mapping_with_no_taskflow_operators.py
[2026-02-01T02:13:34.247+0000] {logging_mixin.py:151} INFO - [2026-02-01T02:13:34.246+0000] {dag.py:2941} INFO - Sync 1 DAGs
[2026-02-01T02:13:34.346+0000] {logging_mixin.py:151} INFO - [2026-02-01T02:13:34.345+0000] {dag.py:3722} INFO - Setting next_dagrun for example_dynamic_task_mapping_with_no_taskflow_operators to 2026-01-31T02:13:34.344706+00:00, run_after=2026-02-01T02:13:34.344706+00:00
[2026-02-01T02:13:34.412+0000] {processor.py:179} INFO - Processing /home/airflow/.local/lib/python3.8/site-packages/airflow/example_dags/example_dynamic_task_mapping_with_no_taskflow_operators.py took 0.379 seconds
[2026-02-01T02:14:04.709+0000] {processor.py:157} INFO - Started process (PID=420) to work on /home/airflow/.local/lib/python3.8/site-packages/airflow/example_dags/example_dynamic_task_mapping_with_no_taskflow_operators.py
[2026-02-01T02:14:04.711+0000] {processor.py:829} INFO - Processing file /home/airflow/.local/lib/python3.8/site-packages/airflow/example_dags/example_dynamic_task_mapping_with_no_taskflow_operators.py for tasks to queue
[2026-02-01T02:14:04.718+0000] {logging_mixin.py:151} INFO - [2026-02-01T02:14:04.717+0000] {dagbag.py:536} INFO - Filling up the DagBag from /home/airflow/.local/lib/python3.8/site-packages/airflow/example_dags/example_dynamic_task_mapping_with_no_taskflow_operators.py
[2026-02-01T02:14:04.739+0000] {processor.py:839} INFO - DAG(s) dict_keys(['example_dynamic_task_mapping_with_no_taskflow_operators']) retrieved from /home/airflow/.local/lib/python3.8/site-packages/airflow/example_dags/example_dynamic_task_mapping_with_no_taskflow_operators.py
[2026-02-01T02:14:04.782+0000] {logging_mixin.py:151} INFO - [2026-02-01T02:14:04.782+0000] {dag.py:2941} INFO - Sync 1 DAGs
[2026-02-01T02:14:04.823+0000] {logging_mixin.py:151} INFO - [2026-02-01T02:14:04.823+0000] {dag.py:3722} INFO - Setting next_dagrun for example_dynamic_task_mapping_with_no_taskflow_operators to 2026-01-31T02:14:04.822764+00:00, run_after=2026-02-01T02:14:04.822764+00:00
[2026-02-01T02:14:04.860+0000] {processor.py:179} INFO - Processing /home/airflow/.local/lib/python3.8/site-packages/airflow/example_dags/example_dynamic_task_mapping_with_no_taskflow_operators.py took 0.163 seconds
[2026-02-01T02:14:35.706+0000] {processor.py:157} INFO - Started process (PID=475) to work on /home/airflow/.local/lib/python3.8/site-packages/airflow/example_dags/example_dynamic_task_mapping_with_no_taskflow_operators.py
[2026-02-01T02:14:35.715+0000] {processor.py:829} INFO - Processing file /home/airflow/.local/lib/python3.8/site-packages/airflow/example_dags/example_dynamic_task_mapping_with_no_taskflow_operators.py for tasks to queue
[2026-02-01T02:14:35.721+0000] {logging_mixin.py:151} INFO - [2026-02-01T02:14:35.720+0000] {dagbag.py:536} INFO - Filling up the DagBag from /home/airflow/.local/lib/python3.8/site-packages/airflow/example_dags/example_dynamic_task_mapping_with_no_taskflow_operators.py
[2026-02-01T02:14:35.736+0000] {processor.py:839} INFO - DAG(s) dict_keys(['example_dynamic_task_mapping_with_no_taskflow_operators']) retrieved from /home/airflow/.local/lib/python3.8/site-packages/airflow/example_dags/example_dynamic_task_mapping_with_no_taskflow_operators.py
[2026-02-01T02:14:35.791+0000] {logging_mixin.py:151} INFO - [2026-02-01T02:14:35.790+0000] {dag.py:2941} INFO - Sync 1 DAGs
[2026-02-01T02:14:35.868+0000] {logging_mixin.py:151} INFO - [2026-02-01T02:14:35.867+0000] {dag.py:3722} INFO - Setting next_dagrun for example_dynamic_task_mapping_with_no_taskflow_operators to 2026-01-31T02:14:35.866906+00:00, run_after=2026-02-01T02:14:35.866906+00:00
[2026-02-01T02:14:35.911+0000] {processor.py:179} INFO - Processing /home/airflow/.local/lib/python3.8/site-packages/airflow/example_dags/example_dynamic_task_mapping_with_no_taskflow_operators.py took 0.213 seconds
[2026-02-01T02:15:06.786+0000] {processor.py:157} INFO - Started process (PID=529) to work on /home/airflow/.local/lib/python3.8/site-packages/airflow/example_dags/example_dynamic_task_mapping_with_no_taskflow_operators.py
[2026-02-01T02:15:06.788+0000] {processor.py:829} INFO - Processing file /home/airflow/.local/lib/python3.8/site-packages/airflow/example_dags/example_dynamic_task_mapping_with_no_taskflow_operators.py for tasks to queue
[2026-02-01T02:15:06.795+0000] {logging_mixin.py:151} INFO - [2026-02-01T02:15:06.794+0000] {dagbag.py:536} INFO - Filling up the DagBag from /home/airflow/.local/lib/python3.8/site-packages/airflow/example_dags/example_dynamic_task_mapping_with_no_taskflow_operators.py
[2026-02-01T02:15:06.811+0000] {processor.py:839} INFO - DAG(s) dict_keys(['example_dynamic_task_mapping_with_no_taskflow_operators']) retrieved from /home/airflow/.local/lib/python3.8/site-packages/airflow/example_dags/example_dynamic_task_mapping_with_no_taskflow_operators.py
[2026-02-01T02:15:06.865+0000] {logging_mixin.py:151} INFO - [2026-02-01T02:15:06.865+0000] {dag.py:2941} INFO - Sync 1 DAGs
[2026-02-01T02:15:06.937+0000] {logging_mixin.py:151} INFO - [2026-02-01T02:15:06.936+0000] {dag.py:3722} INFO - Setting next_dagrun for example_dynamic_task_mapping_with_no_taskflow_operators to 2026-01-31T02:15:06.935977+00:00, run_after=2026-02-01T02:15:06.935977+00:00
[2026-02-01T02:15:07.020+0000] {processor.py:179} INFO - Processing /home/airflow/.local/lib/python3.8/site-packages/airflow/example_dags/example_dynamic_task_mapping_with_no_taskflow_operators.py took 0.242 seconds
[2026-02-01T02:15:37.675+0000] {processor.py:157} INFO - Started process (PID=584) to work on /home/airflow/.local/lib/python3.8/site-packages/airflow/example_dags/example_dynamic_task_mapping_with_no_taskflow_operators.py
[2026-02-01T02:15:37.681+0000] {processor.py:829} INFO - Processing file /home/airflow/.local/lib/python3.8/site-packages/airflow/example_dags/example_dynamic_task_mapping_with_no_taskflow_operators.py for tasks to queue
[2026-02-01T02:15:37.688+0000] {logging_mixin.py:151} INFO - [2026-02-01T02:15:37.687+0000] {dagbag.py:536} INFO - Filling up the DagBag from /home/airflow/.local/lib/python3.8/site-packages/airflow/example_dags/example_dynamic_task_mapping_with_no_taskflow_operators.py
[2026-02-01T02:15:37.707+0000] {processor.py:839} INFO - DAG(s) dict_keys(['example_dynamic_task_mapping_with_no_taskflow_operators']) retrieved from /home/airflow/.local/lib/python3.8/site-packages/airflow/example_dags/example_dynamic_task_mapping_with_no_taskflow_operators.py
[2026-02-01T02:15:37.800+0000] {logging_mixin.py:151} INFO - [2026-02-01T02:15:37.799+0000] {dag.py:2941} INFO - Sync 1 DAGs
[2026-02-01T02:15:37.850+0000] {logging_mixin.py:151} INFO - [2026-02-01T02:15:37.848+0000] {dag.py:3722} INFO - Setting next_dagrun for example_dynamic_task_mapping_with_no_taskflow_operators to 2026-01-31T02:15:37.848098+00:00, run_after=2026-02-01T02:15:37.848098+00:00
[2026-02-01T02:15:37.895+0000] {processor.py:179} INFO - Processing /home/airflow/.local/lib/python3.8/site-packages/airflow/example_dags/example_dynamic_task_mapping_with_no_taskflow_operators.py took 0.232 seconds
[2026-02-01T02:16:08.053+0000] {processor.py:157} INFO - Started process (PID=639) to work on /home/airflow/.local/lib/python3.8/site-packages/airflow/example_dags/example_dynamic_task_mapping_with_no_taskflow_operators.py
[2026-02-01T02:16:08.055+0000] {processor.py:829} INFO - Processing file /home/airflow/.local/lib/python3.8/site-packages/airflow/example_dags/example_dynamic_task_mapping_with_no_taskflow_operators.py for tasks to queue
[2026-02-01T02:16:08.070+0000] {logging_mixin.py:151} INFO - [2026-02-01T02:16:08.069+0000] {dagbag.py:536} INFO - Filling up the DagBag from /home/airflow/.local/lib/python3.8/site-packages/airflow/example_dags/example_dynamic_task_mapping_with_no_taskflow_operators.py
[2026-02-01T02:16:08.087+0000] {processor.py:839} INFO - DAG(s) dict_keys(['example_dynamic_task_mapping_with_no_taskflow_operators']) retrieved from /home/airflow/.local/lib/python3.8/site-packages/airflow/example_dags/example_dynamic_task_mapping_with_no_taskflow_operators.py
[2026-02-01T02:16:08.153+0000] {logging_mixin.py:151} INFO - [2026-02-01T02:16:08.153+0000] {dag.py:2941} INFO - Sync 1 DAGs
[2026-02-01T02:16:08.242+0000] {logging_mixin.py:151} INFO - [2026-02-01T02:16:08.242+0000] {dag.py:3722} INFO - Setting next_dagrun for example_dynamic_task_mapping_with_no_taskflow_operators to 2026-01-31T02:16:08.241818+00:00, run_after=2026-02-01T02:16:08.241818+00:00
[2026-02-01T02:16:08.297+0000] {processor.py:179} INFO - Processing /home/airflow/.local/lib/python3.8/site-packages/airflow/example_dags/example_dynamic_task_mapping_with_no_taskflow_operators.py took 0.255 seconds
