[2026-02-01T01:37:21.065+0000] {processor.py:157} INFO - Started process (PID=114) to work on /home/airflow/.local/lib/python3.8/site-packages/airflow/example_dags/example_short_circuit_decorator.py
[2026-02-01T01:37:21.067+0000] {processor.py:829} INFO - Processing file /home/airflow/.local/lib/python3.8/site-packages/airflow/example_dags/example_short_circuit_decorator.py for tasks to queue
[2026-02-01T01:37:21.072+0000] {logging_mixin.py:151} INFO - [2026-02-01T01:37:21.071+0000] {dagbag.py:536} INFO - Filling up the DagBag from /home/airflow/.local/lib/python3.8/site-packages/airflow/example_dags/example_short_circuit_decorator.py
[2026-02-01T01:37:21.109+0000] {processor.py:839} INFO - DAG(s) dict_keys(['example_short_circuit_decorator']) retrieved from /home/airflow/.local/lib/python3.8/site-packages/airflow/example_dags/example_short_circuit_decorator.py
[2026-02-01T01:37:21.393+0000] {logging_mixin.py:151} INFO - [2026-02-01T01:37:21.393+0000] {manager.py:499} INFO - Created Permission View: %s
[2026-02-01T01:37:21.419+0000] {logging_mixin.py:151} INFO - [2026-02-01T01:37:21.418+0000] {manager.py:499} INFO - Created Permission View: %s
[2026-02-01T01:37:21.441+0000] {logging_mixin.py:151} INFO - [2026-02-01T01:37:21.441+0000] {manager.py:499} INFO - Created Permission View: %s
[2026-02-01T01:37:21.442+0000] {logging_mixin.py:151} INFO - [2026-02-01T01:37:21.442+0000] {dag.py:2941} INFO - Sync 1 DAGs
[2026-02-01T01:37:21.464+0000] {logging_mixin.py:151} INFO - [2026-02-01T01:37:21.463+0000] {dag.py:2963} INFO - Creating ORM DAG for example_short_circuit_decorator
[2026-02-01T01:37:21.489+0000] {logging_mixin.py:151} INFO - [2026-02-01T01:37:21.489+0000] {dag.py:3722} INFO - Setting next_dagrun for example_short_circuit_decorator to 2026-01-31T01:37:21.488462+00:00, run_after=2026-02-01T01:37:21.488462+00:00
[2026-02-01T01:37:21.539+0000] {processor.py:179} INFO - Processing /home/airflow/.local/lib/python3.8/site-packages/airflow/example_dags/example_short_circuit_decorator.py took 0.482 seconds
[2026-02-01T01:40:41.114+0000] {processor.py:157} INFO - Started process (PID=107) to work on /home/airflow/.local/lib/python3.8/site-packages/airflow/example_dags/example_short_circuit_decorator.py
[2026-02-01T01:40:41.122+0000] {processor.py:829} INFO - Processing file /home/airflow/.local/lib/python3.8/site-packages/airflow/example_dags/example_short_circuit_decorator.py for tasks to queue
[2026-02-01T01:40:41.130+0000] {logging_mixin.py:151} INFO - [2026-02-01T01:40:41.129+0000] {dagbag.py:536} INFO - Filling up the DagBag from /home/airflow/.local/lib/python3.8/site-packages/airflow/example_dags/example_short_circuit_decorator.py
[2026-02-01T01:40:41.175+0000] {processor.py:839} INFO - DAG(s) dict_keys(['example_short_circuit_decorator']) retrieved from /home/airflow/.local/lib/python3.8/site-packages/airflow/example_dags/example_short_circuit_decorator.py
[2026-02-01T01:40:41.261+0000] {logging_mixin.py:151} INFO - [2026-02-01T01:40:41.260+0000] {dag.py:2941} INFO - Sync 1 DAGs
[2026-02-01T01:40:41.341+0000] {logging_mixin.py:151} INFO - [2026-02-01T01:40:41.341+0000] {dag.py:3722} INFO - Setting next_dagrun for example_short_circuit_decorator to 2026-01-31T01:40:41.340521+00:00, run_after=2026-02-01T01:40:41.340521+00:00
[2026-02-01T01:40:41.415+0000] {processor.py:179} INFO - Processing /home/airflow/.local/lib/python3.8/site-packages/airflow/example_dags/example_short_circuit_decorator.py took 0.328 seconds
[2026-02-01T01:41:11.625+0000] {processor.py:157} INFO - Started process (PID=163) to work on /home/airflow/.local/lib/python3.8/site-packages/airflow/example_dags/example_short_circuit_decorator.py
[2026-02-01T01:41:11.629+0000] {processor.py:829} INFO - Processing file /home/airflow/.local/lib/python3.8/site-packages/airflow/example_dags/example_short_circuit_decorator.py for tasks to queue
[2026-02-01T01:41:11.634+0000] {logging_mixin.py:151} INFO - [2026-02-01T01:41:11.633+0000] {dagbag.py:536} INFO - Filling up the DagBag from /home/airflow/.local/lib/python3.8/site-packages/airflow/example_dags/example_short_circuit_decorator.py
[2026-02-01T01:41:11.659+0000] {processor.py:839} INFO - DAG(s) dict_keys(['example_short_circuit_decorator']) retrieved from /home/airflow/.local/lib/python3.8/site-packages/airflow/example_dags/example_short_circuit_decorator.py
[2026-02-01T01:41:11.719+0000] {logging_mixin.py:151} INFO - [2026-02-01T01:41:11.718+0000] {dag.py:2941} INFO - Sync 1 DAGs
[2026-02-01T01:41:11.823+0000] {logging_mixin.py:151} INFO - [2026-02-01T01:41:11.822+0000] {dag.py:3722} INFO - Setting next_dagrun for example_short_circuit_decorator to 2026-01-31T01:41:11.822074+00:00, run_after=2026-02-01T01:41:11.822074+00:00
[2026-02-01T01:41:11.915+0000] {processor.py:179} INFO - Processing /home/airflow/.local/lib/python3.8/site-packages/airflow/example_dags/example_short_circuit_decorator.py took 0.303 seconds
[2026-02-01T01:41:51.252+0000] {processor.py:157} INFO - Started process (PID=218) to work on /home/airflow/.local/lib/python3.8/site-packages/airflow/example_dags/example_short_circuit_decorator.py
[2026-02-01T01:41:51.257+0000] {processor.py:829} INFO - Processing file /home/airflow/.local/lib/python3.8/site-packages/airflow/example_dags/example_short_circuit_decorator.py for tasks to queue
[2026-02-01T01:41:51.261+0000] {logging_mixin.py:151} INFO - [2026-02-01T01:41:51.261+0000] {dagbag.py:536} INFO - Filling up the DagBag from /home/airflow/.local/lib/python3.8/site-packages/airflow/example_dags/example_short_circuit_decorator.py
[2026-02-01T01:41:51.285+0000] {processor.py:839} INFO - DAG(s) dict_keys(['example_short_circuit_decorator']) retrieved from /home/airflow/.local/lib/python3.8/site-packages/airflow/example_dags/example_short_circuit_decorator.py
[2026-02-01T01:41:51.329+0000] {logging_mixin.py:151} INFO - [2026-02-01T01:41:51.329+0000] {dag.py:2941} INFO - Sync 1 DAGs
[2026-02-01T01:41:51.392+0000] {logging_mixin.py:151} INFO - [2026-02-01T01:41:51.392+0000] {dag.py:3722} INFO - Setting next_dagrun for example_short_circuit_decorator to 2026-01-31T01:41:51.391698+00:00, run_after=2026-02-01T01:41:51.391698+00:00
[2026-02-01T01:41:51.439+0000] {processor.py:179} INFO - Processing /home/airflow/.local/lib/python3.8/site-packages/airflow/example_dags/example_short_circuit_decorator.py took 0.197 seconds
[2026-02-01T01:42:22.191+0000] {processor.py:157} INFO - Started process (PID=274) to work on /home/airflow/.local/lib/python3.8/site-packages/airflow/example_dags/example_short_circuit_decorator.py
[2026-02-01T01:42:22.193+0000] {processor.py:829} INFO - Processing file /home/airflow/.local/lib/python3.8/site-packages/airflow/example_dags/example_short_circuit_decorator.py for tasks to queue
[2026-02-01T01:42:22.198+0000] {logging_mixin.py:151} INFO - [2026-02-01T01:42:22.198+0000] {dagbag.py:536} INFO - Filling up the DagBag from /home/airflow/.local/lib/python3.8/site-packages/airflow/example_dags/example_short_circuit_decorator.py
[2026-02-01T01:42:22.226+0000] {processor.py:839} INFO - DAG(s) dict_keys(['example_short_circuit_decorator']) retrieved from /home/airflow/.local/lib/python3.8/site-packages/airflow/example_dags/example_short_circuit_decorator.py
[2026-02-01T01:42:22.304+0000] {logging_mixin.py:151} INFO - [2026-02-01T01:42:22.303+0000] {dag.py:2941} INFO - Sync 1 DAGs
[2026-02-01T01:42:22.366+0000] {logging_mixin.py:151} INFO - [2026-02-01T01:42:22.366+0000] {dag.py:3722} INFO - Setting next_dagrun for example_short_circuit_decorator to 2026-01-31T01:42:22.365877+00:00, run_after=2026-02-01T01:42:22.365877+00:00
[2026-02-01T01:42:22.412+0000] {processor.py:179} INFO - Processing /home/airflow/.local/lib/python3.8/site-packages/airflow/example_dags/example_short_circuit_decorator.py took 0.231 seconds
[2026-02-01T01:42:54.394+0000] {processor.py:157} INFO - Started process (PID=329) to work on /home/airflow/.local/lib/python3.8/site-packages/airflow/example_dags/example_short_circuit_decorator.py
[2026-02-01T01:42:54.401+0000] {processor.py:829} INFO - Processing file /home/airflow/.local/lib/python3.8/site-packages/airflow/example_dags/example_short_circuit_decorator.py for tasks to queue
[2026-02-01T01:42:54.410+0000] {logging_mixin.py:151} INFO - [2026-02-01T01:42:54.407+0000] {dagbag.py:536} INFO - Filling up the DagBag from /home/airflow/.local/lib/python3.8/site-packages/airflow/example_dags/example_short_circuit_decorator.py
[2026-02-01T01:42:54.440+0000] {processor.py:839} INFO - DAG(s) dict_keys(['example_short_circuit_decorator']) retrieved from /home/airflow/.local/lib/python3.8/site-packages/airflow/example_dags/example_short_circuit_decorator.py
[2026-02-01T01:42:54.517+0000] {logging_mixin.py:151} INFO - [2026-02-01T01:42:54.516+0000] {dag.py:2941} INFO - Sync 1 DAGs
[2026-02-01T01:42:54.575+0000] {logging_mixin.py:151} INFO - [2026-02-01T01:42:54.575+0000] {dag.py:3722} INFO - Setting next_dagrun for example_short_circuit_decorator to 2026-01-31T01:42:54.575062+00:00, run_after=2026-02-01T01:42:54.575062+00:00
[2026-02-01T01:42:54.621+0000] {processor.py:179} INFO - Processing /home/airflow/.local/lib/python3.8/site-packages/airflow/example_dags/example_short_circuit_decorator.py took 0.238 seconds
[2026-02-01T01:43:24.860+0000] {processor.py:157} INFO - Started process (PID=383) to work on /home/airflow/.local/lib/python3.8/site-packages/airflow/example_dags/example_short_circuit_decorator.py
[2026-02-01T01:43:24.863+0000] {processor.py:829} INFO - Processing file /home/airflow/.local/lib/python3.8/site-packages/airflow/example_dags/example_short_circuit_decorator.py for tasks to queue
[2026-02-01T01:43:24.867+0000] {logging_mixin.py:151} INFO - [2026-02-01T01:43:24.866+0000] {dagbag.py:536} INFO - Filling up the DagBag from /home/airflow/.local/lib/python3.8/site-packages/airflow/example_dags/example_short_circuit_decorator.py
[2026-02-01T01:43:24.899+0000] {processor.py:839} INFO - DAG(s) dict_keys(['example_short_circuit_decorator']) retrieved from /home/airflow/.local/lib/python3.8/site-packages/airflow/example_dags/example_short_circuit_decorator.py
[2026-02-01T01:43:24.966+0000] {logging_mixin.py:151} INFO - [2026-02-01T01:43:24.965+0000] {dag.py:2941} INFO - Sync 1 DAGs
[2026-02-01T01:43:25.020+0000] {logging_mixin.py:151} INFO - [2026-02-01T01:43:25.019+0000] {dag.py:3722} INFO - Setting next_dagrun for example_short_circuit_decorator to 2026-01-31T01:43:25.019415+00:00, run_after=2026-02-01T01:43:25.019415+00:00
[2026-02-01T01:43:25.068+0000] {processor.py:179} INFO - Processing /home/airflow/.local/lib/python3.8/site-packages/airflow/example_dags/example_short_circuit_decorator.py took 0.220 seconds
[2026-02-01T01:43:55.450+0000] {processor.py:157} INFO - Started process (PID=438) to work on /home/airflow/.local/lib/python3.8/site-packages/airflow/example_dags/example_short_circuit_decorator.py
[2026-02-01T01:43:55.454+0000] {processor.py:829} INFO - Processing file /home/airflow/.local/lib/python3.8/site-packages/airflow/example_dags/example_short_circuit_decorator.py for tasks to queue
[2026-02-01T01:43:55.462+0000] {logging_mixin.py:151} INFO - [2026-02-01T01:43:55.461+0000] {dagbag.py:536} INFO - Filling up the DagBag from /home/airflow/.local/lib/python3.8/site-packages/airflow/example_dags/example_short_circuit_decorator.py
[2026-02-01T01:43:55.500+0000] {processor.py:839} INFO - DAG(s) dict_keys(['example_short_circuit_decorator']) retrieved from /home/airflow/.local/lib/python3.8/site-packages/airflow/example_dags/example_short_circuit_decorator.py
[2026-02-01T01:43:55.670+0000] {logging_mixin.py:151} INFO - [2026-02-01T01:43:55.670+0000] {dag.py:2941} INFO - Sync 1 DAGs
[2026-02-01T01:43:55.776+0000] {logging_mixin.py:151} INFO - [2026-02-01T01:43:55.774+0000] {dag.py:3722} INFO - Setting next_dagrun for example_short_circuit_decorator to 2026-01-31T01:43:55.773590+00:00, run_after=2026-02-01T01:43:55.773590+00:00
[2026-02-01T01:43:55.838+0000] {processor.py:179} INFO - Processing /home/airflow/.local/lib/python3.8/site-packages/airflow/example_dags/example_short_circuit_decorator.py took 0.404 seconds
[2026-02-01T01:44:26.252+0000] {processor.py:157} INFO - Started process (PID=500) to work on /home/airflow/.local/lib/python3.8/site-packages/airflow/example_dags/example_short_circuit_decorator.py
[2026-02-01T01:44:26.254+0000] {processor.py:829} INFO - Processing file /home/airflow/.local/lib/python3.8/site-packages/airflow/example_dags/example_short_circuit_decorator.py for tasks to queue
[2026-02-01T01:44:26.259+0000] {logging_mixin.py:151} INFO - [2026-02-01T01:44:26.259+0000] {dagbag.py:536} INFO - Filling up the DagBag from /home/airflow/.local/lib/python3.8/site-packages/airflow/example_dags/example_short_circuit_decorator.py
[2026-02-01T01:44:26.310+0000] {processor.py:839} INFO - DAG(s) dict_keys(['example_short_circuit_decorator']) retrieved from /home/airflow/.local/lib/python3.8/site-packages/airflow/example_dags/example_short_circuit_decorator.py
[2026-02-01T01:44:26.393+0000] {logging_mixin.py:151} INFO - [2026-02-01T01:44:26.392+0000] {dag.py:2941} INFO - Sync 1 DAGs
[2026-02-01T01:44:26.490+0000] {logging_mixin.py:151} INFO - [2026-02-01T01:44:26.490+0000] {dag.py:3722} INFO - Setting next_dagrun for example_short_circuit_decorator to 2026-01-31T01:44:26.490344+00:00, run_after=2026-02-01T01:44:26.490344+00:00
[2026-02-01T01:44:26.530+0000] {processor.py:179} INFO - Processing /home/airflow/.local/lib/python3.8/site-packages/airflow/example_dags/example_short_circuit_decorator.py took 0.285 seconds
[2026-02-01T02:11:13.601+0000] {processor.py:157} INFO - Started process (PID=126) to work on /home/airflow/.local/lib/python3.8/site-packages/airflow/example_dags/example_short_circuit_decorator.py
[2026-02-01T02:11:13.607+0000] {processor.py:829} INFO - Processing file /home/airflow/.local/lib/python3.8/site-packages/airflow/example_dags/example_short_circuit_decorator.py for tasks to queue
[2026-02-01T02:11:13.616+0000] {logging_mixin.py:151} INFO - [2026-02-01T02:11:13.614+0000] {dagbag.py:536} INFO - Filling up the DagBag from /home/airflow/.local/lib/python3.8/site-packages/airflow/example_dags/example_short_circuit_decorator.py
[2026-02-01T02:11:13.645+0000] {processor.py:839} INFO - DAG(s) dict_keys(['example_short_circuit_decorator']) retrieved from /home/airflow/.local/lib/python3.8/site-packages/airflow/example_dags/example_short_circuit_decorator.py
[2026-02-01T02:11:13.726+0000] {logging_mixin.py:151} INFO - [2026-02-01T02:11:13.725+0000] {dag.py:2941} INFO - Sync 1 DAGs
[2026-02-01T02:11:13.788+0000] {logging_mixin.py:151} INFO - [2026-02-01T02:11:13.788+0000] {dag.py:3722} INFO - Setting next_dagrun for example_short_circuit_decorator to 2026-01-31T02:11:13.787424+00:00, run_after=2026-02-01T02:11:13.787424+00:00
[2026-02-01T02:11:13.853+0000] {processor.py:179} INFO - Processing /home/airflow/.local/lib/python3.8/site-packages/airflow/example_dags/example_short_circuit_decorator.py took 0.262 seconds
[2026-02-01T02:11:45.163+0000] {processor.py:157} INFO - Started process (PID=181) to work on /home/airflow/.local/lib/python3.8/site-packages/airflow/example_dags/example_short_circuit_decorator.py
[2026-02-01T02:11:45.166+0000] {processor.py:829} INFO - Processing file /home/airflow/.local/lib/python3.8/site-packages/airflow/example_dags/example_short_circuit_decorator.py for tasks to queue
[2026-02-01T02:11:45.177+0000] {logging_mixin.py:151} INFO - [2026-02-01T02:11:45.177+0000] {dagbag.py:536} INFO - Filling up the DagBag from /home/airflow/.local/lib/python3.8/site-packages/airflow/example_dags/example_short_circuit_decorator.py
[2026-02-01T02:11:45.198+0000] {processor.py:839} INFO - DAG(s) dict_keys(['example_short_circuit_decorator']) retrieved from /home/airflow/.local/lib/python3.8/site-packages/airflow/example_dags/example_short_circuit_decorator.py
[2026-02-01T02:11:45.275+0000] {logging_mixin.py:151} INFO - [2026-02-01T02:11:45.274+0000] {dag.py:2941} INFO - Sync 1 DAGs
[2026-02-01T02:11:45.410+0000] {logging_mixin.py:151} INFO - [2026-02-01T02:11:45.409+0000] {dag.py:3722} INFO - Setting next_dagrun for example_short_circuit_decorator to 2026-01-31T02:11:45.409334+00:00, run_after=2026-02-01T02:11:45.409334+00:00
[2026-02-01T02:11:45.513+0000] {processor.py:179} INFO - Processing /home/airflow/.local/lib/python3.8/site-packages/airflow/example_dags/example_short_circuit_decorator.py took 0.366 seconds
[2026-02-01T02:12:15.764+0000] {processor.py:157} INFO - Started process (PID=236) to work on /home/airflow/.local/lib/python3.8/site-packages/airflow/example_dags/example_short_circuit_decorator.py
[2026-02-01T02:12:15.766+0000] {processor.py:829} INFO - Processing file /home/airflow/.local/lib/python3.8/site-packages/airflow/example_dags/example_short_circuit_decorator.py for tasks to queue
[2026-02-01T02:12:15.771+0000] {logging_mixin.py:151} INFO - [2026-02-01T02:12:15.770+0000] {dagbag.py:536} INFO - Filling up the DagBag from /home/airflow/.local/lib/python3.8/site-packages/airflow/example_dags/example_short_circuit_decorator.py
[2026-02-01T02:12:15.799+0000] {processor.py:839} INFO - DAG(s) dict_keys(['example_short_circuit_decorator']) retrieved from /home/airflow/.local/lib/python3.8/site-packages/airflow/example_dags/example_short_circuit_decorator.py
[2026-02-01T02:12:15.840+0000] {logging_mixin.py:151} INFO - [2026-02-01T02:12:15.840+0000] {dag.py:2941} INFO - Sync 1 DAGs
[2026-02-01T02:12:15.885+0000] {logging_mixin.py:151} INFO - [2026-02-01T02:12:15.885+0000] {dag.py:3722} INFO - Setting next_dagrun for example_short_circuit_decorator to 2026-01-31T02:12:15.885051+00:00, run_after=2026-02-01T02:12:15.885051+00:00
[2026-02-01T02:12:15.924+0000] {processor.py:179} INFO - Processing /home/airflow/.local/lib/python3.8/site-packages/airflow/example_dags/example_short_circuit_decorator.py took 0.171 seconds
[2026-02-01T02:12:46.566+0000] {processor.py:157} INFO - Started process (PID=291) to work on /home/airflow/.local/lib/python3.8/site-packages/airflow/example_dags/example_short_circuit_decorator.py
[2026-02-01T02:12:46.569+0000] {processor.py:829} INFO - Processing file /home/airflow/.local/lib/python3.8/site-packages/airflow/example_dags/example_short_circuit_decorator.py for tasks to queue
[2026-02-01T02:12:46.574+0000] {logging_mixin.py:151} INFO - [2026-02-01T02:12:46.573+0000] {dagbag.py:536} INFO - Filling up the DagBag from /home/airflow/.local/lib/python3.8/site-packages/airflow/example_dags/example_short_circuit_decorator.py
[2026-02-01T02:12:46.598+0000] {processor.py:839} INFO - DAG(s) dict_keys(['example_short_circuit_decorator']) retrieved from /home/airflow/.local/lib/python3.8/site-packages/airflow/example_dags/example_short_circuit_decorator.py
[2026-02-01T02:12:46.656+0000] {logging_mixin.py:151} INFO - [2026-02-01T02:12:46.656+0000] {dag.py:2941} INFO - Sync 1 DAGs
[2026-02-01T02:12:46.706+0000] {logging_mixin.py:151} INFO - [2026-02-01T02:12:46.706+0000] {dag.py:3722} INFO - Setting next_dagrun for example_short_circuit_decorator to 2026-01-31T02:12:46.705557+00:00, run_after=2026-02-01T02:12:46.705557+00:00
[2026-02-01T02:12:46.744+0000] {processor.py:179} INFO - Processing /home/airflow/.local/lib/python3.8/site-packages/airflow/example_dags/example_short_circuit_decorator.py took 0.189 seconds
[2026-02-01T02:13:17.626+0000] {processor.py:157} INFO - Started process (PID=346) to work on /home/airflow/.local/lib/python3.8/site-packages/airflow/example_dags/example_short_circuit_decorator.py
[2026-02-01T02:13:17.629+0000] {processor.py:829} INFO - Processing file /home/airflow/.local/lib/python3.8/site-packages/airflow/example_dags/example_short_circuit_decorator.py for tasks to queue
[2026-02-01T02:13:17.634+0000] {logging_mixin.py:151} INFO - [2026-02-01T02:13:17.634+0000] {dagbag.py:536} INFO - Filling up the DagBag from /home/airflow/.local/lib/python3.8/site-packages/airflow/example_dags/example_short_circuit_decorator.py
[2026-02-01T02:13:17.662+0000] {processor.py:839} INFO - DAG(s) dict_keys(['example_short_circuit_decorator']) retrieved from /home/airflow/.local/lib/python3.8/site-packages/airflow/example_dags/example_short_circuit_decorator.py
[2026-02-01T02:13:17.726+0000] {logging_mixin.py:151} INFO - [2026-02-01T02:13:17.726+0000] {dag.py:2941} INFO - Sync 1 DAGs
[2026-02-01T02:13:17.823+0000] {logging_mixin.py:151} INFO - [2026-02-01T02:13:17.822+0000] {dag.py:3722} INFO - Setting next_dagrun for example_short_circuit_decorator to 2026-01-31T02:13:17.821625+00:00, run_after=2026-02-01T02:13:17.821625+00:00
[2026-02-01T02:13:17.901+0000] {processor.py:179} INFO - Processing /home/airflow/.local/lib/python3.8/site-packages/airflow/example_dags/example_short_circuit_decorator.py took 0.286 seconds
[2026-02-01T02:13:49.264+0000] {processor.py:157} INFO - Started process (PID=401) to work on /home/airflow/.local/lib/python3.8/site-packages/airflow/example_dags/example_short_circuit_decorator.py
[2026-02-01T02:13:49.306+0000] {processor.py:829} INFO - Processing file /home/airflow/.local/lib/python3.8/site-packages/airflow/example_dags/example_short_circuit_decorator.py for tasks to queue
[2026-02-01T02:13:49.318+0000] {logging_mixin.py:151} INFO - [2026-02-01T02:13:49.311+0000] {dagbag.py:536} INFO - Filling up the DagBag from /home/airflow/.local/lib/python3.8/site-packages/airflow/example_dags/example_short_circuit_decorator.py
[2026-02-01T02:13:49.357+0000] {processor.py:839} INFO - DAG(s) dict_keys(['example_short_circuit_decorator']) retrieved from /home/airflow/.local/lib/python3.8/site-packages/airflow/example_dags/example_short_circuit_decorator.py
[2026-02-01T02:13:49.480+0000] {logging_mixin.py:151} INFO - [2026-02-01T02:13:49.480+0000] {dag.py:2941} INFO - Sync 1 DAGs
[2026-02-01T02:13:49.588+0000] {logging_mixin.py:151} INFO - [2026-02-01T02:13:49.587+0000] {dag.py:3722} INFO - Setting next_dagrun for example_short_circuit_decorator to 2026-01-31T02:13:49.587315+00:00, run_after=2026-02-01T02:13:49.587315+00:00
[2026-02-01T02:13:49.693+0000] {processor.py:179} INFO - Processing /home/airflow/.local/lib/python3.8/site-packages/airflow/example_dags/example_short_circuit_decorator.py took 0.468 seconds
[2026-02-01T02:14:19.853+0000] {processor.py:157} INFO - Started process (PID=456) to work on /home/airflow/.local/lib/python3.8/site-packages/airflow/example_dags/example_short_circuit_decorator.py
[2026-02-01T02:14:19.855+0000] {processor.py:829} INFO - Processing file /home/airflow/.local/lib/python3.8/site-packages/airflow/example_dags/example_short_circuit_decorator.py for tasks to queue
[2026-02-01T02:14:19.859+0000] {logging_mixin.py:151} INFO - [2026-02-01T02:14:19.859+0000] {dagbag.py:536} INFO - Filling up the DagBag from /home/airflow/.local/lib/python3.8/site-packages/airflow/example_dags/example_short_circuit_decorator.py
[2026-02-01T02:14:19.880+0000] {processor.py:839} INFO - DAG(s) dict_keys(['example_short_circuit_decorator']) retrieved from /home/airflow/.local/lib/python3.8/site-packages/airflow/example_dags/example_short_circuit_decorator.py
[2026-02-01T02:14:19.924+0000] {logging_mixin.py:151} INFO - [2026-02-01T02:14:19.923+0000] {dag.py:2941} INFO - Sync 1 DAGs
[2026-02-01T02:14:19.962+0000] {logging_mixin.py:151} INFO - [2026-02-01T02:14:19.962+0000] {dag.py:3722} INFO - Setting next_dagrun for example_short_circuit_decorator to 2026-01-31T02:14:19.961857+00:00, run_after=2026-02-01T02:14:19.961857+00:00
[2026-02-01T02:14:19.994+0000] {processor.py:179} INFO - Processing /home/airflow/.local/lib/python3.8/site-packages/airflow/example_dags/example_short_circuit_decorator.py took 0.151 seconds
[2026-02-01T02:14:51.017+0000] {processor.py:157} INFO - Started process (PID=510) to work on /home/airflow/.local/lib/python3.8/site-packages/airflow/example_dags/example_short_circuit_decorator.py
[2026-02-01T02:14:51.021+0000] {processor.py:829} INFO - Processing file /home/airflow/.local/lib/python3.8/site-packages/airflow/example_dags/example_short_circuit_decorator.py for tasks to queue
[2026-02-01T02:14:51.024+0000] {logging_mixin.py:151} INFO - [2026-02-01T02:14:51.024+0000] {dagbag.py:536} INFO - Filling up the DagBag from /home/airflow/.local/lib/python3.8/site-packages/airflow/example_dags/example_short_circuit_decorator.py
[2026-02-01T02:14:51.042+0000] {processor.py:839} INFO - DAG(s) dict_keys(['example_short_circuit_decorator']) retrieved from /home/airflow/.local/lib/python3.8/site-packages/airflow/example_dags/example_short_circuit_decorator.py
[2026-02-01T02:14:51.085+0000] {logging_mixin.py:151} INFO - [2026-02-01T02:14:51.084+0000] {dag.py:2941} INFO - Sync 1 DAGs
[2026-02-01T02:14:51.122+0000] {logging_mixin.py:151} INFO - [2026-02-01T02:14:51.122+0000] {dag.py:3722} INFO - Setting next_dagrun for example_short_circuit_decorator to 2026-01-31T02:14:51.122320+00:00, run_after=2026-02-01T02:14:51.122320+00:00
[2026-02-01T02:14:51.160+0000] {processor.py:179} INFO - Processing /home/airflow/.local/lib/python3.8/site-packages/airflow/example_dags/example_short_circuit_decorator.py took 0.151 seconds
[2026-02-01T02:15:21.534+0000] {processor.py:157} INFO - Started process (PID=565) to work on /home/airflow/.local/lib/python3.8/site-packages/airflow/example_dags/example_short_circuit_decorator.py
[2026-02-01T02:15:21.536+0000] {processor.py:829} INFO - Processing file /home/airflow/.local/lib/python3.8/site-packages/airflow/example_dags/example_short_circuit_decorator.py for tasks to queue
[2026-02-01T02:15:21.540+0000] {logging_mixin.py:151} INFO - [2026-02-01T02:15:21.539+0000] {dagbag.py:536} INFO - Filling up the DagBag from /home/airflow/.local/lib/python3.8/site-packages/airflow/example_dags/example_short_circuit_decorator.py
[2026-02-01T02:15:21.557+0000] {processor.py:839} INFO - DAG(s) dict_keys(['example_short_circuit_decorator']) retrieved from /home/airflow/.local/lib/python3.8/site-packages/airflow/example_dags/example_short_circuit_decorator.py
[2026-02-01T02:15:21.596+0000] {logging_mixin.py:151} INFO - [2026-02-01T02:15:21.596+0000] {dag.py:2941} INFO - Sync 1 DAGs
[2026-02-01T02:15:21.633+0000] {logging_mixin.py:151} INFO - [2026-02-01T02:15:21.632+0000] {dag.py:3722} INFO - Setting next_dagrun for example_short_circuit_decorator to 2026-01-31T02:15:21.632323+00:00, run_after=2026-02-01T02:15:21.632323+00:00
[2026-02-01T02:15:21.667+0000] {processor.py:179} INFO - Processing /home/airflow/.local/lib/python3.8/site-packages/airflow/example_dags/example_short_circuit_decorator.py took 0.139 seconds
[2026-02-01T02:15:51.807+0000] {processor.py:157} INFO - Started process (PID=620) to work on /home/airflow/.local/lib/python3.8/site-packages/airflow/example_dags/example_short_circuit_decorator.py
[2026-02-01T02:15:51.809+0000] {processor.py:829} INFO - Processing file /home/airflow/.local/lib/python3.8/site-packages/airflow/example_dags/example_short_circuit_decorator.py for tasks to queue
[2026-02-01T02:15:51.813+0000] {logging_mixin.py:151} INFO - [2026-02-01T02:15:51.813+0000] {dagbag.py:536} INFO - Filling up the DagBag from /home/airflow/.local/lib/python3.8/site-packages/airflow/example_dags/example_short_circuit_decorator.py
[2026-02-01T02:15:51.831+0000] {processor.py:839} INFO - DAG(s) dict_keys(['example_short_circuit_decorator']) retrieved from /home/airflow/.local/lib/python3.8/site-packages/airflow/example_dags/example_short_circuit_decorator.py
[2026-02-01T02:15:51.872+0000] {logging_mixin.py:151} INFO - [2026-02-01T02:15:51.872+0000] {dag.py:2941} INFO - Sync 1 DAGs
[2026-02-01T02:15:51.916+0000] {logging_mixin.py:151} INFO - [2026-02-01T02:15:51.915+0000] {dag.py:3722} INFO - Setting next_dagrun for example_short_circuit_decorator to 2026-01-31T02:15:51.915571+00:00, run_after=2026-02-01T02:15:51.915571+00:00
[2026-02-01T02:15:51.947+0000] {processor.py:179} INFO - Processing /home/airflow/.local/lib/python3.8/site-packages/airflow/example_dags/example_short_circuit_decorator.py took 0.146 seconds
[2026-02-01T02:16:22.673+0000] {processor.py:157} INFO - Started process (PID=675) to work on /home/airflow/.local/lib/python3.8/site-packages/airflow/example_dags/example_short_circuit_decorator.py
[2026-02-01T02:16:22.676+0000] {processor.py:829} INFO - Processing file /home/airflow/.local/lib/python3.8/site-packages/airflow/example_dags/example_short_circuit_decorator.py for tasks to queue
[2026-02-01T02:16:22.681+0000] {logging_mixin.py:151} INFO - [2026-02-01T02:16:22.680+0000] {dagbag.py:536} INFO - Filling up the DagBag from /home/airflow/.local/lib/python3.8/site-packages/airflow/example_dags/example_short_circuit_decorator.py
[2026-02-01T02:16:22.720+0000] {processor.py:839} INFO - DAG(s) dict_keys(['example_short_circuit_decorator']) retrieved from /home/airflow/.local/lib/python3.8/site-packages/airflow/example_dags/example_short_circuit_decorator.py
[2026-02-01T02:16:22.780+0000] {logging_mixin.py:151} INFO - [2026-02-01T02:16:22.779+0000] {dag.py:2941} INFO - Sync 1 DAGs
[2026-02-01T02:16:22.837+0000] {logging_mixin.py:151} INFO - [2026-02-01T02:16:22.837+0000] {dag.py:3722} INFO - Setting next_dagrun for example_short_circuit_decorator to 2026-01-31T02:16:22.836188+00:00, run_after=2026-02-01T02:16:22.836188+00:00
[2026-02-01T02:16:22.898+0000] {processor.py:179} INFO - Processing /home/airflow/.local/lib/python3.8/site-packages/airflow/example_dags/example_short_circuit_decorator.py took 0.236 seconds
