[2026-02-01T01:37:20.739+0000] {processor.py:157} INFO - Started process (PID=113) to work on /home/airflow/.local/lib/python3.8/site-packages/airflow/example_dags/example_short_circuit_operator.py
[2026-02-01T01:37:20.741+0000] {processor.py:829} INFO - Processing file /home/airflow/.local/lib/python3.8/site-packages/airflow/example_dags/example_short_circuit_operator.py for tasks to queue
[2026-02-01T01:37:20.754+0000] {logging_mixin.py:151} INFO - [2026-02-01T01:37:20.753+0000] {dagbag.py:536} INFO - Filling up the DagBag from /home/airflow/.local/lib/python3.8/site-packages/airflow/example_dags/example_short_circuit_operator.py
[2026-02-01T01:37:20.778+0000] {processor.py:839} INFO - DAG(s) dict_keys(['example_short_circuit_operator']) retrieved from /home/airflow/.local/lib/python3.8/site-packages/airflow/example_dags/example_short_circuit_operator.py
[2026-02-01T01:37:21.133+0000] {logging_mixin.py:151} INFO - [2026-02-01T01:37:21.133+0000] {manager.py:499} INFO - Created Permission View: %s
[2026-02-01T01:37:21.152+0000] {logging_mixin.py:151} INFO - [2026-02-01T01:37:21.152+0000] {manager.py:499} INFO - Created Permission View: %s
[2026-02-01T01:37:21.166+0000] {logging_mixin.py:151} INFO - [2026-02-01T01:37:21.165+0000] {manager.py:499} INFO - Created Permission View: %s
[2026-02-01T01:37:21.166+0000] {logging_mixin.py:151} INFO - [2026-02-01T01:37:21.166+0000] {dag.py:2941} INFO - Sync 1 DAGs
[2026-02-01T01:37:21.184+0000] {logging_mixin.py:151} INFO - [2026-02-01T01:37:21.183+0000] {dag.py:2963} INFO - Creating ORM DAG for example_short_circuit_operator
[2026-02-01T01:37:21.201+0000] {logging_mixin.py:151} INFO - [2026-02-01T01:37:21.200+0000] {dag.py:3722} INFO - Setting next_dagrun for example_short_circuit_operator to 2026-01-31T01:37:21.200541+00:00, run_after=2026-02-01T01:37:21.200541+00:00
[2026-02-01T01:37:21.228+0000] {processor.py:179} INFO - Processing /home/airflow/.local/lib/python3.8/site-packages/airflow/example_dags/example_short_circuit_operator.py took 0.521 seconds
[2026-02-01T01:40:40.909+0000] {processor.py:157} INFO - Started process (PID=106) to work on /home/airflow/.local/lib/python3.8/site-packages/airflow/example_dags/example_short_circuit_operator.py
[2026-02-01T01:40:40.926+0000] {processor.py:829} INFO - Processing file /home/airflow/.local/lib/python3.8/site-packages/airflow/example_dags/example_short_circuit_operator.py for tasks to queue
[2026-02-01T01:40:40.932+0000] {logging_mixin.py:151} INFO - [2026-02-01T01:40:40.931+0000] {dagbag.py:536} INFO - Filling up the DagBag from /home/airflow/.local/lib/python3.8/site-packages/airflow/example_dags/example_short_circuit_operator.py
[2026-02-01T01:40:40.978+0000] {processor.py:839} INFO - DAG(s) dict_keys(['example_short_circuit_operator']) retrieved from /home/airflow/.local/lib/python3.8/site-packages/airflow/example_dags/example_short_circuit_operator.py
[2026-02-01T01:40:41.057+0000] {logging_mixin.py:151} INFO - [2026-02-01T01:40:41.056+0000] {dag.py:2941} INFO - Sync 1 DAGs
[2026-02-01T01:40:41.166+0000] {logging_mixin.py:151} INFO - [2026-02-01T01:40:41.165+0000] {dag.py:3722} INFO - Setting next_dagrun for example_short_circuit_operator to 2026-01-31T01:40:41.158034+00:00, run_after=2026-02-01T01:40:41.158034+00:00
[2026-02-01T01:40:41.255+0000] {processor.py:179} INFO - Processing /home/airflow/.local/lib/python3.8/site-packages/airflow/example_dags/example_short_circuit_operator.py took 0.358 seconds
[2026-02-01T01:41:11.524+0000] {processor.py:157} INFO - Started process (PID=162) to work on /home/airflow/.local/lib/python3.8/site-packages/airflow/example_dags/example_short_circuit_operator.py
[2026-02-01T01:41:11.526+0000] {processor.py:829} INFO - Processing file /home/airflow/.local/lib/python3.8/site-packages/airflow/example_dags/example_short_circuit_operator.py for tasks to queue
[2026-02-01T01:41:11.530+0000] {logging_mixin.py:151} INFO - [2026-02-01T01:41:11.529+0000] {dagbag.py:536} INFO - Filling up the DagBag from /home/airflow/.local/lib/python3.8/site-packages/airflow/example_dags/example_short_circuit_operator.py
[2026-02-01T01:41:11.549+0000] {processor.py:839} INFO - DAG(s) dict_keys(['example_short_circuit_operator']) retrieved from /home/airflow/.local/lib/python3.8/site-packages/airflow/example_dags/example_short_circuit_operator.py
[2026-02-01T01:41:11.614+0000] {logging_mixin.py:151} INFO - [2026-02-01T01:41:11.613+0000] {dag.py:2941} INFO - Sync 1 DAGs
[2026-02-01T01:41:11.710+0000] {logging_mixin.py:151} INFO - [2026-02-01T01:41:11.710+0000] {dag.py:3722} INFO - Setting next_dagrun for example_short_circuit_operator to 2026-01-31T01:41:11.709794+00:00, run_after=2026-02-01T01:41:11.709794+00:00
[2026-02-01T01:41:11.841+0000] {processor.py:179} INFO - Processing /home/airflow/.local/lib/python3.8/site-packages/airflow/example_dags/example_short_circuit_operator.py took 0.326 seconds
[2026-02-01T01:41:51.234+0000] {processor.py:157} INFO - Started process (PID=217) to work on /home/airflow/.local/lib/python3.8/site-packages/airflow/example_dags/example_short_circuit_operator.py
[2026-02-01T01:41:51.236+0000] {processor.py:829} INFO - Processing file /home/airflow/.local/lib/python3.8/site-packages/airflow/example_dags/example_short_circuit_operator.py for tasks to queue
[2026-02-01T01:41:51.241+0000] {logging_mixin.py:151} INFO - [2026-02-01T01:41:51.241+0000] {dagbag.py:536} INFO - Filling up the DagBag from /home/airflow/.local/lib/python3.8/site-packages/airflow/example_dags/example_short_circuit_operator.py
[2026-02-01T01:41:51.262+0000] {processor.py:839} INFO - DAG(s) dict_keys(['example_short_circuit_operator']) retrieved from /home/airflow/.local/lib/python3.8/site-packages/airflow/example_dags/example_short_circuit_operator.py
[2026-02-01T01:41:51.309+0000] {logging_mixin.py:151} INFO - [2026-02-01T01:41:51.309+0000] {dag.py:2941} INFO - Sync 1 DAGs
[2026-02-01T01:41:51.347+0000] {logging_mixin.py:151} INFO - [2026-02-01T01:41:51.346+0000] {dag.py:3722} INFO - Setting next_dagrun for example_short_circuit_operator to 2026-01-31T01:41:51.346450+00:00, run_after=2026-02-01T01:41:51.346450+00:00
[2026-02-01T01:41:51.410+0000] {processor.py:179} INFO - Processing /home/airflow/.local/lib/python3.8/site-packages/airflow/example_dags/example_short_circuit_operator.py took 0.184 seconds
[2026-02-01T01:42:22.147+0000] {processor.py:157} INFO - Started process (PID=273) to work on /home/airflow/.local/lib/python3.8/site-packages/airflow/example_dags/example_short_circuit_operator.py
[2026-02-01T01:42:22.149+0000] {processor.py:829} INFO - Processing file /home/airflow/.local/lib/python3.8/site-packages/airflow/example_dags/example_short_circuit_operator.py for tasks to queue
[2026-02-01T01:42:22.156+0000] {logging_mixin.py:151} INFO - [2026-02-01T01:42:22.156+0000] {dagbag.py:536} INFO - Filling up the DagBag from /home/airflow/.local/lib/python3.8/site-packages/airflow/example_dags/example_short_circuit_operator.py
[2026-02-01T01:42:22.177+0000] {processor.py:839} INFO - DAG(s) dict_keys(['example_short_circuit_operator']) retrieved from /home/airflow/.local/lib/python3.8/site-packages/airflow/example_dags/example_short_circuit_operator.py
[2026-02-01T01:42:22.230+0000] {logging_mixin.py:151} INFO - [2026-02-01T01:42:22.230+0000] {dag.py:2941} INFO - Sync 1 DAGs
[2026-02-01T01:42:22.305+0000] {logging_mixin.py:151} INFO - [2026-02-01T01:42:22.305+0000] {dag.py:3722} INFO - Setting next_dagrun for example_short_circuit_operator to 2026-01-31T01:42:22.304498+00:00, run_after=2026-02-01T01:42:22.304498+00:00
[2026-02-01T01:42:22.355+0000] {processor.py:179} INFO - Processing /home/airflow/.local/lib/python3.8/site-packages/airflow/example_dags/example_short_circuit_operator.py took 0.214 seconds
[2026-02-01T01:42:53.930+0000] {processor.py:157} INFO - Started process (PID=328) to work on /home/airflow/.local/lib/python3.8/site-packages/airflow/example_dags/example_short_circuit_operator.py
[2026-02-01T01:42:53.961+0000] {processor.py:829} INFO - Processing file /home/airflow/.local/lib/python3.8/site-packages/airflow/example_dags/example_short_circuit_operator.py for tasks to queue
[2026-02-01T01:42:53.974+0000] {logging_mixin.py:151} INFO - [2026-02-01T01:42:53.973+0000] {dagbag.py:536} INFO - Filling up the DagBag from /home/airflow/.local/lib/python3.8/site-packages/airflow/example_dags/example_short_circuit_operator.py
[2026-02-01T01:42:54.019+0000] {processor.py:839} INFO - DAG(s) dict_keys(['example_short_circuit_operator']) retrieved from /home/airflow/.local/lib/python3.8/site-packages/airflow/example_dags/example_short_circuit_operator.py
[2026-02-01T01:42:54.117+0000] {logging_mixin.py:151} INFO - [2026-02-01T01:42:54.117+0000] {dag.py:2941} INFO - Sync 1 DAGs
[2026-02-01T01:42:54.284+0000] {logging_mixin.py:151} INFO - [2026-02-01T01:42:54.283+0000] {dag.py:3722} INFO - Setting next_dagrun for example_short_circuit_operator to 2026-01-31T01:42:54.283148+00:00, run_after=2026-02-01T01:42:54.283148+00:00
[2026-02-01T01:42:54.370+0000] {processor.py:179} INFO - Processing /home/airflow/.local/lib/python3.8/site-packages/airflow/example_dags/example_short_circuit_operator.py took 0.458 seconds
[2026-02-01T01:43:24.569+0000] {processor.py:157} INFO - Started process (PID=382) to work on /home/airflow/.local/lib/python3.8/site-packages/airflow/example_dags/example_short_circuit_operator.py
[2026-02-01T01:43:24.581+0000] {processor.py:829} INFO - Processing file /home/airflow/.local/lib/python3.8/site-packages/airflow/example_dags/example_short_circuit_operator.py for tasks to queue
[2026-02-01T01:43:24.585+0000] {logging_mixin.py:151} INFO - [2026-02-01T01:43:24.584+0000] {dagbag.py:536} INFO - Filling up the DagBag from /home/airflow/.local/lib/python3.8/site-packages/airflow/example_dags/example_short_circuit_operator.py
[2026-02-01T01:43:24.598+0000] {processor.py:839} INFO - DAG(s) dict_keys(['example_short_circuit_operator']) retrieved from /home/airflow/.local/lib/python3.8/site-packages/airflow/example_dags/example_short_circuit_operator.py
[2026-02-01T01:43:24.654+0000] {logging_mixin.py:151} INFO - [2026-02-01T01:43:24.653+0000] {dag.py:2941} INFO - Sync 1 DAGs
[2026-02-01T01:43:24.713+0000] {logging_mixin.py:151} INFO - [2026-02-01T01:43:24.713+0000] {dag.py:3722} INFO - Setting next_dagrun for example_short_circuit_operator to 2026-01-31T01:43:24.712666+00:00, run_after=2026-02-01T01:43:24.712666+00:00
[2026-02-01T01:43:24.793+0000] {processor.py:179} INFO - Processing /home/airflow/.local/lib/python3.8/site-packages/airflow/example_dags/example_short_circuit_operator.py took 0.234 seconds
[2026-02-01T01:43:55.134+0000] {processor.py:157} INFO - Started process (PID=437) to work on /home/airflow/.local/lib/python3.8/site-packages/airflow/example_dags/example_short_circuit_operator.py
[2026-02-01T01:43:55.135+0000] {processor.py:829} INFO - Processing file /home/airflow/.local/lib/python3.8/site-packages/airflow/example_dags/example_short_circuit_operator.py for tasks to queue
[2026-02-01T01:43:55.142+0000] {logging_mixin.py:151} INFO - [2026-02-01T01:43:55.142+0000] {dagbag.py:536} INFO - Filling up the DagBag from /home/airflow/.local/lib/python3.8/site-packages/airflow/example_dags/example_short_circuit_operator.py
[2026-02-01T01:43:55.164+0000] {processor.py:839} INFO - DAG(s) dict_keys(['example_short_circuit_operator']) retrieved from /home/airflow/.local/lib/python3.8/site-packages/airflow/example_dags/example_short_circuit_operator.py
[2026-02-01T01:43:55.249+0000] {logging_mixin.py:151} INFO - [2026-02-01T01:43:55.249+0000] {dag.py:2941} INFO - Sync 1 DAGs
[2026-02-01T01:43:55.360+0000] {logging_mixin.py:151} INFO - [2026-02-01T01:43:55.360+0000] {dag.py:3722} INFO - Setting next_dagrun for example_short_circuit_operator to 2026-01-31T01:43:55.359659+00:00, run_after=2026-02-01T01:43:55.359659+00:00
[2026-02-01T01:43:55.427+0000] {processor.py:179} INFO - Processing /home/airflow/.local/lib/python3.8/site-packages/airflow/example_dags/example_short_circuit_operator.py took 0.302 seconds
[2026-02-01T01:44:25.889+0000] {processor.py:157} INFO - Started process (PID=492) to work on /home/airflow/.local/lib/python3.8/site-packages/airflow/example_dags/example_short_circuit_operator.py
[2026-02-01T01:44:25.892+0000] {processor.py:829} INFO - Processing file /home/airflow/.local/lib/python3.8/site-packages/airflow/example_dags/example_short_circuit_operator.py for tasks to queue
[2026-02-01T01:44:25.898+0000] {logging_mixin.py:151} INFO - [2026-02-01T01:44:25.897+0000] {dagbag.py:536} INFO - Filling up the DagBag from /home/airflow/.local/lib/python3.8/site-packages/airflow/example_dags/example_short_circuit_operator.py
[2026-02-01T01:44:25.923+0000] {processor.py:839} INFO - DAG(s) dict_keys(['example_short_circuit_operator']) retrieved from /home/airflow/.local/lib/python3.8/site-packages/airflow/example_dags/example_short_circuit_operator.py
[2026-02-01T01:44:26.021+0000] {logging_mixin.py:151} INFO - [2026-02-01T01:44:26.020+0000] {dag.py:2941} INFO - Sync 1 DAGs
[2026-02-01T01:44:26.101+0000] {logging_mixin.py:151} INFO - [2026-02-01T01:44:26.101+0000] {dag.py:3722} INFO - Setting next_dagrun for example_short_circuit_operator to 2026-01-31T01:44:26.100905+00:00, run_after=2026-02-01T01:44:26.100905+00:00
[2026-02-01T01:44:26.203+0000] {processor.py:179} INFO - Processing /home/airflow/.local/lib/python3.8/site-packages/airflow/example_dags/example_short_circuit_operator.py took 0.321 seconds
[2026-02-01T02:11:13.446+0000] {processor.py:157} INFO - Started process (PID=125) to work on /home/airflow/.local/lib/python3.8/site-packages/airflow/example_dags/example_short_circuit_operator.py
[2026-02-01T02:11:13.451+0000] {processor.py:829} INFO - Processing file /home/airflow/.local/lib/python3.8/site-packages/airflow/example_dags/example_short_circuit_operator.py for tasks to queue
[2026-02-01T02:11:13.456+0000] {logging_mixin.py:151} INFO - [2026-02-01T02:11:13.456+0000] {dagbag.py:536} INFO - Filling up the DagBag from /home/airflow/.local/lib/python3.8/site-packages/airflow/example_dags/example_short_circuit_operator.py
[2026-02-01T02:11:13.480+0000] {processor.py:839} INFO - DAG(s) dict_keys(['example_short_circuit_operator']) retrieved from /home/airflow/.local/lib/python3.8/site-packages/airflow/example_dags/example_short_circuit_operator.py
[2026-02-01T02:11:13.558+0000] {logging_mixin.py:151} INFO - [2026-02-01T02:11:13.557+0000] {dag.py:2941} INFO - Sync 1 DAGs
[2026-02-01T02:11:13.631+0000] {logging_mixin.py:151} INFO - [2026-02-01T02:11:13.631+0000] {dag.py:3722} INFO - Setting next_dagrun for example_short_circuit_operator to 2026-01-31T02:11:13.630284+00:00, run_after=2026-02-01T02:11:13.630284+00:00
[2026-02-01T02:11:13.681+0000] {processor.py:179} INFO - Processing /home/airflow/.local/lib/python3.8/site-packages/airflow/example_dags/example_short_circuit_operator.py took 0.248 seconds
[2026-02-01T02:11:44.971+0000] {processor.py:157} INFO - Started process (PID=180) to work on /home/airflow/.local/lib/python3.8/site-packages/airflow/example_dags/example_short_circuit_operator.py
[2026-02-01T02:11:44.976+0000] {processor.py:829} INFO - Processing file /home/airflow/.local/lib/python3.8/site-packages/airflow/example_dags/example_short_circuit_operator.py for tasks to queue
[2026-02-01T02:11:44.981+0000] {logging_mixin.py:151} INFO - [2026-02-01T02:11:44.980+0000] {dagbag.py:536} INFO - Filling up the DagBag from /home/airflow/.local/lib/python3.8/site-packages/airflow/example_dags/example_short_circuit_operator.py
[2026-02-01T02:11:45.009+0000] {processor.py:839} INFO - DAG(s) dict_keys(['example_short_circuit_operator']) retrieved from /home/airflow/.local/lib/python3.8/site-packages/airflow/example_dags/example_short_circuit_operator.py
[2026-02-01T02:11:45.109+0000] {logging_mixin.py:151} INFO - [2026-02-01T02:11:45.109+0000] {dag.py:2941} INFO - Sync 1 DAGs
[2026-02-01T02:11:45.183+0000] {logging_mixin.py:151} INFO - [2026-02-01T02:11:45.183+0000] {dag.py:3722} INFO - Setting next_dagrun for example_short_circuit_operator to 2026-01-31T02:11:45.183108+00:00, run_after=2026-02-01T02:11:45.183108+00:00
[2026-02-01T02:11:45.236+0000] {processor.py:179} INFO - Processing /home/airflow/.local/lib/python3.8/site-packages/airflow/example_dags/example_short_circuit_operator.py took 0.285 seconds
[2026-02-01T02:12:15.590+0000] {processor.py:157} INFO - Started process (PID=235) to work on /home/airflow/.local/lib/python3.8/site-packages/airflow/example_dags/example_short_circuit_operator.py
[2026-02-01T02:12:15.592+0000] {processor.py:829} INFO - Processing file /home/airflow/.local/lib/python3.8/site-packages/airflow/example_dags/example_short_circuit_operator.py for tasks to queue
[2026-02-01T02:12:15.597+0000] {logging_mixin.py:151} INFO - [2026-02-01T02:12:15.596+0000] {dagbag.py:536} INFO - Filling up the DagBag from /home/airflow/.local/lib/python3.8/site-packages/airflow/example_dags/example_short_circuit_operator.py
[2026-02-01T02:12:15.609+0000] {processor.py:839} INFO - DAG(s) dict_keys(['example_short_circuit_operator']) retrieved from /home/airflow/.local/lib/python3.8/site-packages/airflow/example_dags/example_short_circuit_operator.py
[2026-02-01T02:12:15.671+0000] {logging_mixin.py:151} INFO - [2026-02-01T02:12:15.670+0000] {dag.py:2941} INFO - Sync 1 DAGs
[2026-02-01T02:12:15.722+0000] {logging_mixin.py:151} INFO - [2026-02-01T02:12:15.722+0000] {dag.py:3722} INFO - Setting next_dagrun for example_short_circuit_operator to 2026-01-31T02:12:15.721800+00:00, run_after=2026-02-01T02:12:15.721800+00:00
[2026-02-01T02:12:15.763+0000] {processor.py:179} INFO - Processing /home/airflow/.local/lib/python3.8/site-packages/airflow/example_dags/example_short_circuit_operator.py took 0.183 seconds
[2026-02-01T02:12:46.456+0000] {processor.py:157} INFO - Started process (PID=290) to work on /home/airflow/.local/lib/python3.8/site-packages/airflow/example_dags/example_short_circuit_operator.py
[2026-02-01T02:12:46.459+0000] {processor.py:829} INFO - Processing file /home/airflow/.local/lib/python3.8/site-packages/airflow/example_dags/example_short_circuit_operator.py for tasks to queue
[2026-02-01T02:12:46.466+0000] {logging_mixin.py:151} INFO - [2026-02-01T02:12:46.464+0000] {dagbag.py:536} INFO - Filling up the DagBag from /home/airflow/.local/lib/python3.8/site-packages/airflow/example_dags/example_short_circuit_operator.py
[2026-02-01T02:12:46.488+0000] {processor.py:839} INFO - DAG(s) dict_keys(['example_short_circuit_operator']) retrieved from /home/airflow/.local/lib/python3.8/site-packages/airflow/example_dags/example_short_circuit_operator.py
[2026-02-01T02:12:46.561+0000] {logging_mixin.py:151} INFO - [2026-02-01T02:12:46.560+0000] {dag.py:2941} INFO - Sync 1 DAGs
[2026-02-01T02:12:46.614+0000] {logging_mixin.py:151} INFO - [2026-02-01T02:12:46.613+0000] {dag.py:3722} INFO - Setting next_dagrun for example_short_circuit_operator to 2026-01-31T02:12:46.611318+00:00, run_after=2026-02-01T02:12:46.611318+00:00
[2026-02-01T02:12:46.657+0000] {processor.py:179} INFO - Processing /home/airflow/.local/lib/python3.8/site-packages/airflow/example_dags/example_short_circuit_operator.py took 0.211 seconds
[2026-02-01T02:13:17.398+0000] {processor.py:157} INFO - Started process (PID=345) to work on /home/airflow/.local/lib/python3.8/site-packages/airflow/example_dags/example_short_circuit_operator.py
[2026-02-01T02:13:17.405+0000] {processor.py:829} INFO - Processing file /home/airflow/.local/lib/python3.8/site-packages/airflow/example_dags/example_short_circuit_operator.py for tasks to queue
[2026-02-01T02:13:17.411+0000] {logging_mixin.py:151} INFO - [2026-02-01T02:13:17.410+0000] {dagbag.py:536} INFO - Filling up the DagBag from /home/airflow/.local/lib/python3.8/site-packages/airflow/example_dags/example_short_circuit_operator.py
[2026-02-01T02:13:17.438+0000] {processor.py:839} INFO - DAG(s) dict_keys(['example_short_circuit_operator']) retrieved from /home/airflow/.local/lib/python3.8/site-packages/airflow/example_dags/example_short_circuit_operator.py
[2026-02-01T02:13:17.496+0000] {logging_mixin.py:151} INFO - [2026-02-01T02:13:17.495+0000] {dag.py:2941} INFO - Sync 1 DAGs
[2026-02-01T02:13:17.560+0000] {logging_mixin.py:151} INFO - [2026-02-01T02:13:17.560+0000] {dag.py:3722} INFO - Setting next_dagrun for example_short_circuit_operator to 2026-01-31T02:13:17.559717+00:00, run_after=2026-02-01T02:13:17.559717+00:00
[2026-02-01T02:13:17.616+0000] {processor.py:179} INFO - Processing /home/airflow/.local/lib/python3.8/site-packages/airflow/example_dags/example_short_circuit_operator.py took 0.232 seconds
[2026-02-01T02:13:48.448+0000] {processor.py:157} INFO - Started process (PID=400) to work on /home/airflow/.local/lib/python3.8/site-packages/airflow/example_dags/example_short_circuit_operator.py
[2026-02-01T02:13:48.459+0000] {processor.py:829} INFO - Processing file /home/airflow/.local/lib/python3.8/site-packages/airflow/example_dags/example_short_circuit_operator.py for tasks to queue
[2026-02-01T02:13:48.470+0000] {logging_mixin.py:151} INFO - [2026-02-01T02:13:48.470+0000] {dagbag.py:536} INFO - Filling up the DagBag from /home/airflow/.local/lib/python3.8/site-packages/airflow/example_dags/example_short_circuit_operator.py
[2026-02-01T02:13:48.521+0000] {processor.py:839} INFO - DAG(s) dict_keys(['example_short_circuit_operator']) retrieved from /home/airflow/.local/lib/python3.8/site-packages/airflow/example_dags/example_short_circuit_operator.py
[2026-02-01T02:13:48.736+0000] {logging_mixin.py:151} INFO - [2026-02-01T02:13:48.736+0000] {dag.py:2941} INFO - Sync 1 DAGs
[2026-02-01T02:13:49.083+0000] {logging_mixin.py:151} INFO - [2026-02-01T02:13:49.083+0000] {dag.py:3722} INFO - Setting next_dagrun for example_short_circuit_operator to 2026-01-31T02:13:49.071378+00:00, run_after=2026-02-01T02:13:49.071378+00:00
[2026-02-01T02:13:49.274+0000] {processor.py:179} INFO - Processing /home/airflow/.local/lib/python3.8/site-packages/airflow/example_dags/example_short_circuit_operator.py took 0.842 seconds
[2026-02-01T02:14:19.592+0000] {processor.py:157} INFO - Started process (PID=455) to work on /home/airflow/.local/lib/python3.8/site-packages/airflow/example_dags/example_short_circuit_operator.py
[2026-02-01T02:14:19.594+0000] {processor.py:829} INFO - Processing file /home/airflow/.local/lib/python3.8/site-packages/airflow/example_dags/example_short_circuit_operator.py for tasks to queue
[2026-02-01T02:14:19.608+0000] {logging_mixin.py:151} INFO - [2026-02-01T02:14:19.607+0000] {dagbag.py:536} INFO - Filling up the DagBag from /home/airflow/.local/lib/python3.8/site-packages/airflow/example_dags/example_short_circuit_operator.py
[2026-02-01T02:14:19.630+0000] {processor.py:839} INFO - DAG(s) dict_keys(['example_short_circuit_operator']) retrieved from /home/airflow/.local/lib/python3.8/site-packages/airflow/example_dags/example_short_circuit_operator.py
[2026-02-01T02:14:19.690+0000] {logging_mixin.py:151} INFO - [2026-02-01T02:14:19.690+0000] {dag.py:2941} INFO - Sync 1 DAGs
[2026-02-01T02:14:19.770+0000] {logging_mixin.py:151} INFO - [2026-02-01T02:14:19.769+0000] {dag.py:3722} INFO - Setting next_dagrun for example_short_circuit_operator to 2026-01-31T02:14:19.768266+00:00, run_after=2026-02-01T02:14:19.768266+00:00
[2026-02-01T02:14:19.812+0000] {processor.py:179} INFO - Processing /home/airflow/.local/lib/python3.8/site-packages/airflow/example_dags/example_short_circuit_operator.py took 0.236 seconds
[2026-02-01T02:14:50.780+0000] {processor.py:157} INFO - Started process (PID=509) to work on /home/airflow/.local/lib/python3.8/site-packages/airflow/example_dags/example_short_circuit_operator.py
[2026-02-01T02:14:50.782+0000] {processor.py:829} INFO - Processing file /home/airflow/.local/lib/python3.8/site-packages/airflow/example_dags/example_short_circuit_operator.py for tasks to queue
[2026-02-01T02:14:50.785+0000] {logging_mixin.py:151} INFO - [2026-02-01T02:14:50.784+0000] {dagbag.py:536} INFO - Filling up the DagBag from /home/airflow/.local/lib/python3.8/site-packages/airflow/example_dags/example_short_circuit_operator.py
[2026-02-01T02:14:50.799+0000] {processor.py:839} INFO - DAG(s) dict_keys(['example_short_circuit_operator']) retrieved from /home/airflow/.local/lib/python3.8/site-packages/airflow/example_dags/example_short_circuit_operator.py
[2026-02-01T02:14:50.845+0000] {logging_mixin.py:151} INFO - [2026-02-01T02:14:50.845+0000] {dag.py:2941} INFO - Sync 1 DAGs
[2026-02-01T02:14:50.909+0000] {logging_mixin.py:151} INFO - [2026-02-01T02:14:50.909+0000] {dag.py:3722} INFO - Setting next_dagrun for example_short_circuit_operator to 2026-01-31T02:14:50.908583+00:00, run_after=2026-02-01T02:14:50.908583+00:00
[2026-02-01T02:14:50.979+0000] {processor.py:179} INFO - Processing /home/airflow/.local/lib/python3.8/site-packages/airflow/example_dags/example_short_circuit_operator.py took 0.207 seconds
[2026-02-01T02:15:21.348+0000] {processor.py:157} INFO - Started process (PID=564) to work on /home/airflow/.local/lib/python3.8/site-packages/airflow/example_dags/example_short_circuit_operator.py
[2026-02-01T02:15:21.350+0000] {processor.py:829} INFO - Processing file /home/airflow/.local/lib/python3.8/site-packages/airflow/example_dags/example_short_circuit_operator.py for tasks to queue
[2026-02-01T02:15:21.355+0000] {logging_mixin.py:151} INFO - [2026-02-01T02:15:21.354+0000] {dagbag.py:536} INFO - Filling up the DagBag from /home/airflow/.local/lib/python3.8/site-packages/airflow/example_dags/example_short_circuit_operator.py
[2026-02-01T02:15:21.366+0000] {processor.py:839} INFO - DAG(s) dict_keys(['example_short_circuit_operator']) retrieved from /home/airflow/.local/lib/python3.8/site-packages/airflow/example_dags/example_short_circuit_operator.py
[2026-02-01T02:15:21.414+0000] {logging_mixin.py:151} INFO - [2026-02-01T02:15:21.413+0000] {dag.py:2941} INFO - Sync 1 DAGs
[2026-02-01T02:15:21.457+0000] {logging_mixin.py:151} INFO - [2026-02-01T02:15:21.457+0000] {dag.py:3722} INFO - Setting next_dagrun for example_short_circuit_operator to 2026-01-31T02:15:21.457002+00:00, run_after=2026-02-01T02:15:21.457002+00:00
[2026-02-01T02:15:21.502+0000] {processor.py:179} INFO - Processing /home/airflow/.local/lib/python3.8/site-packages/airflow/example_dags/example_short_circuit_operator.py took 0.162 seconds
[2026-02-01T02:15:51.615+0000] {processor.py:157} INFO - Started process (PID=619) to work on /home/airflow/.local/lib/python3.8/site-packages/airflow/example_dags/example_short_circuit_operator.py
[2026-02-01T02:15:51.617+0000] {processor.py:829} INFO - Processing file /home/airflow/.local/lib/python3.8/site-packages/airflow/example_dags/example_short_circuit_operator.py for tasks to queue
[2026-02-01T02:15:51.625+0000] {logging_mixin.py:151} INFO - [2026-02-01T02:15:51.620+0000] {dagbag.py:536} INFO - Filling up the DagBag from /home/airflow/.local/lib/python3.8/site-packages/airflow/example_dags/example_short_circuit_operator.py
[2026-02-01T02:15:51.649+0000] {processor.py:839} INFO - DAG(s) dict_keys(['example_short_circuit_operator']) retrieved from /home/airflow/.local/lib/python3.8/site-packages/airflow/example_dags/example_short_circuit_operator.py
[2026-02-01T02:15:51.699+0000] {logging_mixin.py:151} INFO - [2026-02-01T02:15:51.698+0000] {dag.py:2941} INFO - Sync 1 DAGs
[2026-02-01T02:15:51.741+0000] {logging_mixin.py:151} INFO - [2026-02-01T02:15:51.740+0000] {dag.py:3722} INFO - Setting next_dagrun for example_short_circuit_operator to 2026-01-31T02:15:51.740482+00:00, run_after=2026-02-01T02:15:51.740482+00:00
[2026-02-01T02:15:51.776+0000] {processor.py:179} INFO - Processing /home/airflow/.local/lib/python3.8/site-packages/airflow/example_dags/example_short_circuit_operator.py took 0.167 seconds
[2026-02-01T02:16:22.655+0000] {processor.py:157} INFO - Started process (PID=674) to work on /home/airflow/.local/lib/python3.8/site-packages/airflow/example_dags/example_short_circuit_operator.py
[2026-02-01T02:16:22.661+0000] {processor.py:829} INFO - Processing file /home/airflow/.local/lib/python3.8/site-packages/airflow/example_dags/example_short_circuit_operator.py for tasks to queue
[2026-02-01T02:16:22.666+0000] {logging_mixin.py:151} INFO - [2026-02-01T02:16:22.666+0000] {dagbag.py:536} INFO - Filling up the DagBag from /home/airflow/.local/lib/python3.8/site-packages/airflow/example_dags/example_short_circuit_operator.py
[2026-02-01T02:16:22.686+0000] {processor.py:839} INFO - DAG(s) dict_keys(['example_short_circuit_operator']) retrieved from /home/airflow/.local/lib/python3.8/site-packages/airflow/example_dags/example_short_circuit_operator.py
[2026-02-01T02:16:22.768+0000] {logging_mixin.py:151} INFO - [2026-02-01T02:16:22.767+0000] {dag.py:2941} INFO - Sync 1 DAGs
[2026-02-01T02:16:22.825+0000] {logging_mixin.py:151} INFO - [2026-02-01T02:16:22.825+0000] {dag.py:3722} INFO - Setting next_dagrun for example_short_circuit_operator to 2026-01-31T02:16:22.824842+00:00, run_after=2026-02-01T02:16:22.824842+00:00
[2026-02-01T02:16:22.873+0000] {processor.py:179} INFO - Processing /home/airflow/.local/lib/python3.8/site-packages/airflow/example_dags/example_short_circuit_operator.py took 0.231 seconds
