[2026-02-01T01:37:18.554+0000] {processor.py:157} INFO - Started process (PID=106) to work on /home/airflow/.local/lib/python3.8/site-packages/airflow/example_dags/example_branch_labels.py
[2026-02-01T01:37:18.557+0000] {processor.py:829} INFO - Processing file /home/airflow/.local/lib/python3.8/site-packages/airflow/example_dags/example_branch_labels.py for tasks to queue
[2026-02-01T01:37:18.570+0000] {logging_mixin.py:151} INFO - [2026-02-01T01:37:18.570+0000] {dagbag.py:536} INFO - Filling up the DagBag from /home/airflow/.local/lib/python3.8/site-packages/airflow/example_dags/example_branch_labels.py
[2026-02-01T01:37:18.602+0000] {processor.py:839} INFO - DAG(s) dict_keys(['example_branch_labels']) retrieved from /home/airflow/.local/lib/python3.8/site-packages/airflow/example_dags/example_branch_labels.py
[2026-02-01T01:37:18.904+0000] {logging_mixin.py:151} INFO - [2026-02-01T01:37:18.904+0000] {manager.py:499} INFO - Created Permission View: %s
[2026-02-01T01:37:18.930+0000] {logging_mixin.py:151} INFO - [2026-02-01T01:37:18.930+0000] {manager.py:499} INFO - Created Permission View: %s
[2026-02-01T01:37:18.954+0000] {logging_mixin.py:151} INFO - [2026-02-01T01:37:18.953+0000] {manager.py:499} INFO - Created Permission View: %s
[2026-02-01T01:37:18.955+0000] {logging_mixin.py:151} INFO - [2026-02-01T01:37:18.954+0000] {dag.py:2941} INFO - Sync 1 DAGs
[2026-02-01T01:37:18.982+0000] {logging_mixin.py:151} INFO - [2026-02-01T01:37:18.981+0000] {dag.py:2963} INFO - Creating ORM DAG for example_branch_labels
[2026-02-01T01:37:19.001+0000] {logging_mixin.py:151} INFO - [2026-02-01T01:37:19.001+0000] {dag.py:3722} INFO - Setting next_dagrun for example_branch_labels to 2026-01-31T00:00:00+00:00, run_after=2026-02-01T00:00:00+00:00
[2026-02-01T01:37:19.029+0000] {processor.py:179} INFO - Processing /home/airflow/.local/lib/python3.8/site-packages/airflow/example_dags/example_branch_labels.py took 0.493 seconds
[2026-02-01T01:40:38.873+0000] {processor.py:157} INFO - Started process (PID=99) to work on /home/airflow/.local/lib/python3.8/site-packages/airflow/example_dags/example_branch_labels.py
[2026-02-01T01:40:38.876+0000] {processor.py:829} INFO - Processing file /home/airflow/.local/lib/python3.8/site-packages/airflow/example_dags/example_branch_labels.py for tasks to queue
[2026-02-01T01:40:38.883+0000] {logging_mixin.py:151} INFO - [2026-02-01T01:40:38.882+0000] {dagbag.py:536} INFO - Filling up the DagBag from /home/airflow/.local/lib/python3.8/site-packages/airflow/example_dags/example_branch_labels.py
[2026-02-01T01:40:38.923+0000] {processor.py:839} INFO - DAG(s) dict_keys(['example_branch_labels']) retrieved from /home/airflow/.local/lib/python3.8/site-packages/airflow/example_dags/example_branch_labels.py
[2026-02-01T01:40:39.034+0000] {logging_mixin.py:151} INFO - [2026-02-01T01:40:39.033+0000] {dag.py:2941} INFO - Sync 1 DAGs
[2026-02-01T01:40:39.139+0000] {logging_mixin.py:151} INFO - [2026-02-01T01:40:39.138+0000] {dag.py:3722} INFO - Setting next_dagrun for example_branch_labels to 2026-01-31T00:00:00+00:00, run_after=2026-02-01T00:00:00+00:00
[2026-02-01T01:40:39.206+0000] {processor.py:179} INFO - Processing /home/airflow/.local/lib/python3.8/site-packages/airflow/example_dags/example_branch_labels.py took 0.343 seconds
[2026-02-01T01:41:09.325+0000] {processor.py:157} INFO - Started process (PID=155) to work on /home/airflow/.local/lib/python3.8/site-packages/airflow/example_dags/example_branch_labels.py
[2026-02-01T01:41:09.330+0000] {processor.py:829} INFO - Processing file /home/airflow/.local/lib/python3.8/site-packages/airflow/example_dags/example_branch_labels.py for tasks to queue
[2026-02-01T01:41:09.339+0000] {logging_mixin.py:151} INFO - [2026-02-01T01:41:09.338+0000] {dagbag.py:536} INFO - Filling up the DagBag from /home/airflow/.local/lib/python3.8/site-packages/airflow/example_dags/example_branch_labels.py
[2026-02-01T01:41:09.359+0000] {processor.py:839} INFO - DAG(s) dict_keys(['example_branch_labels']) retrieved from /home/airflow/.local/lib/python3.8/site-packages/airflow/example_dags/example_branch_labels.py
[2026-02-01T01:41:09.432+0000] {logging_mixin.py:151} INFO - [2026-02-01T01:41:09.432+0000] {dag.py:2941} INFO - Sync 1 DAGs
[2026-02-01T01:41:09.490+0000] {logging_mixin.py:151} INFO - [2026-02-01T01:41:09.490+0000] {dag.py:3722} INFO - Setting next_dagrun for example_branch_labels to 2026-01-31T00:00:00+00:00, run_after=2026-02-01T00:00:00+00:00
[2026-02-01T01:41:09.551+0000] {processor.py:179} INFO - Processing /home/airflow/.local/lib/python3.8/site-packages/airflow/example_dags/example_branch_labels.py took 0.236 seconds
[2026-02-01T01:41:49.742+0000] {processor.py:157} INFO - Started process (PID=210) to work on /home/airflow/.local/lib/python3.8/site-packages/airflow/example_dags/example_branch_labels.py
[2026-02-01T01:41:49.745+0000] {processor.py:829} INFO - Processing file /home/airflow/.local/lib/python3.8/site-packages/airflow/example_dags/example_branch_labels.py for tasks to queue
[2026-02-01T01:41:49.749+0000] {logging_mixin.py:151} INFO - [2026-02-01T01:41:49.748+0000] {dagbag.py:536} INFO - Filling up the DagBag from /home/airflow/.local/lib/python3.8/site-packages/airflow/example_dags/example_branch_labels.py
[2026-02-01T01:41:49.776+0000] {processor.py:839} INFO - DAG(s) dict_keys(['example_branch_labels']) retrieved from /home/airflow/.local/lib/python3.8/site-packages/airflow/example_dags/example_branch_labels.py
[2026-02-01T01:41:49.912+0000] {logging_mixin.py:151} INFO - [2026-02-01T01:41:49.911+0000] {dag.py:2941} INFO - Sync 1 DAGs
[2026-02-01T01:41:50.104+0000] {logging_mixin.py:151} INFO - [2026-02-01T01:41:50.103+0000] {dag.py:3722} INFO - Setting next_dagrun for example_branch_labels to 2026-01-31T00:00:00+00:00, run_after=2026-02-01T00:00:00+00:00
[2026-02-01T01:41:50.158+0000] {processor.py:179} INFO - Processing /home/airflow/.local/lib/python3.8/site-packages/airflow/example_dags/example_branch_labels.py took 0.426 seconds
[2026-02-01T01:42:20.688+0000] {processor.py:157} INFO - Started process (PID=266) to work on /home/airflow/.local/lib/python3.8/site-packages/airflow/example_dags/example_branch_labels.py
[2026-02-01T01:42:20.690+0000] {processor.py:829} INFO - Processing file /home/airflow/.local/lib/python3.8/site-packages/airflow/example_dags/example_branch_labels.py for tasks to queue
[2026-02-01T01:42:20.699+0000] {logging_mixin.py:151} INFO - [2026-02-01T01:42:20.697+0000] {dagbag.py:536} INFO - Filling up the DagBag from /home/airflow/.local/lib/python3.8/site-packages/airflow/example_dags/example_branch_labels.py
[2026-02-01T01:42:20.721+0000] {processor.py:839} INFO - DAG(s) dict_keys(['example_branch_labels']) retrieved from /home/airflow/.local/lib/python3.8/site-packages/airflow/example_dags/example_branch_labels.py
[2026-02-01T01:42:20.825+0000] {logging_mixin.py:151} INFO - [2026-02-01T01:42:20.824+0000] {dag.py:2941} INFO - Sync 1 DAGs
[2026-02-01T01:42:20.958+0000] {logging_mixin.py:151} INFO - [2026-02-01T01:42:20.958+0000] {dag.py:3722} INFO - Setting next_dagrun for example_branch_labels to 2026-01-31T00:00:00+00:00, run_after=2026-02-01T00:00:00+00:00
[2026-02-01T01:42:21.008+0000] {processor.py:179} INFO - Processing /home/airflow/.local/lib/python3.8/site-packages/airflow/example_dags/example_branch_labels.py took 0.340 seconds
[2026-02-01T01:42:52.030+0000] {processor.py:157} INFO - Started process (PID=321) to work on /home/airflow/.local/lib/python3.8/site-packages/airflow/example_dags/example_branch_labels.py
[2026-02-01T01:42:52.035+0000] {processor.py:829} INFO - Processing file /home/airflow/.local/lib/python3.8/site-packages/airflow/example_dags/example_branch_labels.py for tasks to queue
[2026-02-01T01:42:52.043+0000] {logging_mixin.py:151} INFO - [2026-02-01T01:42:52.042+0000] {dagbag.py:536} INFO - Filling up the DagBag from /home/airflow/.local/lib/python3.8/site-packages/airflow/example_dags/example_branch_labels.py
[2026-02-01T01:42:52.065+0000] {processor.py:839} INFO - DAG(s) dict_keys(['example_branch_labels']) retrieved from /home/airflow/.local/lib/python3.8/site-packages/airflow/example_dags/example_branch_labels.py
[2026-02-01T01:42:52.125+0000] {logging_mixin.py:151} INFO - [2026-02-01T01:42:52.125+0000] {dag.py:2941} INFO - Sync 1 DAGs
[2026-02-01T01:42:52.187+0000] {logging_mixin.py:151} INFO - [2026-02-01T01:42:52.187+0000] {dag.py:3722} INFO - Setting next_dagrun for example_branch_labels to 2026-01-31T00:00:00+00:00, run_after=2026-02-01T00:00:00+00:00
[2026-02-01T01:42:52.237+0000] {processor.py:179} INFO - Processing /home/airflow/.local/lib/python3.8/site-packages/airflow/example_dags/example_branch_labels.py took 0.247 seconds
[2026-02-01T01:43:22.502+0000] {processor.py:157} INFO - Started process (PID=375) to work on /home/airflow/.local/lib/python3.8/site-packages/airflow/example_dags/example_branch_labels.py
[2026-02-01T01:43:22.504+0000] {processor.py:829} INFO - Processing file /home/airflow/.local/lib/python3.8/site-packages/airflow/example_dags/example_branch_labels.py for tasks to queue
[2026-02-01T01:43:22.509+0000] {logging_mixin.py:151} INFO - [2026-02-01T01:43:22.508+0000] {dagbag.py:536} INFO - Filling up the DagBag from /home/airflow/.local/lib/python3.8/site-packages/airflow/example_dags/example_branch_labels.py
[2026-02-01T01:43:22.525+0000] {processor.py:839} INFO - DAG(s) dict_keys(['example_branch_labels']) retrieved from /home/airflow/.local/lib/python3.8/site-packages/airflow/example_dags/example_branch_labels.py
[2026-02-01T01:43:22.580+0000] {logging_mixin.py:151} INFO - [2026-02-01T01:43:22.579+0000] {dag.py:2941} INFO - Sync 1 DAGs
[2026-02-01T01:43:22.642+0000] {logging_mixin.py:151} INFO - [2026-02-01T01:43:22.642+0000] {dag.py:3722} INFO - Setting next_dagrun for example_branch_labels to 2026-01-31T00:00:00+00:00, run_after=2026-02-01T00:00:00+00:00
[2026-02-01T01:43:22.676+0000] {processor.py:179} INFO - Processing /home/airflow/.local/lib/python3.8/site-packages/airflow/example_dags/example_branch_labels.py took 0.182 seconds
[2026-02-01T01:43:53.707+0000] {processor.py:157} INFO - Started process (PID=430) to work on /home/airflow/.local/lib/python3.8/site-packages/airflow/example_dags/example_branch_labels.py
[2026-02-01T01:43:53.709+0000] {processor.py:829} INFO - Processing file /home/airflow/.local/lib/python3.8/site-packages/airflow/example_dags/example_branch_labels.py for tasks to queue
[2026-02-01T01:43:53.716+0000] {logging_mixin.py:151} INFO - [2026-02-01T01:43:53.715+0000] {dagbag.py:536} INFO - Filling up the DagBag from /home/airflow/.local/lib/python3.8/site-packages/airflow/example_dags/example_branch_labels.py
[2026-02-01T01:43:53.740+0000] {processor.py:839} INFO - DAG(s) dict_keys(['example_branch_labels']) retrieved from /home/airflow/.local/lib/python3.8/site-packages/airflow/example_dags/example_branch_labels.py
[2026-02-01T01:43:53.813+0000] {logging_mixin.py:151} INFO - [2026-02-01T01:43:53.808+0000] {dag.py:2941} INFO - Sync 1 DAGs
[2026-02-01T01:43:53.892+0000] {logging_mixin.py:151} INFO - [2026-02-01T01:43:53.892+0000] {dag.py:3722} INFO - Setting next_dagrun for example_branch_labels to 2026-01-31T00:00:00+00:00, run_after=2026-02-01T00:00:00+00:00
[2026-02-01T01:43:53.950+0000] {processor.py:179} INFO - Processing /home/airflow/.local/lib/python3.8/site-packages/airflow/example_dags/example_branch_labels.py took 0.254 seconds
[2026-02-01T01:44:24.911+0000] {processor.py:157} INFO - Started process (PID=485) to work on /home/airflow/.local/lib/python3.8/site-packages/airflow/example_dags/example_branch_labels.py
[2026-02-01T01:44:24.917+0000] {processor.py:829} INFO - Processing file /home/airflow/.local/lib/python3.8/site-packages/airflow/example_dags/example_branch_labels.py for tasks to queue
[2026-02-01T01:44:24.933+0000] {logging_mixin.py:151} INFO - [2026-02-01T01:44:24.932+0000] {dagbag.py:536} INFO - Filling up the DagBag from /home/airflow/.local/lib/python3.8/site-packages/airflow/example_dags/example_branch_labels.py
[2026-02-01T01:44:24.977+0000] {processor.py:839} INFO - DAG(s) dict_keys(['example_branch_labels']) retrieved from /home/airflow/.local/lib/python3.8/site-packages/airflow/example_dags/example_branch_labels.py
[2026-02-01T01:44:25.037+0000] {logging_mixin.py:151} INFO - [2026-02-01T01:44:25.037+0000] {dag.py:2941} INFO - Sync 1 DAGs
[2026-02-01T01:44:25.126+0000] {logging_mixin.py:151} INFO - [2026-02-01T01:44:25.125+0000] {dag.py:3722} INFO - Setting next_dagrun for example_branch_labels to 2026-01-31T00:00:00+00:00, run_after=2026-02-01T00:00:00+00:00
[2026-02-01T01:44:25.168+0000] {processor.py:179} INFO - Processing /home/airflow/.local/lib/python3.8/site-packages/airflow/example_dags/example_branch_labels.py took 0.266 seconds
[2026-02-01T02:11:11.924+0000] {processor.py:157} INFO - Started process (PID=118) to work on /home/airflow/.local/lib/python3.8/site-packages/airflow/example_dags/example_branch_labels.py
[2026-02-01T02:11:11.927+0000] {processor.py:829} INFO - Processing file /home/airflow/.local/lib/python3.8/site-packages/airflow/example_dags/example_branch_labels.py for tasks to queue
[2026-02-01T02:11:11.934+0000] {logging_mixin.py:151} INFO - [2026-02-01T02:11:11.933+0000] {dagbag.py:536} INFO - Filling up the DagBag from /home/airflow/.local/lib/python3.8/site-packages/airflow/example_dags/example_branch_labels.py
[2026-02-01T02:11:11.976+0000] {processor.py:839} INFO - DAG(s) dict_keys(['example_branch_labels']) retrieved from /home/airflow/.local/lib/python3.8/site-packages/airflow/example_dags/example_branch_labels.py
[2026-02-01T02:11:12.043+0000] {logging_mixin.py:151} INFO - [2026-02-01T02:11:12.039+0000] {dag.py:2941} INFO - Sync 1 DAGs
[2026-02-01T02:11:12.118+0000] {logging_mixin.py:151} INFO - [2026-02-01T02:11:12.118+0000] {dag.py:3722} INFO - Setting next_dagrun for example_branch_labels to 2026-01-31T00:00:00+00:00, run_after=2026-02-01T00:00:00+00:00
[2026-02-01T02:11:12.174+0000] {processor.py:179} INFO - Processing /home/airflow/.local/lib/python3.8/site-packages/airflow/example_dags/example_branch_labels.py took 0.262 seconds
[2026-02-01T02:11:43.002+0000] {processor.py:157} INFO - Started process (PID=173) to work on /home/airflow/.local/lib/python3.8/site-packages/airflow/example_dags/example_branch_labels.py
[2026-02-01T02:11:43.033+0000] {processor.py:829} INFO - Processing file /home/airflow/.local/lib/python3.8/site-packages/airflow/example_dags/example_branch_labels.py for tasks to queue
[2026-02-01T02:11:43.062+0000] {logging_mixin.py:151} INFO - [2026-02-01T02:11:43.050+0000] {dagbag.py:536} INFO - Filling up the DagBag from /home/airflow/.local/lib/python3.8/site-packages/airflow/example_dags/example_branch_labels.py
[2026-02-01T02:11:43.122+0000] {processor.py:839} INFO - DAG(s) dict_keys(['example_branch_labels']) retrieved from /home/airflow/.local/lib/python3.8/site-packages/airflow/example_dags/example_branch_labels.py
[2026-02-01T02:11:43.232+0000] {logging_mixin.py:151} INFO - [2026-02-01T02:11:43.232+0000] {dag.py:2941} INFO - Sync 1 DAGs
[2026-02-01T02:11:43.381+0000] {logging_mixin.py:151} INFO - [2026-02-01T02:11:43.381+0000] {dag.py:3722} INFO - Setting next_dagrun for example_branch_labels to 2026-01-31T00:00:00+00:00, run_after=2026-02-01T00:00:00+00:00
[2026-02-01T02:11:43.470+0000] {processor.py:179} INFO - Processing /home/airflow/.local/lib/python3.8/site-packages/airflow/example_dags/example_branch_labels.py took 0.503 seconds
[2026-02-01T02:12:13.685+0000] {processor.py:157} INFO - Started process (PID=228) to work on /home/airflow/.local/lib/python3.8/site-packages/airflow/example_dags/example_branch_labels.py
[2026-02-01T02:12:13.687+0000] {processor.py:829} INFO - Processing file /home/airflow/.local/lib/python3.8/site-packages/airflow/example_dags/example_branch_labels.py for tasks to queue
[2026-02-01T02:12:13.692+0000] {logging_mixin.py:151} INFO - [2026-02-01T02:12:13.692+0000] {dagbag.py:536} INFO - Filling up the DagBag from /home/airflow/.local/lib/python3.8/site-packages/airflow/example_dags/example_branch_labels.py
[2026-02-01T02:12:13.714+0000] {processor.py:839} INFO - DAG(s) dict_keys(['example_branch_labels']) retrieved from /home/airflow/.local/lib/python3.8/site-packages/airflow/example_dags/example_branch_labels.py
[2026-02-01T02:12:13.781+0000] {logging_mixin.py:151} INFO - [2026-02-01T02:12:13.780+0000] {dag.py:2941} INFO - Sync 1 DAGs
[2026-02-01T02:12:13.822+0000] {logging_mixin.py:151} INFO - [2026-02-01T02:12:13.822+0000] {dag.py:3722} INFO - Setting next_dagrun for example_branch_labels to 2026-01-31T00:00:00+00:00, run_after=2026-02-01T00:00:00+00:00
[2026-02-01T02:12:13.855+0000] {processor.py:179} INFO - Processing /home/airflow/.local/lib/python3.8/site-packages/airflow/example_dags/example_branch_labels.py took 0.180 seconds
[2026-02-01T02:12:45.348+0000] {processor.py:157} INFO - Started process (PID=283) to work on /home/airflow/.local/lib/python3.8/site-packages/airflow/example_dags/example_branch_labels.py
[2026-02-01T02:12:45.351+0000] {processor.py:829} INFO - Processing file /home/airflow/.local/lib/python3.8/site-packages/airflow/example_dags/example_branch_labels.py for tasks to queue
[2026-02-01T02:12:45.355+0000] {logging_mixin.py:151} INFO - [2026-02-01T02:12:45.354+0000] {dagbag.py:536} INFO - Filling up the DagBag from /home/airflow/.local/lib/python3.8/site-packages/airflow/example_dags/example_branch_labels.py
[2026-02-01T02:12:45.371+0000] {processor.py:839} INFO - DAG(s) dict_keys(['example_branch_labels']) retrieved from /home/airflow/.local/lib/python3.8/site-packages/airflow/example_dags/example_branch_labels.py
[2026-02-01T02:12:45.422+0000] {logging_mixin.py:151} INFO - [2026-02-01T02:12:45.421+0000] {dag.py:2941} INFO - Sync 1 DAGs
[2026-02-01T02:12:45.464+0000] {logging_mixin.py:151} INFO - [2026-02-01T02:12:45.464+0000] {dag.py:3722} INFO - Setting next_dagrun for example_branch_labels to 2026-01-31T00:00:00+00:00, run_after=2026-02-01T00:00:00+00:00
[2026-02-01T02:12:45.506+0000] {processor.py:179} INFO - Processing /home/airflow/.local/lib/python3.8/site-packages/airflow/example_dags/example_branch_labels.py took 0.165 seconds
[2026-02-01T02:13:16.002+0000] {processor.py:157} INFO - Started process (PID=338) to work on /home/airflow/.local/lib/python3.8/site-packages/airflow/example_dags/example_branch_labels.py
[2026-02-01T02:13:16.007+0000] {processor.py:829} INFO - Processing file /home/airflow/.local/lib/python3.8/site-packages/airflow/example_dags/example_branch_labels.py for tasks to queue
[2026-02-01T02:13:16.015+0000] {logging_mixin.py:151} INFO - [2026-02-01T02:13:16.014+0000] {dagbag.py:536} INFO - Filling up the DagBag from /home/airflow/.local/lib/python3.8/site-packages/airflow/example_dags/example_branch_labels.py
[2026-02-01T02:13:16.038+0000] {processor.py:839} INFO - DAG(s) dict_keys(['example_branch_labels']) retrieved from /home/airflow/.local/lib/python3.8/site-packages/airflow/example_dags/example_branch_labels.py
[2026-02-01T02:13:16.092+0000] {logging_mixin.py:151} INFO - [2026-02-01T02:13:16.092+0000] {dag.py:2941} INFO - Sync 1 DAGs
[2026-02-01T02:13:16.170+0000] {logging_mixin.py:151} INFO - [2026-02-01T02:13:16.169+0000] {dag.py:3722} INFO - Setting next_dagrun for example_branch_labels to 2026-01-31T00:00:00+00:00, run_after=2026-02-01T00:00:00+00:00
[2026-02-01T02:13:16.212+0000] {processor.py:179} INFO - Processing /home/airflow/.local/lib/python3.8/site-packages/airflow/example_dags/example_branch_labels.py took 0.218 seconds
[2026-02-01T02:13:46.726+0000] {processor.py:157} INFO - Started process (PID=393) to work on /home/airflow/.local/lib/python3.8/site-packages/airflow/example_dags/example_branch_labels.py
[2026-02-01T02:13:46.732+0000] {processor.py:829} INFO - Processing file /home/airflow/.local/lib/python3.8/site-packages/airflow/example_dags/example_branch_labels.py for tasks to queue
[2026-02-01T02:13:46.741+0000] {logging_mixin.py:151} INFO - [2026-02-01T02:13:46.741+0000] {dagbag.py:536} INFO - Filling up the DagBag from /home/airflow/.local/lib/python3.8/site-packages/airflow/example_dags/example_branch_labels.py
[2026-02-01T02:13:46.770+0000] {processor.py:839} INFO - DAG(s) dict_keys(['example_branch_labels']) retrieved from /home/airflow/.local/lib/python3.8/site-packages/airflow/example_dags/example_branch_labels.py
[2026-02-01T02:13:46.847+0000] {logging_mixin.py:151} INFO - [2026-02-01T02:13:46.845+0000] {dag.py:2941} INFO - Sync 1 DAGs
[2026-02-01T02:13:46.939+0000] {logging_mixin.py:151} INFO - [2026-02-01T02:13:46.939+0000] {dag.py:3722} INFO - Setting next_dagrun for example_branch_labels to 2026-01-31T00:00:00+00:00, run_after=2026-02-01T00:00:00+00:00
[2026-02-01T02:13:47.006+0000] {processor.py:179} INFO - Processing /home/airflow/.local/lib/python3.8/site-packages/airflow/example_dags/example_branch_labels.py took 0.293 seconds
[2026-02-01T02:14:17.515+0000] {processor.py:157} INFO - Started process (PID=448) to work on /home/airflow/.local/lib/python3.8/site-packages/airflow/example_dags/example_branch_labels.py
[2026-02-01T02:14:17.516+0000] {processor.py:829} INFO - Processing file /home/airflow/.local/lib/python3.8/site-packages/airflow/example_dags/example_branch_labels.py for tasks to queue
[2026-02-01T02:14:17.521+0000] {logging_mixin.py:151} INFO - [2026-02-01T02:14:17.520+0000] {dagbag.py:536} INFO - Filling up the DagBag from /home/airflow/.local/lib/python3.8/site-packages/airflow/example_dags/example_branch_labels.py
[2026-02-01T02:14:17.535+0000] {processor.py:839} INFO - DAG(s) dict_keys(['example_branch_labels']) retrieved from /home/airflow/.local/lib/python3.8/site-packages/airflow/example_dags/example_branch_labels.py
[2026-02-01T02:14:17.573+0000] {logging_mixin.py:151} INFO - [2026-02-01T02:14:17.573+0000] {dag.py:2941} INFO - Sync 1 DAGs
[2026-02-01T02:14:17.609+0000] {logging_mixin.py:151} INFO - [2026-02-01T02:14:17.609+0000] {dag.py:3722} INFO - Setting next_dagrun for example_branch_labels to 2026-01-31T00:00:00+00:00, run_after=2026-02-01T00:00:00+00:00
[2026-02-01T02:14:17.642+0000] {processor.py:179} INFO - Processing /home/airflow/.local/lib/python3.8/site-packages/airflow/example_dags/example_branch_labels.py took 0.133 seconds
[2026-02-01T02:14:48.728+0000] {processor.py:157} INFO - Started process (PID=502) to work on /home/airflow/.local/lib/python3.8/site-packages/airflow/example_dags/example_branch_labels.py
[2026-02-01T02:14:48.731+0000] {processor.py:829} INFO - Processing file /home/airflow/.local/lib/python3.8/site-packages/airflow/example_dags/example_branch_labels.py for tasks to queue
[2026-02-01T02:14:48.743+0000] {logging_mixin.py:151} INFO - [2026-02-01T02:14:48.742+0000] {dagbag.py:536} INFO - Filling up the DagBag from /home/airflow/.local/lib/python3.8/site-packages/airflow/example_dags/example_branch_labels.py
[2026-02-01T02:14:48.761+0000] {processor.py:839} INFO - DAG(s) dict_keys(['example_branch_labels']) retrieved from /home/airflow/.local/lib/python3.8/site-packages/airflow/example_dags/example_branch_labels.py
[2026-02-01T02:14:48.850+0000] {logging_mixin.py:151} INFO - [2026-02-01T02:14:48.850+0000] {dag.py:2941} INFO - Sync 1 DAGs
[2026-02-01T02:14:49.003+0000] {logging_mixin.py:151} INFO - [2026-02-01T02:14:49.002+0000] {dag.py:3722} INFO - Setting next_dagrun for example_branch_labels to 2026-01-31T00:00:00+00:00, run_after=2026-02-01T00:00:00+00:00
[2026-02-01T02:14:49.093+0000] {processor.py:179} INFO - Processing /home/airflow/.local/lib/python3.8/site-packages/airflow/example_dags/example_branch_labels.py took 0.374 seconds
[2026-02-01T02:15:19.299+0000] {processor.py:157} INFO - Started process (PID=557) to work on /home/airflow/.local/lib/python3.8/site-packages/airflow/example_dags/example_branch_labels.py
[2026-02-01T02:15:19.301+0000] {processor.py:829} INFO - Processing file /home/airflow/.local/lib/python3.8/site-packages/airflow/example_dags/example_branch_labels.py for tasks to queue
[2026-02-01T02:15:19.310+0000] {logging_mixin.py:151} INFO - [2026-02-01T02:15:19.309+0000] {dagbag.py:536} INFO - Filling up the DagBag from /home/airflow/.local/lib/python3.8/site-packages/airflow/example_dags/example_branch_labels.py
[2026-02-01T02:15:19.341+0000] {processor.py:839} INFO - DAG(s) dict_keys(['example_branch_labels']) retrieved from /home/airflow/.local/lib/python3.8/site-packages/airflow/example_dags/example_branch_labels.py
[2026-02-01T02:15:19.449+0000] {logging_mixin.py:151} INFO - [2026-02-01T02:15:19.449+0000] {dag.py:2941} INFO - Sync 1 DAGs
[2026-02-01T02:15:19.527+0000] {logging_mixin.py:151} INFO - [2026-02-01T02:15:19.526+0000] {dag.py:3722} INFO - Setting next_dagrun for example_branch_labels to 2026-01-31T00:00:00+00:00, run_after=2026-02-01T00:00:00+00:00
[2026-02-01T02:15:19.596+0000] {processor.py:179} INFO - Processing /home/airflow/.local/lib/python3.8/site-packages/airflow/example_dags/example_branch_labels.py took 0.305 seconds
[2026-02-01T02:15:50.483+0000] {processor.py:157} INFO - Started process (PID=612) to work on /home/airflow/.local/lib/python3.8/site-packages/airflow/example_dags/example_branch_labels.py
[2026-02-01T02:15:50.487+0000] {processor.py:829} INFO - Processing file /home/airflow/.local/lib/python3.8/site-packages/airflow/example_dags/example_branch_labels.py for tasks to queue
[2026-02-01T02:15:50.492+0000] {logging_mixin.py:151} INFO - [2026-02-01T02:15:50.491+0000] {dagbag.py:536} INFO - Filling up the DagBag from /home/airflow/.local/lib/python3.8/site-packages/airflow/example_dags/example_branch_labels.py
[2026-02-01T02:15:50.507+0000] {processor.py:839} INFO - DAG(s) dict_keys(['example_branch_labels']) retrieved from /home/airflow/.local/lib/python3.8/site-packages/airflow/example_dags/example_branch_labels.py
[2026-02-01T02:15:50.547+0000] {logging_mixin.py:151} INFO - [2026-02-01T02:15:50.546+0000] {dag.py:2941} INFO - Sync 1 DAGs
[2026-02-01T02:15:50.590+0000] {logging_mixin.py:151} INFO - [2026-02-01T02:15:50.590+0000] {dag.py:3722} INFO - Setting next_dagrun for example_branch_labels to 2026-01-31T00:00:00+00:00, run_after=2026-02-01T00:00:00+00:00
[2026-02-01T02:15:50.627+0000] {processor.py:179} INFO - Processing /home/airflow/.local/lib/python3.8/site-packages/airflow/example_dags/example_branch_labels.py took 0.153 seconds
[2026-02-01T02:16:20.945+0000] {processor.py:157} INFO - Started process (PID=666) to work on /home/airflow/.local/lib/python3.8/site-packages/airflow/example_dags/example_branch_labels.py
[2026-02-01T02:16:20.947+0000] {processor.py:829} INFO - Processing file /home/airflow/.local/lib/python3.8/site-packages/airflow/example_dags/example_branch_labels.py for tasks to queue
[2026-02-01T02:16:20.952+0000] {logging_mixin.py:151} INFO - [2026-02-01T02:16:20.951+0000] {dagbag.py:536} INFO - Filling up the DagBag from /home/airflow/.local/lib/python3.8/site-packages/airflow/example_dags/example_branch_labels.py
[2026-02-01T02:16:20.966+0000] {processor.py:839} INFO - DAG(s) dict_keys(['example_branch_labels']) retrieved from /home/airflow/.local/lib/python3.8/site-packages/airflow/example_dags/example_branch_labels.py
[2026-02-01T02:16:21.020+0000] {logging_mixin.py:151} INFO - [2026-02-01T02:16:21.020+0000] {dag.py:2941} INFO - Sync 1 DAGs
[2026-02-01T02:16:21.133+0000] {logging_mixin.py:151} INFO - [2026-02-01T02:16:21.132+0000] {dag.py:3722} INFO - Setting next_dagrun for example_branch_labels to 2026-01-31T00:00:00+00:00, run_after=2026-02-01T00:00:00+00:00
[2026-02-01T02:16:21.177+0000] {processor.py:179} INFO - Processing /home/airflow/.local/lib/python3.8/site-packages/airflow/example_dags/example_branch_labels.py took 0.240 seconds
