[2026-02-01T01:37:19.321+0000] {processor.py:157} INFO - Started process (PID=109) to work on /home/airflow/.local/lib/python3.8/site-packages/airflow/example_dags/example_sensors.py
[2026-02-01T01:37:19.324+0000] {processor.py:829} INFO - Processing file /home/airflow/.local/lib/python3.8/site-packages/airflow/example_dags/example_sensors.py for tasks to queue
[2026-02-01T01:37:19.328+0000] {logging_mixin.py:151} INFO - [2026-02-01T01:37:19.327+0000] {dagbag.py:536} INFO - Filling up the DagBag from /home/airflow/.local/lib/python3.8/site-packages/airflow/example_dags/example_sensors.py
[2026-02-01T01:37:19.347+0000] {processor.py:839} INFO - DAG(s) dict_keys(['example_sensors']) retrieved from /home/airflow/.local/lib/python3.8/site-packages/airflow/example_dags/example_sensors.py
[2026-02-01T01:37:19.616+0000] {logging_mixin.py:151} INFO - [2026-02-01T01:37:19.616+0000] {manager.py:499} INFO - Created Permission View: %s
[2026-02-01T01:37:19.641+0000] {logging_mixin.py:151} INFO - [2026-02-01T01:37:19.641+0000] {manager.py:499} INFO - Created Permission View: %s
[2026-02-01T01:37:19.656+0000] {logging_mixin.py:151} INFO - [2026-02-01T01:37:19.655+0000] {manager.py:499} INFO - Created Permission View: %s
[2026-02-01T01:37:19.657+0000] {logging_mixin.py:151} INFO - [2026-02-01T01:37:19.656+0000] {dag.py:2941} INFO - Sync 1 DAGs
[2026-02-01T01:37:19.679+0000] {logging_mixin.py:151} INFO - [2026-02-01T01:37:19.679+0000] {dag.py:2963} INFO - Creating ORM DAG for example_sensors
[2026-02-01T01:37:19.681+0000] {logging_mixin.py:151} INFO - [2026-02-01T01:37:19.681+0000] {dag.py:3722} INFO - Setting next_dagrun for example_sensors to None, run_after=None
[2026-02-01T01:37:19.724+0000] {processor.py:179} INFO - Processing /home/airflow/.local/lib/python3.8/site-packages/airflow/example_dags/example_sensors.py took 0.410 seconds
[2026-02-01T01:40:39.901+0000] {processor.py:157} INFO - Started process (PID=102) to work on /home/airflow/.local/lib/python3.8/site-packages/airflow/example_dags/example_sensors.py
[2026-02-01T01:40:39.906+0000] {processor.py:829} INFO - Processing file /home/airflow/.local/lib/python3.8/site-packages/airflow/example_dags/example_sensors.py for tasks to queue
[2026-02-01T01:40:39.912+0000] {logging_mixin.py:151} INFO - [2026-02-01T01:40:39.911+0000] {dagbag.py:536} INFO - Filling up the DagBag from /home/airflow/.local/lib/python3.8/site-packages/airflow/example_dags/example_sensors.py
[2026-02-01T01:40:39.943+0000] {processor.py:839} INFO - DAG(s) dict_keys(['example_sensors']) retrieved from /home/airflow/.local/lib/python3.8/site-packages/airflow/example_dags/example_sensors.py
[2026-02-01T01:40:40.015+0000] {logging_mixin.py:151} INFO - [2026-02-01T01:40:40.015+0000] {dag.py:2941} INFO - Sync 1 DAGs
[2026-02-01T01:40:40.073+0000] {logging_mixin.py:151} INFO - [2026-02-01T01:40:40.072+0000] {dag.py:3722} INFO - Setting next_dagrun for example_sensors to None, run_after=None
[2026-02-01T01:40:40.179+0000] {processor.py:179} INFO - Processing /home/airflow/.local/lib/python3.8/site-packages/airflow/example_dags/example_sensors.py took 0.299 seconds
[2026-02-01T01:41:10.840+0000] {processor.py:157} INFO - Started process (PID=158) to work on /home/airflow/.local/lib/python3.8/site-packages/airflow/example_dags/example_sensors.py
[2026-02-01T01:41:10.842+0000] {processor.py:829} INFO - Processing file /home/airflow/.local/lib/python3.8/site-packages/airflow/example_dags/example_sensors.py for tasks to queue
[2026-02-01T01:41:10.848+0000] {logging_mixin.py:151} INFO - [2026-02-01T01:41:10.848+0000] {dagbag.py:536} INFO - Filling up the DagBag from /home/airflow/.local/lib/python3.8/site-packages/airflow/example_dags/example_sensors.py
[2026-02-01T01:41:10.875+0000] {processor.py:839} INFO - DAG(s) dict_keys(['example_sensors']) retrieved from /home/airflow/.local/lib/python3.8/site-packages/airflow/example_dags/example_sensors.py
[2026-02-01T01:41:10.955+0000] {logging_mixin.py:151} INFO - [2026-02-01T01:41:10.954+0000] {dag.py:2941} INFO - Sync 1 DAGs
[2026-02-01T01:41:11.000+0000] {logging_mixin.py:151} INFO - [2026-02-01T01:41:11.000+0000] {dag.py:3722} INFO - Setting next_dagrun for example_sensors to None, run_after=None
[2026-02-01T01:41:11.072+0000] {processor.py:179} INFO - Processing /home/airflow/.local/lib/python3.8/site-packages/airflow/example_dags/example_sensors.py took 0.238 seconds
[2026-02-01T01:41:50.628+0000] {processor.py:157} INFO - Started process (PID=213) to work on /home/airflow/.local/lib/python3.8/site-packages/airflow/example_dags/example_sensors.py
[2026-02-01T01:41:50.634+0000] {processor.py:829} INFO - Processing file /home/airflow/.local/lib/python3.8/site-packages/airflow/example_dags/example_sensors.py for tasks to queue
[2026-02-01T01:41:50.638+0000] {logging_mixin.py:151} INFO - [2026-02-01T01:41:50.637+0000] {dagbag.py:536} INFO - Filling up the DagBag from /home/airflow/.local/lib/python3.8/site-packages/airflow/example_dags/example_sensors.py
[2026-02-01T01:41:50.661+0000] {processor.py:839} INFO - DAG(s) dict_keys(['example_sensors']) retrieved from /home/airflow/.local/lib/python3.8/site-packages/airflow/example_dags/example_sensors.py
[2026-02-01T01:41:50.719+0000] {logging_mixin.py:151} INFO - [2026-02-01T01:41:50.719+0000] {dag.py:2941} INFO - Sync 1 DAGs
[2026-02-01T01:41:50.743+0000] {logging_mixin.py:151} INFO - [2026-02-01T01:41:50.742+0000] {dag.py:3722} INFO - Setting next_dagrun for example_sensors to None, run_after=None
[2026-02-01T01:41:50.782+0000] {processor.py:179} INFO - Processing /home/airflow/.local/lib/python3.8/site-packages/airflow/example_dags/example_sensors.py took 0.164 seconds
[2026-02-01T01:42:21.386+0000] {processor.py:157} INFO - Started process (PID=269) to work on /home/airflow/.local/lib/python3.8/site-packages/airflow/example_dags/example_sensors.py
[2026-02-01T01:42:21.387+0000] {processor.py:829} INFO - Processing file /home/airflow/.local/lib/python3.8/site-packages/airflow/example_dags/example_sensors.py for tasks to queue
[2026-02-01T01:42:21.391+0000] {logging_mixin.py:151} INFO - [2026-02-01T01:42:21.390+0000] {dagbag.py:536} INFO - Filling up the DagBag from /home/airflow/.local/lib/python3.8/site-packages/airflow/example_dags/example_sensors.py
[2026-02-01T01:42:21.416+0000] {processor.py:839} INFO - DAG(s) dict_keys(['example_sensors']) retrieved from /home/airflow/.local/lib/python3.8/site-packages/airflow/example_dags/example_sensors.py
[2026-02-01T01:42:21.521+0000] {logging_mixin.py:151} INFO - [2026-02-01T01:42:21.521+0000] {dag.py:2941} INFO - Sync 1 DAGs
[2026-02-01T01:42:21.569+0000] {logging_mixin.py:151} INFO - [2026-02-01T01:42:21.569+0000] {dag.py:3722} INFO - Setting next_dagrun for example_sensors to None, run_after=None
[2026-02-01T01:42:21.614+0000] {processor.py:179} INFO - Processing /home/airflow/.local/lib/python3.8/site-packages/airflow/example_dags/example_sensors.py took 0.237 seconds
[2026-02-01T01:42:52.912+0000] {processor.py:157} INFO - Started process (PID=324) to work on /home/airflow/.local/lib/python3.8/site-packages/airflow/example_dags/example_sensors.py
[2026-02-01T01:42:52.918+0000] {processor.py:829} INFO - Processing file /home/airflow/.local/lib/python3.8/site-packages/airflow/example_dags/example_sensors.py for tasks to queue
[2026-02-01T01:42:52.924+0000] {logging_mixin.py:151} INFO - [2026-02-01T01:42:52.923+0000] {dagbag.py:536} INFO - Filling up the DagBag from /home/airflow/.local/lib/python3.8/site-packages/airflow/example_dags/example_sensors.py
[2026-02-01T01:42:52.957+0000] {processor.py:839} INFO - DAG(s) dict_keys(['example_sensors']) retrieved from /home/airflow/.local/lib/python3.8/site-packages/airflow/example_dags/example_sensors.py
[2026-02-01T01:42:53.041+0000] {logging_mixin.py:151} INFO - [2026-02-01T01:42:53.041+0000] {dag.py:2941} INFO - Sync 1 DAGs
[2026-02-01T01:42:53.078+0000] {logging_mixin.py:151} INFO - [2026-02-01T01:42:53.078+0000] {dag.py:3722} INFO - Setting next_dagrun for example_sensors to None, run_after=None
[2026-02-01T01:42:53.122+0000] {processor.py:179} INFO - Processing /home/airflow/.local/lib/python3.8/site-packages/airflow/example_dags/example_sensors.py took 0.219 seconds
[2026-02-01T01:43:23.999+0000] {processor.py:157} INFO - Started process (PID=378) to work on /home/airflow/.local/lib/python3.8/site-packages/airflow/example_dags/example_sensors.py
[2026-02-01T01:43:24.009+0000] {processor.py:829} INFO - Processing file /home/airflow/.local/lib/python3.8/site-packages/airflow/example_dags/example_sensors.py for tasks to queue
[2026-02-01T01:43:24.012+0000] {logging_mixin.py:151} INFO - [2026-02-01T01:43:24.012+0000] {dagbag.py:536} INFO - Filling up the DagBag from /home/airflow/.local/lib/python3.8/site-packages/airflow/example_dags/example_sensors.py
[2026-02-01T01:43:24.031+0000] {processor.py:839} INFO - DAG(s) dict_keys(['example_sensors']) retrieved from /home/airflow/.local/lib/python3.8/site-packages/airflow/example_dags/example_sensors.py
[2026-02-01T01:43:24.092+0000] {logging_mixin.py:151} INFO - [2026-02-01T01:43:24.091+0000] {dag.py:2941} INFO - Sync 1 DAGs
[2026-02-01T01:43:24.116+0000] {logging_mixin.py:151} INFO - [2026-02-01T01:43:24.116+0000] {dag.py:3722} INFO - Setting next_dagrun for example_sensors to None, run_after=None
[2026-02-01T01:43:24.147+0000] {processor.py:179} INFO - Processing /home/airflow/.local/lib/python3.8/site-packages/airflow/example_dags/example_sensors.py took 0.158 seconds
[2026-02-01T01:43:54.296+0000] {processor.py:157} INFO - Started process (PID=433) to work on /home/airflow/.local/lib/python3.8/site-packages/airflow/example_dags/example_sensors.py
[2026-02-01T01:43:54.298+0000] {processor.py:829} INFO - Processing file /home/airflow/.local/lib/python3.8/site-packages/airflow/example_dags/example_sensors.py for tasks to queue
[2026-02-01T01:43:54.303+0000] {logging_mixin.py:151} INFO - [2026-02-01T01:43:54.302+0000] {dagbag.py:536} INFO - Filling up the DagBag from /home/airflow/.local/lib/python3.8/site-packages/airflow/example_dags/example_sensors.py
[2026-02-01T01:43:54.327+0000] {processor.py:839} INFO - DAG(s) dict_keys(['example_sensors']) retrieved from /home/airflow/.local/lib/python3.8/site-packages/airflow/example_dags/example_sensors.py
[2026-02-01T01:43:54.396+0000] {logging_mixin.py:151} INFO - [2026-02-01T01:43:54.395+0000] {dag.py:2941} INFO - Sync 1 DAGs
[2026-02-01T01:43:54.431+0000] {logging_mixin.py:151} INFO - [2026-02-01T01:43:54.431+0000] {dag.py:3722} INFO - Setting next_dagrun for example_sensors to None, run_after=None
[2026-02-01T01:43:54.489+0000] {processor.py:179} INFO - Processing /home/airflow/.local/lib/python3.8/site-packages/airflow/example_dags/example_sensors.py took 0.203 seconds
[2026-02-01T01:44:25.382+0000] {processor.py:157} INFO - Started process (PID=488) to work on /home/airflow/.local/lib/python3.8/site-packages/airflow/example_dags/example_sensors.py
[2026-02-01T01:44:25.385+0000] {processor.py:829} INFO - Processing file /home/airflow/.local/lib/python3.8/site-packages/airflow/example_dags/example_sensors.py for tasks to queue
[2026-02-01T01:44:25.391+0000] {logging_mixin.py:151} INFO - [2026-02-01T01:44:25.391+0000] {dagbag.py:536} INFO - Filling up the DagBag from /home/airflow/.local/lib/python3.8/site-packages/airflow/example_dags/example_sensors.py
[2026-02-01T01:44:25.415+0000] {processor.py:839} INFO - DAG(s) dict_keys(['example_sensors']) retrieved from /home/airflow/.local/lib/python3.8/site-packages/airflow/example_dags/example_sensors.py
[2026-02-01T01:44:25.446+0000] {logging_mixin.py:151} INFO - [2026-02-01T01:44:25.446+0000] {dag.py:2941} INFO - Sync 1 DAGs
[2026-02-01T01:44:25.483+0000] {logging_mixin.py:151} INFO - [2026-02-01T01:44:25.482+0000] {dag.py:3722} INFO - Setting next_dagrun for example_sensors to None, run_after=None
[2026-02-01T01:44:25.556+0000] {processor.py:179} INFO - Processing /home/airflow/.local/lib/python3.8/site-packages/airflow/example_dags/example_sensors.py took 0.183 seconds
[2026-02-01T02:11:12.842+0000] {processor.py:157} INFO - Started process (PID=121) to work on /home/airflow/.local/lib/python3.8/site-packages/airflow/example_dags/example_sensors.py
[2026-02-01T02:11:12.851+0000] {processor.py:829} INFO - Processing file /home/airflow/.local/lib/python3.8/site-packages/airflow/example_dags/example_sensors.py for tasks to queue
[2026-02-01T02:11:12.859+0000] {logging_mixin.py:151} INFO - [2026-02-01T02:11:12.858+0000] {dagbag.py:536} INFO - Filling up the DagBag from /home/airflow/.local/lib/python3.8/site-packages/airflow/example_dags/example_sensors.py
[2026-02-01T02:11:12.902+0000] {processor.py:839} INFO - DAG(s) dict_keys(['example_sensors']) retrieved from /home/airflow/.local/lib/python3.8/site-packages/airflow/example_dags/example_sensors.py
[2026-02-01T02:11:12.990+0000] {logging_mixin.py:151} INFO - [2026-02-01T02:11:12.988+0000] {dag.py:2941} INFO - Sync 1 DAGs
[2026-02-01T02:11:13.041+0000] {logging_mixin.py:151} INFO - [2026-02-01T02:11:13.040+0000] {dag.py:3722} INFO - Setting next_dagrun for example_sensors to None, run_after=None
[2026-02-01T02:11:13.093+0000] {processor.py:179} INFO - Processing /home/airflow/.local/lib/python3.8/site-packages/airflow/example_dags/example_sensors.py took 0.262 seconds
[2026-02-01T02:11:44.258+0000] {processor.py:157} INFO - Started process (PID=176) to work on /home/airflow/.local/lib/python3.8/site-packages/airflow/example_dags/example_sensors.py
[2026-02-01T02:11:44.264+0000] {processor.py:829} INFO - Processing file /home/airflow/.local/lib/python3.8/site-packages/airflow/example_dags/example_sensors.py for tasks to queue
[2026-02-01T02:11:44.276+0000] {logging_mixin.py:151} INFO - [2026-02-01T02:11:44.275+0000] {dagbag.py:536} INFO - Filling up the DagBag from /home/airflow/.local/lib/python3.8/site-packages/airflow/example_dags/example_sensors.py
[2026-02-01T02:11:44.333+0000] {processor.py:839} INFO - DAG(s) dict_keys(['example_sensors']) retrieved from /home/airflow/.local/lib/python3.8/site-packages/airflow/example_dags/example_sensors.py
[2026-02-01T02:11:44.414+0000] {logging_mixin.py:151} INFO - [2026-02-01T02:11:44.414+0000] {dag.py:2941} INFO - Sync 1 DAGs
[2026-02-01T02:11:44.454+0000] {logging_mixin.py:151} INFO - [2026-02-01T02:11:44.454+0000] {dag.py:3722} INFO - Setting next_dagrun for example_sensors to None, run_after=None
[2026-02-01T02:11:44.534+0000] {processor.py:179} INFO - Processing /home/airflow/.local/lib/python3.8/site-packages/airflow/example_dags/example_sensors.py took 0.293 seconds
[2026-02-01T02:12:15.037+0000] {processor.py:157} INFO - Started process (PID=231) to work on /home/airflow/.local/lib/python3.8/site-packages/airflow/example_dags/example_sensors.py
[2026-02-01T02:12:15.039+0000] {processor.py:829} INFO - Processing file /home/airflow/.local/lib/python3.8/site-packages/airflow/example_dags/example_sensors.py for tasks to queue
[2026-02-01T02:12:15.045+0000] {logging_mixin.py:151} INFO - [2026-02-01T02:12:15.044+0000] {dagbag.py:536} INFO - Filling up the DagBag from /home/airflow/.local/lib/python3.8/site-packages/airflow/example_dags/example_sensors.py
[2026-02-01T02:12:15.094+0000] {processor.py:839} INFO - DAG(s) dict_keys(['example_sensors']) retrieved from /home/airflow/.local/lib/python3.8/site-packages/airflow/example_dags/example_sensors.py
[2026-02-01T02:12:15.150+0000] {logging_mixin.py:151} INFO - [2026-02-01T02:12:15.150+0000] {dag.py:2941} INFO - Sync 1 DAGs
[2026-02-01T02:12:15.174+0000] {logging_mixin.py:151} INFO - [2026-02-01T02:12:15.174+0000] {dag.py:3722} INFO - Setting next_dagrun for example_sensors to None, run_after=None
[2026-02-01T02:12:15.209+0000] {processor.py:179} INFO - Processing /home/airflow/.local/lib/python3.8/site-packages/airflow/example_dags/example_sensors.py took 0.189 seconds
[2026-02-01T02:12:45.796+0000] {processor.py:157} INFO - Started process (PID=286) to work on /home/airflow/.local/lib/python3.8/site-packages/airflow/example_dags/example_sensors.py
[2026-02-01T02:12:45.799+0000] {processor.py:829} INFO - Processing file /home/airflow/.local/lib/python3.8/site-packages/airflow/example_dags/example_sensors.py for tasks to queue
[2026-02-01T02:12:45.806+0000] {logging_mixin.py:151} INFO - [2026-02-01T02:12:45.806+0000] {dagbag.py:536} INFO - Filling up the DagBag from /home/airflow/.local/lib/python3.8/site-packages/airflow/example_dags/example_sensors.py
[2026-02-01T02:12:45.839+0000] {processor.py:839} INFO - DAG(s) dict_keys(['example_sensors']) retrieved from /home/airflow/.local/lib/python3.8/site-packages/airflow/example_dags/example_sensors.py
[2026-02-01T02:12:45.912+0000] {logging_mixin.py:151} INFO - [2026-02-01T02:12:45.911+0000] {dag.py:2941} INFO - Sync 1 DAGs
[2026-02-01T02:12:45.947+0000] {logging_mixin.py:151} INFO - [2026-02-01T02:12:45.947+0000] {dag.py:3722} INFO - Setting next_dagrun for example_sensors to None, run_after=None
[2026-02-01T02:12:45.995+0000] {processor.py:179} INFO - Processing /home/airflow/.local/lib/python3.8/site-packages/airflow/example_dags/example_sensors.py took 0.209 seconds
[2026-02-01T02:13:16.653+0000] {processor.py:157} INFO - Started process (PID=341) to work on /home/airflow/.local/lib/python3.8/site-packages/airflow/example_dags/example_sensors.py
[2026-02-01T02:13:16.658+0000] {processor.py:829} INFO - Processing file /home/airflow/.local/lib/python3.8/site-packages/airflow/example_dags/example_sensors.py for tasks to queue
[2026-02-01T02:13:16.663+0000] {logging_mixin.py:151} INFO - [2026-02-01T02:13:16.662+0000] {dagbag.py:536} INFO - Filling up the DagBag from /home/airflow/.local/lib/python3.8/site-packages/airflow/example_dags/example_sensors.py
[2026-02-01T02:13:16.685+0000] {processor.py:839} INFO - DAG(s) dict_keys(['example_sensors']) retrieved from /home/airflow/.local/lib/python3.8/site-packages/airflow/example_dags/example_sensors.py
[2026-02-01T02:13:16.749+0000] {logging_mixin.py:151} INFO - [2026-02-01T02:13:16.749+0000] {dag.py:2941} INFO - Sync 1 DAGs
[2026-02-01T02:13:16.790+0000] {logging_mixin.py:151} INFO - [2026-02-01T02:13:16.790+0000] {dag.py:3722} INFO - Setting next_dagrun for example_sensors to None, run_after=None
[2026-02-01T02:13:16.859+0000] {processor.py:179} INFO - Processing /home/airflow/.local/lib/python3.8/site-packages/airflow/example_dags/example_sensors.py took 0.214 seconds
[2026-02-01T02:13:47.572+0000] {processor.py:157} INFO - Started process (PID=396) to work on /home/airflow/.local/lib/python3.8/site-packages/airflow/example_dags/example_sensors.py
[2026-02-01T02:13:47.577+0000] {processor.py:829} INFO - Processing file /home/airflow/.local/lib/python3.8/site-packages/airflow/example_dags/example_sensors.py for tasks to queue
[2026-02-01T02:13:47.588+0000] {logging_mixin.py:151} INFO - [2026-02-01T02:13:47.586+0000] {dagbag.py:536} INFO - Filling up the DagBag from /home/airflow/.local/lib/python3.8/site-packages/airflow/example_dags/example_sensors.py
[2026-02-01T02:13:47.627+0000] {processor.py:839} INFO - DAG(s) dict_keys(['example_sensors']) retrieved from /home/airflow/.local/lib/python3.8/site-packages/airflow/example_dags/example_sensors.py
[2026-02-01T02:13:47.795+0000] {logging_mixin.py:151} INFO - [2026-02-01T02:13:47.793+0000] {dag.py:2941} INFO - Sync 1 DAGs
[2026-02-01T02:13:47.832+0000] {logging_mixin.py:151} INFO - [2026-02-01T02:13:47.829+0000] {dag.py:3722} INFO - Setting next_dagrun for example_sensors to None, run_after=None
[2026-02-01T02:13:47.894+0000] {processor.py:179} INFO - Processing /home/airflow/.local/lib/python3.8/site-packages/airflow/example_dags/example_sensors.py took 0.338 seconds
[2026-02-01T02:14:18.220+0000] {processor.py:157} INFO - Started process (PID=451) to work on /home/airflow/.local/lib/python3.8/site-packages/airflow/example_dags/example_sensors.py
[2026-02-01T02:14:18.222+0000] {processor.py:829} INFO - Processing file /home/airflow/.local/lib/python3.8/site-packages/airflow/example_dags/example_sensors.py for tasks to queue
[2026-02-01T02:14:18.229+0000] {logging_mixin.py:151} INFO - [2026-02-01T02:14:18.229+0000] {dagbag.py:536} INFO - Filling up the DagBag from /home/airflow/.local/lib/python3.8/site-packages/airflow/example_dags/example_sensors.py
[2026-02-01T02:14:18.248+0000] {processor.py:839} INFO - DAG(s) dict_keys(['example_sensors']) retrieved from /home/airflow/.local/lib/python3.8/site-packages/airflow/example_dags/example_sensors.py
[2026-02-01T02:14:18.308+0000] {logging_mixin.py:151} INFO - [2026-02-01T02:14:18.308+0000] {dag.py:2941} INFO - Sync 1 DAGs
[2026-02-01T02:14:18.343+0000] {logging_mixin.py:151} INFO - [2026-02-01T02:14:18.343+0000] {dag.py:3722} INFO - Setting next_dagrun for example_sensors to None, run_after=None
[2026-02-01T02:14:18.388+0000] {processor.py:179} INFO - Processing /home/airflow/.local/lib/python3.8/site-packages/airflow/example_dags/example_sensors.py took 0.175 seconds
[2026-02-01T02:14:49.363+0000] {processor.py:157} INFO - Started process (PID=505) to work on /home/airflow/.local/lib/python3.8/site-packages/airflow/example_dags/example_sensors.py
[2026-02-01T02:14:49.366+0000] {processor.py:829} INFO - Processing file /home/airflow/.local/lib/python3.8/site-packages/airflow/example_dags/example_sensors.py for tasks to queue
[2026-02-01T02:14:49.370+0000] {logging_mixin.py:151} INFO - [2026-02-01T02:14:49.370+0000] {dagbag.py:536} INFO - Filling up the DagBag from /home/airflow/.local/lib/python3.8/site-packages/airflow/example_dags/example_sensors.py
[2026-02-01T02:14:49.387+0000] {processor.py:839} INFO - DAG(s) dict_keys(['example_sensors']) retrieved from /home/airflow/.local/lib/python3.8/site-packages/airflow/example_dags/example_sensors.py
[2026-02-01T02:14:49.435+0000] {logging_mixin.py:151} INFO - [2026-02-01T02:14:49.434+0000] {dag.py:2941} INFO - Sync 1 DAGs
[2026-02-01T02:14:49.456+0000] {logging_mixin.py:151} INFO - [2026-02-01T02:14:49.456+0000] {dag.py:3722} INFO - Setting next_dagrun for example_sensors to None, run_after=None
[2026-02-01T02:14:49.496+0000] {processor.py:179} INFO - Processing /home/airflow/.local/lib/python3.8/site-packages/airflow/example_dags/example_sensors.py took 0.140 seconds
[2026-02-01T02:15:20.045+0000] {processor.py:157} INFO - Started process (PID=560) to work on /home/airflow/.local/lib/python3.8/site-packages/airflow/example_dags/example_sensors.py
[2026-02-01T02:15:20.047+0000] {processor.py:829} INFO - Processing file /home/airflow/.local/lib/python3.8/site-packages/airflow/example_dags/example_sensors.py for tasks to queue
[2026-02-01T02:15:20.052+0000] {logging_mixin.py:151} INFO - [2026-02-01T02:15:20.051+0000] {dagbag.py:536} INFO - Filling up the DagBag from /home/airflow/.local/lib/python3.8/site-packages/airflow/example_dags/example_sensors.py
[2026-02-01T02:15:20.077+0000] {processor.py:839} INFO - DAG(s) dict_keys(['example_sensors']) retrieved from /home/airflow/.local/lib/python3.8/site-packages/airflow/example_dags/example_sensors.py
[2026-02-01T02:15:20.151+0000] {logging_mixin.py:151} INFO - [2026-02-01T02:15:20.151+0000] {dag.py:2941} INFO - Sync 1 DAGs
[2026-02-01T02:15:20.180+0000] {logging_mixin.py:151} INFO - [2026-02-01T02:15:20.179+0000] {dag.py:3722} INFO - Setting next_dagrun for example_sensors to None, run_after=None
[2026-02-01T02:15:20.229+0000] {processor.py:179} INFO - Processing /home/airflow/.local/lib/python3.8/site-packages/airflow/example_dags/example_sensors.py took 0.192 seconds
[2026-02-01T02:15:51.176+0000] {processor.py:157} INFO - Started process (PID=615) to work on /home/airflow/.local/lib/python3.8/site-packages/airflow/example_dags/example_sensors.py
[2026-02-01T02:15:51.178+0000] {processor.py:829} INFO - Processing file /home/airflow/.local/lib/python3.8/site-packages/airflow/example_dags/example_sensors.py for tasks to queue
[2026-02-01T02:15:51.183+0000] {logging_mixin.py:151} INFO - [2026-02-01T02:15:51.182+0000] {dagbag.py:536} INFO - Filling up the DagBag from /home/airflow/.local/lib/python3.8/site-packages/airflow/example_dags/example_sensors.py
[2026-02-01T02:15:51.202+0000] {processor.py:839} INFO - DAG(s) dict_keys(['example_sensors']) retrieved from /home/airflow/.local/lib/python3.8/site-packages/airflow/example_dags/example_sensors.py
[2026-02-01T02:15:51.253+0000] {logging_mixin.py:151} INFO - [2026-02-01T02:15:51.253+0000] {dag.py:2941} INFO - Sync 1 DAGs
[2026-02-01T02:15:51.276+0000] {logging_mixin.py:151} INFO - [2026-02-01T02:15:51.275+0000] {dag.py:3722} INFO - Setting next_dagrun for example_sensors to None, run_after=None
[2026-02-01T02:15:51.313+0000] {processor.py:179} INFO - Processing /home/airflow/.local/lib/python3.8/site-packages/airflow/example_dags/example_sensors.py took 0.145 seconds
[2026-02-01T02:16:21.835+0000] {processor.py:157} INFO - Started process (PID=670) to work on /home/airflow/.local/lib/python3.8/site-packages/airflow/example_dags/example_sensors.py
[2026-02-01T02:16:21.838+0000] {processor.py:829} INFO - Processing file /home/airflow/.local/lib/python3.8/site-packages/airflow/example_dags/example_sensors.py for tasks to queue
[2026-02-01T02:16:21.843+0000] {logging_mixin.py:151} INFO - [2026-02-01T02:16:21.842+0000] {dagbag.py:536} INFO - Filling up the DagBag from /home/airflow/.local/lib/python3.8/site-packages/airflow/example_dags/example_sensors.py
[2026-02-01T02:16:21.867+0000] {processor.py:839} INFO - DAG(s) dict_keys(['example_sensors']) retrieved from /home/airflow/.local/lib/python3.8/site-packages/airflow/example_dags/example_sensors.py
[2026-02-01T02:16:21.943+0000] {logging_mixin.py:151} INFO - [2026-02-01T02:16:21.942+0000] {dag.py:2941} INFO - Sync 1 DAGs
[2026-02-01T02:16:22.043+0000] {logging_mixin.py:151} INFO - [2026-02-01T02:16:22.043+0000] {dag.py:3722} INFO - Setting next_dagrun for example_sensors to None, run_after=None
[2026-02-01T02:16:22.135+0000] {processor.py:179} INFO - Processing /home/airflow/.local/lib/python3.8/site-packages/airflow/example_dags/example_sensors.py took 0.308 seconds
