[2026-02-01T01:37:18.758+0000] {processor.py:157} INFO - Started process (PID=107) to work on /home/airflow/.local/lib/python3.8/site-packages/airflow/example_dags/example_params_ui_tutorial.py
[2026-02-01T01:37:18.759+0000] {processor.py:829} INFO - Processing file /home/airflow/.local/lib/python3.8/site-packages/airflow/example_dags/example_params_ui_tutorial.py for tasks to queue
[2026-02-01T01:37:18.763+0000] {logging_mixin.py:151} INFO - [2026-02-01T01:37:18.763+0000] {dagbag.py:536} INFO - Filling up the DagBag from /home/airflow/.local/lib/python3.8/site-packages/airflow/example_dags/example_params_ui_tutorial.py
[2026-02-01T01:37:18.848+0000] {processor.py:839} INFO - DAG(s) dict_keys(['example_params_ui_tutorial']) retrieved from /home/airflow/.local/lib/python3.8/site-packages/airflow/example_dags/example_params_ui_tutorial.py
[2026-02-01T01:37:19.167+0000] {logging_mixin.py:151} INFO - [2026-02-01T01:37:19.166+0000] {manager.py:499} INFO - Created Permission View: %s
[2026-02-01T01:37:19.191+0000] {logging_mixin.py:151} INFO - [2026-02-01T01:37:19.191+0000] {manager.py:499} INFO - Created Permission View: %s
[2026-02-01T01:37:19.208+0000] {logging_mixin.py:151} INFO - [2026-02-01T01:37:19.208+0000] {manager.py:499} INFO - Created Permission View: %s
[2026-02-01T01:37:19.208+0000] {logging_mixin.py:151} INFO - [2026-02-01T01:37:19.208+0000] {dag.py:2941} INFO - Sync 1 DAGs
[2026-02-01T01:37:19.233+0000] {logging_mixin.py:151} INFO - [2026-02-01T01:37:19.233+0000] {dag.py:2963} INFO - Creating ORM DAG for example_params_ui_tutorial
[2026-02-01T01:37:19.234+0000] {logging_mixin.py:151} INFO - [2026-02-01T01:37:19.234+0000] {dag.py:3722} INFO - Setting next_dagrun for example_params_ui_tutorial to None, run_after=None
[2026-02-01T01:37:19.266+0000] {processor.py:179} INFO - Processing /home/airflow/.local/lib/python3.8/site-packages/airflow/example_dags/example_params_ui_tutorial.py took 0.516 seconds
[2026-02-01T01:40:39.098+0000] {processor.py:157} INFO - Started process (PID=100) to work on /home/airflow/.local/lib/python3.8/site-packages/airflow/example_dags/example_params_ui_tutorial.py
[2026-02-01T01:40:39.107+0000] {processor.py:829} INFO - Processing file /home/airflow/.local/lib/python3.8/site-packages/airflow/example_dags/example_params_ui_tutorial.py for tasks to queue
[2026-02-01T01:40:39.118+0000] {logging_mixin.py:151} INFO - [2026-02-01T01:40:39.118+0000] {dagbag.py:536} INFO - Filling up the DagBag from /home/airflow/.local/lib/python3.8/site-packages/airflow/example_dags/example_params_ui_tutorial.py
[2026-02-01T01:40:39.352+0000] {processor.py:839} INFO - DAG(s) dict_keys(['example_params_ui_tutorial']) retrieved from /home/airflow/.local/lib/python3.8/site-packages/airflow/example_dags/example_params_ui_tutorial.py
[2026-02-01T01:40:39.663+0000] {logging_mixin.py:151} INFO - [2026-02-01T01:40:39.663+0000] {dag.py:2941} INFO - Sync 1 DAGs
[2026-02-01T01:40:39.747+0000] {logging_mixin.py:151} INFO - [2026-02-01T01:40:39.747+0000] {dag.py:3722} INFO - Setting next_dagrun for example_params_ui_tutorial to None, run_after=None
[2026-02-01T01:40:39.805+0000] {processor.py:179} INFO - Processing /home/airflow/.local/lib/python3.8/site-packages/airflow/example_dags/example_params_ui_tutorial.py took 0.719 seconds
[2026-02-01T01:41:10.427+0000] {processor.py:157} INFO - Started process (PID=156) to work on /home/airflow/.local/lib/python3.8/site-packages/airflow/example_dags/example_params_ui_tutorial.py
[2026-02-01T01:41:10.430+0000] {processor.py:829} INFO - Processing file /home/airflow/.local/lib/python3.8/site-packages/airflow/example_dags/example_params_ui_tutorial.py for tasks to queue
[2026-02-01T01:41:10.434+0000] {logging_mixin.py:151} INFO - [2026-02-01T01:41:10.433+0000] {dagbag.py:536} INFO - Filling up the DagBag from /home/airflow/.local/lib/python3.8/site-packages/airflow/example_dags/example_params_ui_tutorial.py
[2026-02-01T01:41:10.524+0000] {processor.py:839} INFO - DAG(s) dict_keys(['example_params_ui_tutorial']) retrieved from /home/airflow/.local/lib/python3.8/site-packages/airflow/example_dags/example_params_ui_tutorial.py
[2026-02-01T01:41:10.677+0000] {logging_mixin.py:151} INFO - [2026-02-01T01:41:10.677+0000] {dag.py:2941} INFO - Sync 1 DAGs
[2026-02-01T01:41:10.729+0000] {logging_mixin.py:151} INFO - [2026-02-01T01:41:10.729+0000] {dag.py:3722} INFO - Setting next_dagrun for example_params_ui_tutorial to None, run_after=None
[2026-02-01T01:41:10.815+0000] {processor.py:179} INFO - Processing /home/airflow/.local/lib/python3.8/site-packages/airflow/example_dags/example_params_ui_tutorial.py took 0.396 seconds
[2026-02-01T01:41:50.193+0000] {processor.py:157} INFO - Started process (PID=211) to work on /home/airflow/.local/lib/python3.8/site-packages/airflow/example_dags/example_params_ui_tutorial.py
[2026-02-01T01:41:50.197+0000] {processor.py:829} INFO - Processing file /home/airflow/.local/lib/python3.8/site-packages/airflow/example_dags/example_params_ui_tutorial.py for tasks to queue
[2026-02-01T01:41:50.202+0000] {logging_mixin.py:151} INFO - [2026-02-01T01:41:50.201+0000] {dagbag.py:536} INFO - Filling up the DagBag from /home/airflow/.local/lib/python3.8/site-packages/airflow/example_dags/example_params_ui_tutorial.py
[2026-02-01T01:41:50.326+0000] {processor.py:839} INFO - DAG(s) dict_keys(['example_params_ui_tutorial']) retrieved from /home/airflow/.local/lib/python3.8/site-packages/airflow/example_dags/example_params_ui_tutorial.py
[2026-02-01T01:41:50.491+0000] {logging_mixin.py:151} INFO - [2026-02-01T01:41:50.490+0000] {dag.py:2941} INFO - Sync 1 DAGs
[2026-02-01T01:41:50.520+0000] {logging_mixin.py:151} INFO - [2026-02-01T01:41:50.520+0000] {dag.py:3722} INFO - Setting next_dagrun for example_params_ui_tutorial to None, run_after=None
[2026-02-01T01:41:50.566+0000] {processor.py:179} INFO - Processing /home/airflow/.local/lib/python3.8/site-packages/airflow/example_dags/example_params_ui_tutorial.py took 0.382 seconds
[2026-02-01T01:42:21.042+0000] {processor.py:157} INFO - Started process (PID=267) to work on /home/airflow/.local/lib/python3.8/site-packages/airflow/example_dags/example_params_ui_tutorial.py
[2026-02-01T01:42:21.045+0000] {processor.py:829} INFO - Processing file /home/airflow/.local/lib/python3.8/site-packages/airflow/example_dags/example_params_ui_tutorial.py for tasks to queue
[2026-02-01T01:42:21.050+0000] {logging_mixin.py:151} INFO - [2026-02-01T01:42:21.050+0000] {dagbag.py:536} INFO - Filling up the DagBag from /home/airflow/.local/lib/python3.8/site-packages/airflow/example_dags/example_params_ui_tutorial.py
[2026-02-01T01:42:21.145+0000] {processor.py:839} INFO - DAG(s) dict_keys(['example_params_ui_tutorial']) retrieved from /home/airflow/.local/lib/python3.8/site-packages/airflow/example_dags/example_params_ui_tutorial.py
[2026-02-01T01:42:21.278+0000] {logging_mixin.py:151} INFO - [2026-02-01T01:42:21.277+0000] {dag.py:2941} INFO - Sync 1 DAGs
[2026-02-01T01:42:21.325+0000] {logging_mixin.py:151} INFO - [2026-02-01T01:42:21.324+0000] {dag.py:3722} INFO - Setting next_dagrun for example_params_ui_tutorial to None, run_after=None
[2026-02-01T01:42:21.370+0000] {processor.py:179} INFO - Processing /home/airflow/.local/lib/python3.8/site-packages/airflow/example_dags/example_params_ui_tutorial.py took 0.339 seconds
[2026-02-01T01:42:52.159+0000] {processor.py:157} INFO - Started process (PID=322) to work on /home/airflow/.local/lib/python3.8/site-packages/airflow/example_dags/example_params_ui_tutorial.py
[2026-02-01T01:42:52.162+0000] {processor.py:829} INFO - Processing file /home/airflow/.local/lib/python3.8/site-packages/airflow/example_dags/example_params_ui_tutorial.py for tasks to queue
[2026-02-01T01:42:52.167+0000] {logging_mixin.py:151} INFO - [2026-02-01T01:42:52.166+0000] {dagbag.py:536} INFO - Filling up the DagBag from /home/airflow/.local/lib/python3.8/site-packages/airflow/example_dags/example_params_ui_tutorial.py
[2026-02-01T01:42:52.279+0000] {processor.py:839} INFO - DAG(s) dict_keys(['example_params_ui_tutorial']) retrieved from /home/airflow/.local/lib/python3.8/site-packages/airflow/example_dags/example_params_ui_tutorial.py
[2026-02-01T01:42:52.579+0000] {logging_mixin.py:151} INFO - [2026-02-01T01:42:52.578+0000] {dag.py:2941} INFO - Sync 1 DAGs
[2026-02-01T01:42:52.673+0000] {logging_mixin.py:151} INFO - [2026-02-01T01:42:52.673+0000] {dag.py:3722} INFO - Setting next_dagrun for example_params_ui_tutorial to None, run_after=None
[2026-02-01T01:42:52.831+0000] {processor.py:179} INFO - Processing /home/airflow/.local/lib/python3.8/site-packages/airflow/example_dags/example_params_ui_tutorial.py took 0.683 seconds
[2026-02-01T01:43:23.657+0000] {processor.py:157} INFO - Started process (PID=376) to work on /home/airflow/.local/lib/python3.8/site-packages/airflow/example_dags/example_params_ui_tutorial.py
[2026-02-01T01:43:23.659+0000] {processor.py:829} INFO - Processing file /home/airflow/.local/lib/python3.8/site-packages/airflow/example_dags/example_params_ui_tutorial.py for tasks to queue
[2026-02-01T01:43:23.665+0000] {logging_mixin.py:151} INFO - [2026-02-01T01:43:23.665+0000] {dagbag.py:536} INFO - Filling up the DagBag from /home/airflow/.local/lib/python3.8/site-packages/airflow/example_dags/example_params_ui_tutorial.py
[2026-02-01T01:43:23.759+0000] {processor.py:839} INFO - DAG(s) dict_keys(['example_params_ui_tutorial']) retrieved from /home/airflow/.local/lib/python3.8/site-packages/airflow/example_dags/example_params_ui_tutorial.py
[2026-02-01T01:43:23.880+0000] {logging_mixin.py:151} INFO - [2026-02-01T01:43:23.880+0000] {dag.py:2941} INFO - Sync 1 DAGs
[2026-02-01T01:43:23.906+0000] {logging_mixin.py:151} INFO - [2026-02-01T01:43:23.906+0000] {dag.py:3722} INFO - Setting next_dagrun for example_params_ui_tutorial to None, run_after=None
[2026-02-01T01:43:23.952+0000] {processor.py:179} INFO - Processing /home/airflow/.local/lib/python3.8/site-packages/airflow/example_dags/example_params_ui_tutorial.py took 0.308 seconds
[2026-02-01T01:43:54.279+0000] {processor.py:157} INFO - Started process (PID=432) to work on /home/airflow/.local/lib/python3.8/site-packages/airflow/example_dags/example_params_ui_tutorial.py
[2026-02-01T01:43:54.282+0000] {processor.py:829} INFO - Processing file /home/airflow/.local/lib/python3.8/site-packages/airflow/example_dags/example_params_ui_tutorial.py for tasks to queue
[2026-02-01T01:43:54.287+0000] {logging_mixin.py:151} INFO - [2026-02-01T01:43:54.286+0000] {dagbag.py:536} INFO - Filling up the DagBag from /home/airflow/.local/lib/python3.8/site-packages/airflow/example_dags/example_params_ui_tutorial.py
[2026-02-01T01:43:54.377+0000] {processor.py:839} INFO - DAG(s) dict_keys(['example_params_ui_tutorial']) retrieved from /home/airflow/.local/lib/python3.8/site-packages/airflow/example_dags/example_params_ui_tutorial.py
[2026-02-01T01:43:54.556+0000] {logging_mixin.py:151} INFO - [2026-02-01T01:43:54.555+0000] {dag.py:2941} INFO - Sync 1 DAGs
[2026-02-01T01:43:54.599+0000] {logging_mixin.py:151} INFO - [2026-02-01T01:43:54.599+0000] {dag.py:3722} INFO - Setting next_dagrun for example_params_ui_tutorial to None, run_after=None
[2026-02-01T01:43:54.722+0000] {processor.py:179} INFO - Processing /home/airflow/.local/lib/python3.8/site-packages/airflow/example_dags/example_params_ui_tutorial.py took 0.452 seconds
[2026-02-01T01:44:25.241+0000] {processor.py:157} INFO - Started process (PID=487) to work on /home/airflow/.local/lib/python3.8/site-packages/airflow/example_dags/example_params_ui_tutorial.py
[2026-02-01T01:44:25.243+0000] {processor.py:829} INFO - Processing file /home/airflow/.local/lib/python3.8/site-packages/airflow/example_dags/example_params_ui_tutorial.py for tasks to queue
[2026-02-01T01:44:25.249+0000] {logging_mixin.py:151} INFO - [2026-02-01T01:44:25.248+0000] {dagbag.py:536} INFO - Filling up the DagBag from /home/airflow/.local/lib/python3.8/site-packages/airflow/example_dags/example_params_ui_tutorial.py
[2026-02-01T01:44:25.342+0000] {processor.py:839} INFO - DAG(s) dict_keys(['example_params_ui_tutorial']) retrieved from /home/airflow/.local/lib/python3.8/site-packages/airflow/example_dags/example_params_ui_tutorial.py
[2026-02-01T01:44:25.376+0000] {logging_mixin.py:151} INFO - [2026-02-01T01:44:25.375+0000] {dag.py:2941} INFO - Sync 1 DAGs
[2026-02-01T01:44:25.417+0000] {logging_mixin.py:151} INFO - [2026-02-01T01:44:25.417+0000] {dag.py:3722} INFO - Setting next_dagrun for example_params_ui_tutorial to None, run_after=None
[2026-02-01T01:44:25.467+0000] {processor.py:179} INFO - Processing /home/airflow/.local/lib/python3.8/site-packages/airflow/example_dags/example_params_ui_tutorial.py took 0.236 seconds
[2026-02-01T02:11:12.208+0000] {processor.py:157} INFO - Started process (PID=119) to work on /home/airflow/.local/lib/python3.8/site-packages/airflow/example_dags/example_params_ui_tutorial.py
[2026-02-01T02:11:12.212+0000] {processor.py:829} INFO - Processing file /home/airflow/.local/lib/python3.8/site-packages/airflow/example_dags/example_params_ui_tutorial.py for tasks to queue
[2026-02-01T02:11:12.220+0000] {logging_mixin.py:151} INFO - [2026-02-01T02:11:12.218+0000] {dagbag.py:536} INFO - Filling up the DagBag from /home/airflow/.local/lib/python3.8/site-packages/airflow/example_dags/example_params_ui_tutorial.py
[2026-02-01T02:11:12.494+0000] {processor.py:839} INFO - DAG(s) dict_keys(['example_params_ui_tutorial']) retrieved from /home/airflow/.local/lib/python3.8/site-packages/airflow/example_dags/example_params_ui_tutorial.py
[2026-02-01T02:11:12.720+0000] {logging_mixin.py:151} INFO - [2026-02-01T02:11:12.720+0000] {dag.py:2941} INFO - Sync 1 DAGs
[2026-02-01T02:11:12.787+0000] {logging_mixin.py:151} INFO - [2026-02-01T02:11:12.787+0000] {dag.py:3722} INFO - Setting next_dagrun for example_params_ui_tutorial to None, run_after=None
[2026-02-01T02:11:12.878+0000] {processor.py:179} INFO - Processing /home/airflow/.local/lib/python3.8/site-packages/airflow/example_dags/example_params_ui_tutorial.py took 0.681 seconds
[2026-02-01T02:11:43.392+0000] {processor.py:157} INFO - Started process (PID=174) to work on /home/airflow/.local/lib/python3.8/site-packages/airflow/example_dags/example_params_ui_tutorial.py
[2026-02-01T02:11:43.410+0000] {processor.py:829} INFO - Processing file /home/airflow/.local/lib/python3.8/site-packages/airflow/example_dags/example_params_ui_tutorial.py for tasks to queue
[2026-02-01T02:11:43.418+0000] {logging_mixin.py:151} INFO - [2026-02-01T02:11:43.416+0000] {dagbag.py:536} INFO - Filling up the DagBag from /home/airflow/.local/lib/python3.8/site-packages/airflow/example_dags/example_params_ui_tutorial.py
[2026-02-01T02:11:43.643+0000] {processor.py:839} INFO - DAG(s) dict_keys(['example_params_ui_tutorial']) retrieved from /home/airflow/.local/lib/python3.8/site-packages/airflow/example_dags/example_params_ui_tutorial.py
[2026-02-01T02:11:44.082+0000] {logging_mixin.py:151} INFO - [2026-02-01T02:11:44.082+0000] {dag.py:2941} INFO - Sync 1 DAGs
[2026-02-01T02:11:44.147+0000] {logging_mixin.py:151} INFO - [2026-02-01T02:11:44.146+0000] {dag.py:3722} INFO - Setting next_dagrun for example_params_ui_tutorial to None, run_after=None
[2026-02-01T02:11:44.241+0000] {processor.py:179} INFO - Processing /home/airflow/.local/lib/python3.8/site-packages/airflow/example_dags/example_params_ui_tutorial.py took 0.871 seconds
[2026-02-01T02:12:14.708+0000] {processor.py:157} INFO - Started process (PID=229) to work on /home/airflow/.local/lib/python3.8/site-packages/airflow/example_dags/example_params_ui_tutorial.py
[2026-02-01T02:12:14.710+0000] {processor.py:829} INFO - Processing file /home/airflow/.local/lib/python3.8/site-packages/airflow/example_dags/example_params_ui_tutorial.py for tasks to queue
[2026-02-01T02:12:14.716+0000] {logging_mixin.py:151} INFO - [2026-02-01T02:12:14.715+0000] {dagbag.py:536} INFO - Filling up the DagBag from /home/airflow/.local/lib/python3.8/site-packages/airflow/example_dags/example_params_ui_tutorial.py
[2026-02-01T02:12:14.816+0000] {processor.py:839} INFO - DAG(s) dict_keys(['example_params_ui_tutorial']) retrieved from /home/airflow/.local/lib/python3.8/site-packages/airflow/example_dags/example_params_ui_tutorial.py
[2026-02-01T02:12:14.955+0000] {logging_mixin.py:151} INFO - [2026-02-01T02:12:14.954+0000] {dag.py:2941} INFO - Sync 1 DAGs
[2026-02-01T02:12:15.008+0000] {logging_mixin.py:151} INFO - [2026-02-01T02:12:15.008+0000] {dag.py:3722} INFO - Setting next_dagrun for example_params_ui_tutorial to None, run_after=None
[2026-02-01T02:12:15.081+0000] {processor.py:179} INFO - Processing /home/airflow/.local/lib/python3.8/site-packages/airflow/example_dags/example_params_ui_tutorial.py took 0.382 seconds
[2026-02-01T02:12:45.421+0000] {processor.py:157} INFO - Started process (PID=284) to work on /home/airflow/.local/lib/python3.8/site-packages/airflow/example_dags/example_params_ui_tutorial.py
[2026-02-01T02:12:45.424+0000] {processor.py:829} INFO - Processing file /home/airflow/.local/lib/python3.8/site-packages/airflow/example_dags/example_params_ui_tutorial.py for tasks to queue
[2026-02-01T02:12:45.427+0000] {logging_mixin.py:151} INFO - [2026-02-01T02:12:45.427+0000] {dagbag.py:536} INFO - Filling up the DagBag from /home/airflow/.local/lib/python3.8/site-packages/airflow/example_dags/example_params_ui_tutorial.py
[2026-02-01T02:12:45.510+0000] {processor.py:839} INFO - DAG(s) dict_keys(['example_params_ui_tutorial']) retrieved from /home/airflow/.local/lib/python3.8/site-packages/airflow/example_dags/example_params_ui_tutorial.py
[2026-02-01T02:12:45.674+0000] {logging_mixin.py:151} INFO - [2026-02-01T02:12:45.674+0000] {dag.py:2941} INFO - Sync 1 DAGs
[2026-02-01T02:12:45.703+0000] {logging_mixin.py:151} INFO - [2026-02-01T02:12:45.702+0000] {dag.py:3722} INFO - Setting next_dagrun for example_params_ui_tutorial to None, run_after=None
[2026-02-01T02:12:45.743+0000] {processor.py:179} INFO - Processing /home/airflow/.local/lib/python3.8/site-packages/airflow/example_dags/example_params_ui_tutorial.py took 0.330 seconds
[2026-02-01T02:13:16.143+0000] {processor.py:157} INFO - Started process (PID=339) to work on /home/airflow/.local/lib/python3.8/site-packages/airflow/example_dags/example_params_ui_tutorial.py
[2026-02-01T02:13:16.145+0000] {processor.py:829} INFO - Processing file /home/airflow/.local/lib/python3.8/site-packages/airflow/example_dags/example_params_ui_tutorial.py for tasks to queue
[2026-02-01T02:13:16.153+0000] {logging_mixin.py:151} INFO - [2026-02-01T02:13:16.150+0000] {dagbag.py:536} INFO - Filling up the DagBag from /home/airflow/.local/lib/python3.8/site-packages/airflow/example_dags/example_params_ui_tutorial.py
[2026-02-01T02:13:16.279+0000] {processor.py:839} INFO - DAG(s) dict_keys(['example_params_ui_tutorial']) retrieved from /home/airflow/.local/lib/python3.8/site-packages/airflow/example_dags/example_params_ui_tutorial.py
[2026-02-01T02:13:16.504+0000] {logging_mixin.py:151} INFO - [2026-02-01T02:13:16.503+0000] {dag.py:2941} INFO - Sync 1 DAGs
[2026-02-01T02:13:16.549+0000] {logging_mixin.py:151} INFO - [2026-02-01T02:13:16.549+0000] {dag.py:3722} INFO - Setting next_dagrun for example_params_ui_tutorial to None, run_after=None
[2026-02-01T02:13:16.596+0000] {processor.py:179} INFO - Processing /home/airflow/.local/lib/python3.8/site-packages/airflow/example_dags/example_params_ui_tutorial.py took 0.465 seconds
[2026-02-01T02:13:47.038+0000] {processor.py:157} INFO - Started process (PID=394) to work on /home/airflow/.local/lib/python3.8/site-packages/airflow/example_dags/example_params_ui_tutorial.py
[2026-02-01T02:13:47.045+0000] {processor.py:829} INFO - Processing file /home/airflow/.local/lib/python3.8/site-packages/airflow/example_dags/example_params_ui_tutorial.py for tasks to queue
[2026-02-01T02:13:47.052+0000] {logging_mixin.py:151} INFO - [2026-02-01T02:13:47.051+0000] {dagbag.py:536} INFO - Filling up the DagBag from /home/airflow/.local/lib/python3.8/site-packages/airflow/example_dags/example_params_ui_tutorial.py
[2026-02-01T02:13:47.195+0000] {processor.py:839} INFO - DAG(s) dict_keys(['example_params_ui_tutorial']) retrieved from /home/airflow/.local/lib/python3.8/site-packages/airflow/example_dags/example_params_ui_tutorial.py
[2026-02-01T02:13:47.536+0000] {logging_mixin.py:151} INFO - [2026-02-01T02:13:47.536+0000] {dag.py:2941} INFO - Sync 1 DAGs
[2026-02-01T02:13:47.580+0000] {logging_mixin.py:151} INFO - [2026-02-01T02:13:47.580+0000] {dag.py:3722} INFO - Setting next_dagrun for example_params_ui_tutorial to None, run_after=None
[2026-02-01T02:13:47.680+0000] {processor.py:179} INFO - Processing /home/airflow/.local/lib/python3.8/site-packages/airflow/example_dags/example_params_ui_tutorial.py took 0.652 seconds
[2026-02-01T02:14:17.928+0000] {processor.py:157} INFO - Started process (PID=450) to work on /home/airflow/.local/lib/python3.8/site-packages/airflow/example_dags/example_params_ui_tutorial.py
[2026-02-01T02:14:17.930+0000] {processor.py:829} INFO - Processing file /home/airflow/.local/lib/python3.8/site-packages/airflow/example_dags/example_params_ui_tutorial.py for tasks to queue
[2026-02-01T02:14:17.933+0000] {logging_mixin.py:151} INFO - [2026-02-01T02:14:17.933+0000] {dagbag.py:536} INFO - Filling up the DagBag from /home/airflow/.local/lib/python3.8/site-packages/airflow/example_dags/example_params_ui_tutorial.py
[2026-02-01T02:14:17.997+0000] {processor.py:839} INFO - DAG(s) dict_keys(['example_params_ui_tutorial']) retrieved from /home/airflow/.local/lib/python3.8/site-packages/airflow/example_dags/example_params_ui_tutorial.py
[2026-02-01T02:14:18.106+0000] {logging_mixin.py:151} INFO - [2026-02-01T02:14:18.106+0000] {dag.py:2941} INFO - Sync 1 DAGs
[2026-02-01T02:14:18.127+0000] {logging_mixin.py:151} INFO - [2026-02-01T02:14:18.127+0000] {dag.py:3722} INFO - Setting next_dagrun for example_params_ui_tutorial to None, run_after=None
[2026-02-01T02:14:18.173+0000] {processor.py:179} INFO - Processing /home/airflow/.local/lib/python3.8/site-packages/airflow/example_dags/example_params_ui_tutorial.py took 0.255 seconds
[2026-02-01T02:14:48.967+0000] {processor.py:157} INFO - Started process (PID=503) to work on /home/airflow/.local/lib/python3.8/site-packages/airflow/example_dags/example_params_ui_tutorial.py
[2026-02-01T02:14:49.006+0000] {processor.py:829} INFO - Processing file /home/airflow/.local/lib/python3.8/site-packages/airflow/example_dags/example_params_ui_tutorial.py for tasks to queue
[2026-02-01T02:14:49.012+0000] {logging_mixin.py:151} INFO - [2026-02-01T02:14:49.011+0000] {dagbag.py:536} INFO - Filling up the DagBag from /home/airflow/.local/lib/python3.8/site-packages/airflow/example_dags/example_params_ui_tutorial.py
[2026-02-01T02:14:49.144+0000] {processor.py:839} INFO - DAG(s) dict_keys(['example_params_ui_tutorial']) retrieved from /home/airflow/.local/lib/python3.8/site-packages/airflow/example_dags/example_params_ui_tutorial.py
[2026-02-01T02:14:49.246+0000] {logging_mixin.py:151} INFO - [2026-02-01T02:14:49.246+0000] {dag.py:2941} INFO - Sync 1 DAGs
[2026-02-01T02:14:49.275+0000] {logging_mixin.py:151} INFO - [2026-02-01T02:14:49.274+0000] {dag.py:3722} INFO - Setting next_dagrun for example_params_ui_tutorial to None, run_after=None
[2026-02-01T02:14:49.316+0000] {processor.py:179} INFO - Processing /home/airflow/.local/lib/python3.8/site-packages/airflow/example_dags/example_params_ui_tutorial.py took 0.379 seconds
[2026-02-01T02:15:19.685+0000] {processor.py:157} INFO - Started process (PID=558) to work on /home/airflow/.local/lib/python3.8/site-packages/airflow/example_dags/example_params_ui_tutorial.py
[2026-02-01T02:15:19.689+0000] {processor.py:829} INFO - Processing file /home/airflow/.local/lib/python3.8/site-packages/airflow/example_dags/example_params_ui_tutorial.py for tasks to queue
[2026-02-01T02:15:19.695+0000] {logging_mixin.py:151} INFO - [2026-02-01T02:15:19.694+0000] {dagbag.py:536} INFO - Filling up the DagBag from /home/airflow/.local/lib/python3.8/site-packages/airflow/example_dags/example_params_ui_tutorial.py
[2026-02-01T02:15:19.793+0000] {processor.py:839} INFO - DAG(s) dict_keys(['example_params_ui_tutorial']) retrieved from /home/airflow/.local/lib/python3.8/site-packages/airflow/example_dags/example_params_ui_tutorial.py
[2026-02-01T02:15:19.933+0000] {logging_mixin.py:151} INFO - [2026-02-01T02:15:19.933+0000] {dag.py:2941} INFO - Sync 1 DAGs
[2026-02-01T02:15:19.962+0000] {logging_mixin.py:151} INFO - [2026-02-01T02:15:19.962+0000] {dag.py:3722} INFO - Setting next_dagrun for example_params_ui_tutorial to None, run_after=None
[2026-02-01T02:15:19.998+0000] {processor.py:179} INFO - Processing /home/airflow/.local/lib/python3.8/site-packages/airflow/example_dags/example_params_ui_tutorial.py took 0.328 seconds
[2026-02-01T02:15:50.663+0000] {processor.py:157} INFO - Started process (PID=613) to work on /home/airflow/.local/lib/python3.8/site-packages/airflow/example_dags/example_params_ui_tutorial.py
[2026-02-01T02:15:50.666+0000] {processor.py:829} INFO - Processing file /home/airflow/.local/lib/python3.8/site-packages/airflow/example_dags/example_params_ui_tutorial.py for tasks to queue
[2026-02-01T02:15:50.670+0000] {logging_mixin.py:151} INFO - [2026-02-01T02:15:50.669+0000] {dagbag.py:536} INFO - Filling up the DagBag from /home/airflow/.local/lib/python3.8/site-packages/airflow/example_dags/example_params_ui_tutorial.py
[2026-02-01T02:15:50.737+0000] {processor.py:839} INFO - DAG(s) dict_keys(['example_params_ui_tutorial']) retrieved from /home/airflow/.local/lib/python3.8/site-packages/airflow/example_dags/example_params_ui_tutorial.py
[2026-02-01T02:15:50.863+0000] {logging_mixin.py:151} INFO - [2026-02-01T02:15:50.863+0000] {dag.py:2941} INFO - Sync 1 DAGs
[2026-02-01T02:15:50.890+0000] {logging_mixin.py:151} INFO - [2026-02-01T02:15:50.889+0000] {dag.py:3722} INFO - Setting next_dagrun for example_params_ui_tutorial to None, run_after=None
[2026-02-01T02:15:50.936+0000] {processor.py:179} INFO - Processing /home/airflow/.local/lib/python3.8/site-packages/airflow/example_dags/example_params_ui_tutorial.py took 0.279 seconds
[2026-02-01T02:16:21.059+0000] {processor.py:157} INFO - Started process (PID=667) to work on /home/airflow/.local/lib/python3.8/site-packages/airflow/example_dags/example_params_ui_tutorial.py
[2026-02-01T02:16:21.062+0000] {processor.py:829} INFO - Processing file /home/airflow/.local/lib/python3.8/site-packages/airflow/example_dags/example_params_ui_tutorial.py for tasks to queue
[2026-02-01T02:16:21.067+0000] {logging_mixin.py:151} INFO - [2026-02-01T02:16:21.067+0000] {dagbag.py:536} INFO - Filling up the DagBag from /home/airflow/.local/lib/python3.8/site-packages/airflow/example_dags/example_params_ui_tutorial.py
[2026-02-01T02:16:21.201+0000] {processor.py:839} INFO - DAG(s) dict_keys(['example_params_ui_tutorial']) retrieved from /home/airflow/.local/lib/python3.8/site-packages/airflow/example_dags/example_params_ui_tutorial.py
[2026-02-01T02:16:21.394+0000] {logging_mixin.py:151} INFO - [2026-02-01T02:16:21.394+0000] {dag.py:2941} INFO - Sync 1 DAGs
[2026-02-01T02:16:21.422+0000] {logging_mixin.py:151} INFO - [2026-02-01T02:16:21.421+0000] {dag.py:3722} INFO - Setting next_dagrun for example_params_ui_tutorial to None, run_after=None
[2026-02-01T02:16:21.470+0000] {processor.py:179} INFO - Processing /home/airflow/.local/lib/python3.8/site-packages/airflow/example_dags/example_params_ui_tutorial.py took 0.431 seconds
