[2026-02-01T01:37:05.373+0000] {processor.py:157} INFO - Started process (PID=84) to work on /home/airflow/.local/lib/python3.8/site-packages/airflow/example_dags/example_trigger_controller_dag.py
[2026-02-01T01:37:05.376+0000] {processor.py:829} INFO - Processing file /home/airflow/.local/lib/python3.8/site-packages/airflow/example_dags/example_trigger_controller_dag.py for tasks to queue
[2026-02-01T01:37:05.384+0000] {logging_mixin.py:151} INFO - [2026-02-01T01:37:05.383+0000] {dagbag.py:536} INFO - Filling up the DagBag from /home/airflow/.local/lib/python3.8/site-packages/airflow/example_dags/example_trigger_controller_dag.py
[2026-02-01T01:37:05.401+0000] {processor.py:839} INFO - DAG(s) dict_keys(['example_trigger_controller_dag']) retrieved from /home/airflow/.local/lib/python3.8/site-packages/airflow/example_dags/example_trigger_controller_dag.py
[2026-02-01T01:37:05.729+0000] {logging_mixin.py:151} INFO - [2026-02-01T01:37:05.729+0000] {manager.py:499} INFO - Created Permission View: %s
[2026-02-01T01:37:05.785+0000] {logging_mixin.py:151} INFO - [2026-02-01T01:37:05.782+0000] {manager.py:499} INFO - Created Permission View: %s
[2026-02-01T01:37:05.950+0000] {logging_mixin.py:151} INFO - [2026-02-01T01:37:05.949+0000] {manager.py:499} INFO - Created Permission View: %s
[2026-02-01T01:37:05.951+0000] {logging_mixin.py:151} INFO - [2026-02-01T01:37:05.950+0000] {dag.py:2941} INFO - Sync 1 DAGs
[2026-02-01T01:37:06.058+0000] {logging_mixin.py:151} INFO - [2026-02-01T01:37:06.057+0000] {dag.py:2963} INFO - Creating ORM DAG for example_trigger_controller_dag
[2026-02-01T01:37:06.137+0000] {logging_mixin.py:151} INFO - [2026-02-01T01:37:06.136+0000] {dag.py:3722} INFO - Setting next_dagrun for example_trigger_controller_dag to 2021-01-01T00:00:00+00:00, run_after=2021-01-01T00:00:00+00:00
[2026-02-01T01:37:06.205+0000] {processor.py:179} INFO - Processing /home/airflow/.local/lib/python3.8/site-packages/airflow/example_dags/example_trigger_controller_dag.py took 0.843 seconds
[2026-02-01T01:40:34.413+0000] {processor.py:157} INFO - Started process (PID=77) to work on /home/airflow/.local/lib/python3.8/site-packages/airflow/example_dags/example_trigger_controller_dag.py
[2026-02-01T01:40:34.415+0000] {processor.py:829} INFO - Processing file /home/airflow/.local/lib/python3.8/site-packages/airflow/example_dags/example_trigger_controller_dag.py for tasks to queue
[2026-02-01T01:40:34.424+0000] {logging_mixin.py:151} INFO - [2026-02-01T01:40:34.423+0000] {dagbag.py:536} INFO - Filling up the DagBag from /home/airflow/.local/lib/python3.8/site-packages/airflow/example_dags/example_trigger_controller_dag.py
[2026-02-01T01:40:34.440+0000] {processor.py:839} INFO - DAG(s) dict_keys(['example_trigger_controller_dag']) retrieved from /home/airflow/.local/lib/python3.8/site-packages/airflow/example_dags/example_trigger_controller_dag.py
[2026-02-01T01:40:34.505+0000] {logging_mixin.py:151} INFO - [2026-02-01T01:40:34.505+0000] {dag.py:2941} INFO - Sync 1 DAGs
[2026-02-01T01:40:34.564+0000] {logging_mixin.py:151} INFO - [2026-02-01T01:40:34.563+0000] {dag.py:3722} INFO - Setting next_dagrun for example_trigger_controller_dag to 2021-01-01T00:00:00+00:00, run_after=2021-01-01T00:00:00+00:00
[2026-02-01T01:40:34.620+0000] {processor.py:179} INFO - Processing /home/airflow/.local/lib/python3.8/site-packages/airflow/example_dags/example_trigger_controller_dag.py took 0.218 seconds
[2026-02-01T01:41:05.305+0000] {processor.py:157} INFO - Started process (PID=133) to work on /home/airflow/.local/lib/python3.8/site-packages/airflow/example_dags/example_trigger_controller_dag.py
[2026-02-01T01:41:05.310+0000] {processor.py:829} INFO - Processing file /home/airflow/.local/lib/python3.8/site-packages/airflow/example_dags/example_trigger_controller_dag.py for tasks to queue
[2026-02-01T01:41:05.315+0000] {logging_mixin.py:151} INFO - [2026-02-01T01:41:05.314+0000] {dagbag.py:536} INFO - Filling up the DagBag from /home/airflow/.local/lib/python3.8/site-packages/airflow/example_dags/example_trigger_controller_dag.py
[2026-02-01T01:41:05.327+0000] {processor.py:839} INFO - DAG(s) dict_keys(['example_trigger_controller_dag']) retrieved from /home/airflow/.local/lib/python3.8/site-packages/airflow/example_dags/example_trigger_controller_dag.py
[2026-02-01T01:41:05.384+0000] {logging_mixin.py:151} INFO - [2026-02-01T01:41:05.384+0000] {dag.py:2941} INFO - Sync 1 DAGs
[2026-02-01T01:41:05.444+0000] {logging_mixin.py:151} INFO - [2026-02-01T01:41:05.443+0000] {dag.py:3722} INFO - Setting next_dagrun for example_trigger_controller_dag to 2021-01-01T00:00:00+00:00, run_after=2021-01-01T00:00:00+00:00
[2026-02-01T01:41:05.492+0000] {processor.py:179} INFO - Processing /home/airflow/.local/lib/python3.8/site-packages/airflow/example_dags/example_trigger_controller_dag.py took 0.195 seconds
[2026-02-01T01:41:42.721+0000] {processor.py:157} INFO - Started process (PID=188) to work on /home/airflow/.local/lib/python3.8/site-packages/airflow/example_dags/example_trigger_controller_dag.py
[2026-02-01T01:41:42.739+0000] {processor.py:829} INFO - Processing file /home/airflow/.local/lib/python3.8/site-packages/airflow/example_dags/example_trigger_controller_dag.py for tasks to queue
[2026-02-01T01:41:42.755+0000] {logging_mixin.py:151} INFO - [2026-02-01T01:41:42.754+0000] {dagbag.py:536} INFO - Filling up the DagBag from /home/airflow/.local/lib/python3.8/site-packages/airflow/example_dags/example_trigger_controller_dag.py
[2026-02-01T01:41:42.801+0000] {processor.py:839} INFO - DAG(s) dict_keys(['example_trigger_controller_dag']) retrieved from /home/airflow/.local/lib/python3.8/site-packages/airflow/example_dags/example_trigger_controller_dag.py
[2026-02-01T01:41:42.954+0000] {logging_mixin.py:151} INFO - [2026-02-01T01:41:42.954+0000] {dag.py:2941} INFO - Sync 1 DAGs
[2026-02-01T01:41:43.113+0000] {logging_mixin.py:151} INFO - [2026-02-01T01:41:43.112+0000] {dag.py:3722} INFO - Setting next_dagrun for example_trigger_controller_dag to 2021-01-01T00:00:00+00:00, run_after=2021-01-01T00:00:00+00:00
[2026-02-01T01:41:43.230+0000] {processor.py:179} INFO - Processing /home/airflow/.local/lib/python3.8/site-packages/airflow/example_dags/example_trigger_controller_dag.py took 0.542 seconds
[2026-02-01T01:42:13.999+0000] {processor.py:157} INFO - Started process (PID=244) to work on /home/airflow/.local/lib/python3.8/site-packages/airflow/example_dags/example_trigger_controller_dag.py
[2026-02-01T01:42:14.003+0000] {processor.py:829} INFO - Processing file /home/airflow/.local/lib/python3.8/site-packages/airflow/example_dags/example_trigger_controller_dag.py for tasks to queue
[2026-02-01T01:42:14.011+0000] {logging_mixin.py:151} INFO - [2026-02-01T01:42:14.011+0000] {dagbag.py:536} INFO - Filling up the DagBag from /home/airflow/.local/lib/python3.8/site-packages/airflow/example_dags/example_trigger_controller_dag.py
[2026-02-01T01:42:14.029+0000] {processor.py:839} INFO - DAG(s) dict_keys(['example_trigger_controller_dag']) retrieved from /home/airflow/.local/lib/python3.8/site-packages/airflow/example_dags/example_trigger_controller_dag.py
[2026-02-01T01:42:14.143+0000] {logging_mixin.py:151} INFO - [2026-02-01T01:42:14.143+0000] {dag.py:2941} INFO - Sync 1 DAGs
[2026-02-01T01:42:14.263+0000] {logging_mixin.py:151} INFO - [2026-02-01T01:42:14.263+0000] {dag.py:3722} INFO - Setting next_dagrun for example_trigger_controller_dag to 2021-01-01T00:00:00+00:00, run_after=2021-01-01T00:00:00+00:00
[2026-02-01T01:42:14.353+0000] {processor.py:179} INFO - Processing /home/airflow/.local/lib/python3.8/site-packages/airflow/example_dags/example_trigger_controller_dag.py took 0.393 seconds
[2026-02-01T01:42:44.701+0000] {processor.py:157} INFO - Started process (PID=299) to work on /home/airflow/.local/lib/python3.8/site-packages/airflow/example_dags/example_trigger_controller_dag.py
[2026-02-01T01:42:44.703+0000] {processor.py:829} INFO - Processing file /home/airflow/.local/lib/python3.8/site-packages/airflow/example_dags/example_trigger_controller_dag.py for tasks to queue
[2026-02-01T01:42:44.709+0000] {logging_mixin.py:151} INFO - [2026-02-01T01:42:44.708+0000] {dagbag.py:536} INFO - Filling up the DagBag from /home/airflow/.local/lib/python3.8/site-packages/airflow/example_dags/example_trigger_controller_dag.py
[2026-02-01T01:42:44.724+0000] {processor.py:839} INFO - DAG(s) dict_keys(['example_trigger_controller_dag']) retrieved from /home/airflow/.local/lib/python3.8/site-packages/airflow/example_dags/example_trigger_controller_dag.py
[2026-02-01T01:42:44.782+0000] {logging_mixin.py:151} INFO - [2026-02-01T01:42:44.781+0000] {dag.py:2941} INFO - Sync 1 DAGs
[2026-02-01T01:42:44.834+0000] {logging_mixin.py:151} INFO - [2026-02-01T01:42:44.834+0000] {dag.py:3722} INFO - Setting next_dagrun for example_trigger_controller_dag to 2021-01-01T00:00:00+00:00, run_after=2021-01-01T00:00:00+00:00
[2026-02-01T01:42:44.886+0000] {processor.py:179} INFO - Processing /home/airflow/.local/lib/python3.8/site-packages/airflow/example_dags/example_trigger_controller_dag.py took 0.203 seconds
[2026-02-01T01:43:15.460+0000] {processor.py:157} INFO - Started process (PID=353) to work on /home/airflow/.local/lib/python3.8/site-packages/airflow/example_dags/example_trigger_controller_dag.py
[2026-02-01T01:43:15.463+0000] {processor.py:829} INFO - Processing file /home/airflow/.local/lib/python3.8/site-packages/airflow/example_dags/example_trigger_controller_dag.py for tasks to queue
[2026-02-01T01:43:15.468+0000] {logging_mixin.py:151} INFO - [2026-02-01T01:43:15.467+0000] {dagbag.py:536} INFO - Filling up the DagBag from /home/airflow/.local/lib/python3.8/site-packages/airflow/example_dags/example_trigger_controller_dag.py
[2026-02-01T01:43:15.478+0000] {processor.py:839} INFO - DAG(s) dict_keys(['example_trigger_controller_dag']) retrieved from /home/airflow/.local/lib/python3.8/site-packages/airflow/example_dags/example_trigger_controller_dag.py
[2026-02-01T01:43:15.517+0000] {logging_mixin.py:151} INFO - [2026-02-01T01:43:15.517+0000] {dag.py:2941} INFO - Sync 1 DAGs
[2026-02-01T01:43:15.556+0000] {logging_mixin.py:151} INFO - [2026-02-01T01:43:15.555+0000] {dag.py:3722} INFO - Setting next_dagrun for example_trigger_controller_dag to 2021-01-01T00:00:00+00:00, run_after=2021-01-01T00:00:00+00:00
[2026-02-01T01:43:15.590+0000] {processor.py:179} INFO - Processing /home/airflow/.local/lib/python3.8/site-packages/airflow/example_dags/example_trigger_controller_dag.py took 0.137 seconds
[2026-02-01T01:43:46.378+0000] {processor.py:157} INFO - Started process (PID=408) to work on /home/airflow/.local/lib/python3.8/site-packages/airflow/example_dags/example_trigger_controller_dag.py
[2026-02-01T01:43:46.380+0000] {processor.py:829} INFO - Processing file /home/airflow/.local/lib/python3.8/site-packages/airflow/example_dags/example_trigger_controller_dag.py for tasks to queue
[2026-02-01T01:43:46.389+0000] {logging_mixin.py:151} INFO - [2026-02-01T01:43:46.388+0000] {dagbag.py:536} INFO - Filling up the DagBag from /home/airflow/.local/lib/python3.8/site-packages/airflow/example_dags/example_trigger_controller_dag.py
[2026-02-01T01:43:46.411+0000] {processor.py:839} INFO - DAG(s) dict_keys(['example_trigger_controller_dag']) retrieved from /home/airflow/.local/lib/python3.8/site-packages/airflow/example_dags/example_trigger_controller_dag.py
[2026-02-01T01:43:46.475+0000] {logging_mixin.py:151} INFO - [2026-02-01T01:43:46.475+0000] {dag.py:2941} INFO - Sync 1 DAGs
[2026-02-01T01:43:46.541+0000] {logging_mixin.py:151} INFO - [2026-02-01T01:43:46.540+0000] {dag.py:3722} INFO - Setting next_dagrun for example_trigger_controller_dag to 2021-01-01T00:00:00+00:00, run_after=2021-01-01T00:00:00+00:00
[2026-02-01T01:43:46.583+0000] {processor.py:179} INFO - Processing /home/airflow/.local/lib/python3.8/site-packages/airflow/example_dags/example_trigger_controller_dag.py took 0.215 seconds
[2026-02-01T01:44:16.957+0000] {processor.py:157} INFO - Started process (PID=463) to work on /home/airflow/.local/lib/python3.8/site-packages/airflow/example_dags/example_trigger_controller_dag.py
[2026-02-01T01:44:16.961+0000] {processor.py:829} INFO - Processing file /home/airflow/.local/lib/python3.8/site-packages/airflow/example_dags/example_trigger_controller_dag.py for tasks to queue
[2026-02-01T01:44:16.965+0000] {logging_mixin.py:151} INFO - [2026-02-01T01:44:16.964+0000] {dagbag.py:536} INFO - Filling up the DagBag from /home/airflow/.local/lib/python3.8/site-packages/airflow/example_dags/example_trigger_controller_dag.py
[2026-02-01T01:44:16.976+0000] {processor.py:839} INFO - DAG(s) dict_keys(['example_trigger_controller_dag']) retrieved from /home/airflow/.local/lib/python3.8/site-packages/airflow/example_dags/example_trigger_controller_dag.py
[2026-02-01T01:44:17.016+0000] {logging_mixin.py:151} INFO - [2026-02-01T01:44:17.015+0000] {dag.py:2941} INFO - Sync 1 DAGs
[2026-02-01T01:44:17.090+0000] {logging_mixin.py:151} INFO - [2026-02-01T01:44:17.090+0000] {dag.py:3722} INFO - Setting next_dagrun for example_trigger_controller_dag to 2021-01-01T00:00:00+00:00, run_after=2021-01-01T00:00:00+00:00
[2026-02-01T01:44:17.146+0000] {processor.py:179} INFO - Processing /home/airflow/.local/lib/python3.8/site-packages/airflow/example_dags/example_trigger_controller_dag.py took 0.200 seconds
[2026-02-01T02:10:57.921+0000] {processor.py:157} INFO - Started process (PID=89) to work on /home/airflow/.local/lib/python3.8/site-packages/airflow/example_dags/example_trigger_controller_dag.py
[2026-02-01T02:10:57.927+0000] {processor.py:829} INFO - Processing file /home/airflow/.local/lib/python3.8/site-packages/airflow/example_dags/example_trigger_controller_dag.py for tasks to queue
[2026-02-01T02:10:57.934+0000] {logging_mixin.py:151} INFO - [2026-02-01T02:10:57.933+0000] {dagbag.py:536} INFO - Filling up the DagBag from /home/airflow/.local/lib/python3.8/site-packages/airflow/example_dags/example_trigger_controller_dag.py
[2026-02-01T02:10:57.951+0000] {processor.py:839} INFO - DAG(s) dict_keys(['example_trigger_controller_dag']) retrieved from /home/airflow/.local/lib/python3.8/site-packages/airflow/example_dags/example_trigger_controller_dag.py
[2026-02-01T02:10:58.006+0000] {logging_mixin.py:151} INFO - [2026-02-01T02:10:58.003+0000] {dag.py:2941} INFO - Sync 1 DAGs
[2026-02-01T02:10:58.063+0000] {logging_mixin.py:151} INFO - [2026-02-01T02:10:58.063+0000] {dag.py:3722} INFO - Setting next_dagrun for example_trigger_controller_dag to 2021-01-01T00:00:00+00:00, run_after=2021-01-01T00:00:00+00:00
[2026-02-01T02:10:58.114+0000] {processor.py:179} INFO - Processing /home/airflow/.local/lib/python3.8/site-packages/airflow/example_dags/example_trigger_controller_dag.py took 0.210 seconds
[2026-02-01T02:11:29.234+0000] {processor.py:157} INFO - Started process (PID=144) to work on /home/airflow/.local/lib/python3.8/site-packages/airflow/example_dags/example_trigger_controller_dag.py
[2026-02-01T02:11:29.241+0000] {processor.py:829} INFO - Processing file /home/airflow/.local/lib/python3.8/site-packages/airflow/example_dags/example_trigger_controller_dag.py for tasks to queue
[2026-02-01T02:11:29.247+0000] {logging_mixin.py:151} INFO - [2026-02-01T02:11:29.246+0000] {dagbag.py:536} INFO - Filling up the DagBag from /home/airflow/.local/lib/python3.8/site-packages/airflow/example_dags/example_trigger_controller_dag.py
[2026-02-01T02:11:29.259+0000] {processor.py:839} INFO - DAG(s) dict_keys(['example_trigger_controller_dag']) retrieved from /home/airflow/.local/lib/python3.8/site-packages/airflow/example_dags/example_trigger_controller_dag.py
[2026-02-01T02:11:29.329+0000] {logging_mixin.py:151} INFO - [2026-02-01T02:11:29.329+0000] {dag.py:2941} INFO - Sync 1 DAGs
[2026-02-01T02:11:29.404+0000] {logging_mixin.py:151} INFO - [2026-02-01T02:11:29.403+0000] {dag.py:3722} INFO - Setting next_dagrun for example_trigger_controller_dag to 2021-01-01T00:00:00+00:00, run_after=2021-01-01T00:00:00+00:00
[2026-02-01T02:11:29.501+0000] {processor.py:179} INFO - Processing /home/airflow/.local/lib/python3.8/site-packages/airflow/example_dags/example_trigger_controller_dag.py took 0.293 seconds
[2026-02-01T02:12:00.912+0000] {processor.py:157} INFO - Started process (PID=199) to work on /home/airflow/.local/lib/python3.8/site-packages/airflow/example_dags/example_trigger_controller_dag.py
[2026-02-01T02:12:00.924+0000] {processor.py:829} INFO - Processing file /home/airflow/.local/lib/python3.8/site-packages/airflow/example_dags/example_trigger_controller_dag.py for tasks to queue
[2026-02-01T02:12:00.939+0000] {logging_mixin.py:151} INFO - [2026-02-01T02:12:00.937+0000] {dagbag.py:536} INFO - Filling up the DagBag from /home/airflow/.local/lib/python3.8/site-packages/airflow/example_dags/example_trigger_controller_dag.py
[2026-02-01T02:12:00.959+0000] {processor.py:839} INFO - DAG(s) dict_keys(['example_trigger_controller_dag']) retrieved from /home/airflow/.local/lib/python3.8/site-packages/airflow/example_dags/example_trigger_controller_dag.py
[2026-02-01T02:12:01.012+0000] {logging_mixin.py:151} INFO - [2026-02-01T02:12:01.011+0000] {dag.py:2941} INFO - Sync 1 DAGs
[2026-02-01T02:12:01.064+0000] {logging_mixin.py:151} INFO - [2026-02-01T02:12:01.063+0000] {dag.py:3722} INFO - Setting next_dagrun for example_trigger_controller_dag to 2021-01-01T00:00:00+00:00, run_after=2021-01-01T00:00:00+00:00
[2026-02-01T02:12:01.119+0000] {processor.py:179} INFO - Processing /home/airflow/.local/lib/python3.8/site-packages/airflow/example_dags/example_trigger_controller_dag.py took 0.226 seconds
[2026-02-01T02:12:32.028+0000] {processor.py:157} INFO - Started process (PID=254) to work on /home/airflow/.local/lib/python3.8/site-packages/airflow/example_dags/example_trigger_controller_dag.py
[2026-02-01T02:12:32.030+0000] {processor.py:829} INFO - Processing file /home/airflow/.local/lib/python3.8/site-packages/airflow/example_dags/example_trigger_controller_dag.py for tasks to queue
[2026-02-01T02:12:32.042+0000] {logging_mixin.py:151} INFO - [2026-02-01T02:12:32.041+0000] {dagbag.py:536} INFO - Filling up the DagBag from /home/airflow/.local/lib/python3.8/site-packages/airflow/example_dags/example_trigger_controller_dag.py
[2026-02-01T02:12:32.061+0000] {processor.py:839} INFO - DAG(s) dict_keys(['example_trigger_controller_dag']) retrieved from /home/airflow/.local/lib/python3.8/site-packages/airflow/example_dags/example_trigger_controller_dag.py
[2026-02-01T02:12:32.147+0000] {logging_mixin.py:151} INFO - [2026-02-01T02:12:32.146+0000] {dag.py:2941} INFO - Sync 1 DAGs
[2026-02-01T02:12:32.225+0000] {logging_mixin.py:151} INFO - [2026-02-01T02:12:32.225+0000] {dag.py:3722} INFO - Setting next_dagrun for example_trigger_controller_dag to 2021-01-01T00:00:00+00:00, run_after=2021-01-01T00:00:00+00:00
[2026-02-01T02:12:32.309+0000] {processor.py:179} INFO - Processing /home/airflow/.local/lib/python3.8/site-packages/airflow/example_dags/example_trigger_controller_dag.py took 0.297 seconds
[2026-02-01T02:13:03.370+0000] {processor.py:157} INFO - Started process (PID=309) to work on /home/airflow/.local/lib/python3.8/site-packages/airflow/example_dags/example_trigger_controller_dag.py
[2026-02-01T02:13:03.387+0000] {processor.py:829} INFO - Processing file /home/airflow/.local/lib/python3.8/site-packages/airflow/example_dags/example_trigger_controller_dag.py for tasks to queue
[2026-02-01T02:13:03.393+0000] {logging_mixin.py:151} INFO - [2026-02-01T02:13:03.392+0000] {dagbag.py:536} INFO - Filling up the DagBag from /home/airflow/.local/lib/python3.8/site-packages/airflow/example_dags/example_trigger_controller_dag.py
[2026-02-01T02:13:03.408+0000] {processor.py:839} INFO - DAG(s) dict_keys(['example_trigger_controller_dag']) retrieved from /home/airflow/.local/lib/python3.8/site-packages/airflow/example_dags/example_trigger_controller_dag.py
[2026-02-01T02:13:03.475+0000] {logging_mixin.py:151} INFO - [2026-02-01T02:13:03.475+0000] {dag.py:2941} INFO - Sync 1 DAGs
[2026-02-01T02:13:03.582+0000] {logging_mixin.py:151} INFO - [2026-02-01T02:13:03.582+0000] {dag.py:3722} INFO - Setting next_dagrun for example_trigger_controller_dag to 2021-01-01T00:00:00+00:00, run_after=2021-01-01T00:00:00+00:00
[2026-02-01T02:13:03.716+0000] {processor.py:179} INFO - Processing /home/airflow/.local/lib/python3.8/site-packages/airflow/example_dags/example_trigger_controller_dag.py took 0.356 seconds
[2026-02-01T02:13:34.029+0000] {processor.py:157} INFO - Started process (PID=364) to work on /home/airflow/.local/lib/python3.8/site-packages/airflow/example_dags/example_trigger_controller_dag.py
[2026-02-01T02:13:34.035+0000] {processor.py:829} INFO - Processing file /home/airflow/.local/lib/python3.8/site-packages/airflow/example_dags/example_trigger_controller_dag.py for tasks to queue
[2026-02-01T02:13:34.047+0000] {logging_mixin.py:151} INFO - [2026-02-01T02:13:34.046+0000] {dagbag.py:536} INFO - Filling up the DagBag from /home/airflow/.local/lib/python3.8/site-packages/airflow/example_dags/example_trigger_controller_dag.py
[2026-02-01T02:13:34.069+0000] {processor.py:839} INFO - DAG(s) dict_keys(['example_trigger_controller_dag']) retrieved from /home/airflow/.local/lib/python3.8/site-packages/airflow/example_dags/example_trigger_controller_dag.py
[2026-02-01T02:13:34.200+0000] {logging_mixin.py:151} INFO - [2026-02-01T02:13:34.199+0000] {dag.py:2941} INFO - Sync 1 DAGs
[2026-02-01T02:13:34.324+0000] {logging_mixin.py:151} INFO - [2026-02-01T02:13:34.323+0000] {dag.py:3722} INFO - Setting next_dagrun for example_trigger_controller_dag to 2021-01-01T00:00:00+00:00, run_after=2021-01-01T00:00:00+00:00
[2026-02-01T02:13:34.375+0000] {processor.py:179} INFO - Processing /home/airflow/.local/lib/python3.8/site-packages/airflow/example_dags/example_trigger_controller_dag.py took 0.363 seconds
[2026-02-01T02:14:04.688+0000] {processor.py:157} INFO - Started process (PID=419) to work on /home/airflow/.local/lib/python3.8/site-packages/airflow/example_dags/example_trigger_controller_dag.py
[2026-02-01T02:14:04.690+0000] {processor.py:829} INFO - Processing file /home/airflow/.local/lib/python3.8/site-packages/airflow/example_dags/example_trigger_controller_dag.py for tasks to queue
[2026-02-01T02:14:04.697+0000] {logging_mixin.py:151} INFO - [2026-02-01T02:14:04.696+0000] {dagbag.py:536} INFO - Filling up the DagBag from /home/airflow/.local/lib/python3.8/site-packages/airflow/example_dags/example_trigger_controller_dag.py
[2026-02-01T02:14:04.713+0000] {processor.py:839} INFO - DAG(s) dict_keys(['example_trigger_controller_dag']) retrieved from /home/airflow/.local/lib/python3.8/site-packages/airflow/example_dags/example_trigger_controller_dag.py
[2026-02-01T02:14:04.777+0000] {logging_mixin.py:151} INFO - [2026-02-01T02:14:04.777+0000] {dag.py:2941} INFO - Sync 1 DAGs
[2026-02-01T02:14:04.816+0000] {logging_mixin.py:151} INFO - [2026-02-01T02:14:04.816+0000] {dag.py:3722} INFO - Setting next_dagrun for example_trigger_controller_dag to 2021-01-01T00:00:00+00:00, run_after=2021-01-01T00:00:00+00:00
[2026-02-01T02:14:04.853+0000] {processor.py:179} INFO - Processing /home/airflow/.local/lib/python3.8/site-packages/airflow/example_dags/example_trigger_controller_dag.py took 0.177 seconds
[2026-02-01T02:14:35.693+0000] {processor.py:157} INFO - Started process (PID=474) to work on /home/airflow/.local/lib/python3.8/site-packages/airflow/example_dags/example_trigger_controller_dag.py
[2026-02-01T02:14:35.695+0000] {processor.py:829} INFO - Processing file /home/airflow/.local/lib/python3.8/site-packages/airflow/example_dags/example_trigger_controller_dag.py for tasks to queue
[2026-02-01T02:14:35.702+0000] {logging_mixin.py:151} INFO - [2026-02-01T02:14:35.702+0000] {dagbag.py:536} INFO - Filling up the DagBag from /home/airflow/.local/lib/python3.8/site-packages/airflow/example_dags/example_trigger_controller_dag.py
[2026-02-01T02:14:35.713+0000] {processor.py:839} INFO - DAG(s) dict_keys(['example_trigger_controller_dag']) retrieved from /home/airflow/.local/lib/python3.8/site-packages/airflow/example_dags/example_trigger_controller_dag.py
[2026-02-01T02:14:35.761+0000] {logging_mixin.py:151} INFO - [2026-02-01T02:14:35.760+0000] {dag.py:2941} INFO - Sync 1 DAGs
[2026-02-01T02:14:35.847+0000] {logging_mixin.py:151} INFO - [2026-02-01T02:14:35.846+0000] {dag.py:3722} INFO - Setting next_dagrun for example_trigger_controller_dag to 2021-01-01T00:00:00+00:00, run_after=2021-01-01T00:00:00+00:00
[2026-02-01T02:14:35.899+0000] {processor.py:179} INFO - Processing /home/airflow/.local/lib/python3.8/site-packages/airflow/example_dags/example_trigger_controller_dag.py took 0.216 seconds
[2026-02-01T02:15:06.767+0000] {processor.py:157} INFO - Started process (PID=528) to work on /home/airflow/.local/lib/python3.8/site-packages/airflow/example_dags/example_trigger_controller_dag.py
[2026-02-01T02:15:06.769+0000] {processor.py:829} INFO - Processing file /home/airflow/.local/lib/python3.8/site-packages/airflow/example_dags/example_trigger_controller_dag.py for tasks to queue
[2026-02-01T02:15:06.775+0000] {logging_mixin.py:151} INFO - [2026-02-01T02:15:06.774+0000] {dagbag.py:536} INFO - Filling up the DagBag from /home/airflow/.local/lib/python3.8/site-packages/airflow/example_dags/example_trigger_controller_dag.py
[2026-02-01T02:15:06.786+0000] {processor.py:839} INFO - DAG(s) dict_keys(['example_trigger_controller_dag']) retrieved from /home/airflow/.local/lib/python3.8/site-packages/airflow/example_dags/example_trigger_controller_dag.py
[2026-02-01T02:15:06.846+0000] {logging_mixin.py:151} INFO - [2026-02-01T02:15:06.845+0000] {dag.py:2941} INFO - Sync 1 DAGs
[2026-02-01T02:15:06.920+0000] {logging_mixin.py:151} INFO - [2026-02-01T02:15:06.920+0000] {dag.py:3722} INFO - Setting next_dagrun for example_trigger_controller_dag to 2021-01-01T00:00:00+00:00, run_after=2021-01-01T00:00:00+00:00
[2026-02-01T02:15:06.989+0000] {processor.py:179} INFO - Processing /home/airflow/.local/lib/python3.8/site-packages/airflow/example_dags/example_trigger_controller_dag.py took 0.232 seconds
[2026-02-01T02:15:37.259+0000] {processor.py:157} INFO - Started process (PID=583) to work on /home/airflow/.local/lib/python3.8/site-packages/airflow/example_dags/example_trigger_controller_dag.py
[2026-02-01T02:15:37.267+0000] {processor.py:829} INFO - Processing file /home/airflow/.local/lib/python3.8/site-packages/airflow/example_dags/example_trigger_controller_dag.py for tasks to queue
[2026-02-01T02:15:37.276+0000] {logging_mixin.py:151} INFO - [2026-02-01T02:15:37.275+0000] {dagbag.py:536} INFO - Filling up the DagBag from /home/airflow/.local/lib/python3.8/site-packages/airflow/example_dags/example_trigger_controller_dag.py
[2026-02-01T02:15:37.311+0000] {processor.py:839} INFO - DAG(s) dict_keys(['example_trigger_controller_dag']) retrieved from /home/airflow/.local/lib/python3.8/site-packages/airflow/example_dags/example_trigger_controller_dag.py
[2026-02-01T02:15:37.473+0000] {logging_mixin.py:151} INFO - [2026-02-01T02:15:37.473+0000] {dag.py:2941} INFO - Sync 1 DAGs
[2026-02-01T02:15:37.601+0000] {logging_mixin.py:151} INFO - [2026-02-01T02:15:37.600+0000] {dag.py:3722} INFO - Setting next_dagrun for example_trigger_controller_dag to 2021-01-01T00:00:00+00:00, run_after=2021-01-01T00:00:00+00:00
[2026-02-01T02:15:37.675+0000] {processor.py:179} INFO - Processing /home/airflow/.local/lib/python3.8/site-packages/airflow/example_dags/example_trigger_controller_dag.py took 0.426 seconds
[2026-02-01T02:16:08.008+0000] {processor.py:157} INFO - Started process (PID=638) to work on /home/airflow/.local/lib/python3.8/site-packages/airflow/example_dags/example_trigger_controller_dag.py
[2026-02-01T02:16:08.010+0000] {processor.py:829} INFO - Processing file /home/airflow/.local/lib/python3.8/site-packages/airflow/example_dags/example_trigger_controller_dag.py for tasks to queue
[2026-02-01T02:16:08.017+0000] {logging_mixin.py:151} INFO - [2026-02-01T02:16:08.016+0000] {dagbag.py:536} INFO - Filling up the DagBag from /home/airflow/.local/lib/python3.8/site-packages/airflow/example_dags/example_trigger_controller_dag.py
[2026-02-01T02:16:08.032+0000] {processor.py:839} INFO - DAG(s) dict_keys(['example_trigger_controller_dag']) retrieved from /home/airflow/.local/lib/python3.8/site-packages/airflow/example_dags/example_trigger_controller_dag.py
[2026-02-01T02:16:08.083+0000] {logging_mixin.py:151} INFO - [2026-02-01T02:16:08.083+0000] {dag.py:2941} INFO - Sync 1 DAGs
[2026-02-01T02:16:08.136+0000] {logging_mixin.py:151} INFO - [2026-02-01T02:16:08.135+0000] {dag.py:3722} INFO - Setting next_dagrun for example_trigger_controller_dag to 2021-01-01T00:00:00+00:00, run_after=2021-01-01T00:00:00+00:00
[2026-02-01T02:16:08.194+0000] {processor.py:179} INFO - Processing /home/airflow/.local/lib/python3.8/site-packages/airflow/example_dags/example_trigger_controller_dag.py took 0.199 seconds
