[2026-02-01T01:37:03.547+0000] {processor.py:157} INFO - Started process (PID=81) to work on /home/airflow/.local/lib/python3.8/site-packages/airflow/example_dags/example_local_kubernetes_executor.py
[2026-02-01T01:37:03.555+0000] {processor.py:829} INFO - Processing file /home/airflow/.local/lib/python3.8/site-packages/airflow/example_dags/example_local_kubernetes_executor.py for tasks to queue
[2026-02-01T01:37:03.580+0000] {logging_mixin.py:151} INFO - [2026-02-01T01:37:03.578+0000] {dagbag.py:536} INFO - Filling up the DagBag from /home/airflow/.local/lib/python3.8/site-packages/airflow/example_dags/example_local_kubernetes_executor.py
[2026-02-01T01:37:03.709+0000] {processor.py:839} INFO - DAG(s) dict_keys(['example_local_kubernetes_executor']) retrieved from /home/airflow/.local/lib/python3.8/site-packages/airflow/example_dags/example_local_kubernetes_executor.py
[2026-02-01T01:37:05.016+0000] {logging_mixin.py:151} INFO - [2026-02-01T01:37:05.016+0000] {manager.py:499} INFO - Created Permission View: %s
[2026-02-01T01:37:05.056+0000] {logging_mixin.py:151} INFO - [2026-02-01T01:37:05.052+0000] {manager.py:499} INFO - Created Permission View: %s
[2026-02-01T01:37:05.073+0000] {logging_mixin.py:151} INFO - [2026-02-01T01:37:05.073+0000] {manager.py:499} INFO - Created Permission View: %s
[2026-02-01T01:37:05.074+0000] {logging_mixin.py:151} INFO - [2026-02-01T01:37:05.074+0000] {dag.py:2941} INFO - Sync 1 DAGs
[2026-02-01T01:37:05.114+0000] {logging_mixin.py:151} INFO - [2026-02-01T01:37:05.114+0000] {dag.py:2963} INFO - Creating ORM DAG for example_local_kubernetes_executor
[2026-02-01T01:37:05.121+0000] {logging_mixin.py:151} INFO - [2026-02-01T01:37:05.120+0000] {dag.py:3722} INFO - Setting next_dagrun for example_local_kubernetes_executor to None, run_after=None
[2026-02-01T01:37:05.212+0000] {processor.py:179} INFO - Processing /home/airflow/.local/lib/python3.8/site-packages/airflow/example_dags/example_local_kubernetes_executor.py took 1.695 seconds
[2026-02-01T01:40:33.682+0000] {processor.py:157} INFO - Started process (PID=74) to work on /home/airflow/.local/lib/python3.8/site-packages/airflow/example_dags/example_local_kubernetes_executor.py
[2026-02-01T01:40:33.684+0000] {processor.py:829} INFO - Processing file /home/airflow/.local/lib/python3.8/site-packages/airflow/example_dags/example_local_kubernetes_executor.py for tasks to queue
[2026-02-01T01:40:33.690+0000] {logging_mixin.py:151} INFO - [2026-02-01T01:40:33.689+0000] {dagbag.py:536} INFO - Filling up the DagBag from /home/airflow/.local/lib/python3.8/site-packages/airflow/example_dags/example_local_kubernetes_executor.py
[2026-02-01T01:40:33.738+0000] {processor.py:839} INFO - DAG(s) dict_keys(['example_local_kubernetes_executor']) retrieved from /home/airflow/.local/lib/python3.8/site-packages/airflow/example_dags/example_local_kubernetes_executor.py
[2026-02-01T01:40:33.912+0000] {logging_mixin.py:151} INFO - [2026-02-01T01:40:33.911+0000] {dag.py:2941} INFO - Sync 1 DAGs
[2026-02-01T01:40:33.944+0000] {logging_mixin.py:151} INFO - [2026-02-01T01:40:33.944+0000] {dag.py:3722} INFO - Setting next_dagrun for example_local_kubernetes_executor to None, run_after=None
[2026-02-01T01:40:33.995+0000] {processor.py:179} INFO - Processing /home/airflow/.local/lib/python3.8/site-packages/airflow/example_dags/example_local_kubernetes_executor.py took 0.329 seconds
[2026-02-01T01:41:04.897+0000] {processor.py:157} INFO - Started process (PID=130) to work on /home/airflow/.local/lib/python3.8/site-packages/airflow/example_dags/example_local_kubernetes_executor.py
[2026-02-01T01:41:04.906+0000] {processor.py:829} INFO - Processing file /home/airflow/.local/lib/python3.8/site-packages/airflow/example_dags/example_local_kubernetes_executor.py for tasks to queue
[2026-02-01T01:41:04.911+0000] {logging_mixin.py:151} INFO - [2026-02-01T01:41:04.910+0000] {dagbag.py:536} INFO - Filling up the DagBag from /home/airflow/.local/lib/python3.8/site-packages/airflow/example_dags/example_local_kubernetes_executor.py
[2026-02-01T01:41:04.930+0000] {processor.py:839} INFO - DAG(s) dict_keys(['example_local_kubernetes_executor']) retrieved from /home/airflow/.local/lib/python3.8/site-packages/airflow/example_dags/example_local_kubernetes_executor.py
[2026-02-01T01:41:05.028+0000] {logging_mixin.py:151} INFO - [2026-02-01T01:41:05.027+0000] {dag.py:2941} INFO - Sync 1 DAGs
[2026-02-01T01:41:05.061+0000] {logging_mixin.py:151} INFO - [2026-02-01T01:41:05.061+0000] {dag.py:3722} INFO - Setting next_dagrun for example_local_kubernetes_executor to None, run_after=None
[2026-02-01T01:41:05.106+0000] {processor.py:179} INFO - Processing /home/airflow/.local/lib/python3.8/site-packages/airflow/example_dags/example_local_kubernetes_executor.py took 0.223 seconds
[2026-02-01T01:41:35.238+0000] {processor.py:157} INFO - Started process (PID=185) to work on /home/airflow/.local/lib/python3.8/site-packages/airflow/example_dags/example_local_kubernetes_executor.py
[2026-02-01T01:41:41.273+0000] {processor.py:829} INFO - Processing file /home/airflow/.local/lib/python3.8/site-packages/airflow/example_dags/example_local_kubernetes_executor.py for tasks to queue
[2026-02-01T01:41:41.284+0000] {logging_mixin.py:151} INFO - [2026-02-01T01:41:41.283+0000] {dagbag.py:536} INFO - Filling up the DagBag from /home/airflow/.local/lib/python3.8/site-packages/airflow/example_dags/example_local_kubernetes_executor.py
[2026-02-01T01:41:41.438+0000] {processor.py:839} INFO - DAG(s) dict_keys(['example_local_kubernetes_executor']) retrieved from /home/airflow/.local/lib/python3.8/site-packages/airflow/example_dags/example_local_kubernetes_executor.py
[2026-02-01T01:41:41.854+0000] {logging_mixin.py:151} INFO - [2026-02-01T01:41:41.853+0000] {dag.py:2941} INFO - Sync 1 DAGs
[2026-02-01T01:41:41.979+0000] {logging_mixin.py:151} INFO - [2026-02-01T01:41:41.978+0000] {dag.py:3722} INFO - Setting next_dagrun for example_local_kubernetes_executor to None, run_after=None
[2026-02-01T01:41:42.090+0000] {processor.py:179} INFO - Processing /home/airflow/.local/lib/python3.8/site-packages/airflow/example_dags/example_local_kubernetes_executor.py took 6.860 seconds
[2026-02-01T01:42:12.937+0000] {processor.py:157} INFO - Started process (PID=241) to work on /home/airflow/.local/lib/python3.8/site-packages/airflow/example_dags/example_local_kubernetes_executor.py
[2026-02-01T01:42:12.943+0000] {processor.py:829} INFO - Processing file /home/airflow/.local/lib/python3.8/site-packages/airflow/example_dags/example_local_kubernetes_executor.py for tasks to queue
[2026-02-01T01:42:12.949+0000] {logging_mixin.py:151} INFO - [2026-02-01T01:42:12.948+0000] {dagbag.py:536} INFO - Filling up the DagBag from /home/airflow/.local/lib/python3.8/site-packages/airflow/example_dags/example_local_kubernetes_executor.py
[2026-02-01T01:42:13.000+0000] {processor.py:839} INFO - DAG(s) dict_keys(['example_local_kubernetes_executor']) retrieved from /home/airflow/.local/lib/python3.8/site-packages/airflow/example_dags/example_local_kubernetes_executor.py
[2026-02-01T01:42:13.173+0000] {logging_mixin.py:151} INFO - [2026-02-01T01:42:13.173+0000] {dag.py:2941} INFO - Sync 1 DAGs
[2026-02-01T01:42:13.246+0000] {logging_mixin.py:151} INFO - [2026-02-01T01:42:13.246+0000] {dag.py:3722} INFO - Setting next_dagrun for example_local_kubernetes_executor to None, run_after=None
[2026-02-01T01:42:13.356+0000] {processor.py:179} INFO - Processing /home/airflow/.local/lib/python3.8/site-packages/airflow/example_dags/example_local_kubernetes_executor.py took 0.439 seconds
[2026-02-01T01:42:43.701+0000] {processor.py:157} INFO - Started process (PID=296) to work on /home/airflow/.local/lib/python3.8/site-packages/airflow/example_dags/example_local_kubernetes_executor.py
[2026-02-01T01:42:43.710+0000] {processor.py:829} INFO - Processing file /home/airflow/.local/lib/python3.8/site-packages/airflow/example_dags/example_local_kubernetes_executor.py for tasks to queue
[2026-02-01T01:42:43.725+0000] {logging_mixin.py:151} INFO - [2026-02-01T01:42:43.724+0000] {dagbag.py:536} INFO - Filling up the DagBag from /home/airflow/.local/lib/python3.8/site-packages/airflow/example_dags/example_local_kubernetes_executor.py
[2026-02-01T01:42:43.780+0000] {processor.py:839} INFO - DAG(s) dict_keys(['example_local_kubernetes_executor']) retrieved from /home/airflow/.local/lib/python3.8/site-packages/airflow/example_dags/example_local_kubernetes_executor.py
[2026-02-01T01:42:44.122+0000] {logging_mixin.py:151} INFO - [2026-02-01T01:42:44.122+0000] {dag.py:2941} INFO - Sync 1 DAGs
[2026-02-01T01:42:44.329+0000] {logging_mixin.py:151} INFO - [2026-02-01T01:42:44.327+0000] {dag.py:3722} INFO - Setting next_dagrun for example_local_kubernetes_executor to None, run_after=None
[2026-02-01T01:42:44.426+0000] {processor.py:179} INFO - Processing /home/airflow/.local/lib/python3.8/site-packages/airflow/example_dags/example_local_kubernetes_executor.py took 0.736 seconds
[2026-02-01T01:43:15.211+0000] {processor.py:157} INFO - Started process (PID=350) to work on /home/airflow/.local/lib/python3.8/site-packages/airflow/example_dags/example_local_kubernetes_executor.py
[2026-02-01T01:43:15.214+0000] {processor.py:829} INFO - Processing file /home/airflow/.local/lib/python3.8/site-packages/airflow/example_dags/example_local_kubernetes_executor.py for tasks to queue
[2026-02-01T01:43:15.219+0000] {logging_mixin.py:151} INFO - [2026-02-01T01:43:15.218+0000] {dagbag.py:536} INFO - Filling up the DagBag from /home/airflow/.local/lib/python3.8/site-packages/airflow/example_dags/example_local_kubernetes_executor.py
[2026-02-01T01:43:15.242+0000] {processor.py:839} INFO - DAG(s) dict_keys(['example_local_kubernetes_executor']) retrieved from /home/airflow/.local/lib/python3.8/site-packages/airflow/example_dags/example_local_kubernetes_executor.py
[2026-02-01T01:43:15.321+0000] {logging_mixin.py:151} INFO - [2026-02-01T01:43:15.321+0000] {dag.py:2941} INFO - Sync 1 DAGs
[2026-02-01T01:43:15.353+0000] {logging_mixin.py:151} INFO - [2026-02-01T01:43:15.353+0000] {dag.py:3722} INFO - Setting next_dagrun for example_local_kubernetes_executor to None, run_after=None
[2026-02-01T01:43:15.390+0000] {processor.py:179} INFO - Processing /home/airflow/.local/lib/python3.8/site-packages/airflow/example_dags/example_local_kubernetes_executor.py took 0.196 seconds
[2026-02-01T01:43:45.692+0000] {processor.py:157} INFO - Started process (PID=405) to work on /home/airflow/.local/lib/python3.8/site-packages/airflow/example_dags/example_local_kubernetes_executor.py
[2026-02-01T01:43:45.695+0000] {processor.py:829} INFO - Processing file /home/airflow/.local/lib/python3.8/site-packages/airflow/example_dags/example_local_kubernetes_executor.py for tasks to queue
[2026-02-01T01:43:45.724+0000] {logging_mixin.py:151} INFO - [2026-02-01T01:43:45.712+0000] {dagbag.py:536} INFO - Filling up the DagBag from /home/airflow/.local/lib/python3.8/site-packages/airflow/example_dags/example_local_kubernetes_executor.py
[2026-02-01T01:43:45.777+0000] {processor.py:839} INFO - DAG(s) dict_keys(['example_local_kubernetes_executor']) retrieved from /home/airflow/.local/lib/python3.8/site-packages/airflow/example_dags/example_local_kubernetes_executor.py
[2026-02-01T01:43:46.018+0000] {logging_mixin.py:151} INFO - [2026-02-01T01:43:46.018+0000] {dag.py:2941} INFO - Sync 1 DAGs
[2026-02-01T01:43:46.113+0000] {logging_mixin.py:151} INFO - [2026-02-01T01:43:46.113+0000] {dag.py:3722} INFO - Setting next_dagrun for example_local_kubernetes_executor to None, run_after=None
[2026-02-01T01:43:46.225+0000] {processor.py:179} INFO - Processing /home/airflow/.local/lib/python3.8/site-packages/airflow/example_dags/example_local_kubernetes_executor.py took 0.564 seconds
[2026-02-01T01:44:16.381+0000] {processor.py:157} INFO - Started process (PID=460) to work on /home/airflow/.local/lib/python3.8/site-packages/airflow/example_dags/example_local_kubernetes_executor.py
[2026-02-01T01:44:16.389+0000] {processor.py:829} INFO - Processing file /home/airflow/.local/lib/python3.8/site-packages/airflow/example_dags/example_local_kubernetes_executor.py for tasks to queue
[2026-02-01T01:44:16.394+0000] {logging_mixin.py:151} INFO - [2026-02-01T01:44:16.393+0000] {dagbag.py:536} INFO - Filling up the DagBag from /home/airflow/.local/lib/python3.8/site-packages/airflow/example_dags/example_local_kubernetes_executor.py
[2026-02-01T01:44:16.419+0000] {processor.py:839} INFO - DAG(s) dict_keys(['example_local_kubernetes_executor']) retrieved from /home/airflow/.local/lib/python3.8/site-packages/airflow/example_dags/example_local_kubernetes_executor.py
[2026-02-01T01:44:16.541+0000] {logging_mixin.py:151} INFO - [2026-02-01T01:44:16.540+0000] {dag.py:2941} INFO - Sync 1 DAGs
[2026-02-01T01:44:16.576+0000] {logging_mixin.py:151} INFO - [2026-02-01T01:44:16.576+0000] {dag.py:3722} INFO - Setting next_dagrun for example_local_kubernetes_executor to None, run_after=None
[2026-02-01T01:44:16.620+0000] {processor.py:179} INFO - Processing /home/airflow/.local/lib/python3.8/site-packages/airflow/example_dags/example_local_kubernetes_executor.py took 0.249 seconds
[2026-02-01T02:10:57.026+0000] {processor.py:157} INFO - Started process (PID=86) to work on /home/airflow/.local/lib/python3.8/site-packages/airflow/example_dags/example_local_kubernetes_executor.py
[2026-02-01T02:10:57.040+0000] {processor.py:829} INFO - Processing file /home/airflow/.local/lib/python3.8/site-packages/airflow/example_dags/example_local_kubernetes_executor.py for tasks to queue
[2026-02-01T02:10:57.056+0000] {logging_mixin.py:151} INFO - [2026-02-01T02:10:57.056+0000] {dagbag.py:536} INFO - Filling up the DagBag from /home/airflow/.local/lib/python3.8/site-packages/airflow/example_dags/example_local_kubernetes_executor.py
[2026-02-01T02:10:57.124+0000] {processor.py:839} INFO - DAG(s) dict_keys(['example_local_kubernetes_executor']) retrieved from /home/airflow/.local/lib/python3.8/site-packages/airflow/example_dags/example_local_kubernetes_executor.py
[2026-02-01T02:10:57.354+0000] {logging_mixin.py:151} INFO - [2026-02-01T02:10:57.354+0000] {dag.py:2941} INFO - Sync 1 DAGs
[2026-02-01T02:10:57.408+0000] {logging_mixin.py:151} INFO - [2026-02-01T02:10:57.407+0000] {dag.py:3722} INFO - Setting next_dagrun for example_local_kubernetes_executor to None, run_after=None
[2026-02-01T02:10:57.490+0000] {processor.py:179} INFO - Processing /home/airflow/.local/lib/python3.8/site-packages/airflow/example_dags/example_local_kubernetes_executor.py took 0.530 seconds
[2026-02-01T02:11:28.378+0000] {processor.py:157} INFO - Started process (PID=141) to work on /home/airflow/.local/lib/python3.8/site-packages/airflow/example_dags/example_local_kubernetes_executor.py
[2026-02-01T02:11:28.389+0000] {processor.py:829} INFO - Processing file /home/airflow/.local/lib/python3.8/site-packages/airflow/example_dags/example_local_kubernetes_executor.py for tasks to queue
[2026-02-01T02:11:28.408+0000] {logging_mixin.py:151} INFO - [2026-02-01T02:11:28.406+0000] {dagbag.py:536} INFO - Filling up the DagBag from /home/airflow/.local/lib/python3.8/site-packages/airflow/example_dags/example_local_kubernetes_executor.py
[2026-02-01T02:11:28.468+0000] {processor.py:839} INFO - DAG(s) dict_keys(['example_local_kubernetes_executor']) retrieved from /home/airflow/.local/lib/python3.8/site-packages/airflow/example_dags/example_local_kubernetes_executor.py
[2026-02-01T02:11:28.718+0000] {logging_mixin.py:151} INFO - [2026-02-01T02:11:28.717+0000] {dag.py:2941} INFO - Sync 1 DAGs
[2026-02-01T02:11:28.753+0000] {logging_mixin.py:151} INFO - [2026-02-01T02:11:28.753+0000] {dag.py:3722} INFO - Setting next_dagrun for example_local_kubernetes_executor to None, run_after=None
[2026-02-01T02:11:28.823+0000] {processor.py:179} INFO - Processing /home/airflow/.local/lib/python3.8/site-packages/airflow/example_dags/example_local_kubernetes_executor.py took 0.468 seconds
[2026-02-01T02:11:59.847+0000] {processor.py:157} INFO - Started process (PID=196) to work on /home/airflow/.local/lib/python3.8/site-packages/airflow/example_dags/example_local_kubernetes_executor.py
[2026-02-01T02:11:59.858+0000] {processor.py:829} INFO - Processing file /home/airflow/.local/lib/python3.8/site-packages/airflow/example_dags/example_local_kubernetes_executor.py for tasks to queue
[2026-02-01T02:11:59.907+0000] {logging_mixin.py:151} INFO - [2026-02-01T02:11:59.906+0000] {dagbag.py:536} INFO - Filling up the DagBag from /home/airflow/.local/lib/python3.8/site-packages/airflow/example_dags/example_local_kubernetes_executor.py
[2026-02-01T02:11:59.991+0000] {processor.py:839} INFO - DAG(s) dict_keys(['example_local_kubernetes_executor']) retrieved from /home/airflow/.local/lib/python3.8/site-packages/airflow/example_dags/example_local_kubernetes_executor.py
[2026-02-01T02:12:00.372+0000] {logging_mixin.py:151} INFO - [2026-02-01T02:12:00.371+0000] {dag.py:2941} INFO - Sync 1 DAGs
[2026-02-01T02:12:00.475+0000] {logging_mixin.py:151} INFO - [2026-02-01T02:12:00.475+0000] {dag.py:3722} INFO - Setting next_dagrun for example_local_kubernetes_executor to None, run_after=None
[2026-02-01T02:12:00.541+0000] {processor.py:179} INFO - Processing /home/airflow/.local/lib/python3.8/site-packages/airflow/example_dags/example_local_kubernetes_executor.py took 0.754 seconds
[2026-02-01T02:12:31.495+0000] {processor.py:157} INFO - Started process (PID=251) to work on /home/airflow/.local/lib/python3.8/site-packages/airflow/example_dags/example_local_kubernetes_executor.py
[2026-02-01T02:12:31.504+0000] {processor.py:829} INFO - Processing file /home/airflow/.local/lib/python3.8/site-packages/airflow/example_dags/example_local_kubernetes_executor.py for tasks to queue
[2026-02-01T02:12:31.509+0000] {logging_mixin.py:151} INFO - [2026-02-01T02:12:31.508+0000] {dagbag.py:536} INFO - Filling up the DagBag from /home/airflow/.local/lib/python3.8/site-packages/airflow/example_dags/example_local_kubernetes_executor.py
[2026-02-01T02:12:31.530+0000] {processor.py:839} INFO - DAG(s) dict_keys(['example_local_kubernetes_executor']) retrieved from /home/airflow/.local/lib/python3.8/site-packages/airflow/example_dags/example_local_kubernetes_executor.py
[2026-02-01T02:12:31.627+0000] {logging_mixin.py:151} INFO - [2026-02-01T02:12:31.627+0000] {dag.py:2941} INFO - Sync 1 DAGs
[2026-02-01T02:12:31.664+0000] {logging_mixin.py:151} INFO - [2026-02-01T02:12:31.663+0000] {dag.py:3722} INFO - Setting next_dagrun for example_local_kubernetes_executor to None, run_after=None
[2026-02-01T02:12:31.722+0000] {processor.py:179} INFO - Processing /home/airflow/.local/lib/python3.8/site-packages/airflow/example_dags/example_local_kubernetes_executor.py took 0.235 seconds
[2026-02-01T02:13:02.039+0000] {processor.py:157} INFO - Started process (PID=306) to work on /home/airflow/.local/lib/python3.8/site-packages/airflow/example_dags/example_local_kubernetes_executor.py
[2026-02-01T02:13:02.042+0000] {processor.py:829} INFO - Processing file /home/airflow/.local/lib/python3.8/site-packages/airflow/example_dags/example_local_kubernetes_executor.py for tasks to queue
[2026-02-01T02:13:02.053+0000] {logging_mixin.py:151} INFO - [2026-02-01T02:13:02.052+0000] {dagbag.py:536} INFO - Filling up the DagBag from /home/airflow/.local/lib/python3.8/site-packages/airflow/example_dags/example_local_kubernetes_executor.py
[2026-02-01T02:13:02.075+0000] {processor.py:839} INFO - DAG(s) dict_keys(['example_local_kubernetes_executor']) retrieved from /home/airflow/.local/lib/python3.8/site-packages/airflow/example_dags/example_local_kubernetes_executor.py
[2026-02-01T02:13:02.195+0000] {logging_mixin.py:151} INFO - [2026-02-01T02:13:02.194+0000] {dag.py:2941} INFO - Sync 1 DAGs
[2026-02-01T02:13:02.233+0000] {logging_mixin.py:151} INFO - [2026-02-01T02:13:02.232+0000] {dag.py:3722} INFO - Setting next_dagrun for example_local_kubernetes_executor to None, run_after=None
[2026-02-01T02:13:03.008+0000] {processor.py:179} INFO - Processing /home/airflow/.local/lib/python3.8/site-packages/airflow/example_dags/example_local_kubernetes_executor.py took 0.978 seconds
[2026-02-01T02:13:33.309+0000] {processor.py:157} INFO - Started process (PID=361) to work on /home/airflow/.local/lib/python3.8/site-packages/airflow/example_dags/example_local_kubernetes_executor.py
[2026-02-01T02:13:33.315+0000] {processor.py:829} INFO - Processing file /home/airflow/.local/lib/python3.8/site-packages/airflow/example_dags/example_local_kubernetes_executor.py for tasks to queue
[2026-02-01T02:13:33.320+0000] {logging_mixin.py:151} INFO - [2026-02-01T02:13:33.320+0000] {dagbag.py:536} INFO - Filling up the DagBag from /home/airflow/.local/lib/python3.8/site-packages/airflow/example_dags/example_local_kubernetes_executor.py
[2026-02-01T02:13:33.343+0000] {processor.py:839} INFO - DAG(s) dict_keys(['example_local_kubernetes_executor']) retrieved from /home/airflow/.local/lib/python3.8/site-packages/airflow/example_dags/example_local_kubernetes_executor.py
[2026-02-01T02:13:33.455+0000] {logging_mixin.py:151} INFO - [2026-02-01T02:13:33.454+0000] {dag.py:2941} INFO - Sync 1 DAGs
[2026-02-01T02:13:33.484+0000] {logging_mixin.py:151} INFO - [2026-02-01T02:13:33.483+0000] {dag.py:3722} INFO - Setting next_dagrun for example_local_kubernetes_executor to None, run_after=None
[2026-02-01T02:13:33.551+0000] {processor.py:179} INFO - Processing /home/airflow/.local/lib/python3.8/site-packages/airflow/example_dags/example_local_kubernetes_executor.py took 0.252 seconds
[2026-02-01T02:14:04.187+0000] {processor.py:157} INFO - Started process (PID=416) to work on /home/airflow/.local/lib/python3.8/site-packages/airflow/example_dags/example_local_kubernetes_executor.py
[2026-02-01T02:14:04.190+0000] {processor.py:829} INFO - Processing file /home/airflow/.local/lib/python3.8/site-packages/airflow/example_dags/example_local_kubernetes_executor.py for tasks to queue
[2026-02-01T02:14:04.195+0000] {logging_mixin.py:151} INFO - [2026-02-01T02:14:04.194+0000] {dagbag.py:536} INFO - Filling up the DagBag from /home/airflow/.local/lib/python3.8/site-packages/airflow/example_dags/example_local_kubernetes_executor.py
[2026-02-01T02:14:04.217+0000] {processor.py:839} INFO - DAG(s) dict_keys(['example_local_kubernetes_executor']) retrieved from /home/airflow/.local/lib/python3.8/site-packages/airflow/example_dags/example_local_kubernetes_executor.py
[2026-02-01T02:14:04.314+0000] {logging_mixin.py:151} INFO - [2026-02-01T02:14:04.314+0000] {dag.py:2941} INFO - Sync 1 DAGs
[2026-02-01T02:14:04.351+0000] {logging_mixin.py:151} INFO - [2026-02-01T02:14:04.350+0000] {dag.py:3722} INFO - Setting next_dagrun for example_local_kubernetes_executor to None, run_after=None
[2026-02-01T02:14:04.410+0000] {processor.py:179} INFO - Processing /home/airflow/.local/lib/python3.8/site-packages/airflow/example_dags/example_local_kubernetes_executor.py took 0.236 seconds
[2026-02-01T02:14:35.307+0000] {processor.py:157} INFO - Started process (PID=471) to work on /home/airflow/.local/lib/python3.8/site-packages/airflow/example_dags/example_local_kubernetes_executor.py
[2026-02-01T02:14:35.313+0000] {processor.py:829} INFO - Processing file /home/airflow/.local/lib/python3.8/site-packages/airflow/example_dags/example_local_kubernetes_executor.py for tasks to queue
[2026-02-01T02:14:35.318+0000] {logging_mixin.py:151} INFO - [2026-02-01T02:14:35.318+0000] {dagbag.py:536} INFO - Filling up the DagBag from /home/airflow/.local/lib/python3.8/site-packages/airflow/example_dags/example_local_kubernetes_executor.py
[2026-02-01T02:14:35.344+0000] {processor.py:839} INFO - DAG(s) dict_keys(['example_local_kubernetes_executor']) retrieved from /home/airflow/.local/lib/python3.8/site-packages/airflow/example_dags/example_local_kubernetes_executor.py
[2026-02-01T02:14:35.422+0000] {logging_mixin.py:151} INFO - [2026-02-01T02:14:35.422+0000] {dag.py:2941} INFO - Sync 1 DAGs
[2026-02-01T02:14:35.445+0000] {logging_mixin.py:151} INFO - [2026-02-01T02:14:35.444+0000] {dag.py:3722} INFO - Setting next_dagrun for example_local_kubernetes_executor to None, run_after=None
[2026-02-01T02:14:35.477+0000] {processor.py:179} INFO - Processing /home/airflow/.local/lib/python3.8/site-packages/airflow/example_dags/example_local_kubernetes_executor.py took 0.176 seconds
[2026-02-01T02:15:06.399+0000] {processor.py:157} INFO - Started process (PID=525) to work on /home/airflow/.local/lib/python3.8/site-packages/airflow/example_dags/example_local_kubernetes_executor.py
[2026-02-01T02:15:06.401+0000] {processor.py:829} INFO - Processing file /home/airflow/.local/lib/python3.8/site-packages/airflow/example_dags/example_local_kubernetes_executor.py for tasks to queue
[2026-02-01T02:15:06.405+0000] {logging_mixin.py:151} INFO - [2026-02-01T02:15:06.405+0000] {dagbag.py:536} INFO - Filling up the DagBag from /home/airflow/.local/lib/python3.8/site-packages/airflow/example_dags/example_local_kubernetes_executor.py
[2026-02-01T02:15:06.421+0000] {processor.py:839} INFO - DAG(s) dict_keys(['example_local_kubernetes_executor']) retrieved from /home/airflow/.local/lib/python3.8/site-packages/airflow/example_dags/example_local_kubernetes_executor.py
[2026-02-01T02:15:06.491+0000] {logging_mixin.py:151} INFO - [2026-02-01T02:15:06.491+0000] {dag.py:2941} INFO - Sync 1 DAGs
[2026-02-01T02:15:06.517+0000] {logging_mixin.py:151} INFO - [2026-02-01T02:15:06.517+0000] {dag.py:3722} INFO - Setting next_dagrun for example_local_kubernetes_executor to None, run_after=None
[2026-02-01T02:15:06.555+0000] {processor.py:179} INFO - Processing /home/airflow/.local/lib/python3.8/site-packages/airflow/example_dags/example_local_kubernetes_executor.py took 0.162 seconds
[2026-02-01T02:15:36.952+0000] {processor.py:157} INFO - Started process (PID=580) to work on /home/airflow/.local/lib/python3.8/site-packages/airflow/example_dags/example_local_kubernetes_executor.py
[2026-02-01T02:15:36.958+0000] {processor.py:829} INFO - Processing file /home/airflow/.local/lib/python3.8/site-packages/airflow/example_dags/example_local_kubernetes_executor.py for tasks to queue
[2026-02-01T02:15:36.967+0000] {logging_mixin.py:151} INFO - [2026-02-01T02:15:36.966+0000] {dagbag.py:536} INFO - Filling up the DagBag from /home/airflow/.local/lib/python3.8/site-packages/airflow/example_dags/example_local_kubernetes_executor.py
[2026-02-01T02:15:36.991+0000] {processor.py:839} INFO - DAG(s) dict_keys(['example_local_kubernetes_executor']) retrieved from /home/airflow/.local/lib/python3.8/site-packages/airflow/example_dags/example_local_kubernetes_executor.py
[2026-02-01T02:15:37.101+0000] {logging_mixin.py:151} INFO - [2026-02-01T02:15:37.101+0000] {dag.py:2941} INFO - Sync 1 DAGs
[2026-02-01T02:15:37.126+0000] {logging_mixin.py:151} INFO - [2026-02-01T02:15:37.125+0000] {dag.py:3722} INFO - Setting next_dagrun for example_local_kubernetes_executor to None, run_after=None
[2026-02-01T02:15:37.159+0000] {processor.py:179} INFO - Processing /home/airflow/.local/lib/python3.8/site-packages/airflow/example_dags/example_local_kubernetes_executor.py took 0.218 seconds
[2026-02-01T02:16:07.229+0000] {processor.py:157} INFO - Started process (PID=635) to work on /home/airflow/.local/lib/python3.8/site-packages/airflow/example_dags/example_local_kubernetes_executor.py
[2026-02-01T02:16:07.231+0000] {processor.py:829} INFO - Processing file /home/airflow/.local/lib/python3.8/site-packages/airflow/example_dags/example_local_kubernetes_executor.py for tasks to queue
[2026-02-01T02:16:07.246+0000] {logging_mixin.py:151} INFO - [2026-02-01T02:16:07.245+0000] {dagbag.py:536} INFO - Filling up the DagBag from /home/airflow/.local/lib/python3.8/site-packages/airflow/example_dags/example_local_kubernetes_executor.py
[2026-02-01T02:16:07.284+0000] {processor.py:839} INFO - DAG(s) dict_keys(['example_local_kubernetes_executor']) retrieved from /home/airflow/.local/lib/python3.8/site-packages/airflow/example_dags/example_local_kubernetes_executor.py
[2026-02-01T02:16:07.451+0000] {logging_mixin.py:151} INFO - [2026-02-01T02:16:07.450+0000] {dag.py:2941} INFO - Sync 1 DAGs
[2026-02-01T02:16:07.527+0000] {logging_mixin.py:151} INFO - [2026-02-01T02:16:07.519+0000] {dag.py:3722} INFO - Setting next_dagrun for example_local_kubernetes_executor to None, run_after=None
[2026-02-01T02:16:07.626+0000] {processor.py:179} INFO - Processing /home/airflow/.local/lib/python3.8/site-packages/airflow/example_dags/example_local_kubernetes_executor.py took 0.413 seconds
