[2026-02-01T01:37:17.855+0000] {processor.py:157} INFO - Started process (PID=105) to work on /home/airflow/.local/lib/python3.8/site-packages/airflow/example_dags/example_sla_dag.py
[2026-02-01T01:37:17.858+0000] {processor.py:829} INFO - Processing file /home/airflow/.local/lib/python3.8/site-packages/airflow/example_dags/example_sla_dag.py for tasks to queue
[2026-02-01T01:37:17.865+0000] {logging_mixin.py:151} INFO - [2026-02-01T01:37:17.865+0000] {dagbag.py:536} INFO - Filling up the DagBag from /home/airflow/.local/lib/python3.8/site-packages/airflow/example_dags/example_sla_dag.py
[2026-02-01T01:37:17.919+0000] {processor.py:839} INFO - DAG(s) dict_keys(['example_sla_dag']) retrieved from /home/airflow/.local/lib/python3.8/site-packages/airflow/example_dags/example_sla_dag.py
[2026-02-01T01:37:18.402+0000] {logging_mixin.py:151} INFO - [2026-02-01T01:37:18.401+0000] {manager.py:499} INFO - Created Permission View: %s
[2026-02-01T01:37:18.430+0000] {logging_mixin.py:151} INFO - [2026-02-01T01:37:18.429+0000] {manager.py:499} INFO - Created Permission View: %s
[2026-02-01T01:37:18.495+0000] {logging_mixin.py:151} INFO - [2026-02-01T01:37:18.495+0000] {manager.py:499} INFO - Created Permission View: %s
[2026-02-01T01:37:18.497+0000] {logging_mixin.py:151} INFO - [2026-02-01T01:37:18.496+0000] {dag.py:2941} INFO - Sync 1 DAGs
[2026-02-01T01:37:18.552+0000] {logging_mixin.py:151} INFO - [2026-02-01T01:37:18.552+0000] {dag.py:2963} INFO - Creating ORM DAG for example_sla_dag
[2026-02-01T01:37:18.603+0000] {logging_mixin.py:151} INFO - [2026-02-01T01:37:18.603+0000] {dag.py:3722} INFO - Setting next_dagrun for example_sla_dag to 2026-02-01T01:34:00+00:00, run_after=2026-02-01T01:36:00+00:00
[2026-02-01T01:37:18.687+0000] {processor.py:179} INFO - Processing /home/airflow/.local/lib/python3.8/site-packages/airflow/example_dags/example_sla_dag.py took 0.851 seconds
[2026-02-01T01:40:38.655+0000] {processor.py:157} INFO - Started process (PID=98) to work on /home/airflow/.local/lib/python3.8/site-packages/airflow/example_dags/example_sla_dag.py
[2026-02-01T01:40:38.658+0000] {processor.py:829} INFO - Processing file /home/airflow/.local/lib/python3.8/site-packages/airflow/example_dags/example_sla_dag.py for tasks to queue
[2026-02-01T01:40:38.667+0000] {logging_mixin.py:151} INFO - [2026-02-01T01:40:38.663+0000] {dagbag.py:536} INFO - Filling up the DagBag from /home/airflow/.local/lib/python3.8/site-packages/airflow/example_dags/example_sla_dag.py
[2026-02-01T01:40:38.703+0000] {processor.py:839} INFO - DAG(s) dict_keys(['example_sla_dag']) retrieved from /home/airflow/.local/lib/python3.8/site-packages/airflow/example_dags/example_sla_dag.py
[2026-02-01T01:40:38.778+0000] {logging_mixin.py:151} INFO - [2026-02-01T01:40:38.778+0000] {dag.py:2941} INFO - Sync 1 DAGs
[2026-02-01T01:40:38.853+0000] {logging_mixin.py:151} INFO - [2026-02-01T01:40:38.852+0000] {dag.py:3722} INFO - Setting next_dagrun for example_sla_dag to 2026-02-01T01:38:00+00:00, run_after=2026-02-01T01:40:00+00:00
[2026-02-01T01:40:39.002+0000] {processor.py:179} INFO - Processing /home/airflow/.local/lib/python3.8/site-packages/airflow/example_dags/example_sla_dag.py took 0.359 seconds
[2026-02-01T01:41:09.129+0000] {processor.py:157} INFO - Started process (PID=154) to work on /home/airflow/.local/lib/python3.8/site-packages/airflow/example_dags/example_sla_dag.py
[2026-02-01T01:41:09.132+0000] {processor.py:829} INFO - Processing file /home/airflow/.local/lib/python3.8/site-packages/airflow/example_dags/example_sla_dag.py for tasks to queue
[2026-02-01T01:41:09.141+0000] {logging_mixin.py:151} INFO - [2026-02-01T01:41:09.141+0000] {dagbag.py:536} INFO - Filling up the DagBag from /home/airflow/.local/lib/python3.8/site-packages/airflow/example_dags/example_sla_dag.py
[2026-02-01T01:41:09.167+0000] {processor.py:839} INFO - DAG(s) dict_keys(['example_sla_dag']) retrieved from /home/airflow/.local/lib/python3.8/site-packages/airflow/example_dags/example_sla_dag.py
[2026-02-01T01:41:09.222+0000] {logging_mixin.py:151} INFO - [2026-02-01T01:41:09.222+0000] {dag.py:2941} INFO - Sync 1 DAGs
[2026-02-01T01:41:09.310+0000] {logging_mixin.py:151} INFO - [2026-02-01T01:41:09.309+0000] {dag.py:3722} INFO - Setting next_dagrun for example_sla_dag to 2026-02-01T01:38:00+00:00, run_after=2026-02-01T01:40:00+00:00
[2026-02-01T01:41:09.367+0000] {processor.py:179} INFO - Processing /home/airflow/.local/lib/python3.8/site-packages/airflow/example_dags/example_sla_dag.py took 0.254 seconds
[2026-02-01T01:41:49.722+0000] {processor.py:157} INFO - Started process (PID=209) to work on /home/airflow/.local/lib/python3.8/site-packages/airflow/example_dags/example_sla_dag.py
[2026-02-01T01:41:49.729+0000] {processor.py:829} INFO - Processing file /home/airflow/.local/lib/python3.8/site-packages/airflow/example_dags/example_sla_dag.py for tasks to queue
[2026-02-01T01:41:49.734+0000] {logging_mixin.py:151} INFO - [2026-02-01T01:41:49.733+0000] {dagbag.py:536} INFO - Filling up the DagBag from /home/airflow/.local/lib/python3.8/site-packages/airflow/example_dags/example_sla_dag.py
[2026-02-01T01:41:49.766+0000] {processor.py:839} INFO - DAG(s) dict_keys(['example_sla_dag']) retrieved from /home/airflow/.local/lib/python3.8/site-packages/airflow/example_dags/example_sla_dag.py
[2026-02-01T01:41:49.871+0000] {logging_mixin.py:151} INFO - [2026-02-01T01:41:49.870+0000] {dag.py:2941} INFO - Sync 1 DAGs
[2026-02-01T01:41:50.079+0000] {logging_mixin.py:151} INFO - [2026-02-01T01:41:50.078+0000] {dag.py:3722} INFO - Setting next_dagrun for example_sla_dag to 2026-02-01T01:38:00+00:00, run_after=2026-02-01T01:40:00+00:00
[2026-02-01T01:41:50.137+0000] {processor.py:179} INFO - Processing /home/airflow/.local/lib/python3.8/site-packages/airflow/example_dags/example_sla_dag.py took 0.425 seconds
[2026-02-01T01:42:20.633+0000] {processor.py:157} INFO - Started process (PID=265) to work on /home/airflow/.local/lib/python3.8/site-packages/airflow/example_dags/example_sla_dag.py
[2026-02-01T01:42:20.635+0000] {processor.py:829} INFO - Processing file /home/airflow/.local/lib/python3.8/site-packages/airflow/example_dags/example_sla_dag.py for tasks to queue
[2026-02-01T01:42:20.641+0000] {logging_mixin.py:151} INFO - [2026-02-01T01:42:20.641+0000] {dagbag.py:536} INFO - Filling up the DagBag from /home/airflow/.local/lib/python3.8/site-packages/airflow/example_dags/example_sla_dag.py
[2026-02-01T01:42:20.673+0000] {processor.py:839} INFO - DAG(s) dict_keys(['example_sla_dag']) retrieved from /home/airflow/.local/lib/python3.8/site-packages/airflow/example_dags/example_sla_dag.py
[2026-02-01T01:42:20.759+0000] {logging_mixin.py:151} INFO - [2026-02-01T01:42:20.758+0000] {dag.py:2941} INFO - Sync 1 DAGs
[2026-02-01T01:42:20.894+0000] {logging_mixin.py:151} INFO - [2026-02-01T01:42:20.894+0000] {dag.py:3722} INFO - Setting next_dagrun for example_sla_dag to 2026-02-01T01:40:00+00:00, run_after=2026-02-01T01:42:00+00:00
[2026-02-01T01:42:20.981+0000] {processor.py:179} INFO - Processing /home/airflow/.local/lib/python3.8/site-packages/airflow/example_dags/example_sla_dag.py took 0.358 seconds
[2026-02-01T01:42:51.851+0000] {processor.py:157} INFO - Started process (PID=320) to work on /home/airflow/.local/lib/python3.8/site-packages/airflow/example_dags/example_sla_dag.py
[2026-02-01T01:42:51.857+0000] {processor.py:829} INFO - Processing file /home/airflow/.local/lib/python3.8/site-packages/airflow/example_dags/example_sla_dag.py for tasks to queue
[2026-02-01T01:42:51.864+0000] {logging_mixin.py:151} INFO - [2026-02-01T01:42:51.863+0000] {dagbag.py:536} INFO - Filling up the DagBag from /home/airflow/.local/lib/python3.8/site-packages/airflow/example_dags/example_sla_dag.py
[2026-02-01T01:42:51.886+0000] {processor.py:839} INFO - DAG(s) dict_keys(['example_sla_dag']) retrieved from /home/airflow/.local/lib/python3.8/site-packages/airflow/example_dags/example_sla_dag.py
[2026-02-01T01:42:51.941+0000] {logging_mixin.py:151} INFO - [2026-02-01T01:42:51.941+0000] {dag.py:2941} INFO - Sync 1 DAGs
[2026-02-01T01:42:52.042+0000] {logging_mixin.py:151} INFO - [2026-02-01T01:42:52.042+0000] {dag.py:3722} INFO - Setting next_dagrun for example_sla_dag to 2026-02-01T01:40:00+00:00, run_after=2026-02-01T01:42:00+00:00
[2026-02-01T01:42:52.089+0000] {processor.py:179} INFO - Processing /home/airflow/.local/lib/python3.8/site-packages/airflow/example_dags/example_sla_dag.py took 0.253 seconds
[2026-02-01T01:43:22.415+0000] {processor.py:157} INFO - Started process (PID=374) to work on /home/airflow/.local/lib/python3.8/site-packages/airflow/example_dags/example_sla_dag.py
[2026-02-01T01:43:22.419+0000] {processor.py:829} INFO - Processing file /home/airflow/.local/lib/python3.8/site-packages/airflow/example_dags/example_sla_dag.py for tasks to queue
[2026-02-01T01:43:22.425+0000] {logging_mixin.py:151} INFO - [2026-02-01T01:43:22.424+0000] {dagbag.py:536} INFO - Filling up the DagBag from /home/airflow/.local/lib/python3.8/site-packages/airflow/example_dags/example_sla_dag.py
[2026-02-01T01:43:22.447+0000] {processor.py:839} INFO - DAG(s) dict_keys(['example_sla_dag']) retrieved from /home/airflow/.local/lib/python3.8/site-packages/airflow/example_dags/example_sla_dag.py
[2026-02-01T01:43:22.493+0000] {logging_mixin.py:151} INFO - [2026-02-01T01:43:22.492+0000] {dag.py:2941} INFO - Sync 1 DAGs
[2026-02-01T01:43:22.547+0000] {logging_mixin.py:151} INFO - [2026-02-01T01:43:22.546+0000] {dag.py:3722} INFO - Setting next_dagrun for example_sla_dag to 2026-02-01T01:40:00+00:00, run_after=2026-02-01T01:42:00+00:00
[2026-02-01T01:43:22.586+0000] {processor.py:179} INFO - Processing /home/airflow/.local/lib/python3.8/site-packages/airflow/example_dags/example_sla_dag.py took 0.181 seconds
[2026-02-01T01:43:53.325+0000] {processor.py:157} INFO - Started process (PID=429) to work on /home/airflow/.local/lib/python3.8/site-packages/airflow/example_dags/example_sla_dag.py
[2026-02-01T01:43:53.327+0000] {processor.py:829} INFO - Processing file /home/airflow/.local/lib/python3.8/site-packages/airflow/example_dags/example_sla_dag.py for tasks to queue
[2026-02-01T01:43:53.336+0000] {logging_mixin.py:151} INFO - [2026-02-01T01:43:53.335+0000] {dagbag.py:536} INFO - Filling up the DagBag from /home/airflow/.local/lib/python3.8/site-packages/airflow/example_dags/example_sla_dag.py
[2026-02-01T01:43:53.377+0000] {processor.py:839} INFO - DAG(s) dict_keys(['example_sla_dag']) retrieved from /home/airflow/.local/lib/python3.8/site-packages/airflow/example_dags/example_sla_dag.py
[2026-02-01T01:43:53.468+0000] {logging_mixin.py:151} INFO - [2026-02-01T01:43:53.468+0000] {dag.py:2941} INFO - Sync 1 DAGs
[2026-02-01T01:43:53.551+0000] {logging_mixin.py:151} INFO - [2026-02-01T01:43:53.550+0000] {dag.py:3722} INFO - Setting next_dagrun for example_sla_dag to 2026-02-01T01:40:00+00:00, run_after=2026-02-01T01:42:00+00:00
[2026-02-01T01:43:53.626+0000] {processor.py:179} INFO - Processing /home/airflow/.local/lib/python3.8/site-packages/airflow/example_dags/example_sla_dag.py took 0.319 seconds
[2026-02-01T01:44:24.478+0000] {processor.py:157} INFO - Started process (PID=484) to work on /home/airflow/.local/lib/python3.8/site-packages/airflow/example_dags/example_sla_dag.py
[2026-02-01T01:44:24.483+0000] {processor.py:829} INFO - Processing file /home/airflow/.local/lib/python3.8/site-packages/airflow/example_dags/example_sla_dag.py for tasks to queue
[2026-02-01T01:44:24.491+0000] {logging_mixin.py:151} INFO - [2026-02-01T01:44:24.490+0000] {dagbag.py:536} INFO - Filling up the DagBag from /home/airflow/.local/lib/python3.8/site-packages/airflow/example_dags/example_sla_dag.py
[2026-02-01T01:44:24.523+0000] {processor.py:839} INFO - DAG(s) dict_keys(['example_sla_dag']) retrieved from /home/airflow/.local/lib/python3.8/site-packages/airflow/example_dags/example_sla_dag.py
[2026-02-01T01:44:24.572+0000] {logging_mixin.py:151} INFO - [2026-02-01T01:44:24.572+0000] {dag.py:2941} INFO - Sync 1 DAGs
[2026-02-01T01:44:24.644+0000] {logging_mixin.py:151} INFO - [2026-02-01T01:44:24.643+0000] {dag.py:3722} INFO - Setting next_dagrun for example_sla_dag to 2026-02-01T01:42:00+00:00, run_after=2026-02-01T01:44:00+00:00
[2026-02-01T01:44:24.817+0000] {processor.py:179} INFO - Processing /home/airflow/.local/lib/python3.8/site-packages/airflow/example_dags/example_sla_dag.py took 0.363 seconds
[2026-02-01T02:11:11.880+0000] {processor.py:157} INFO - Started process (PID=117) to work on /home/airflow/.local/lib/python3.8/site-packages/airflow/example_dags/example_sla_dag.py
[2026-02-01T02:11:11.887+0000] {processor.py:829} INFO - Processing file /home/airflow/.local/lib/python3.8/site-packages/airflow/example_dags/example_sla_dag.py for tasks to queue
[2026-02-01T02:11:11.907+0000] {logging_mixin.py:151} INFO - [2026-02-01T02:11:11.900+0000] {dagbag.py:536} INFO - Filling up the DagBag from /home/airflow/.local/lib/python3.8/site-packages/airflow/example_dags/example_sla_dag.py
[2026-02-01T02:11:11.938+0000] {processor.py:839} INFO - DAG(s) dict_keys(['example_sla_dag']) retrieved from /home/airflow/.local/lib/python3.8/site-packages/airflow/example_dags/example_sla_dag.py
[2026-02-01T02:11:12.006+0000] {logging_mixin.py:151} INFO - [2026-02-01T02:11:12.006+0000] {dag.py:2941} INFO - Sync 1 DAGs
[2026-02-01T02:11:12.089+0000] {logging_mixin.py:151} INFO - [2026-02-01T02:11:12.089+0000] {dag.py:3722} INFO - Setting next_dagrun for example_sla_dag to 2026-02-01T02:08:00+00:00, run_after=2026-02-01T02:10:00+00:00
[2026-02-01T02:11:12.143+0000] {processor.py:179} INFO - Processing /home/airflow/.local/lib/python3.8/site-packages/airflow/example_dags/example_sla_dag.py took 0.285 seconds
[2026-02-01T02:11:42.734+0000] {processor.py:157} INFO - Started process (PID=172) to work on /home/airflow/.local/lib/python3.8/site-packages/airflow/example_dags/example_sla_dag.py
[2026-02-01T02:11:42.748+0000] {processor.py:829} INFO - Processing file /home/airflow/.local/lib/python3.8/site-packages/airflow/example_dags/example_sla_dag.py for tasks to queue
[2026-02-01T02:11:42.754+0000] {logging_mixin.py:151} INFO - [2026-02-01T02:11:42.754+0000] {dagbag.py:536} INFO - Filling up the DagBag from /home/airflow/.local/lib/python3.8/site-packages/airflow/example_dags/example_sla_dag.py
[2026-02-01T02:11:42.786+0000] {processor.py:839} INFO - DAG(s) dict_keys(['example_sla_dag']) retrieved from /home/airflow/.local/lib/python3.8/site-packages/airflow/example_dags/example_sla_dag.py
[2026-02-01T02:11:42.937+0000] {logging_mixin.py:151} INFO - [2026-02-01T02:11:42.937+0000] {dag.py:2941} INFO - Sync 1 DAGs
[2026-02-01T02:11:43.164+0000] {logging_mixin.py:151} INFO - [2026-02-01T02:11:43.163+0000] {dag.py:3722} INFO - Setting next_dagrun for example_sla_dag to 2026-02-01T02:08:00+00:00, run_after=2026-02-01T02:10:00+00:00
[2026-02-01T02:11:43.262+0000] {processor.py:179} INFO - Processing /home/airflow/.local/lib/python3.8/site-packages/airflow/example_dags/example_sla_dag.py took 0.536 seconds
[2026-02-01T02:12:13.495+0000] {processor.py:157} INFO - Started process (PID=227) to work on /home/airflow/.local/lib/python3.8/site-packages/airflow/example_dags/example_sla_dag.py
[2026-02-01T02:12:13.496+0000] {processor.py:829} INFO - Processing file /home/airflow/.local/lib/python3.8/site-packages/airflow/example_dags/example_sla_dag.py for tasks to queue
[2026-02-01T02:12:13.502+0000] {logging_mixin.py:151} INFO - [2026-02-01T02:12:13.501+0000] {dagbag.py:536} INFO - Filling up the DagBag from /home/airflow/.local/lib/python3.8/site-packages/airflow/example_dags/example_sla_dag.py
[2026-02-01T02:12:13.517+0000] {processor.py:839} INFO - DAG(s) dict_keys(['example_sla_dag']) retrieved from /home/airflow/.local/lib/python3.8/site-packages/airflow/example_dags/example_sla_dag.py
[2026-02-01T02:12:13.549+0000] {logging_mixin.py:151} INFO - [2026-02-01T02:12:13.548+0000] {dag.py:2941} INFO - Sync 1 DAGs
[2026-02-01T02:12:13.602+0000] {logging_mixin.py:151} INFO - [2026-02-01T02:12:13.601+0000] {dag.py:3722} INFO - Setting next_dagrun for example_sla_dag to 2026-02-01T02:10:00+00:00, run_after=2026-02-01T02:12:00+00:00
[2026-02-01T02:12:13.643+0000] {processor.py:179} INFO - Processing /home/airflow/.local/lib/python3.8/site-packages/airflow/example_dags/example_sla_dag.py took 0.157 seconds
[2026-02-01T02:12:45.198+0000] {processor.py:157} INFO - Started process (PID=282) to work on /home/airflow/.local/lib/python3.8/site-packages/airflow/example_dags/example_sla_dag.py
[2026-02-01T02:12:45.201+0000] {processor.py:829} INFO - Processing file /home/airflow/.local/lib/python3.8/site-packages/airflow/example_dags/example_sla_dag.py for tasks to queue
[2026-02-01T02:12:45.207+0000] {logging_mixin.py:151} INFO - [2026-02-01T02:12:45.207+0000] {dagbag.py:536} INFO - Filling up the DagBag from /home/airflow/.local/lib/python3.8/site-packages/airflow/example_dags/example_sla_dag.py
[2026-02-01T02:12:45.229+0000] {processor.py:839} INFO - DAG(s) dict_keys(['example_sla_dag']) retrieved from /home/airflow/.local/lib/python3.8/site-packages/airflow/example_dags/example_sla_dag.py
[2026-02-01T02:12:45.274+0000] {logging_mixin.py:151} INFO - [2026-02-01T02:12:45.274+0000] {dag.py:2941} INFO - Sync 1 DAGs
[2026-02-01T02:12:45.331+0000] {logging_mixin.py:151} INFO - [2026-02-01T02:12:45.331+0000] {dag.py:3722} INFO - Setting next_dagrun for example_sla_dag to 2026-02-01T02:10:00+00:00, run_after=2026-02-01T02:12:00+00:00
[2026-02-01T02:12:45.370+0000] {processor.py:179} INFO - Processing /home/airflow/.local/lib/python3.8/site-packages/airflow/example_dags/example_sla_dag.py took 0.180 seconds
[2026-02-01T02:13:15.869+0000] {processor.py:157} INFO - Started process (PID=337) to work on /home/airflow/.local/lib/python3.8/site-packages/airflow/example_dags/example_sla_dag.py
[2026-02-01T02:13:15.876+0000] {processor.py:829} INFO - Processing file /home/airflow/.local/lib/python3.8/site-packages/airflow/example_dags/example_sla_dag.py for tasks to queue
[2026-02-01T02:13:15.881+0000] {logging_mixin.py:151} INFO - [2026-02-01T02:13:15.881+0000] {dagbag.py:536} INFO - Filling up the DagBag from /home/airflow/.local/lib/python3.8/site-packages/airflow/example_dags/example_sla_dag.py
[2026-02-01T02:13:15.903+0000] {processor.py:839} INFO - DAG(s) dict_keys(['example_sla_dag']) retrieved from /home/airflow/.local/lib/python3.8/site-packages/airflow/example_dags/example_sla_dag.py
[2026-02-01T02:13:15.959+0000] {logging_mixin.py:151} INFO - [2026-02-01T02:13:15.959+0000] {dag.py:2941} INFO - Sync 1 DAGs
[2026-02-01T02:13:16.039+0000] {logging_mixin.py:151} INFO - [2026-02-01T02:13:16.038+0000] {dag.py:3722} INFO - Setting next_dagrun for example_sla_dag to 2026-02-01T02:10:00+00:00, run_after=2026-02-01T02:12:00+00:00
[2026-02-01T02:13:16.080+0000] {processor.py:179} INFO - Processing /home/airflow/.local/lib/python3.8/site-packages/airflow/example_dags/example_sla_dag.py took 0.217 seconds
[2026-02-01T02:13:46.464+0000] {processor.py:157} INFO - Started process (PID=392) to work on /home/airflow/.local/lib/python3.8/site-packages/airflow/example_dags/example_sla_dag.py
[2026-02-01T02:13:46.475+0000] {processor.py:829} INFO - Processing file /home/airflow/.local/lib/python3.8/site-packages/airflow/example_dags/example_sla_dag.py for tasks to queue
[2026-02-01T02:13:46.487+0000] {logging_mixin.py:151} INFO - [2026-02-01T02:13:46.486+0000] {dagbag.py:536} INFO - Filling up the DagBag from /home/airflow/.local/lib/python3.8/site-packages/airflow/example_dags/example_sla_dag.py
[2026-02-01T02:13:46.555+0000] {processor.py:839} INFO - DAG(s) dict_keys(['example_sla_dag']) retrieved from /home/airflow/.local/lib/python3.8/site-packages/airflow/example_dags/example_sla_dag.py
[2026-02-01T02:13:46.742+0000] {logging_mixin.py:151} INFO - [2026-02-01T02:13:46.740+0000] {dag.py:2941} INFO - Sync 1 DAGs
[2026-02-01T02:13:46.840+0000] {logging_mixin.py:151} INFO - [2026-02-01T02:13:46.840+0000] {dag.py:3722} INFO - Setting next_dagrun for example_sla_dag to 2026-02-01T02:10:00+00:00, run_after=2026-02-01T02:12:00+00:00
[2026-02-01T02:13:46.948+0000] {processor.py:179} INFO - Processing /home/airflow/.local/lib/python3.8/site-packages/airflow/example_dags/example_sla_dag.py took 0.502 seconds
[2026-02-01T02:14:17.352+0000] {processor.py:157} INFO - Started process (PID=447) to work on /home/airflow/.local/lib/python3.8/site-packages/airflow/example_dags/example_sla_dag.py
[2026-02-01T02:14:17.354+0000] {processor.py:829} INFO - Processing file /home/airflow/.local/lib/python3.8/site-packages/airflow/example_dags/example_sla_dag.py for tasks to queue
[2026-02-01T02:14:17.360+0000] {logging_mixin.py:151} INFO - [2026-02-01T02:14:17.359+0000] {dagbag.py:536} INFO - Filling up the DagBag from /home/airflow/.local/lib/python3.8/site-packages/airflow/example_dags/example_sla_dag.py
[2026-02-01T02:14:17.373+0000] {processor.py:839} INFO - DAG(s) dict_keys(['example_sla_dag']) retrieved from /home/airflow/.local/lib/python3.8/site-packages/airflow/example_dags/example_sla_dag.py
[2026-02-01T02:14:17.411+0000] {logging_mixin.py:151} INFO - [2026-02-01T02:14:17.411+0000] {dag.py:2941} INFO - Sync 1 DAGs
[2026-02-01T02:14:17.452+0000] {logging_mixin.py:151} INFO - [2026-02-01T02:14:17.452+0000] {dag.py:3722} INFO - Setting next_dagrun for example_sla_dag to 2026-02-01T02:12:00+00:00, run_after=2026-02-01T02:14:00+00:00
[2026-02-01T02:14:17.482+0000] {processor.py:179} INFO - Processing /home/airflow/.local/lib/python3.8/site-packages/airflow/example_dags/example_sla_dag.py took 0.137 seconds
[2026-02-01T02:14:48.607+0000] {processor.py:157} INFO - Started process (PID=501) to work on /home/airflow/.local/lib/python3.8/site-packages/airflow/example_dags/example_sla_dag.py
[2026-02-01T02:14:48.609+0000] {processor.py:829} INFO - Processing file /home/airflow/.local/lib/python3.8/site-packages/airflow/example_dags/example_sla_dag.py for tasks to queue
[2026-02-01T02:14:48.615+0000] {logging_mixin.py:151} INFO - [2026-02-01T02:14:48.614+0000] {dagbag.py:536} INFO - Filling up the DagBag from /home/airflow/.local/lib/python3.8/site-packages/airflow/example_dags/example_sla_dag.py
[2026-02-01T02:14:48.632+0000] {processor.py:839} INFO - DAG(s) dict_keys(['example_sla_dag']) retrieved from /home/airflow/.local/lib/python3.8/site-packages/airflow/example_dags/example_sla_dag.py
[2026-02-01T02:14:48.678+0000] {logging_mixin.py:151} INFO - [2026-02-01T02:14:48.678+0000] {dag.py:2941} INFO - Sync 1 DAGs
[2026-02-01T02:14:48.755+0000] {logging_mixin.py:151} INFO - [2026-02-01T02:14:48.754+0000] {dag.py:3722} INFO - Setting next_dagrun for example_sla_dag to 2026-02-01T02:12:00+00:00, run_after=2026-02-01T02:14:00+00:00
[2026-02-01T02:14:48.825+0000] {processor.py:179} INFO - Processing /home/airflow/.local/lib/python3.8/site-packages/airflow/example_dags/example_sla_dag.py took 0.226 seconds
[2026-02-01T02:15:18.910+0000] {processor.py:157} INFO - Started process (PID=556) to work on /home/airflow/.local/lib/python3.8/site-packages/airflow/example_dags/example_sla_dag.py
[2026-02-01T02:15:18.914+0000] {processor.py:829} INFO - Processing file /home/airflow/.local/lib/python3.8/site-packages/airflow/example_dags/example_sla_dag.py for tasks to queue
[2026-02-01T02:15:18.922+0000] {logging_mixin.py:151} INFO - [2026-02-01T02:15:18.921+0000] {dagbag.py:536} INFO - Filling up the DagBag from /home/airflow/.local/lib/python3.8/site-packages/airflow/example_dags/example_sla_dag.py
[2026-02-01T02:15:18.947+0000] {processor.py:839} INFO - DAG(s) dict_keys(['example_sla_dag']) retrieved from /home/airflow/.local/lib/python3.8/site-packages/airflow/example_dags/example_sla_dag.py
[2026-02-01T02:15:19.018+0000] {logging_mixin.py:151} INFO - [2026-02-01T02:15:19.018+0000] {dag.py:2941} INFO - Sync 1 DAGs
[2026-02-01T02:15:19.118+0000] {logging_mixin.py:151} INFO - [2026-02-01T02:15:19.118+0000] {dag.py:3722} INFO - Setting next_dagrun for example_sla_dag to 2026-02-01T02:12:00+00:00, run_after=2026-02-01T02:14:00+00:00
[2026-02-01T02:15:19.227+0000] {processor.py:179} INFO - Processing /home/airflow/.local/lib/python3.8/site-packages/airflow/example_dags/example_sla_dag.py took 0.331 seconds
[2026-02-01T02:15:49.332+0000] {processor.py:157} INFO - Started process (PID=610) to work on /home/airflow/.local/lib/python3.8/site-packages/airflow/example_dags/example_sla_dag.py
[2026-02-01T02:15:49.335+0000] {processor.py:829} INFO - Processing file /home/airflow/.local/lib/python3.8/site-packages/airflow/example_dags/example_sla_dag.py for tasks to queue
[2026-02-01T02:15:49.340+0000] {logging_mixin.py:151} INFO - [2026-02-01T02:15:49.339+0000] {dagbag.py:536} INFO - Filling up the DagBag from /home/airflow/.local/lib/python3.8/site-packages/airflow/example_dags/example_sla_dag.py
[2026-02-01T02:15:49.356+0000] {processor.py:839} INFO - DAG(s) dict_keys(['example_sla_dag']) retrieved from /home/airflow/.local/lib/python3.8/site-packages/airflow/example_dags/example_sla_dag.py
[2026-02-01T02:15:49.406+0000] {logging_mixin.py:151} INFO - [2026-02-01T02:15:49.405+0000] {dag.py:2941} INFO - Sync 1 DAGs
[2026-02-01T02:15:49.463+0000] {logging_mixin.py:151} INFO - [2026-02-01T02:15:49.463+0000] {dag.py:3722} INFO - Setting next_dagrun for example_sla_dag to 2026-02-01T02:12:00+00:00, run_after=2026-02-01T02:14:00+00:00
[2026-02-01T02:15:49.494+0000] {processor.py:179} INFO - Processing /home/airflow/.local/lib/python3.8/site-packages/airflow/example_dags/example_sla_dag.py took 0.171 seconds
[2026-02-01T02:16:19.746+0000] {processor.py:157} INFO - Started process (PID=665) to work on /home/airflow/.local/lib/python3.8/site-packages/airflow/example_dags/example_sla_dag.py
[2026-02-01T02:16:19.748+0000] {processor.py:829} INFO - Processing file /home/airflow/.local/lib/python3.8/site-packages/airflow/example_dags/example_sla_dag.py for tasks to queue
[2026-02-01T02:16:19.761+0000] {logging_mixin.py:151} INFO - [2026-02-01T02:16:19.760+0000] {dagbag.py:536} INFO - Filling up the DagBag from /home/airflow/.local/lib/python3.8/site-packages/airflow/example_dags/example_sla_dag.py
[2026-02-01T02:16:19.793+0000] {processor.py:839} INFO - DAG(s) dict_keys(['example_sla_dag']) retrieved from /home/airflow/.local/lib/python3.8/site-packages/airflow/example_dags/example_sla_dag.py
[2026-02-01T02:16:19.873+0000] {logging_mixin.py:151} INFO - [2026-02-01T02:16:19.873+0000] {dag.py:2941} INFO - Sync 1 DAGs
[2026-02-01T02:16:19.941+0000] {logging_mixin.py:151} INFO - [2026-02-01T02:16:19.941+0000] {dag.py:3722} INFO - Setting next_dagrun for example_sla_dag to 2026-02-01T02:14:00+00:00, run_after=2026-02-01T02:16:00+00:00
[2026-02-01T02:16:19.977+0000] {processor.py:179} INFO - Processing /home/airflow/.local/lib/python3.8/site-packages/airflow/example_dags/example_sla_dag.py took 0.242 seconds
