[2026-02-01T01:37:16.039+0000] {processor.py:157} INFO - Started process (PID=101) to work on /home/airflow/.local/lib/python3.8/site-packages/airflow/example_dags/example_dynamic_task_mapping.py
[2026-02-01T01:37:16.042+0000] {processor.py:829} INFO - Processing file /home/airflow/.local/lib/python3.8/site-packages/airflow/example_dags/example_dynamic_task_mapping.py for tasks to queue
[2026-02-01T01:37:16.057+0000] {logging_mixin.py:151} INFO - [2026-02-01T01:37:16.056+0000] {dagbag.py:536} INFO - Filling up the DagBag from /home/airflow/.local/lib/python3.8/site-packages/airflow/example_dags/example_dynamic_task_mapping.py
[2026-02-01T01:37:16.095+0000] {processor.py:839} INFO - DAG(s) dict_keys(['example_dynamic_task_mapping']) retrieved from /home/airflow/.local/lib/python3.8/site-packages/airflow/example_dags/example_dynamic_task_mapping.py
[2026-02-01T01:37:16.611+0000] {logging_mixin.py:151} INFO - [2026-02-01T01:37:16.610+0000] {manager.py:499} INFO - Created Permission View: %s
[2026-02-01T01:37:16.639+0000] {logging_mixin.py:151} INFO - [2026-02-01T01:37:16.639+0000] {manager.py:499} INFO - Created Permission View: %s
[2026-02-01T01:37:16.666+0000] {logging_mixin.py:151} INFO - [2026-02-01T01:37:16.665+0000] {manager.py:499} INFO - Created Permission View: %s
[2026-02-01T01:37:16.667+0000] {logging_mixin.py:151} INFO - [2026-02-01T01:37:16.666+0000] {dag.py:2941} INFO - Sync 1 DAGs
[2026-02-01T01:37:16.701+0000] {logging_mixin.py:151} INFO - [2026-02-01T01:37:16.701+0000] {dag.py:2963} INFO - Creating ORM DAG for example_dynamic_task_mapping
[2026-02-01T01:37:16.725+0000] {logging_mixin.py:151} INFO - [2026-02-01T01:37:16.725+0000] {dag.py:3722} INFO - Setting next_dagrun for example_dynamic_task_mapping to 2022-03-04T00:00:00+00:00, run_after=2022-03-05T00:00:00+00:00
[2026-02-01T01:37:16.805+0000] {processor.py:179} INFO - Processing /home/airflow/.local/lib/python3.8/site-packages/airflow/example_dags/example_dynamic_task_mapping.py took 0.782 seconds
[2026-02-01T01:40:37.606+0000] {processor.py:157} INFO - Started process (PID=94) to work on /home/airflow/.local/lib/python3.8/site-packages/airflow/example_dags/example_dynamic_task_mapping.py
[2026-02-01T01:40:37.609+0000] {processor.py:829} INFO - Processing file /home/airflow/.local/lib/python3.8/site-packages/airflow/example_dags/example_dynamic_task_mapping.py for tasks to queue
[2026-02-01T01:40:37.615+0000] {logging_mixin.py:151} INFO - [2026-02-01T01:40:37.615+0000] {dagbag.py:536} INFO - Filling up the DagBag from /home/airflow/.local/lib/python3.8/site-packages/airflow/example_dags/example_dynamic_task_mapping.py
[2026-02-01T01:40:37.641+0000] {processor.py:839} INFO - DAG(s) dict_keys(['example_dynamic_task_mapping']) retrieved from /home/airflow/.local/lib/python3.8/site-packages/airflow/example_dags/example_dynamic_task_mapping.py
[2026-02-01T01:40:37.689+0000] {logging_mixin.py:151} INFO - [2026-02-01T01:40:37.688+0000] {dag.py:2941} INFO - Sync 1 DAGs
[2026-02-01T01:40:37.744+0000] {logging_mixin.py:151} INFO - [2026-02-01T01:40:37.743+0000] {dag.py:3722} INFO - Setting next_dagrun for example_dynamic_task_mapping to 2022-03-04T00:00:00+00:00, run_after=2022-03-05T00:00:00+00:00
[2026-02-01T01:40:37.790+0000] {processor.py:179} INFO - Processing /home/airflow/.local/lib/python3.8/site-packages/airflow/example_dags/example_dynamic_task_mapping.py took 0.193 seconds
[2026-02-01T01:41:07.948+0000] {processor.py:157} INFO - Started process (PID=149) to work on /home/airflow/.local/lib/python3.8/site-packages/airflow/example_dags/example_dynamic_task_mapping.py
[2026-02-01T01:41:07.950+0000] {processor.py:829} INFO - Processing file /home/airflow/.local/lib/python3.8/site-packages/airflow/example_dags/example_dynamic_task_mapping.py for tasks to queue
[2026-02-01T01:41:07.955+0000] {logging_mixin.py:151} INFO - [2026-02-01T01:41:07.954+0000] {dagbag.py:536} INFO - Filling up the DagBag from /home/airflow/.local/lib/python3.8/site-packages/airflow/example_dags/example_dynamic_task_mapping.py
[2026-02-01T01:41:07.997+0000] {processor.py:839} INFO - DAG(s) dict_keys(['example_dynamic_task_mapping']) retrieved from /home/airflow/.local/lib/python3.8/site-packages/airflow/example_dags/example_dynamic_task_mapping.py
[2026-02-01T01:41:08.095+0000] {logging_mixin.py:151} INFO - [2026-02-01T01:41:08.094+0000] {dag.py:2941} INFO - Sync 1 DAGs
[2026-02-01T01:41:08.198+0000] {logging_mixin.py:151} INFO - [2026-02-01T01:41:08.197+0000] {dag.py:3722} INFO - Setting next_dagrun for example_dynamic_task_mapping to 2022-03-04T00:00:00+00:00, run_after=2022-03-05T00:00:00+00:00
[2026-02-01T01:41:08.241+0000] {processor.py:179} INFO - Processing /home/airflow/.local/lib/python3.8/site-packages/airflow/example_dags/example_dynamic_task_mapping.py took 0.301 seconds
[2026-02-01T01:41:48.290+0000] {processor.py:157} INFO - Started process (PID=205) to work on /home/airflow/.local/lib/python3.8/site-packages/airflow/example_dags/example_dynamic_task_mapping.py
[2026-02-01T01:41:48.321+0000] {processor.py:829} INFO - Processing file /home/airflow/.local/lib/python3.8/site-packages/airflow/example_dags/example_dynamic_task_mapping.py for tasks to queue
[2026-02-01T01:41:48.326+0000] {logging_mixin.py:151} INFO - [2026-02-01T01:41:48.325+0000] {dagbag.py:536} INFO - Filling up the DagBag from /home/airflow/.local/lib/python3.8/site-packages/airflow/example_dags/example_dynamic_task_mapping.py
[2026-02-01T01:41:48.356+0000] {processor.py:839} INFO - DAG(s) dict_keys(['example_dynamic_task_mapping']) retrieved from /home/airflow/.local/lib/python3.8/site-packages/airflow/example_dags/example_dynamic_task_mapping.py
[2026-02-01T01:41:48.428+0000] {logging_mixin.py:151} INFO - [2026-02-01T01:41:48.428+0000] {dag.py:2941} INFO - Sync 1 DAGs
[2026-02-01T01:41:48.558+0000] {logging_mixin.py:151} INFO - [2026-02-01T01:41:48.557+0000] {dag.py:3722} INFO - Setting next_dagrun for example_dynamic_task_mapping to 2022-03-04T00:00:00+00:00, run_after=2022-03-05T00:00:00+00:00
[2026-02-01T01:41:48.685+0000] {processor.py:179} INFO - Processing /home/airflow/.local/lib/python3.8/site-packages/airflow/example_dags/example_dynamic_task_mapping.py took 0.409 seconds
[2026-02-01T01:42:19.486+0000] {processor.py:157} INFO - Started process (PID=260) to work on /home/airflow/.local/lib/python3.8/site-packages/airflow/example_dags/example_dynamic_task_mapping.py
[2026-02-01T01:42:19.493+0000] {processor.py:829} INFO - Processing file /home/airflow/.local/lib/python3.8/site-packages/airflow/example_dags/example_dynamic_task_mapping.py for tasks to queue
[2026-02-01T01:42:19.509+0000] {logging_mixin.py:151} INFO - [2026-02-01T01:42:19.507+0000] {dagbag.py:536} INFO - Filling up the DagBag from /home/airflow/.local/lib/python3.8/site-packages/airflow/example_dags/example_dynamic_task_mapping.py
[2026-02-01T01:42:19.550+0000] {processor.py:839} INFO - DAG(s) dict_keys(['example_dynamic_task_mapping']) retrieved from /home/airflow/.local/lib/python3.8/site-packages/airflow/example_dags/example_dynamic_task_mapping.py
[2026-02-01T01:42:19.627+0000] {logging_mixin.py:151} INFO - [2026-02-01T01:42:19.627+0000] {dag.py:2941} INFO - Sync 1 DAGs
[2026-02-01T01:42:19.693+0000] {logging_mixin.py:151} INFO - [2026-02-01T01:42:19.693+0000] {dag.py:3722} INFO - Setting next_dagrun for example_dynamic_task_mapping to 2022-03-04T00:00:00+00:00, run_after=2022-03-05T00:00:00+00:00
[2026-02-01T01:42:19.737+0000] {processor.py:179} INFO - Processing /home/airflow/.local/lib/python3.8/site-packages/airflow/example_dags/example_dynamic_task_mapping.py took 0.285 seconds
[2026-02-01T01:42:50.109+0000] {processor.py:157} INFO - Started process (PID=315) to work on /home/airflow/.local/lib/python3.8/site-packages/airflow/example_dags/example_dynamic_task_mapping.py
[2026-02-01T01:42:50.111+0000] {processor.py:829} INFO - Processing file /home/airflow/.local/lib/python3.8/site-packages/airflow/example_dags/example_dynamic_task_mapping.py for tasks to queue
[2026-02-01T01:42:50.117+0000] {logging_mixin.py:151} INFO - [2026-02-01T01:42:50.116+0000] {dagbag.py:536} INFO - Filling up the DagBag from /home/airflow/.local/lib/python3.8/site-packages/airflow/example_dags/example_dynamic_task_mapping.py
[2026-02-01T01:42:50.134+0000] {processor.py:839} INFO - DAG(s) dict_keys(['example_dynamic_task_mapping']) retrieved from /home/airflow/.local/lib/python3.8/site-packages/airflow/example_dags/example_dynamic_task_mapping.py
[2026-02-01T01:42:50.177+0000] {logging_mixin.py:151} INFO - [2026-02-01T01:42:50.176+0000] {dag.py:2941} INFO - Sync 1 DAGs
[2026-02-01T01:42:50.224+0000] {logging_mixin.py:151} INFO - [2026-02-01T01:42:50.224+0000] {dag.py:3722} INFO - Setting next_dagrun for example_dynamic_task_mapping to 2022-03-04T00:00:00+00:00, run_after=2022-03-05T00:00:00+00:00
[2026-02-01T01:42:50.269+0000] {processor.py:179} INFO - Processing /home/airflow/.local/lib/python3.8/site-packages/airflow/example_dags/example_dynamic_task_mapping.py took 0.172 seconds
[2026-02-01T01:43:20.659+0000] {processor.py:157} INFO - Started process (PID=369) to work on /home/airflow/.local/lib/python3.8/site-packages/airflow/example_dags/example_dynamic_task_mapping.py
[2026-02-01T01:43:20.663+0000] {processor.py:829} INFO - Processing file /home/airflow/.local/lib/python3.8/site-packages/airflow/example_dags/example_dynamic_task_mapping.py for tasks to queue
[2026-02-01T01:43:20.670+0000] {logging_mixin.py:151} INFO - [2026-02-01T01:43:20.669+0000] {dagbag.py:536} INFO - Filling up the DagBag from /home/airflow/.local/lib/python3.8/site-packages/airflow/example_dags/example_dynamic_task_mapping.py
[2026-02-01T01:43:20.691+0000] {processor.py:839} INFO - DAG(s) dict_keys(['example_dynamic_task_mapping']) retrieved from /home/airflow/.local/lib/python3.8/site-packages/airflow/example_dags/example_dynamic_task_mapping.py
[2026-02-01T01:43:20.733+0000] {logging_mixin.py:151} INFO - [2026-02-01T01:43:20.733+0000] {dag.py:2941} INFO - Sync 1 DAGs
[2026-02-01T01:43:20.771+0000] {logging_mixin.py:151} INFO - [2026-02-01T01:43:20.771+0000] {dag.py:3722} INFO - Setting next_dagrun for example_dynamic_task_mapping to 2022-03-04T00:00:00+00:00, run_after=2022-03-05T00:00:00+00:00
[2026-02-01T01:43:20.803+0000] {processor.py:179} INFO - Processing /home/airflow/.local/lib/python3.8/site-packages/airflow/example_dags/example_dynamic_task_mapping.py took 0.154 seconds
[2026-02-01T01:43:51.719+0000] {processor.py:157} INFO - Started process (PID=424) to work on /home/airflow/.local/lib/python3.8/site-packages/airflow/example_dags/example_dynamic_task_mapping.py
[2026-02-01T01:43:51.721+0000] {processor.py:829} INFO - Processing file /home/airflow/.local/lib/python3.8/site-packages/airflow/example_dags/example_dynamic_task_mapping.py for tasks to queue
[2026-02-01T01:43:51.725+0000] {logging_mixin.py:151} INFO - [2026-02-01T01:43:51.725+0000] {dagbag.py:536} INFO - Filling up the DagBag from /home/airflow/.local/lib/python3.8/site-packages/airflow/example_dags/example_dynamic_task_mapping.py
[2026-02-01T01:43:51.742+0000] {processor.py:839} INFO - DAG(s) dict_keys(['example_dynamic_task_mapping']) retrieved from /home/airflow/.local/lib/python3.8/site-packages/airflow/example_dags/example_dynamic_task_mapping.py
[2026-02-01T01:43:51.810+0000] {logging_mixin.py:151} INFO - [2026-02-01T01:43:51.810+0000] {dag.py:2941} INFO - Sync 1 DAGs
[2026-02-01T01:43:51.944+0000] {logging_mixin.py:151} INFO - [2026-02-01T01:43:51.943+0000] {dag.py:3722} INFO - Setting next_dagrun for example_dynamic_task_mapping to 2022-03-04T00:00:00+00:00, run_after=2022-03-05T00:00:00+00:00
[2026-02-01T01:43:52.095+0000] {processor.py:179} INFO - Processing /home/airflow/.local/lib/python3.8/site-packages/airflow/example_dags/example_dynamic_task_mapping.py took 0.373 seconds
[2026-02-01T01:44:22.840+0000] {processor.py:157} INFO - Started process (PID=479) to work on /home/airflow/.local/lib/python3.8/site-packages/airflow/example_dags/example_dynamic_task_mapping.py
[2026-02-01T01:44:22.844+0000] {processor.py:829} INFO - Processing file /home/airflow/.local/lib/python3.8/site-packages/airflow/example_dags/example_dynamic_task_mapping.py for tasks to queue
[2026-02-01T01:44:22.851+0000] {logging_mixin.py:151} INFO - [2026-02-01T01:44:22.850+0000] {dagbag.py:536} INFO - Filling up the DagBag from /home/airflow/.local/lib/python3.8/site-packages/airflow/example_dags/example_dynamic_task_mapping.py
[2026-02-01T01:44:22.877+0000] {processor.py:839} INFO - DAG(s) dict_keys(['example_dynamic_task_mapping']) retrieved from /home/airflow/.local/lib/python3.8/site-packages/airflow/example_dags/example_dynamic_task_mapping.py
[2026-02-01T01:44:22.930+0000] {logging_mixin.py:151} INFO - [2026-02-01T01:44:22.930+0000] {dag.py:2941} INFO - Sync 1 DAGs
[2026-02-01T01:44:23.039+0000] {logging_mixin.py:151} INFO - [2026-02-01T01:44:23.038+0000] {dag.py:3722} INFO - Setting next_dagrun for example_dynamic_task_mapping to 2022-03-04T00:00:00+00:00, run_after=2022-03-05T00:00:00+00:00
[2026-02-01T01:44:23.344+0000] {processor.py:179} INFO - Processing /home/airflow/.local/lib/python3.8/site-packages/airflow/example_dags/example_dynamic_task_mapping.py took 0.520 seconds
[2026-02-01T02:11:10.667+0000] {processor.py:157} INFO - Started process (PID=113) to work on /home/airflow/.local/lib/python3.8/site-packages/airflow/example_dags/example_dynamic_task_mapping.py
[2026-02-01T02:11:10.673+0000] {processor.py:829} INFO - Processing file /home/airflow/.local/lib/python3.8/site-packages/airflow/example_dags/example_dynamic_task_mapping.py for tasks to queue
[2026-02-01T02:11:10.680+0000] {logging_mixin.py:151} INFO - [2026-02-01T02:11:10.679+0000] {dagbag.py:536} INFO - Filling up the DagBag from /home/airflow/.local/lib/python3.8/site-packages/airflow/example_dags/example_dynamic_task_mapping.py
[2026-02-01T02:11:10.715+0000] {processor.py:839} INFO - DAG(s) dict_keys(['example_dynamic_task_mapping']) retrieved from /home/airflow/.local/lib/python3.8/site-packages/airflow/example_dags/example_dynamic_task_mapping.py
[2026-02-01T02:11:10.894+0000] {logging_mixin.py:151} INFO - [2026-02-01T02:11:10.894+0000] {dag.py:2941} INFO - Sync 1 DAGs
[2026-02-01T02:11:11.016+0000] {logging_mixin.py:151} INFO - [2026-02-01T02:11:11.016+0000] {dag.py:3722} INFO - Setting next_dagrun for example_dynamic_task_mapping to 2022-03-04T00:00:00+00:00, run_after=2022-03-05T00:00:00+00:00
[2026-02-01T02:11:11.084+0000] {processor.py:179} INFO - Processing /home/airflow/.local/lib/python3.8/site-packages/airflow/example_dags/example_dynamic_task_mapping.py took 0.435 seconds
[2026-02-01T02:11:41.677+0000] {processor.py:157} INFO - Started process (PID=168) to work on /home/airflow/.local/lib/python3.8/site-packages/airflow/example_dags/example_dynamic_task_mapping.py
[2026-02-01T02:11:41.680+0000] {processor.py:829} INFO - Processing file /home/airflow/.local/lib/python3.8/site-packages/airflow/example_dags/example_dynamic_task_mapping.py for tasks to queue
[2026-02-01T02:11:41.685+0000] {logging_mixin.py:151} INFO - [2026-02-01T02:11:41.685+0000] {dagbag.py:536} INFO - Filling up the DagBag from /home/airflow/.local/lib/python3.8/site-packages/airflow/example_dags/example_dynamic_task_mapping.py
[2026-02-01T02:11:41.708+0000] {processor.py:839} INFO - DAG(s) dict_keys(['example_dynamic_task_mapping']) retrieved from /home/airflow/.local/lib/python3.8/site-packages/airflow/example_dags/example_dynamic_task_mapping.py
[2026-02-01T02:11:41.755+0000] {logging_mixin.py:151} INFO - [2026-02-01T02:11:41.755+0000] {dag.py:2941} INFO - Sync 1 DAGs
[2026-02-01T02:11:41.800+0000] {logging_mixin.py:151} INFO - [2026-02-01T02:11:41.800+0000] {dag.py:3722} INFO - Setting next_dagrun for example_dynamic_task_mapping to 2022-03-04T00:00:00+00:00, run_after=2022-03-05T00:00:00+00:00
[2026-02-01T02:11:41.843+0000] {processor.py:179} INFO - Processing /home/airflow/.local/lib/python3.8/site-packages/airflow/example_dags/example_dynamic_task_mapping.py took 0.174 seconds
[2026-02-01T02:12:12.452+0000] {processor.py:157} INFO - Started process (PID=222) to work on /home/airflow/.local/lib/python3.8/site-packages/airflow/example_dags/example_dynamic_task_mapping.py
[2026-02-01T02:12:12.454+0000] {processor.py:829} INFO - Processing file /home/airflow/.local/lib/python3.8/site-packages/airflow/example_dags/example_dynamic_task_mapping.py for tasks to queue
[2026-02-01T02:12:12.470+0000] {logging_mixin.py:151} INFO - [2026-02-01T02:12:12.469+0000] {dagbag.py:536} INFO - Filling up the DagBag from /home/airflow/.local/lib/python3.8/site-packages/airflow/example_dags/example_dynamic_task_mapping.py
[2026-02-01T02:12:12.508+0000] {processor.py:839} INFO - DAG(s) dict_keys(['example_dynamic_task_mapping']) retrieved from /home/airflow/.local/lib/python3.8/site-packages/airflow/example_dags/example_dynamic_task_mapping.py
[2026-02-01T02:12:12.591+0000] {logging_mixin.py:151} INFO - [2026-02-01T02:12:12.591+0000] {dag.py:2941} INFO - Sync 1 DAGs
[2026-02-01T02:12:12.630+0000] {logging_mixin.py:151} INFO - [2026-02-01T02:12:12.629+0000] {dag.py:3722} INFO - Setting next_dagrun for example_dynamic_task_mapping to 2022-03-04T00:00:00+00:00, run_after=2022-03-05T00:00:00+00:00
[2026-02-01T02:12:12.688+0000] {processor.py:179} INFO - Processing /home/airflow/.local/lib/python3.8/site-packages/airflow/example_dags/example_dynamic_task_mapping.py took 0.253 seconds
[2026-02-01T02:12:44.521+0000] {processor.py:157} INFO - Started process (PID=278) to work on /home/airflow/.local/lib/python3.8/site-packages/airflow/example_dags/example_dynamic_task_mapping.py
[2026-02-01T02:12:44.525+0000] {processor.py:829} INFO - Processing file /home/airflow/.local/lib/python3.8/site-packages/airflow/example_dags/example_dynamic_task_mapping.py for tasks to queue
[2026-02-01T02:12:44.535+0000] {logging_mixin.py:151} INFO - [2026-02-01T02:12:44.534+0000] {dagbag.py:536} INFO - Filling up the DagBag from /home/airflow/.local/lib/python3.8/site-packages/airflow/example_dags/example_dynamic_task_mapping.py
[2026-02-01T02:12:44.555+0000] {processor.py:839} INFO - DAG(s) dict_keys(['example_dynamic_task_mapping']) retrieved from /home/airflow/.local/lib/python3.8/site-packages/airflow/example_dags/example_dynamic_task_mapping.py
[2026-02-01T02:12:44.613+0000] {logging_mixin.py:151} INFO - [2026-02-01T02:12:44.613+0000] {dag.py:2941} INFO - Sync 1 DAGs
[2026-02-01T02:12:44.657+0000] {logging_mixin.py:151} INFO - [2026-02-01T02:12:44.657+0000] {dag.py:3722} INFO - Setting next_dagrun for example_dynamic_task_mapping to 2022-03-04T00:00:00+00:00, run_after=2022-03-05T00:00:00+00:00
[2026-02-01T02:12:44.697+0000] {processor.py:179} INFO - Processing /home/airflow/.local/lib/python3.8/site-packages/airflow/example_dags/example_dynamic_task_mapping.py took 0.184 seconds
[2026-02-01T02:13:14.940+0000] {processor.py:157} INFO - Started process (PID=332) to work on /home/airflow/.local/lib/python3.8/site-packages/airflow/example_dags/example_dynamic_task_mapping.py
[2026-02-01T02:13:14.944+0000] {processor.py:829} INFO - Processing file /home/airflow/.local/lib/python3.8/site-packages/airflow/example_dags/example_dynamic_task_mapping.py for tasks to queue
[2026-02-01T02:13:14.953+0000] {logging_mixin.py:151} INFO - [2026-02-01T02:13:14.952+0000] {dagbag.py:536} INFO - Filling up the DagBag from /home/airflow/.local/lib/python3.8/site-packages/airflow/example_dags/example_dynamic_task_mapping.py
[2026-02-01T02:13:14.969+0000] {processor.py:839} INFO - DAG(s) dict_keys(['example_dynamic_task_mapping']) retrieved from /home/airflow/.local/lib/python3.8/site-packages/airflow/example_dags/example_dynamic_task_mapping.py
[2026-02-01T02:13:15.023+0000] {logging_mixin.py:151} INFO - [2026-02-01T02:13:15.022+0000] {dag.py:2941} INFO - Sync 1 DAGs
[2026-02-01T02:13:15.078+0000] {logging_mixin.py:151} INFO - [2026-02-01T02:13:15.078+0000] {dag.py:3722} INFO - Setting next_dagrun for example_dynamic_task_mapping to 2022-03-04T00:00:00+00:00, run_after=2022-03-05T00:00:00+00:00
[2026-02-01T02:13:15.140+0000] {processor.py:179} INFO - Processing /home/airflow/.local/lib/python3.8/site-packages/airflow/example_dags/example_dynamic_task_mapping.py took 0.216 seconds
[2026-02-01T02:13:45.418+0000] {processor.py:157} INFO - Started process (PID=387) to work on /home/airflow/.local/lib/python3.8/site-packages/airflow/example_dags/example_dynamic_task_mapping.py
[2026-02-01T02:13:45.421+0000] {processor.py:829} INFO - Processing file /home/airflow/.local/lib/python3.8/site-packages/airflow/example_dags/example_dynamic_task_mapping.py for tasks to queue
[2026-02-01T02:13:45.427+0000] {logging_mixin.py:151} INFO - [2026-02-01T02:13:45.427+0000] {dagbag.py:536} INFO - Filling up the DagBag from /home/airflow/.local/lib/python3.8/site-packages/airflow/example_dags/example_dynamic_task_mapping.py
[2026-02-01T02:13:45.443+0000] {processor.py:839} INFO - DAG(s) dict_keys(['example_dynamic_task_mapping']) retrieved from /home/airflow/.local/lib/python3.8/site-packages/airflow/example_dags/example_dynamic_task_mapping.py
[2026-02-01T02:13:45.508+0000] {logging_mixin.py:151} INFO - [2026-02-01T02:13:45.508+0000] {dag.py:2941} INFO - Sync 1 DAGs
[2026-02-01T02:13:45.580+0000] {logging_mixin.py:151} INFO - [2026-02-01T02:13:45.580+0000] {dag.py:3722} INFO - Setting next_dagrun for example_dynamic_task_mapping to 2022-03-04T00:00:00+00:00, run_after=2022-03-05T00:00:00+00:00
[2026-02-01T02:13:45.642+0000] {processor.py:179} INFO - Processing /home/airflow/.local/lib/python3.8/site-packages/airflow/example_dags/example_dynamic_task_mapping.py took 0.236 seconds
[2026-02-01T02:14:16.458+0000] {processor.py:157} INFO - Started process (PID=443) to work on /home/airflow/.local/lib/python3.8/site-packages/airflow/example_dags/example_dynamic_task_mapping.py
[2026-02-01T02:14:16.460+0000] {processor.py:829} INFO - Processing file /home/airflow/.local/lib/python3.8/site-packages/airflow/example_dags/example_dynamic_task_mapping.py for tasks to queue
[2026-02-01T02:14:16.466+0000] {logging_mixin.py:151} INFO - [2026-02-01T02:14:16.466+0000] {dagbag.py:536} INFO - Filling up the DagBag from /home/airflow/.local/lib/python3.8/site-packages/airflow/example_dags/example_dynamic_task_mapping.py
[2026-02-01T02:14:16.482+0000] {processor.py:839} INFO - DAG(s) dict_keys(['example_dynamic_task_mapping']) retrieved from /home/airflow/.local/lib/python3.8/site-packages/airflow/example_dags/example_dynamic_task_mapping.py
[2026-02-01T02:14:16.552+0000] {logging_mixin.py:151} INFO - [2026-02-01T02:14:16.551+0000] {dag.py:2941} INFO - Sync 1 DAGs
[2026-02-01T02:14:16.606+0000] {logging_mixin.py:151} INFO - [2026-02-01T02:14:16.605+0000] {dag.py:3722} INFO - Setting next_dagrun for example_dynamic_task_mapping to 2022-03-04T00:00:00+00:00, run_after=2022-03-05T00:00:00+00:00
[2026-02-01T02:14:16.638+0000] {processor.py:179} INFO - Processing /home/airflow/.local/lib/python3.8/site-packages/airflow/example_dags/example_dynamic_task_mapping.py took 0.187 seconds
[2026-02-01T02:14:46.713+0000] {processor.py:157} INFO - Started process (PID=496) to work on /home/airflow/.local/lib/python3.8/site-packages/airflow/example_dags/example_dynamic_task_mapping.py
[2026-02-01T02:14:46.716+0000] {processor.py:829} INFO - Processing file /home/airflow/.local/lib/python3.8/site-packages/airflow/example_dags/example_dynamic_task_mapping.py for tasks to queue
[2026-02-01T02:14:46.722+0000] {logging_mixin.py:151} INFO - [2026-02-01T02:14:46.721+0000] {dagbag.py:536} INFO - Filling up the DagBag from /home/airflow/.local/lib/python3.8/site-packages/airflow/example_dags/example_dynamic_task_mapping.py
[2026-02-01T02:14:46.732+0000] {processor.py:839} INFO - DAG(s) dict_keys(['example_dynamic_task_mapping']) retrieved from /home/airflow/.local/lib/python3.8/site-packages/airflow/example_dags/example_dynamic_task_mapping.py
[2026-02-01T02:14:46.769+0000] {logging_mixin.py:151} INFO - [2026-02-01T02:14:46.769+0000] {dag.py:2941} INFO - Sync 1 DAGs
[2026-02-01T02:14:46.811+0000] {logging_mixin.py:151} INFO - [2026-02-01T02:14:46.811+0000] {dag.py:3722} INFO - Setting next_dagrun for example_dynamic_task_mapping to 2022-03-04T00:00:00+00:00, run_after=2022-03-05T00:00:00+00:00
[2026-02-01T02:14:46.850+0000] {processor.py:179} INFO - Processing /home/airflow/.local/lib/python3.8/site-packages/airflow/example_dags/example_dynamic_task_mapping.py took 0.144 seconds
[2026-02-01T02:15:17.075+0000] {processor.py:157} INFO - Started process (PID=551) to work on /home/airflow/.local/lib/python3.8/site-packages/airflow/example_dags/example_dynamic_task_mapping.py
[2026-02-01T02:15:17.078+0000] {processor.py:829} INFO - Processing file /home/airflow/.local/lib/python3.8/site-packages/airflow/example_dags/example_dynamic_task_mapping.py for tasks to queue
[2026-02-01T02:15:17.107+0000] {logging_mixin.py:151} INFO - [2026-02-01T02:15:17.106+0000] {dagbag.py:536} INFO - Filling up the DagBag from /home/airflow/.local/lib/python3.8/site-packages/airflow/example_dags/example_dynamic_task_mapping.py
[2026-02-01T02:15:17.133+0000] {processor.py:839} INFO - DAG(s) dict_keys(['example_dynamic_task_mapping']) retrieved from /home/airflow/.local/lib/python3.8/site-packages/airflow/example_dags/example_dynamic_task_mapping.py
[2026-02-01T02:15:17.202+0000] {logging_mixin.py:151} INFO - [2026-02-01T02:15:17.202+0000] {dag.py:2941} INFO - Sync 1 DAGs
[2026-02-01T02:15:17.252+0000] {logging_mixin.py:151} INFO - [2026-02-01T02:15:17.252+0000] {dag.py:3722} INFO - Setting next_dagrun for example_dynamic_task_mapping to 2022-03-04T00:00:00+00:00, run_after=2022-03-05T00:00:00+00:00
[2026-02-01T02:15:17.301+0000] {processor.py:179} INFO - Processing /home/airflow/.local/lib/python3.8/site-packages/airflow/example_dags/example_dynamic_task_mapping.py took 0.246 seconds
[2026-02-01T02:15:48.048+0000] {processor.py:157} INFO - Started process (PID=606) to work on /home/airflow/.local/lib/python3.8/site-packages/airflow/example_dags/example_dynamic_task_mapping.py
[2026-02-01T02:15:48.051+0000] {processor.py:829} INFO - Processing file /home/airflow/.local/lib/python3.8/site-packages/airflow/example_dags/example_dynamic_task_mapping.py for tasks to queue
[2026-02-01T02:15:48.058+0000] {logging_mixin.py:151} INFO - [2026-02-01T02:15:48.057+0000] {dagbag.py:536} INFO - Filling up the DagBag from /home/airflow/.local/lib/python3.8/site-packages/airflow/example_dags/example_dynamic_task_mapping.py
[2026-02-01T02:15:48.069+0000] {processor.py:839} INFO - DAG(s) dict_keys(['example_dynamic_task_mapping']) retrieved from /home/airflow/.local/lib/python3.8/site-packages/airflow/example_dags/example_dynamic_task_mapping.py
[2026-02-01T02:15:48.103+0000] {logging_mixin.py:151} INFO - [2026-02-01T02:15:48.102+0000] {dag.py:2941} INFO - Sync 1 DAGs
[2026-02-01T02:15:48.158+0000] {logging_mixin.py:151} INFO - [2026-02-01T02:15:48.158+0000] {dag.py:3722} INFO - Setting next_dagrun for example_dynamic_task_mapping to 2022-03-04T00:00:00+00:00, run_after=2022-03-05T00:00:00+00:00
[2026-02-01T02:15:48.206+0000] {processor.py:179} INFO - Processing /home/airflow/.local/lib/python3.8/site-packages/airflow/example_dags/example_dynamic_task_mapping.py took 0.164 seconds
[2026-02-01T02:16:18.428+0000] {processor.py:157} INFO - Started process (PID=661) to work on /home/airflow/.local/lib/python3.8/site-packages/airflow/example_dags/example_dynamic_task_mapping.py
[2026-02-01T02:16:18.429+0000] {processor.py:829} INFO - Processing file /home/airflow/.local/lib/python3.8/site-packages/airflow/example_dags/example_dynamic_task_mapping.py for tasks to queue
[2026-02-01T02:16:18.434+0000] {logging_mixin.py:151} INFO - [2026-02-01T02:16:18.433+0000] {dagbag.py:536} INFO - Filling up the DagBag from /home/airflow/.local/lib/python3.8/site-packages/airflow/example_dags/example_dynamic_task_mapping.py
[2026-02-01T02:16:18.446+0000] {processor.py:839} INFO - DAG(s) dict_keys(['example_dynamic_task_mapping']) retrieved from /home/airflow/.local/lib/python3.8/site-packages/airflow/example_dags/example_dynamic_task_mapping.py
[2026-02-01T02:16:18.541+0000] {logging_mixin.py:151} INFO - [2026-02-01T02:16:18.541+0000] {dag.py:2941} INFO - Sync 1 DAGs
[2026-02-01T02:16:18.703+0000] {logging_mixin.py:151} INFO - [2026-02-01T02:16:18.702+0000] {dag.py:3722} INFO - Setting next_dagrun for example_dynamic_task_mapping to 2022-03-04T00:00:00+00:00, run_after=2022-03-05T00:00:00+00:00
[2026-02-01T02:16:18.757+0000] {processor.py:179} INFO - Processing /home/airflow/.local/lib/python3.8/site-packages/airflow/example_dags/example_dynamic_task_mapping.py took 0.336 seconds
