[2026-02-01T01:37:20.069+0000] {processor.py:157} INFO - Started process (PID=112) to work on /home/airflow/.local/lib/python3.8/site-packages/airflow/example_dags/example_complex.py
[2026-02-01T01:37:20.071+0000] {processor.py:829} INFO - Processing file /home/airflow/.local/lib/python3.8/site-packages/airflow/example_dags/example_complex.py for tasks to queue
[2026-02-01T01:37:20.077+0000] {logging_mixin.py:151} INFO - [2026-02-01T01:37:20.076+0000] {dagbag.py:536} INFO - Filling up the DagBag from /home/airflow/.local/lib/python3.8/site-packages/airflow/example_dags/example_complex.py
[2026-02-01T01:37:20.139+0000] {processor.py:839} INFO - DAG(s) dict_keys(['example_complex']) retrieved from /home/airflow/.local/lib/python3.8/site-packages/airflow/example_dags/example_complex.py
[2026-02-01T01:37:20.852+0000] {logging_mixin.py:151} INFO - [2026-02-01T01:37:20.852+0000] {manager.py:499} INFO - Created Permission View: %s
[2026-02-01T01:37:20.900+0000] {logging_mixin.py:151} INFO - [2026-02-01T01:37:20.899+0000] {manager.py:499} INFO - Created Permission View: %s
[2026-02-01T01:37:20.933+0000] {logging_mixin.py:151} INFO - [2026-02-01T01:37:20.933+0000] {manager.py:499} INFO - Created Permission View: %s
[2026-02-01T01:37:20.935+0000] {logging_mixin.py:151} INFO - [2026-02-01T01:37:20.934+0000] {dag.py:2941} INFO - Sync 1 DAGs
[2026-02-01T01:37:20.968+0000] {logging_mixin.py:151} INFO - [2026-02-01T01:37:20.967+0000] {dag.py:2963} INFO - Creating ORM DAG for example_complex
[2026-02-01T01:37:20.973+0000] {logging_mixin.py:151} INFO - [2026-02-01T01:37:20.971+0000] {dag.py:3722} INFO - Setting next_dagrun for example_complex to None, run_after=None
[2026-02-01T01:37:21.017+0000] {processor.py:179} INFO - Processing /home/airflow/.local/lib/python3.8/site-packages/airflow/example_dags/example_complex.py took 0.967 seconds
[2026-02-01T01:40:40.509+0000] {processor.py:157} INFO - Started process (PID=105) to work on /home/airflow/.local/lib/python3.8/site-packages/airflow/example_dags/example_complex.py
[2026-02-01T01:40:40.526+0000] {processor.py:829} INFO - Processing file /home/airflow/.local/lib/python3.8/site-packages/airflow/example_dags/example_complex.py for tasks to queue
[2026-02-01T01:40:40.534+0000] {logging_mixin.py:151} INFO - [2026-02-01T01:40:40.533+0000] {dagbag.py:536} INFO - Filling up the DagBag from /home/airflow/.local/lib/python3.8/site-packages/airflow/example_dags/example_complex.py
[2026-02-01T01:40:40.621+0000] {processor.py:839} INFO - DAG(s) dict_keys(['example_complex']) retrieved from /home/airflow/.local/lib/python3.8/site-packages/airflow/example_dags/example_complex.py
[2026-02-01T01:40:40.906+0000] {logging_mixin.py:151} INFO - [2026-02-01T01:40:40.905+0000] {dag.py:2941} INFO - Sync 1 DAGs
[2026-02-01T01:40:40.964+0000] {logging_mixin.py:151} INFO - [2026-02-01T01:40:40.963+0000] {dag.py:3722} INFO - Setting next_dagrun for example_complex to None, run_after=None
[2026-02-01T01:40:41.013+0000] {processor.py:179} INFO - Processing /home/airflow/.local/lib/python3.8/site-packages/airflow/example_dags/example_complex.py took 0.563 seconds
[2026-02-01T01:41:11.320+0000] {processor.py:157} INFO - Started process (PID=161) to work on /home/airflow/.local/lib/python3.8/site-packages/airflow/example_dags/example_complex.py
[2026-02-01T01:41:11.327+0000] {processor.py:829} INFO - Processing file /home/airflow/.local/lib/python3.8/site-packages/airflow/example_dags/example_complex.py for tasks to queue
[2026-02-01T01:41:11.333+0000] {logging_mixin.py:151} INFO - [2026-02-01T01:41:11.332+0000] {dagbag.py:536} INFO - Filling up the DagBag from /home/airflow/.local/lib/python3.8/site-packages/airflow/example_dags/example_complex.py
[2026-02-01T01:41:11.391+0000] {processor.py:839} INFO - DAG(s) dict_keys(['example_complex']) retrieved from /home/airflow/.local/lib/python3.8/site-packages/airflow/example_dags/example_complex.py
[2026-02-01T01:41:11.493+0000] {logging_mixin.py:151} INFO - [2026-02-01T01:41:11.493+0000] {dag.py:2941} INFO - Sync 1 DAGs
[2026-02-01T01:41:11.523+0000] {logging_mixin.py:151} INFO - [2026-02-01T01:41:11.523+0000] {dag.py:3722} INFO - Setting next_dagrun for example_complex to None, run_after=None
[2026-02-01T01:41:11.569+0000] {processor.py:179} INFO - Processing /home/airflow/.local/lib/python3.8/site-packages/airflow/example_dags/example_complex.py took 0.264 seconds
[2026-02-01T01:41:51.064+0000] {processor.py:157} INFO - Started process (PID=216) to work on /home/airflow/.local/lib/python3.8/site-packages/airflow/example_dags/example_complex.py
[2026-02-01T01:41:51.066+0000] {processor.py:829} INFO - Processing file /home/airflow/.local/lib/python3.8/site-packages/airflow/example_dags/example_complex.py for tasks to queue
[2026-02-01T01:41:51.072+0000] {logging_mixin.py:151} INFO - [2026-02-01T01:41:51.071+0000] {dagbag.py:536} INFO - Filling up the DagBag from /home/airflow/.local/lib/python3.8/site-packages/airflow/example_dags/example_complex.py
[2026-02-01T01:41:51.092+0000] {processor.py:839} INFO - DAG(s) dict_keys(['example_complex']) retrieved from /home/airflow/.local/lib/python3.8/site-packages/airflow/example_dags/example_complex.py
[2026-02-01T01:41:51.141+0000] {logging_mixin.py:151} INFO - [2026-02-01T01:41:51.140+0000] {dag.py:2941} INFO - Sync 1 DAGs
[2026-02-01T01:41:51.165+0000] {logging_mixin.py:151} INFO - [2026-02-01T01:41:51.164+0000] {dag.py:3722} INFO - Setting next_dagrun for example_complex to None, run_after=None
[2026-02-01T01:41:51.194+0000] {processor.py:179} INFO - Processing /home/airflow/.local/lib/python3.8/site-packages/airflow/example_dags/example_complex.py took 0.138 seconds
[2026-02-01T01:42:21.790+0000] {processor.py:157} INFO - Started process (PID=272) to work on /home/airflow/.local/lib/python3.8/site-packages/airflow/example_dags/example_complex.py
[2026-02-01T01:42:21.792+0000] {processor.py:829} INFO - Processing file /home/airflow/.local/lib/python3.8/site-packages/airflow/example_dags/example_complex.py for tasks to queue
[2026-02-01T01:42:21.807+0000] {logging_mixin.py:151} INFO - [2026-02-01T01:42:21.802+0000] {dagbag.py:536} INFO - Filling up the DagBag from /home/airflow/.local/lib/python3.8/site-packages/airflow/example_dags/example_complex.py
[2026-02-01T01:42:21.890+0000] {processor.py:839} INFO - DAG(s) dict_keys(['example_complex']) retrieved from /home/airflow/.local/lib/python3.8/site-packages/airflow/example_dags/example_complex.py
[2026-02-01T01:42:22.006+0000] {logging_mixin.py:151} INFO - [2026-02-01T01:42:22.006+0000] {dag.py:2941} INFO - Sync 1 DAGs
[2026-02-01T01:42:22.062+0000] {logging_mixin.py:151} INFO - [2026-02-01T01:42:22.062+0000] {dag.py:3722} INFO - Setting next_dagrun for example_complex to None, run_after=None
[2026-02-01T01:42:22.131+0000] {processor.py:179} INFO - Processing /home/airflow/.local/lib/python3.8/site-packages/airflow/example_dags/example_complex.py took 0.361 seconds
[2026-02-01T01:42:53.738+0000] {processor.py:157} INFO - Started process (PID=327) to work on /home/airflow/.local/lib/python3.8/site-packages/airflow/example_dags/example_complex.py
[2026-02-01T01:42:53.755+0000] {processor.py:829} INFO - Processing file /home/airflow/.local/lib/python3.8/site-packages/airflow/example_dags/example_complex.py for tasks to queue
[2026-02-01T01:42:53.768+0000] {logging_mixin.py:151} INFO - [2026-02-01T01:42:53.766+0000] {dagbag.py:536} INFO - Filling up the DagBag from /home/airflow/.local/lib/python3.8/site-packages/airflow/example_dags/example_complex.py
[2026-02-01T01:42:53.905+0000] {processor.py:839} INFO - DAG(s) dict_keys(['example_complex']) retrieved from /home/airflow/.local/lib/python3.8/site-packages/airflow/example_dags/example_complex.py
[2026-02-01T01:42:54.202+0000] {logging_mixin.py:151} INFO - [2026-02-01T01:42:54.201+0000] {dag.py:2941} INFO - Sync 1 DAGs
[2026-02-01T01:42:54.259+0000] {logging_mixin.py:151} INFO - [2026-02-01T01:42:54.258+0000] {dag.py:3722} INFO - Setting next_dagrun for example_complex to None, run_after=None
[2026-02-01T01:42:54.319+0000] {processor.py:179} INFO - Processing /home/airflow/.local/lib/python3.8/site-packages/airflow/example_dags/example_complex.py took 0.601 seconds
[2026-02-01T01:43:24.554+0000] {processor.py:157} INFO - Started process (PID=381) to work on /home/airflow/.local/lib/python3.8/site-packages/airflow/example_dags/example_complex.py
[2026-02-01T01:43:24.559+0000] {processor.py:829} INFO - Processing file /home/airflow/.local/lib/python3.8/site-packages/airflow/example_dags/example_complex.py for tasks to queue
[2026-02-01T01:43:24.564+0000] {logging_mixin.py:151} INFO - [2026-02-01T01:43:24.563+0000] {dagbag.py:536} INFO - Filling up the DagBag from /home/airflow/.local/lib/python3.8/site-packages/airflow/example_dags/example_complex.py
[2026-02-01T01:43:24.584+0000] {processor.py:839} INFO - DAG(s) dict_keys(['example_complex']) retrieved from /home/airflow/.local/lib/python3.8/site-packages/airflow/example_dags/example_complex.py
[2026-02-01T01:43:24.643+0000] {logging_mixin.py:151} INFO - [2026-02-01T01:43:24.643+0000] {dag.py:2941} INFO - Sync 1 DAGs
[2026-02-01T01:43:24.693+0000] {logging_mixin.py:151} INFO - [2026-02-01T01:43:24.693+0000] {dag.py:3722} INFO - Setting next_dagrun for example_complex to None, run_after=None
[2026-02-01T01:43:24.768+0000] {processor.py:179} INFO - Processing /home/airflow/.local/lib/python3.8/site-packages/airflow/example_dags/example_complex.py took 0.223 seconds
[2026-02-01T01:43:55.043+0000] {processor.py:157} INFO - Started process (PID=436) to work on /home/airflow/.local/lib/python3.8/site-packages/airflow/example_dags/example_complex.py
[2026-02-01T01:43:55.045+0000] {processor.py:829} INFO - Processing file /home/airflow/.local/lib/python3.8/site-packages/airflow/example_dags/example_complex.py for tasks to queue
[2026-02-01T01:43:55.049+0000] {logging_mixin.py:151} INFO - [2026-02-01T01:43:55.048+0000] {dagbag.py:536} INFO - Filling up the DagBag from /home/airflow/.local/lib/python3.8/site-packages/airflow/example_dags/example_complex.py
[2026-02-01T01:43:55.099+0000] {processor.py:839} INFO - DAG(s) dict_keys(['example_complex']) retrieved from /home/airflow/.local/lib/python3.8/site-packages/airflow/example_dags/example_complex.py
[2026-02-01T01:43:55.217+0000] {logging_mixin.py:151} INFO - [2026-02-01T01:43:55.216+0000] {dag.py:2941} INFO - Sync 1 DAGs
[2026-02-01T01:43:55.262+0000] {logging_mixin.py:151} INFO - [2026-02-01T01:43:55.261+0000] {dag.py:3722} INFO - Setting next_dagrun for example_complex to None, run_after=None
[2026-02-01T01:43:55.365+0000] {processor.py:179} INFO - Processing /home/airflow/.local/lib/python3.8/site-packages/airflow/example_dags/example_complex.py took 0.340 seconds
[2026-02-01T01:44:25.857+0000] {processor.py:157} INFO - Started process (PID=491) to work on /home/airflow/.local/lib/python3.8/site-packages/airflow/example_dags/example_complex.py
[2026-02-01T01:44:25.866+0000] {processor.py:829} INFO - Processing file /home/airflow/.local/lib/python3.8/site-packages/airflow/example_dags/example_complex.py for tasks to queue
[2026-02-01T01:44:25.877+0000] {logging_mixin.py:151} INFO - [2026-02-01T01:44:25.870+0000] {dagbag.py:536} INFO - Filling up the DagBag from /home/airflow/.local/lib/python3.8/site-packages/airflow/example_dags/example_complex.py
[2026-02-01T01:44:25.972+0000] {processor.py:839} INFO - DAG(s) dict_keys(['example_complex']) retrieved from /home/airflow/.local/lib/python3.8/site-packages/airflow/example_dags/example_complex.py
[2026-02-01T01:44:26.011+0000] {logging_mixin.py:151} INFO - [2026-02-01T01:44:26.010+0000] {dag.py:2941} INFO - Sync 1 DAGs
[2026-02-01T01:44:26.069+0000] {logging_mixin.py:151} INFO - [2026-02-01T01:44:26.069+0000] {dag.py:3722} INFO - Setting next_dagrun for example_complex to None, run_after=None
[2026-02-01T01:44:26.159+0000] {processor.py:179} INFO - Processing /home/airflow/.local/lib/python3.8/site-packages/airflow/example_dags/example_complex.py took 0.323 seconds
[2026-02-01T02:11:13.303+0000] {processor.py:157} INFO - Started process (PID=124) to work on /home/airflow/.local/lib/python3.8/site-packages/airflow/example_dags/example_complex.py
[2026-02-01T02:11:13.310+0000] {processor.py:829} INFO - Processing file /home/airflow/.local/lib/python3.8/site-packages/airflow/example_dags/example_complex.py for tasks to queue
[2026-02-01T02:11:13.316+0000] {logging_mixin.py:151} INFO - [2026-02-01T02:11:13.315+0000] {dagbag.py:536} INFO - Filling up the DagBag from /home/airflow/.local/lib/python3.8/site-packages/airflow/example_dags/example_complex.py
[2026-02-01T02:11:13.359+0000] {processor.py:839} INFO - DAG(s) dict_keys(['example_complex']) retrieved from /home/airflow/.local/lib/python3.8/site-packages/airflow/example_dags/example_complex.py
[2026-02-01T02:11:13.447+0000] {logging_mixin.py:151} INFO - [2026-02-01T02:11:13.445+0000] {dag.py:2941} INFO - Sync 1 DAGs
[2026-02-01T02:11:13.481+0000] {logging_mixin.py:151} INFO - [2026-02-01T02:11:13.480+0000] {dag.py:3722} INFO - Setting next_dagrun for example_complex to None, run_after=None
[2026-02-01T02:11:13.533+0000] {processor.py:179} INFO - Processing /home/airflow/.local/lib/python3.8/site-packages/airflow/example_dags/example_complex.py took 0.240 seconds
[2026-02-01T02:11:44.771+0000] {processor.py:157} INFO - Started process (PID=179) to work on /home/airflow/.local/lib/python3.8/site-packages/airflow/example_dags/example_complex.py
[2026-02-01T02:11:44.784+0000] {processor.py:829} INFO - Processing file /home/airflow/.local/lib/python3.8/site-packages/airflow/example_dags/example_complex.py for tasks to queue
[2026-02-01T02:11:44.790+0000] {logging_mixin.py:151} INFO - [2026-02-01T02:11:44.789+0000] {dagbag.py:536} INFO - Filling up the DagBag from /home/airflow/.local/lib/python3.8/site-packages/airflow/example_dags/example_complex.py
[2026-02-01T02:11:44.845+0000] {processor.py:839} INFO - DAG(s) dict_keys(['example_complex']) retrieved from /home/airflow/.local/lib/python3.8/site-packages/airflow/example_dags/example_complex.py
[2026-02-01T02:11:44.972+0000] {logging_mixin.py:151} INFO - [2026-02-01T02:11:44.972+0000] {dag.py:2941} INFO - Sync 1 DAGs
[2026-02-01T02:11:45.013+0000] {logging_mixin.py:151} INFO - [2026-02-01T02:11:45.012+0000] {dag.py:3722} INFO - Setting next_dagrun for example_complex to None, run_after=None
[2026-02-01T02:11:45.098+0000] {processor.py:179} INFO - Processing /home/airflow/.local/lib/python3.8/site-packages/airflow/example_dags/example_complex.py took 0.336 seconds
[2026-02-01T02:12:15.534+0000] {processor.py:157} INFO - Started process (PID=234) to work on /home/airflow/.local/lib/python3.8/site-packages/airflow/example_dags/example_complex.py
[2026-02-01T02:12:15.536+0000] {processor.py:829} INFO - Processing file /home/airflow/.local/lib/python3.8/site-packages/airflow/example_dags/example_complex.py for tasks to queue
[2026-02-01T02:12:15.541+0000] {logging_mixin.py:151} INFO - [2026-02-01T02:12:15.541+0000] {dagbag.py:536} INFO - Filling up the DagBag from /home/airflow/.local/lib/python3.8/site-packages/airflow/example_dags/example_complex.py
[2026-02-01T02:12:15.563+0000] {processor.py:839} INFO - DAG(s) dict_keys(['example_complex']) retrieved from /home/airflow/.local/lib/python3.8/site-packages/airflow/example_dags/example_complex.py
[2026-02-01T02:12:15.624+0000] {logging_mixin.py:151} INFO - [2026-02-01T02:12:15.624+0000] {dag.py:2941} INFO - Sync 1 DAGs
[2026-02-01T02:12:15.660+0000] {logging_mixin.py:151} INFO - [2026-02-01T02:12:15.659+0000] {dag.py:3722} INFO - Setting next_dagrun for example_complex to None, run_after=None
[2026-02-01T02:12:15.707+0000] {processor.py:179} INFO - Processing /home/airflow/.local/lib/python3.8/site-packages/airflow/example_dags/example_complex.py took 0.181 seconds
[2026-02-01T02:12:46.211+0000] {processor.py:157} INFO - Started process (PID=289) to work on /home/airflow/.local/lib/python3.8/site-packages/airflow/example_dags/example_complex.py
[2026-02-01T02:12:46.226+0000] {processor.py:829} INFO - Processing file /home/airflow/.local/lib/python3.8/site-packages/airflow/example_dags/example_complex.py for tasks to queue
[2026-02-01T02:12:46.232+0000] {logging_mixin.py:151} INFO - [2026-02-01T02:12:46.231+0000] {dagbag.py:536} INFO - Filling up the DagBag from /home/airflow/.local/lib/python3.8/site-packages/airflow/example_dags/example_complex.py
[2026-02-01T02:12:46.273+0000] {processor.py:839} INFO - DAG(s) dict_keys(['example_complex']) retrieved from /home/airflow/.local/lib/python3.8/site-packages/airflow/example_dags/example_complex.py
[2026-02-01T02:12:46.403+0000] {logging_mixin.py:151} INFO - [2026-02-01T02:12:46.402+0000] {dag.py:2941} INFO - Sync 1 DAGs
[2026-02-01T02:12:46.450+0000] {logging_mixin.py:151} INFO - [2026-02-01T02:12:46.449+0000] {dag.py:3722} INFO - Setting next_dagrun for example_complex to None, run_after=None
[2026-02-01T02:12:46.506+0000] {processor.py:179} INFO - Processing /home/airflow/.local/lib/python3.8/site-packages/airflow/example_dags/example_complex.py took 0.310 seconds
[2026-02-01T02:13:17.320+0000] {processor.py:157} INFO - Started process (PID=344) to work on /home/airflow/.local/lib/python3.8/site-packages/airflow/example_dags/example_complex.py
[2026-02-01T02:13:17.334+0000] {processor.py:829} INFO - Processing file /home/airflow/.local/lib/python3.8/site-packages/airflow/example_dags/example_complex.py for tasks to queue
[2026-02-01T02:13:17.340+0000] {logging_mixin.py:151} INFO - [2026-02-01T02:13:17.339+0000] {dagbag.py:536} INFO - Filling up the DagBag from /home/airflow/.local/lib/python3.8/site-packages/airflow/example_dags/example_complex.py
[2026-02-01T02:13:17.381+0000] {processor.py:839} INFO - DAG(s) dict_keys(['example_complex']) retrieved from /home/airflow/.local/lib/python3.8/site-packages/airflow/example_dags/example_complex.py
[2026-02-01T02:13:17.482+0000] {logging_mixin.py:151} INFO - [2026-02-01T02:13:17.481+0000] {dag.py:2941} INFO - Sync 1 DAGs
[2026-02-01T02:13:17.514+0000] {logging_mixin.py:151} INFO - [2026-02-01T02:13:17.513+0000] {dag.py:3722} INFO - Setting next_dagrun for example_complex to None, run_after=None
[2026-02-01T02:13:17.564+0000] {processor.py:179} INFO - Processing /home/airflow/.local/lib/python3.8/site-packages/airflow/example_dags/example_complex.py took 0.259 seconds
[2026-02-01T02:13:48.301+0000] {processor.py:157} INFO - Started process (PID=399) to work on /home/airflow/.local/lib/python3.8/site-packages/airflow/example_dags/example_complex.py
[2026-02-01T02:13:48.309+0000] {processor.py:829} INFO - Processing file /home/airflow/.local/lib/python3.8/site-packages/airflow/example_dags/example_complex.py for tasks to queue
[2026-02-01T02:13:48.329+0000] {logging_mixin.py:151} INFO - [2026-02-01T02:13:48.320+0000] {dagbag.py:536} INFO - Filling up the DagBag from /home/airflow/.local/lib/python3.8/site-packages/airflow/example_dags/example_complex.py
[2026-02-01T02:13:48.440+0000] {processor.py:839} INFO - DAG(s) dict_keys(['example_complex']) retrieved from /home/airflow/.local/lib/python3.8/site-packages/airflow/example_dags/example_complex.py
[2026-02-01T02:13:48.687+0000] {logging_mixin.py:151} INFO - [2026-02-01T02:13:48.687+0000] {dag.py:2941} INFO - Sync 1 DAGs
[2026-02-01T02:13:48.761+0000] {logging_mixin.py:151} INFO - [2026-02-01T02:13:48.760+0000] {dag.py:3722} INFO - Setting next_dagrun for example_complex to None, run_after=None
[2026-02-01T02:13:49.075+0000] {processor.py:179} INFO - Processing /home/airflow/.local/lib/python3.8/site-packages/airflow/example_dags/example_complex.py took 0.809 seconds
[2026-02-01T02:14:19.569+0000] {processor.py:157} INFO - Started process (PID=454) to work on /home/airflow/.local/lib/python3.8/site-packages/airflow/example_dags/example_complex.py
[2026-02-01T02:14:19.575+0000] {processor.py:829} INFO - Processing file /home/airflow/.local/lib/python3.8/site-packages/airflow/example_dags/example_complex.py for tasks to queue
[2026-02-01T02:14:19.582+0000] {logging_mixin.py:151} INFO - [2026-02-01T02:14:19.581+0000] {dagbag.py:536} INFO - Filling up the DagBag from /home/airflow/.local/lib/python3.8/site-packages/airflow/example_dags/example_complex.py
[2026-02-01T02:14:19.627+0000] {processor.py:839} INFO - DAG(s) dict_keys(['example_complex']) retrieved from /home/airflow/.local/lib/python3.8/site-packages/airflow/example_dags/example_complex.py
[2026-02-01T02:14:19.716+0000] {logging_mixin.py:151} INFO - [2026-02-01T02:14:19.715+0000] {dag.py:2941} INFO - Sync 1 DAGs
[2026-02-01T02:14:19.763+0000] {logging_mixin.py:151} INFO - [2026-02-01T02:14:19.762+0000] {dag.py:3722} INFO - Setting next_dagrun for example_complex to None, run_after=None
[2026-02-01T02:14:19.804+0000] {processor.py:179} INFO - Processing /home/airflow/.local/lib/python3.8/site-packages/airflow/example_dags/example_complex.py took 0.252 seconds
[2026-02-01T02:14:50.757+0000] {processor.py:157} INFO - Started process (PID=508) to work on /home/airflow/.local/lib/python3.8/site-packages/airflow/example_dags/example_complex.py
[2026-02-01T02:14:50.759+0000] {processor.py:829} INFO - Processing file /home/airflow/.local/lib/python3.8/site-packages/airflow/example_dags/example_complex.py for tasks to queue
[2026-02-01T02:14:50.765+0000] {logging_mixin.py:151} INFO - [2026-02-01T02:14:50.764+0000] {dagbag.py:536} INFO - Filling up the DagBag from /home/airflow/.local/lib/python3.8/site-packages/airflow/example_dags/example_complex.py
[2026-02-01T02:14:50.793+0000] {processor.py:839} INFO - DAG(s) dict_keys(['example_complex']) retrieved from /home/airflow/.local/lib/python3.8/site-packages/airflow/example_dags/example_complex.py
[2026-02-01T02:14:50.855+0000] {logging_mixin.py:151} INFO - [2026-02-01T02:14:50.854+0000] {dag.py:2941} INFO - Sync 1 DAGs
[2026-02-01T02:14:50.891+0000] {logging_mixin.py:151} INFO - [2026-02-01T02:14:50.891+0000] {dag.py:3722} INFO - Setting next_dagrun for example_complex to None, run_after=None
[2026-02-01T02:14:50.945+0000] {processor.py:179} INFO - Processing /home/airflow/.local/lib/python3.8/site-packages/airflow/example_dags/example_complex.py took 0.198 seconds
[2026-02-01T02:15:21.336+0000] {processor.py:157} INFO - Started process (PID=563) to work on /home/airflow/.local/lib/python3.8/site-packages/airflow/example_dags/example_complex.py
[2026-02-01T02:15:21.338+0000] {processor.py:829} INFO - Processing file /home/airflow/.local/lib/python3.8/site-packages/airflow/example_dags/example_complex.py for tasks to queue
[2026-02-01T02:15:21.342+0000] {logging_mixin.py:151} INFO - [2026-02-01T02:15:21.341+0000] {dagbag.py:536} INFO - Filling up the DagBag from /home/airflow/.local/lib/python3.8/site-packages/airflow/example_dags/example_complex.py
[2026-02-01T02:15:21.362+0000] {processor.py:839} INFO - DAG(s) dict_keys(['example_complex']) retrieved from /home/airflow/.local/lib/python3.8/site-packages/airflow/example_dags/example_complex.py
[2026-02-01T02:15:21.428+0000] {logging_mixin.py:151} INFO - [2026-02-01T02:15:21.427+0000] {dag.py:2941} INFO - Sync 1 DAGs
[2026-02-01T02:15:21.449+0000] {logging_mixin.py:151} INFO - [2026-02-01T02:15:21.449+0000] {dag.py:3722} INFO - Setting next_dagrun for example_complex to None, run_after=None
[2026-02-01T02:15:21.499+0000] {processor.py:179} INFO - Processing /home/airflow/.local/lib/python3.8/site-packages/airflow/example_dags/example_complex.py took 0.170 seconds
[2026-02-01T02:15:51.603+0000] {processor.py:157} INFO - Started process (PID=618) to work on /home/airflow/.local/lib/python3.8/site-packages/airflow/example_dags/example_complex.py
[2026-02-01T02:15:51.606+0000] {processor.py:829} INFO - Processing file /home/airflow/.local/lib/python3.8/site-packages/airflow/example_dags/example_complex.py for tasks to queue
[2026-02-01T02:15:51.611+0000] {logging_mixin.py:151} INFO - [2026-02-01T02:15:51.610+0000] {dagbag.py:536} INFO - Filling up the DagBag from /home/airflow/.local/lib/python3.8/site-packages/airflow/example_dags/example_complex.py
[2026-02-01T02:15:51.647+0000] {processor.py:839} INFO - DAG(s) dict_keys(['example_complex']) retrieved from /home/airflow/.local/lib/python3.8/site-packages/airflow/example_dags/example_complex.py
[2026-02-01T02:15:51.706+0000] {logging_mixin.py:151} INFO - [2026-02-01T02:15:51.706+0000] {dag.py:2941} INFO - Sync 1 DAGs
[2026-02-01T02:15:51.730+0000] {logging_mixin.py:151} INFO - [2026-02-01T02:15:51.730+0000] {dag.py:3722} INFO - Setting next_dagrun for example_complex to None, run_after=None
[2026-02-01T02:15:51.765+0000] {processor.py:179} INFO - Processing /home/airflow/.local/lib/python3.8/site-packages/airflow/example_dags/example_complex.py took 0.170 seconds
[2026-02-01T02:16:22.481+0000] {processor.py:157} INFO - Started process (PID=673) to work on /home/airflow/.local/lib/python3.8/site-packages/airflow/example_dags/example_complex.py
[2026-02-01T02:16:22.483+0000] {processor.py:829} INFO - Processing file /home/airflow/.local/lib/python3.8/site-packages/airflow/example_dags/example_complex.py for tasks to queue
[2026-02-01T02:16:22.487+0000] {logging_mixin.py:151} INFO - [2026-02-01T02:16:22.486+0000] {dagbag.py:536} INFO - Filling up the DagBag from /home/airflow/.local/lib/python3.8/site-packages/airflow/example_dags/example_complex.py
[2026-02-01T02:16:22.503+0000] {processor.py:839} INFO - DAG(s) dict_keys(['example_complex']) retrieved from /home/airflow/.local/lib/python3.8/site-packages/airflow/example_dags/example_complex.py
[2026-02-01T02:16:22.550+0000] {logging_mixin.py:151} INFO - [2026-02-01T02:16:22.549+0000] {dag.py:2941} INFO - Sync 1 DAGs
[2026-02-01T02:16:22.569+0000] {logging_mixin.py:151} INFO - [2026-02-01T02:16:22.569+0000] {dag.py:3722} INFO - Setting next_dagrun for example_complex to None, run_after=None
[2026-02-01T02:16:22.606+0000] {processor.py:179} INFO - Processing /home/airflow/.local/lib/python3.8/site-packages/airflow/example_dags/example_complex.py took 0.131 seconds
