[2026-02-01T01:37:15.181+0000] {processor.py:157} INFO - Started process (PID=100) to work on /home/airflow/.local/lib/python3.8/site-packages/airflow/example_dags/example_dag_decorator.py
[2026-02-01T01:37:15.184+0000] {processor.py:829} INFO - Processing file /home/airflow/.local/lib/python3.8/site-packages/airflow/example_dags/example_dag_decorator.py for tasks to queue
[2026-02-01T01:37:15.199+0000] {logging_mixin.py:151} INFO - [2026-02-01T01:37:15.198+0000] {dagbag.py:536} INFO - Filling up the DagBag from /home/airflow/.local/lib/python3.8/site-packages/airflow/example_dags/example_dag_decorator.py
[2026-02-01T01:37:15.877+0000] {processor.py:839} INFO - DAG(s) dict_keys(['example_dag_decorator']) retrieved from /home/airflow/.local/lib/python3.8/site-packages/airflow/example_dags/example_dag_decorator.py
[2026-02-01T01:37:16.410+0000] {logging_mixin.py:151} INFO - [2026-02-01T01:37:16.410+0000] {manager.py:499} INFO - Created Permission View: %s
[2026-02-01T01:37:16.461+0000] {logging_mixin.py:151} INFO - [2026-02-01T01:37:16.460+0000] {manager.py:499} INFO - Created Permission View: %s
[2026-02-01T01:37:16.493+0000] {logging_mixin.py:151} INFO - [2026-02-01T01:37:16.493+0000] {manager.py:499} INFO - Created Permission View: %s
[2026-02-01T01:37:16.502+0000] {logging_mixin.py:151} INFO - [2026-02-01T01:37:16.501+0000] {dag.py:2941} INFO - Sync 1 DAGs
[2026-02-01T01:37:16.575+0000] {logging_mixin.py:151} INFO - [2026-02-01T01:37:16.574+0000] {dag.py:2963} INFO - Creating ORM DAG for example_dag_decorator
[2026-02-01T01:37:16.580+0000] {logging_mixin.py:151} INFO - [2026-02-01T01:37:16.579+0000] {dag.py:3722} INFO - Setting next_dagrun for example_dag_decorator to None, run_after=None
[2026-02-01T01:37:16.653+0000] {processor.py:179} INFO - Processing /home/airflow/.local/lib/python3.8/site-packages/airflow/example_dags/example_dag_decorator.py took 1.487 seconds
[2026-02-01T01:40:37.469+0000] {processor.py:157} INFO - Started process (PID=93) to work on /home/airflow/.local/lib/python3.8/site-packages/airflow/example_dags/example_dag_decorator.py
[2026-02-01T01:40:37.476+0000] {processor.py:829} INFO - Processing file /home/airflow/.local/lib/python3.8/site-packages/airflow/example_dags/example_dag_decorator.py for tasks to queue
[2026-02-01T01:40:37.490+0000] {logging_mixin.py:151} INFO - [2026-02-01T01:40:37.485+0000] {dagbag.py:536} INFO - Filling up the DagBag from /home/airflow/.local/lib/python3.8/site-packages/airflow/example_dags/example_dag_decorator.py
[2026-02-01T01:40:37.892+0000] {processor.py:839} INFO - DAG(s) dict_keys(['example_dag_decorator']) retrieved from /home/airflow/.local/lib/python3.8/site-packages/airflow/example_dags/example_dag_decorator.py
[2026-02-01T01:40:38.265+0000] {logging_mixin.py:151} INFO - [2026-02-01T01:40:38.264+0000] {dag.py:2941} INFO - Sync 1 DAGs
[2026-02-01T01:40:38.307+0000] {logging_mixin.py:151} INFO - [2026-02-01T01:40:38.306+0000] {dag.py:3722} INFO - Setting next_dagrun for example_dag_decorator to None, run_after=None
[2026-02-01T01:40:38.369+0000] {processor.py:179} INFO - Processing /home/airflow/.local/lib/python3.8/site-packages/airflow/example_dags/example_dag_decorator.py took 0.917 seconds
[2026-02-01T01:41:08.612+0000] {processor.py:157} INFO - Started process (PID=151) to work on /home/airflow/.local/lib/python3.8/site-packages/airflow/example_dags/example_dag_decorator.py
[2026-02-01T01:41:08.615+0000] {processor.py:829} INFO - Processing file /home/airflow/.local/lib/python3.8/site-packages/airflow/example_dags/example_dag_decorator.py for tasks to queue
[2026-02-01T01:41:08.621+0000] {logging_mixin.py:151} INFO - [2026-02-01T01:41:08.621+0000] {dagbag.py:536} INFO - Filling up the DagBag from /home/airflow/.local/lib/python3.8/site-packages/airflow/example_dags/example_dag_decorator.py
[2026-02-01T01:41:08.789+0000] {processor.py:839} INFO - DAG(s) dict_keys(['example_dag_decorator']) retrieved from /home/airflow/.local/lib/python3.8/site-packages/airflow/example_dags/example_dag_decorator.py
[2026-02-01T01:41:09.123+0000] {logging_mixin.py:151} INFO - [2026-02-01T01:41:09.117+0000] {dag.py:2941} INFO - Sync 1 DAGs
[2026-02-01T01:41:09.158+0000] {logging_mixin.py:151} INFO - [2026-02-01T01:41:09.158+0000] {dag.py:3722} INFO - Setting next_dagrun for example_dag_decorator to None, run_after=None
[2026-02-01T01:41:09.245+0000] {processor.py:179} INFO - Processing /home/airflow/.local/lib/python3.8/site-packages/airflow/example_dags/example_dag_decorator.py took 0.640 seconds
[2026-02-01T01:41:47.910+0000] {processor.py:157} INFO - Started process (PID=204) to work on /home/airflow/.local/lib/python3.8/site-packages/airflow/example_dags/example_dag_decorator.py
[2026-02-01T01:41:47.921+0000] {processor.py:829} INFO - Processing file /home/airflow/.local/lib/python3.8/site-packages/airflow/example_dags/example_dag_decorator.py for tasks to queue
[2026-02-01T01:41:47.928+0000] {logging_mixin.py:151} INFO - [2026-02-01T01:41:47.927+0000] {dagbag.py:536} INFO - Filling up the DagBag from /home/airflow/.local/lib/python3.8/site-packages/airflow/example_dags/example_dag_decorator.py
[2026-02-01T01:41:48.363+0000] {processor.py:839} INFO - DAG(s) dict_keys(['example_dag_decorator']) retrieved from /home/airflow/.local/lib/python3.8/site-packages/airflow/example_dags/example_dag_decorator.py
[2026-02-01T01:41:49.422+0000] {logging_mixin.py:151} INFO - [2026-02-01T01:41:49.421+0000] {dag.py:2941} INFO - Sync 1 DAGs
[2026-02-01T01:41:49.460+0000] {logging_mixin.py:151} INFO - [2026-02-01T01:41:49.459+0000] {dag.py:3722} INFO - Setting next_dagrun for example_dag_decorator to None, run_after=None
[2026-02-01T01:41:49.499+0000] {processor.py:179} INFO - Processing /home/airflow/.local/lib/python3.8/site-packages/airflow/example_dags/example_dag_decorator.py took 1.608 seconds
[2026-02-01T01:42:19.781+0000] {processor.py:157} INFO - Started process (PID=262) to work on /home/airflow/.local/lib/python3.8/site-packages/airflow/example_dags/example_dag_decorator.py
[2026-02-01T01:42:19.783+0000] {processor.py:829} INFO - Processing file /home/airflow/.local/lib/python3.8/site-packages/airflow/example_dags/example_dag_decorator.py for tasks to queue
[2026-02-01T01:42:19.788+0000] {logging_mixin.py:151} INFO - [2026-02-01T01:42:19.787+0000] {dagbag.py:536} INFO - Filling up the DagBag from /home/airflow/.local/lib/python3.8/site-packages/airflow/example_dags/example_dag_decorator.py
[2026-02-01T01:42:19.903+0000] {processor.py:839} INFO - DAG(s) dict_keys(['example_dag_decorator']) retrieved from /home/airflow/.local/lib/python3.8/site-packages/airflow/example_dags/example_dag_decorator.py
[2026-02-01T01:42:20.156+0000] {logging_mixin.py:151} INFO - [2026-02-01T01:42:20.156+0000] {dag.py:2941} INFO - Sync 1 DAGs
[2026-02-01T01:42:20.365+0000] {logging_mixin.py:151} INFO - [2026-02-01T01:42:20.365+0000] {dag.py:3722} INFO - Setting next_dagrun for example_dag_decorator to None, run_after=None
[2026-02-01T01:42:20.399+0000] {processor.py:179} INFO - Processing /home/airflow/.local/lib/python3.8/site-packages/airflow/example_dags/example_dag_decorator.py took 0.624 seconds
[2026-02-01T01:42:50.536+0000] {processor.py:157} INFO - Started process (PID=317) to work on /home/airflow/.local/lib/python3.8/site-packages/airflow/example_dags/example_dag_decorator.py
[2026-02-01T01:42:50.539+0000] {processor.py:829} INFO - Processing file /home/airflow/.local/lib/python3.8/site-packages/airflow/example_dags/example_dag_decorator.py for tasks to queue
[2026-02-01T01:42:50.544+0000] {logging_mixin.py:151} INFO - [2026-02-01T01:42:50.543+0000] {dagbag.py:536} INFO - Filling up the DagBag from /home/airflow/.local/lib/python3.8/site-packages/airflow/example_dags/example_dag_decorator.py
[2026-02-01T01:42:50.730+0000] {processor.py:839} INFO - DAG(s) dict_keys(['example_dag_decorator']) retrieved from /home/airflow/.local/lib/python3.8/site-packages/airflow/example_dags/example_dag_decorator.py
[2026-02-01T01:42:51.450+0000] {logging_mixin.py:151} INFO - [2026-02-01T01:42:51.450+0000] {dag.py:2941} INFO - Sync 1 DAGs
[2026-02-01T01:42:51.542+0000] {logging_mixin.py:151} INFO - [2026-02-01T01:42:51.542+0000] {dag.py:3722} INFO - Setting next_dagrun for example_dag_decorator to None, run_after=None
[2026-02-01T01:42:51.600+0000] {processor.py:179} INFO - Processing /home/airflow/.local/lib/python3.8/site-packages/airflow/example_dags/example_dag_decorator.py took 1.078 seconds
[2026-02-01T01:43:21.855+0000] {processor.py:157} INFO - Started process (PID=371) to work on /home/airflow/.local/lib/python3.8/site-packages/airflow/example_dags/example_dag_decorator.py
[2026-02-01T01:43:21.864+0000] {processor.py:829} INFO - Processing file /home/airflow/.local/lib/python3.8/site-packages/airflow/example_dags/example_dag_decorator.py for tasks to queue
[2026-02-01T01:43:21.868+0000] {logging_mixin.py:151} INFO - [2026-02-01T01:43:21.868+0000] {dagbag.py:536} INFO - Filling up the DagBag from /home/airflow/.local/lib/python3.8/site-packages/airflow/example_dags/example_dag_decorator.py
[2026-02-01T01:43:22.093+0000] {processor.py:839} INFO - DAG(s) dict_keys(['example_dag_decorator']) retrieved from /home/airflow/.local/lib/python3.8/site-packages/airflow/example_dags/example_dag_decorator.py
[2026-02-01T01:43:22.234+0000] {logging_mixin.py:151} INFO - [2026-02-01T01:43:22.234+0000] {dag.py:2941} INFO - Sync 1 DAGs
[2026-02-01T01:43:22.295+0000] {logging_mixin.py:151} INFO - [2026-02-01T01:43:22.295+0000] {dag.py:3722} INFO - Setting next_dagrun for example_dag_decorator to None, run_after=None
[2026-02-01T01:43:22.351+0000] {processor.py:179} INFO - Processing /home/airflow/.local/lib/python3.8/site-packages/airflow/example_dags/example_dag_decorator.py took 0.504 seconds
[2026-02-01T01:43:52.475+0000] {processor.py:157} INFO - Started process (PID=426) to work on /home/airflow/.local/lib/python3.8/site-packages/airflow/example_dags/example_dag_decorator.py
[2026-02-01T01:43:52.477+0000] {processor.py:829} INFO - Processing file /home/airflow/.local/lib/python3.8/site-packages/airflow/example_dags/example_dag_decorator.py for tasks to queue
[2026-02-01T01:43:52.485+0000] {logging_mixin.py:151} INFO - [2026-02-01T01:43:52.482+0000] {dagbag.py:536} INFO - Filling up the DagBag from /home/airflow/.local/lib/python3.8/site-packages/airflow/example_dags/example_dag_decorator.py
[2026-02-01T01:43:52.844+0000] {processor.py:839} INFO - DAG(s) dict_keys(['example_dag_decorator']) retrieved from /home/airflow/.local/lib/python3.8/site-packages/airflow/example_dags/example_dag_decorator.py
[2026-02-01T01:43:53.303+0000] {logging_mixin.py:151} INFO - [2026-02-01T01:43:53.302+0000] {dag.py:2941} INFO - Sync 1 DAGs
[2026-02-01T01:43:53.749+0000] {logging_mixin.py:151} INFO - [2026-02-01T01:43:53.748+0000] {dag.py:3722} INFO - Setting next_dagrun for example_dag_decorator to None, run_after=None
[2026-02-01T01:43:53.819+0000] {processor.py:179} INFO - Processing /home/airflow/.local/lib/python3.8/site-packages/airflow/example_dags/example_dag_decorator.py took 1.373 seconds
[2026-02-01T01:44:24.419+0000] {processor.py:157} INFO - Started process (PID=483) to work on /home/airflow/.local/lib/python3.8/site-packages/airflow/example_dags/example_dag_decorator.py
[2026-02-01T01:44:24.422+0000] {processor.py:829} INFO - Processing file /home/airflow/.local/lib/python3.8/site-packages/airflow/example_dags/example_dag_decorator.py for tasks to queue
[2026-02-01T01:44:24.434+0000] {logging_mixin.py:151} INFO - [2026-02-01T01:44:24.433+0000] {dagbag.py:536} INFO - Filling up the DagBag from /home/airflow/.local/lib/python3.8/site-packages/airflow/example_dags/example_dag_decorator.py
[2026-02-01T01:44:24.667+0000] {processor.py:839} INFO - DAG(s) dict_keys(['example_dag_decorator']) retrieved from /home/airflow/.local/lib/python3.8/site-packages/airflow/example_dags/example_dag_decorator.py
[2026-02-01T01:44:24.735+0000] {logging_mixin.py:151} INFO - [2026-02-01T01:44:24.735+0000] {dag.py:2941} INFO - Sync 1 DAGs
[2026-02-01T01:44:24.823+0000] {logging_mixin.py:151} INFO - [2026-02-01T01:44:24.823+0000] {dag.py:3722} INFO - Setting next_dagrun for example_dag_decorator to None, run_after=None
[2026-02-01T01:44:24.926+0000] {processor.py:179} INFO - Processing /home/airflow/.local/lib/python3.8/site-packages/airflow/example_dags/example_dag_decorator.py took 0.526 seconds
[2026-02-01T02:11:10.455+0000] {processor.py:157} INFO - Started process (PID=112) to work on /home/airflow/.local/lib/python3.8/site-packages/airflow/example_dags/example_dag_decorator.py
[2026-02-01T02:11:10.461+0000] {processor.py:829} INFO - Processing file /home/airflow/.local/lib/python3.8/site-packages/airflow/example_dags/example_dag_decorator.py for tasks to queue
[2026-02-01T02:11:10.467+0000] {logging_mixin.py:151} INFO - [2026-02-01T02:11:10.466+0000] {dagbag.py:536} INFO - Filling up the DagBag from /home/airflow/.local/lib/python3.8/site-packages/airflow/example_dags/example_dag_decorator.py
[2026-02-01T02:11:11.066+0000] {processor.py:839} INFO - DAG(s) dict_keys(['example_dag_decorator']) retrieved from /home/airflow/.local/lib/python3.8/site-packages/airflow/example_dags/example_dag_decorator.py
[2026-02-01T02:11:11.430+0000] {logging_mixin.py:151} INFO - [2026-02-01T02:11:11.429+0000] {dag.py:2941} INFO - Sync 1 DAGs
[2026-02-01T02:11:11.459+0000] {logging_mixin.py:151} INFO - [2026-02-01T02:11:11.458+0000] {dag.py:3722} INFO - Setting next_dagrun for example_dag_decorator to None, run_after=None
[2026-02-01T02:11:11.524+0000] {processor.py:179} INFO - Processing /home/airflow/.local/lib/python3.8/site-packages/airflow/example_dags/example_dag_decorator.py took 1.079 seconds
[2026-02-01T02:11:41.665+0000] {processor.py:157} INFO - Started process (PID=167) to work on /home/airflow/.local/lib/python3.8/site-packages/airflow/example_dags/example_dag_decorator.py
[2026-02-01T02:11:41.667+0000] {processor.py:829} INFO - Processing file /home/airflow/.local/lib/python3.8/site-packages/airflow/example_dags/example_dag_decorator.py for tasks to queue
[2026-02-01T02:11:41.672+0000] {logging_mixin.py:151} INFO - [2026-02-01T02:11:41.671+0000] {dagbag.py:536} INFO - Filling up the DagBag from /home/airflow/.local/lib/python3.8/site-packages/airflow/example_dags/example_dag_decorator.py
[2026-02-01T02:11:41.851+0000] {processor.py:839} INFO - DAG(s) dict_keys(['example_dag_decorator']) retrieved from /home/airflow/.local/lib/python3.8/site-packages/airflow/example_dags/example_dag_decorator.py
[2026-02-01T02:11:42.369+0000] {logging_mixin.py:151} INFO - [2026-02-01T02:11:42.368+0000] {dag.py:2941} INFO - Sync 1 DAGs
[2026-02-01T02:11:42.389+0000] {logging_mixin.py:151} INFO - [2026-02-01T02:11:42.389+0000] {dag.py:3722} INFO - Setting next_dagrun for example_dag_decorator to None, run_after=None
[2026-02-01T02:11:42.434+0000] {processor.py:179} INFO - Processing /home/airflow/.local/lib/python3.8/site-packages/airflow/example_dags/example_dag_decorator.py took 0.776 seconds
[2026-02-01T02:12:12.565+0000] {processor.py:157} INFO - Started process (PID=223) to work on /home/airflow/.local/lib/python3.8/site-packages/airflow/example_dags/example_dag_decorator.py
[2026-02-01T02:12:12.567+0000] {processor.py:829} INFO - Processing file /home/airflow/.local/lib/python3.8/site-packages/airflow/example_dags/example_dag_decorator.py for tasks to queue
[2026-02-01T02:12:12.578+0000] {logging_mixin.py:151} INFO - [2026-02-01T02:12:12.578+0000] {dagbag.py:536} INFO - Filling up the DagBag from /home/airflow/.local/lib/python3.8/site-packages/airflow/example_dags/example_dag_decorator.py
[2026-02-01T02:12:12.754+0000] {processor.py:839} INFO - DAG(s) dict_keys(['example_dag_decorator']) retrieved from /home/airflow/.local/lib/python3.8/site-packages/airflow/example_dags/example_dag_decorator.py
[2026-02-01T02:12:13.408+0000] {logging_mixin.py:151} INFO - [2026-02-01T02:12:13.407+0000] {dag.py:2941} INFO - Sync 1 DAGs
[2026-02-01T02:12:13.432+0000] {logging_mixin.py:151} INFO - [2026-02-01T02:12:13.432+0000] {dag.py:3722} INFO - Setting next_dagrun for example_dag_decorator to None, run_after=None
[2026-02-01T02:12:13.470+0000] {processor.py:179} INFO - Processing /home/airflow/.local/lib/python3.8/site-packages/airflow/example_dags/example_dag_decorator.py took 0.920 seconds
[2026-02-01T02:12:44.135+0000] {processor.py:157} INFO - Started process (PID=277) to work on /home/airflow/.local/lib/python3.8/site-packages/airflow/example_dags/example_dag_decorator.py
[2026-02-01T02:12:44.143+0000] {processor.py:829} INFO - Processing file /home/airflow/.local/lib/python3.8/site-packages/airflow/example_dags/example_dag_decorator.py for tasks to queue
[2026-02-01T02:12:44.150+0000] {logging_mixin.py:151} INFO - [2026-02-01T02:12:44.149+0000] {dagbag.py:536} INFO - Filling up the DagBag from /home/airflow/.local/lib/python3.8/site-packages/airflow/example_dags/example_dag_decorator.py
[2026-02-01T02:12:44.481+0000] {processor.py:839} INFO - DAG(s) dict_keys(['example_dag_decorator']) retrieved from /home/airflow/.local/lib/python3.8/site-packages/airflow/example_dags/example_dag_decorator.py
[2026-02-01T02:12:44.785+0000] {logging_mixin.py:151} INFO - [2026-02-01T02:12:44.785+0000] {dag.py:2941} INFO - Sync 1 DAGs
[2026-02-01T02:12:45.065+0000] {logging_mixin.py:151} INFO - [2026-02-01T02:12:45.064+0000] {dag.py:3722} INFO - Setting next_dagrun for example_dag_decorator to None, run_after=None
[2026-02-01T02:12:45.101+0000] {processor.py:179} INFO - Processing /home/airflow/.local/lib/python3.8/site-packages/airflow/example_dags/example_dag_decorator.py took 0.978 seconds
[2026-02-01T02:13:15.198+0000] {processor.py:157} INFO - Started process (PID=333) to work on /home/airflow/.local/lib/python3.8/site-packages/airflow/example_dags/example_dag_decorator.py
[2026-02-01T02:13:15.204+0000] {processor.py:829} INFO - Processing file /home/airflow/.local/lib/python3.8/site-packages/airflow/example_dags/example_dag_decorator.py for tasks to queue
[2026-02-01T02:13:15.212+0000] {logging_mixin.py:151} INFO - [2026-02-01T02:13:15.211+0000] {dagbag.py:536} INFO - Filling up the DagBag from /home/airflow/.local/lib/python3.8/site-packages/airflow/example_dags/example_dag_decorator.py
[2026-02-01T02:13:15.404+0000] {processor.py:839} INFO - DAG(s) dict_keys(['example_dag_decorator']) retrieved from /home/airflow/.local/lib/python3.8/site-packages/airflow/example_dags/example_dag_decorator.py
[2026-02-01T02:13:15.717+0000] {logging_mixin.py:151} INFO - [2026-02-01T02:13:15.716+0000] {dag.py:2941} INFO - Sync 1 DAGs
[2026-02-01T02:13:15.754+0000] {logging_mixin.py:151} INFO - [2026-02-01T02:13:15.753+0000] {dag.py:3722} INFO - Setting next_dagrun for example_dag_decorator to None, run_after=None
[2026-02-01T02:13:15.800+0000] {processor.py:179} INFO - Processing /home/airflow/.local/lib/python3.8/site-packages/airflow/example_dags/example_dag_decorator.py took 0.617 seconds
[2026-02-01T02:13:45.967+0000] {processor.py:157} INFO - Started process (PID=389) to work on /home/airflow/.local/lib/python3.8/site-packages/airflow/example_dags/example_dag_decorator.py
[2026-02-01T02:13:45.977+0000] {processor.py:829} INFO - Processing file /home/airflow/.local/lib/python3.8/site-packages/airflow/example_dags/example_dag_decorator.py for tasks to queue
[2026-02-01T02:13:45.983+0000] {logging_mixin.py:151} INFO - [2026-02-01T02:13:45.983+0000] {dagbag.py:536} INFO - Filling up the DagBag from /home/airflow/.local/lib/python3.8/site-packages/airflow/example_dags/example_dag_decorator.py
[2026-02-01T02:13:46.191+0000] {processor.py:839} INFO - DAG(s) dict_keys(['example_dag_decorator']) retrieved from /home/airflow/.local/lib/python3.8/site-packages/airflow/example_dags/example_dag_decorator.py
[2026-02-01T02:13:46.262+0000] {logging_mixin.py:151} INFO - [2026-02-01T02:13:46.262+0000] {dag.py:2941} INFO - Sync 1 DAGs
[2026-02-01T02:13:46.296+0000] {logging_mixin.py:151} INFO - [2026-02-01T02:13:46.295+0000] {dag.py:3722} INFO - Setting next_dagrun for example_dag_decorator to None, run_after=None
[2026-02-01T02:13:46.364+0000] {processor.py:179} INFO - Processing /home/airflow/.local/lib/python3.8/site-packages/airflow/example_dags/example_dag_decorator.py took 0.410 seconds
[2026-02-01T02:14:16.448+0000] {processor.py:157} INFO - Started process (PID=442) to work on /home/airflow/.local/lib/python3.8/site-packages/airflow/example_dags/example_dag_decorator.py
[2026-02-01T02:14:16.450+0000] {processor.py:829} INFO - Processing file /home/airflow/.local/lib/python3.8/site-packages/airflow/example_dags/example_dag_decorator.py for tasks to queue
[2026-02-01T02:14:16.456+0000] {logging_mixin.py:151} INFO - [2026-02-01T02:14:16.455+0000] {dagbag.py:536} INFO - Filling up the DagBag from /home/airflow/.local/lib/python3.8/site-packages/airflow/example_dags/example_dag_decorator.py
[2026-02-01T02:14:16.650+0000] {processor.py:839} INFO - DAG(s) dict_keys(['example_dag_decorator']) retrieved from /home/airflow/.local/lib/python3.8/site-packages/airflow/example_dags/example_dag_decorator.py
[2026-02-01T02:14:17.211+0000] {logging_mixin.py:151} INFO - [2026-02-01T02:14:17.210+0000] {dag.py:2941} INFO - Sync 1 DAGs
[2026-02-01T02:14:17.240+0000] {logging_mixin.py:151} INFO - [2026-02-01T02:14:17.240+0000] {dag.py:3722} INFO - Setting next_dagrun for example_dag_decorator to None, run_after=None
[2026-02-01T02:14:17.302+0000] {processor.py:179} INFO - Processing /home/airflow/.local/lib/python3.8/site-packages/airflow/example_dags/example_dag_decorator.py took 0.864 seconds
[2026-02-01T02:14:47.887+0000] {processor.py:157} INFO - Started process (PID=497) to work on /home/airflow/.local/lib/python3.8/site-packages/airflow/example_dags/example_dag_decorator.py
[2026-02-01T02:14:47.890+0000] {processor.py:829} INFO - Processing file /home/airflow/.local/lib/python3.8/site-packages/airflow/example_dags/example_dag_decorator.py for tasks to queue
[2026-02-01T02:14:47.898+0000] {logging_mixin.py:151} INFO - [2026-02-01T02:14:47.897+0000] {dagbag.py:536} INFO - Filling up the DagBag from /home/airflow/.local/lib/python3.8/site-packages/airflow/example_dags/example_dag_decorator.py
[2026-02-01T02:14:48.049+0000] {processor.py:839} INFO - DAG(s) dict_keys(['example_dag_decorator']) retrieved from /home/airflow/.local/lib/python3.8/site-packages/airflow/example_dags/example_dag_decorator.py
[2026-02-01T02:14:48.609+0000] {logging_mixin.py:151} INFO - [2026-02-01T02:14:48.608+0000] {dag.py:2941} INFO - Sync 1 DAGs
[2026-02-01T02:14:48.631+0000] {logging_mixin.py:151} INFO - [2026-02-01T02:14:48.630+0000] {dag.py:3722} INFO - Setting next_dagrun for example_dag_decorator to None, run_after=None
[2026-02-01T02:14:48.667+0000] {processor.py:179} INFO - Processing /home/airflow/.local/lib/python3.8/site-packages/airflow/example_dags/example_dag_decorator.py took 0.789 seconds
[2026-02-01T02:15:18.893+0000] {processor.py:157} INFO - Started process (PID=555) to work on /home/airflow/.local/lib/python3.8/site-packages/airflow/example_dags/example_dag_decorator.py
[2026-02-01T02:15:18.895+0000] {processor.py:829} INFO - Processing file /home/airflow/.local/lib/python3.8/site-packages/airflow/example_dags/example_dag_decorator.py for tasks to queue
[2026-02-01T02:15:18.900+0000] {logging_mixin.py:151} INFO - [2026-02-01T02:15:18.899+0000] {dagbag.py:536} INFO - Filling up the DagBag from /home/airflow/.local/lib/python3.8/site-packages/airflow/example_dags/example_dag_decorator.py
[2026-02-01T02:15:19.212+0000] {processor.py:839} INFO - DAG(s) dict_keys(['example_dag_decorator']) retrieved from /home/airflow/.local/lib/python3.8/site-packages/airflow/example_dags/example_dag_decorator.py
[2026-02-01T02:15:19.894+0000] {logging_mixin.py:151} INFO - [2026-02-01T02:15:19.894+0000] {dag.py:2941} INFO - Sync 1 DAGs
[2026-02-01T02:15:19.919+0000] {logging_mixin.py:151} INFO - [2026-02-01T02:15:19.918+0000] {dag.py:3722} INFO - Setting next_dagrun for example_dag_decorator to None, run_after=None
[2026-02-01T02:15:19.964+0000] {processor.py:179} INFO - Processing /home/airflow/.local/lib/python3.8/site-packages/airflow/example_dags/example_dag_decorator.py took 1.082 seconds
[2026-02-01T02:15:50.466+0000] {processor.py:157} INFO - Started process (PID=611) to work on /home/airflow/.local/lib/python3.8/site-packages/airflow/example_dags/example_dag_decorator.py
[2026-02-01T02:15:50.468+0000] {processor.py:829} INFO - Processing file /home/airflow/.local/lib/python3.8/site-packages/airflow/example_dags/example_dag_decorator.py for tasks to queue
[2026-02-01T02:15:50.473+0000] {logging_mixin.py:151} INFO - [2026-02-01T02:15:50.472+0000] {dagbag.py:536} INFO - Filling up the DagBag from /home/airflow/.local/lib/python3.8/site-packages/airflow/example_dags/example_dag_decorator.py
[2026-02-01T02:15:50.600+0000] {processor.py:839} INFO - DAG(s) dict_keys(['example_dag_decorator']) retrieved from /home/airflow/.local/lib/python3.8/site-packages/airflow/example_dags/example_dag_decorator.py
[2026-02-01T02:15:51.052+0000] {logging_mixin.py:151} INFO - [2026-02-01T02:15:51.052+0000] {dag.py:2941} INFO - Sync 1 DAGs
[2026-02-01T02:15:51.075+0000] {logging_mixin.py:151} INFO - [2026-02-01T02:15:51.075+0000] {dag.py:3722} INFO - Setting next_dagrun for example_dag_decorator to None, run_after=None
[2026-02-01T02:15:51.113+0000] {processor.py:179} INFO - Processing /home/airflow/.local/lib/python3.8/site-packages/airflow/example_dags/example_dag_decorator.py took 0.654 seconds
[2026-02-01T02:16:21.231+0000] {processor.py:157} INFO - Started process (PID=668) to work on /home/airflow/.local/lib/python3.8/site-packages/airflow/example_dags/example_dag_decorator.py
[2026-02-01T02:16:21.233+0000] {processor.py:829} INFO - Processing file /home/airflow/.local/lib/python3.8/site-packages/airflow/example_dags/example_dag_decorator.py for tasks to queue
[2026-02-01T02:16:21.237+0000] {logging_mixin.py:151} INFO - [2026-02-01T02:16:21.237+0000] {dagbag.py:536} INFO - Filling up the DagBag from /home/airflow/.local/lib/python3.8/site-packages/airflow/example_dags/example_dag_decorator.py
[2026-02-01T02:16:21.430+0000] {processor.py:839} INFO - DAG(s) dict_keys(['example_dag_decorator']) retrieved from /home/airflow/.local/lib/python3.8/site-packages/airflow/example_dags/example_dag_decorator.py
[2026-02-01T02:16:22.043+0000] {logging_mixin.py:151} INFO - [2026-02-01T02:16:22.043+0000] {dag.py:2941} INFO - Sync 1 DAGs
[2026-02-01T02:16:22.101+0000] {logging_mixin.py:151} INFO - [2026-02-01T02:16:22.101+0000] {dag.py:3722} INFO - Setting next_dagrun for example_dag_decorator to None, run_after=None
[2026-02-01T02:16:22.169+0000] {processor.py:179} INFO - Processing /home/airflow/.local/lib/python3.8/site-packages/airflow/example_dags/example_dag_decorator.py took 0.948 seconds
