[2026-02-01T01:37:21.610+0000] {processor.py:157} INFO - Started process (PID=116) to work on /home/airflow/.local/lib/python3.8/site-packages/airflow/example_dags/tutorial_taskflow_api_virtualenv.py
[2026-02-01T01:37:21.613+0000] {processor.py:829} INFO - Processing file /home/airflow/.local/lib/python3.8/site-packages/airflow/example_dags/tutorial_taskflow_api_virtualenv.py for tasks to queue
[2026-02-01T01:37:21.619+0000] {logging_mixin.py:151} INFO - [2026-02-01T01:37:21.618+0000] {dagbag.py:536} INFO - Filling up the DagBag from /home/airflow/.local/lib/python3.8/site-packages/airflow/example_dags/tutorial_taskflow_api_virtualenv.py
[2026-02-01T01:37:21.642+0000] {processor.py:839} INFO - DAG(s) dict_keys(['tutorial_taskflow_api_virtualenv']) retrieved from /home/airflow/.local/lib/python3.8/site-packages/airflow/example_dags/tutorial_taskflow_api_virtualenv.py
[2026-02-01T01:37:21.998+0000] {logging_mixin.py:151} INFO - [2026-02-01T01:37:21.997+0000] {manager.py:499} INFO - Created Permission View: %s
[2026-02-01T01:37:22.022+0000] {logging_mixin.py:151} INFO - [2026-02-01T01:37:22.021+0000] {manager.py:499} INFO - Created Permission View: %s
[2026-02-01T01:37:22.037+0000] {logging_mixin.py:151} INFO - [2026-02-01T01:37:22.037+0000] {manager.py:499} INFO - Created Permission View: %s
[2026-02-01T01:37:22.038+0000] {logging_mixin.py:151} INFO - [2026-02-01T01:37:22.038+0000] {dag.py:2941} INFO - Sync 1 DAGs
[2026-02-01T01:37:22.075+0000] {logging_mixin.py:151} INFO - [2026-02-01T01:37:22.073+0000] {dag.py:2963} INFO - Creating ORM DAG for tutorial_taskflow_api_virtualenv
[2026-02-01T01:37:22.077+0000] {logging_mixin.py:151} INFO - [2026-02-01T01:37:22.077+0000] {dag.py:3722} INFO - Setting next_dagrun for tutorial_taskflow_api_virtualenv to None, run_after=None
[2026-02-01T01:37:22.114+0000] {processor.py:179} INFO - Processing /home/airflow/.local/lib/python3.8/site-packages/airflow/example_dags/tutorial_taskflow_api_virtualenv.py took 0.515 seconds
[2026-02-01T01:40:41.574+0000] {processor.py:157} INFO - Started process (PID=109) to work on /home/airflow/.local/lib/python3.8/site-packages/airflow/example_dags/tutorial_taskflow_api_virtualenv.py
[2026-02-01T01:40:41.591+0000] {processor.py:829} INFO - Processing file /home/airflow/.local/lib/python3.8/site-packages/airflow/example_dags/tutorial_taskflow_api_virtualenv.py for tasks to queue
[2026-02-01T01:40:41.598+0000] {logging_mixin.py:151} INFO - [2026-02-01T01:40:41.597+0000] {dagbag.py:536} INFO - Filling up the DagBag from /home/airflow/.local/lib/python3.8/site-packages/airflow/example_dags/tutorial_taskflow_api_virtualenv.py
[2026-02-01T01:40:41.628+0000] {processor.py:839} INFO - DAG(s) dict_keys(['tutorial_taskflow_api_virtualenv']) retrieved from /home/airflow/.local/lib/python3.8/site-packages/airflow/example_dags/tutorial_taskflow_api_virtualenv.py
[2026-02-01T01:40:41.697+0000] {logging_mixin.py:151} INFO - [2026-02-01T01:40:41.696+0000] {dag.py:2941} INFO - Sync 1 DAGs
[2026-02-01T01:40:41.742+0000] {logging_mixin.py:151} INFO - [2026-02-01T01:40:41.742+0000] {dag.py:3722} INFO - Setting next_dagrun for tutorial_taskflow_api_virtualenv to None, run_after=None
[2026-02-01T01:40:41.815+0000] {processor.py:179} INFO - Processing /home/airflow/.local/lib/python3.8/site-packages/airflow/example_dags/tutorial_taskflow_api_virtualenv.py took 0.259 seconds
[2026-02-01T01:41:11.994+0000] {processor.py:157} INFO - Started process (PID=165) to work on /home/airflow/.local/lib/python3.8/site-packages/airflow/example_dags/tutorial_taskflow_api_virtualenv.py
[2026-02-01T01:41:11.997+0000] {processor.py:829} INFO - Processing file /home/airflow/.local/lib/python3.8/site-packages/airflow/example_dags/tutorial_taskflow_api_virtualenv.py for tasks to queue
[2026-02-01T01:41:12.001+0000] {logging_mixin.py:151} INFO - [2026-02-01T01:41:12.001+0000] {dagbag.py:536} INFO - Filling up the DagBag from /home/airflow/.local/lib/python3.8/site-packages/airflow/example_dags/tutorial_taskflow_api_virtualenv.py
[2026-02-01T01:41:12.016+0000] {processor.py:839} INFO - DAG(s) dict_keys(['tutorial_taskflow_api_virtualenv']) retrieved from /home/airflow/.local/lib/python3.8/site-packages/airflow/example_dags/tutorial_taskflow_api_virtualenv.py
[2026-02-01T01:41:12.064+0000] {logging_mixin.py:151} INFO - [2026-02-01T01:41:12.063+0000] {dag.py:2941} INFO - Sync 1 DAGs
[2026-02-01T01:41:12.091+0000] {logging_mixin.py:151} INFO - [2026-02-01T01:41:12.091+0000] {dag.py:3722} INFO - Setting next_dagrun for tutorial_taskflow_api_virtualenv to None, run_after=None
[2026-02-01T01:41:12.130+0000] {processor.py:179} INFO - Processing /home/airflow/.local/lib/python3.8/site-packages/airflow/example_dags/tutorial_taskflow_api_virtualenv.py took 0.145 seconds
[2026-02-01T01:41:51.761+0000] {processor.py:157} INFO - Started process (PID=220) to work on /home/airflow/.local/lib/python3.8/site-packages/airflow/example_dags/tutorial_taskflow_api_virtualenv.py
[2026-02-01T01:41:51.762+0000] {processor.py:829} INFO - Processing file /home/airflow/.local/lib/python3.8/site-packages/airflow/example_dags/tutorial_taskflow_api_virtualenv.py for tasks to queue
[2026-02-01T01:41:51.766+0000] {logging_mixin.py:151} INFO - [2026-02-01T01:41:51.766+0000] {dagbag.py:536} INFO - Filling up the DagBag from /home/airflow/.local/lib/python3.8/site-packages/airflow/example_dags/tutorial_taskflow_api_virtualenv.py
[2026-02-01T01:41:51.777+0000] {processor.py:839} INFO - DAG(s) dict_keys(['tutorial_taskflow_api_virtualenv']) retrieved from /home/airflow/.local/lib/python3.8/site-packages/airflow/example_dags/tutorial_taskflow_api_virtualenv.py
[2026-02-01T01:41:51.815+0000] {logging_mixin.py:151} INFO - [2026-02-01T01:41:51.814+0000] {dag.py:2941} INFO - Sync 1 DAGs
[2026-02-01T01:41:51.835+0000] {logging_mixin.py:151} INFO - [2026-02-01T01:41:51.834+0000] {dag.py:3722} INFO - Setting next_dagrun for tutorial_taskflow_api_virtualenv to None, run_after=None
[2026-02-01T01:41:51.903+0000] {processor.py:179} INFO - Processing /home/airflow/.local/lib/python3.8/site-packages/airflow/example_dags/tutorial_taskflow_api_virtualenv.py took 0.149 seconds
[2026-02-01T01:42:22.463+0000] {processor.py:157} INFO - Started process (PID=276) to work on /home/airflow/.local/lib/python3.8/site-packages/airflow/example_dags/tutorial_taskflow_api_virtualenv.py
[2026-02-01T01:42:22.466+0000] {processor.py:829} INFO - Processing file /home/airflow/.local/lib/python3.8/site-packages/airflow/example_dags/tutorial_taskflow_api_virtualenv.py for tasks to queue
[2026-02-01T01:42:22.470+0000] {logging_mixin.py:151} INFO - [2026-02-01T01:42:22.470+0000] {dagbag.py:536} INFO - Filling up the DagBag from /home/airflow/.local/lib/python3.8/site-packages/airflow/example_dags/tutorial_taskflow_api_virtualenv.py
[2026-02-01T01:42:22.493+0000] {processor.py:839} INFO - DAG(s) dict_keys(['tutorial_taskflow_api_virtualenv']) retrieved from /home/airflow/.local/lib/python3.8/site-packages/airflow/example_dags/tutorial_taskflow_api_virtualenv.py
[2026-02-01T01:42:22.540+0000] {logging_mixin.py:151} INFO - [2026-02-01T01:42:22.539+0000] {dag.py:2941} INFO - Sync 1 DAGs
[2026-02-01T01:42:22.581+0000] {logging_mixin.py:151} INFO - [2026-02-01T01:42:22.581+0000] {dag.py:3722} INFO - Setting next_dagrun for tutorial_taskflow_api_virtualenv to None, run_after=None
[2026-02-01T01:42:22.678+0000] {processor.py:179} INFO - Processing /home/airflow/.local/lib/python3.8/site-packages/airflow/example_dags/tutorial_taskflow_api_virtualenv.py took 0.222 seconds
[2026-02-01T01:42:54.685+0000] {processor.py:157} INFO - Started process (PID=331) to work on /home/airflow/.local/lib/python3.8/site-packages/airflow/example_dags/tutorial_taskflow_api_virtualenv.py
[2026-02-01T01:42:54.689+0000] {processor.py:829} INFO - Processing file /home/airflow/.local/lib/python3.8/site-packages/airflow/example_dags/tutorial_taskflow_api_virtualenv.py for tasks to queue
[2026-02-01T01:42:54.694+0000] {logging_mixin.py:151} INFO - [2026-02-01T01:42:54.693+0000] {dagbag.py:536} INFO - Filling up the DagBag from /home/airflow/.local/lib/python3.8/site-packages/airflow/example_dags/tutorial_taskflow_api_virtualenv.py
[2026-02-01T01:42:54.718+0000] {processor.py:839} INFO - DAG(s) dict_keys(['tutorial_taskflow_api_virtualenv']) retrieved from /home/airflow/.local/lib/python3.8/site-packages/airflow/example_dags/tutorial_taskflow_api_virtualenv.py
[2026-02-01T01:42:54.780+0000] {logging_mixin.py:151} INFO - [2026-02-01T01:42:54.779+0000] {dag.py:2941} INFO - Sync 1 DAGs
[2026-02-01T01:42:54.818+0000] {logging_mixin.py:151} INFO - [2026-02-01T01:42:54.817+0000] {dag.py:3722} INFO - Setting next_dagrun for tutorial_taskflow_api_virtualenv to None, run_after=None
[2026-02-01T01:42:54.887+0000] {processor.py:179} INFO - Processing /home/airflow/.local/lib/python3.8/site-packages/airflow/example_dags/tutorial_taskflow_api_virtualenv.py took 0.213 seconds
[2026-02-01T01:43:25.527+0000] {processor.py:157} INFO - Started process (PID=385) to work on /home/airflow/.local/lib/python3.8/site-packages/airflow/example_dags/tutorial_taskflow_api_virtualenv.py
[2026-02-01T01:43:25.529+0000] {processor.py:829} INFO - Processing file /home/airflow/.local/lib/python3.8/site-packages/airflow/example_dags/tutorial_taskflow_api_virtualenv.py for tasks to queue
[2026-02-01T01:43:25.538+0000] {logging_mixin.py:151} INFO - [2026-02-01T01:43:25.537+0000] {dagbag.py:536} INFO - Filling up the DagBag from /home/airflow/.local/lib/python3.8/site-packages/airflow/example_dags/tutorial_taskflow_api_virtualenv.py
[2026-02-01T01:43:25.585+0000] {processor.py:839} INFO - DAG(s) dict_keys(['tutorial_taskflow_api_virtualenv']) retrieved from /home/airflow/.local/lib/python3.8/site-packages/airflow/example_dags/tutorial_taskflow_api_virtualenv.py
[2026-02-01T01:43:25.694+0000] {logging_mixin.py:151} INFO - [2026-02-01T01:43:25.693+0000] {dag.py:2941} INFO - Sync 1 DAGs
[2026-02-01T01:43:25.769+0000] {logging_mixin.py:151} INFO - [2026-02-01T01:43:25.756+0000] {dag.py:3722} INFO - Setting next_dagrun for tutorial_taskflow_api_virtualenv to None, run_after=None
[2026-02-01T01:43:25.967+0000] {processor.py:179} INFO - Processing /home/airflow/.local/lib/python3.8/site-packages/airflow/example_dags/tutorial_taskflow_api_virtualenv.py took 0.458 seconds
[2026-02-01T01:43:56.903+0000] {processor.py:157} INFO - Started process (PID=447) to work on /home/airflow/.local/lib/python3.8/site-packages/airflow/example_dags/tutorial_taskflow_api_virtualenv.py
[2026-02-01T01:43:56.906+0000] {processor.py:829} INFO - Processing file /home/airflow/.local/lib/python3.8/site-packages/airflow/example_dags/tutorial_taskflow_api_virtualenv.py for tasks to queue
[2026-02-01T01:43:56.921+0000] {logging_mixin.py:151} INFO - [2026-02-01T01:43:56.920+0000] {dagbag.py:536} INFO - Filling up the DagBag from /home/airflow/.local/lib/python3.8/site-packages/airflow/example_dags/tutorial_taskflow_api_virtualenv.py
[2026-02-01T01:43:56.946+0000] {processor.py:839} INFO - DAG(s) dict_keys(['tutorial_taskflow_api_virtualenv']) retrieved from /home/airflow/.local/lib/python3.8/site-packages/airflow/example_dags/tutorial_taskflow_api_virtualenv.py
[2026-02-01T01:43:57.026+0000] {logging_mixin.py:151} INFO - [2026-02-01T01:43:57.026+0000] {dag.py:2941} INFO - Sync 1 DAGs
[2026-02-01T01:43:57.072+0000] {logging_mixin.py:151} INFO - [2026-02-01T01:43:57.072+0000] {dag.py:3722} INFO - Setting next_dagrun for tutorial_taskflow_api_virtualenv to None, run_after=None
[2026-02-01T01:43:57.150+0000] {processor.py:179} INFO - Processing /home/airflow/.local/lib/python3.8/site-packages/airflow/example_dags/tutorial_taskflow_api_virtualenv.py took 0.267 seconds
[2026-02-01T01:44:27.597+0000] {processor.py:157} INFO - Started process (PID=502) to work on /home/airflow/.local/lib/python3.8/site-packages/airflow/example_dags/tutorial_taskflow_api_virtualenv.py
[2026-02-01T01:44:27.604+0000] {processor.py:829} INFO - Processing file /home/airflow/.local/lib/python3.8/site-packages/airflow/example_dags/tutorial_taskflow_api_virtualenv.py for tasks to queue
[2026-02-01T01:44:27.613+0000] {logging_mixin.py:151} INFO - [2026-02-01T01:44:27.612+0000] {dagbag.py:536} INFO - Filling up the DagBag from /home/airflow/.local/lib/python3.8/site-packages/airflow/example_dags/tutorial_taskflow_api_virtualenv.py
[2026-02-01T01:44:27.634+0000] {processor.py:839} INFO - DAG(s) dict_keys(['tutorial_taskflow_api_virtualenv']) retrieved from /home/airflow/.local/lib/python3.8/site-packages/airflow/example_dags/tutorial_taskflow_api_virtualenv.py
[2026-02-01T01:44:27.671+0000] {logging_mixin.py:151} INFO - [2026-02-01T01:44:27.670+0000] {dag.py:2941} INFO - Sync 1 DAGs
[2026-02-01T01:44:27.702+0000] {logging_mixin.py:151} INFO - [2026-02-01T01:44:27.702+0000] {dag.py:3722} INFO - Setting next_dagrun for tutorial_taskflow_api_virtualenv to None, run_after=None
[2026-02-01T01:44:27.818+0000] {processor.py:179} INFO - Processing /home/airflow/.local/lib/python3.8/site-packages/airflow/example_dags/tutorial_taskflow_api_virtualenv.py took 0.229 seconds
[2026-02-01T02:11:13.914+0000] {processor.py:157} INFO - Started process (PID=128) to work on /home/airflow/.local/lib/python3.8/site-packages/airflow/example_dags/tutorial_taskflow_api_virtualenv.py
[2026-02-01T02:11:13.928+0000] {processor.py:829} INFO - Processing file /home/airflow/.local/lib/python3.8/site-packages/airflow/example_dags/tutorial_taskflow_api_virtualenv.py for tasks to queue
[2026-02-01T02:11:13.936+0000] {logging_mixin.py:151} INFO - [2026-02-01T02:11:13.936+0000] {dagbag.py:536} INFO - Filling up the DagBag from /home/airflow/.local/lib/python3.8/site-packages/airflow/example_dags/tutorial_taskflow_api_virtualenv.py
[2026-02-01T02:11:13.976+0000] {processor.py:839} INFO - DAG(s) dict_keys(['tutorial_taskflow_api_virtualenv']) retrieved from /home/airflow/.local/lib/python3.8/site-packages/airflow/example_dags/tutorial_taskflow_api_virtualenv.py
[2026-02-01T02:11:14.098+0000] {logging_mixin.py:151} INFO - [2026-02-01T02:11:14.097+0000] {dag.py:2941} INFO - Sync 1 DAGs
[2026-02-01T02:11:14.191+0000] {logging_mixin.py:151} INFO - [2026-02-01T02:11:14.191+0000] {dag.py:3722} INFO - Setting next_dagrun for tutorial_taskflow_api_virtualenv to None, run_after=None
[2026-02-01T02:11:14.347+0000] {processor.py:179} INFO - Processing /home/airflow/.local/lib/python3.8/site-packages/airflow/example_dags/tutorial_taskflow_api_virtualenv.py took 0.446 seconds
[2026-02-01T02:11:45.600+0000] {processor.py:157} INFO - Started process (PID=183) to work on /home/airflow/.local/lib/python3.8/site-packages/airflow/example_dags/tutorial_taskflow_api_virtualenv.py
[2026-02-01T02:11:45.604+0000] {processor.py:829} INFO - Processing file /home/airflow/.local/lib/python3.8/site-packages/airflow/example_dags/tutorial_taskflow_api_virtualenv.py for tasks to queue
[2026-02-01T02:11:45.609+0000] {logging_mixin.py:151} INFO - [2026-02-01T02:11:45.608+0000] {dagbag.py:536} INFO - Filling up the DagBag from /home/airflow/.local/lib/python3.8/site-packages/airflow/example_dags/tutorial_taskflow_api_virtualenv.py
[2026-02-01T02:11:45.630+0000] {processor.py:839} INFO - DAG(s) dict_keys(['tutorial_taskflow_api_virtualenv']) retrieved from /home/airflow/.local/lib/python3.8/site-packages/airflow/example_dags/tutorial_taskflow_api_virtualenv.py
[2026-02-01T02:11:45.710+0000] {logging_mixin.py:151} INFO - [2026-02-01T02:11:45.709+0000] {dag.py:2941} INFO - Sync 1 DAGs
[2026-02-01T02:11:45.794+0000] {logging_mixin.py:151} INFO - [2026-02-01T02:11:45.793+0000] {dag.py:3722} INFO - Setting next_dagrun for tutorial_taskflow_api_virtualenv to None, run_after=None
[2026-02-01T02:11:45.881+0000] {processor.py:179} INFO - Processing /home/airflow/.local/lib/python3.8/site-packages/airflow/example_dags/tutorial_taskflow_api_virtualenv.py took 0.294 seconds
[2026-02-01T02:12:15.975+0000] {processor.py:157} INFO - Started process (PID=238) to work on /home/airflow/.local/lib/python3.8/site-packages/airflow/example_dags/tutorial_taskflow_api_virtualenv.py
[2026-02-01T02:12:15.977+0000] {processor.py:829} INFO - Processing file /home/airflow/.local/lib/python3.8/site-packages/airflow/example_dags/tutorial_taskflow_api_virtualenv.py for tasks to queue
[2026-02-01T02:12:15.982+0000] {logging_mixin.py:151} INFO - [2026-02-01T02:12:15.982+0000] {dagbag.py:536} INFO - Filling up the DagBag from /home/airflow/.local/lib/python3.8/site-packages/airflow/example_dags/tutorial_taskflow_api_virtualenv.py
[2026-02-01T02:12:15.994+0000] {processor.py:839} INFO - DAG(s) dict_keys(['tutorial_taskflow_api_virtualenv']) retrieved from /home/airflow/.local/lib/python3.8/site-packages/airflow/example_dags/tutorial_taskflow_api_virtualenv.py
[2026-02-01T02:12:16.031+0000] {logging_mixin.py:151} INFO - [2026-02-01T02:12:16.030+0000] {dag.py:2941} INFO - Sync 1 DAGs
[2026-02-01T02:12:16.052+0000] {logging_mixin.py:151} INFO - [2026-02-01T02:12:16.051+0000] {dag.py:3722} INFO - Setting next_dagrun for tutorial_taskflow_api_virtualenv to None, run_after=None
[2026-02-01T02:12:16.083+0000] {processor.py:179} INFO - Processing /home/airflow/.local/lib/python3.8/site-packages/airflow/example_dags/tutorial_taskflow_api_virtualenv.py took 0.116 seconds
[2026-02-01T02:12:46.789+0000] {processor.py:157} INFO - Started process (PID=293) to work on /home/airflow/.local/lib/python3.8/site-packages/airflow/example_dags/tutorial_taskflow_api_virtualenv.py
[2026-02-01T02:12:46.792+0000] {processor.py:829} INFO - Processing file /home/airflow/.local/lib/python3.8/site-packages/airflow/example_dags/tutorial_taskflow_api_virtualenv.py for tasks to queue
[2026-02-01T02:12:46.797+0000] {logging_mixin.py:151} INFO - [2026-02-01T02:12:46.797+0000] {dagbag.py:536} INFO - Filling up the DagBag from /home/airflow/.local/lib/python3.8/site-packages/airflow/example_dags/tutorial_taskflow_api_virtualenv.py
[2026-02-01T02:12:46.811+0000] {processor.py:839} INFO - DAG(s) dict_keys(['tutorial_taskflow_api_virtualenv']) retrieved from /home/airflow/.local/lib/python3.8/site-packages/airflow/example_dags/tutorial_taskflow_api_virtualenv.py
[2026-02-01T02:12:46.855+0000] {logging_mixin.py:151} INFO - [2026-02-01T02:12:46.854+0000] {dag.py:2941} INFO - Sync 1 DAGs
[2026-02-01T02:12:46.875+0000] {logging_mixin.py:151} INFO - [2026-02-01T02:12:46.875+0000] {dag.py:3722} INFO - Setting next_dagrun for tutorial_taskflow_api_virtualenv to None, run_after=None
[2026-02-01T02:12:46.907+0000] {processor.py:179} INFO - Processing /home/airflow/.local/lib/python3.8/site-packages/airflow/example_dags/tutorial_taskflow_api_virtualenv.py took 0.126 seconds
[2026-02-01T02:13:17.968+0000] {processor.py:157} INFO - Started process (PID=348) to work on /home/airflow/.local/lib/python3.8/site-packages/airflow/example_dags/tutorial_taskflow_api_virtualenv.py
[2026-02-01T02:13:17.972+0000] {processor.py:829} INFO - Processing file /home/airflow/.local/lib/python3.8/site-packages/airflow/example_dags/tutorial_taskflow_api_virtualenv.py for tasks to queue
[2026-02-01T02:13:17.985+0000] {logging_mixin.py:151} INFO - [2026-02-01T02:13:17.984+0000] {dagbag.py:536} INFO - Filling up the DagBag from /home/airflow/.local/lib/python3.8/site-packages/airflow/example_dags/tutorial_taskflow_api_virtualenv.py
[2026-02-01T02:13:18.009+0000] {processor.py:839} INFO - DAG(s) dict_keys(['tutorial_taskflow_api_virtualenv']) retrieved from /home/airflow/.local/lib/python3.8/site-packages/airflow/example_dags/tutorial_taskflow_api_virtualenv.py
[2026-02-01T02:13:18.059+0000] {logging_mixin.py:151} INFO - [2026-02-01T02:13:18.058+0000] {dag.py:2941} INFO - Sync 1 DAGs
[2026-02-01T02:13:18.086+0000] {logging_mixin.py:151} INFO - [2026-02-01T02:13:18.085+0000] {dag.py:3722} INFO - Setting next_dagrun for tutorial_taskflow_api_virtualenv to None, run_after=None
[2026-02-01T02:13:18.129+0000] {processor.py:179} INFO - Processing /home/airflow/.local/lib/python3.8/site-packages/airflow/example_dags/tutorial_taskflow_api_virtualenv.py took 0.171 seconds
[2026-02-01T02:13:49.837+0000] {processor.py:157} INFO - Started process (PID=403) to work on /home/airflow/.local/lib/python3.8/site-packages/airflow/example_dags/tutorial_taskflow_api_virtualenv.py
[2026-02-01T02:13:49.839+0000] {processor.py:829} INFO - Processing file /home/airflow/.local/lib/python3.8/site-packages/airflow/example_dags/tutorial_taskflow_api_virtualenv.py for tasks to queue
[2026-02-01T02:13:49.850+0000] {logging_mixin.py:151} INFO - [2026-02-01T02:13:49.849+0000] {dagbag.py:536} INFO - Filling up the DagBag from /home/airflow/.local/lib/python3.8/site-packages/airflow/example_dags/tutorial_taskflow_api_virtualenv.py
[2026-02-01T02:13:49.894+0000] {processor.py:839} INFO - DAG(s) dict_keys(['tutorial_taskflow_api_virtualenv']) retrieved from /home/airflow/.local/lib/python3.8/site-packages/airflow/example_dags/tutorial_taskflow_api_virtualenv.py
[2026-02-01T02:13:49.994+0000] {logging_mixin.py:151} INFO - [2026-02-01T02:13:49.994+0000] {dag.py:2941} INFO - Sync 1 DAGs
[2026-02-01T02:13:50.049+0000] {logging_mixin.py:151} INFO - [2026-02-01T02:13:50.048+0000] {dag.py:3722} INFO - Setting next_dagrun for tutorial_taskflow_api_virtualenv to None, run_after=None
[2026-02-01T02:13:50.163+0000] {processor.py:179} INFO - Processing /home/airflow/.local/lib/python3.8/site-packages/airflow/example_dags/tutorial_taskflow_api_virtualenv.py took 0.361 seconds
[2026-02-01T02:14:20.250+0000] {processor.py:157} INFO - Started process (PID=458) to work on /home/airflow/.local/lib/python3.8/site-packages/airflow/example_dags/tutorial_taskflow_api_virtualenv.py
[2026-02-01T02:14:20.253+0000] {processor.py:829} INFO - Processing file /home/airflow/.local/lib/python3.8/site-packages/airflow/example_dags/tutorial_taskflow_api_virtualenv.py for tasks to queue
[2026-02-01T02:14:20.258+0000] {logging_mixin.py:151} INFO - [2026-02-01T02:14:20.257+0000] {dagbag.py:536} INFO - Filling up the DagBag from /home/airflow/.local/lib/python3.8/site-packages/airflow/example_dags/tutorial_taskflow_api_virtualenv.py
[2026-02-01T02:14:20.275+0000] {processor.py:839} INFO - DAG(s) dict_keys(['tutorial_taskflow_api_virtualenv']) retrieved from /home/airflow/.local/lib/python3.8/site-packages/airflow/example_dags/tutorial_taskflow_api_virtualenv.py
[2026-02-01T02:14:20.334+0000] {logging_mixin.py:151} INFO - [2026-02-01T02:14:20.334+0000] {dag.py:2941} INFO - Sync 1 DAGs
[2026-02-01T02:14:20.359+0000] {logging_mixin.py:151} INFO - [2026-02-01T02:14:20.359+0000] {dag.py:3722} INFO - Setting next_dagrun for tutorial_taskflow_api_virtualenv to None, run_after=None
[2026-02-01T02:14:20.394+0000] {processor.py:179} INFO - Processing /home/airflow/.local/lib/python3.8/site-packages/airflow/example_dags/tutorial_taskflow_api_virtualenv.py took 0.153 seconds
[2026-02-01T02:14:51.213+0000] {processor.py:157} INFO - Started process (PID=512) to work on /home/airflow/.local/lib/python3.8/site-packages/airflow/example_dags/tutorial_taskflow_api_virtualenv.py
[2026-02-01T02:14:51.215+0000] {processor.py:829} INFO - Processing file /home/airflow/.local/lib/python3.8/site-packages/airflow/example_dags/tutorial_taskflow_api_virtualenv.py for tasks to queue
[2026-02-01T02:14:51.220+0000] {logging_mixin.py:151} INFO - [2026-02-01T02:14:51.220+0000] {dagbag.py:536} INFO - Filling up the DagBag from /home/airflow/.local/lib/python3.8/site-packages/airflow/example_dags/tutorial_taskflow_api_virtualenv.py
[2026-02-01T02:14:51.238+0000] {processor.py:839} INFO - DAG(s) dict_keys(['tutorial_taskflow_api_virtualenv']) retrieved from /home/airflow/.local/lib/python3.8/site-packages/airflow/example_dags/tutorial_taskflow_api_virtualenv.py
[2026-02-01T02:14:51.285+0000] {logging_mixin.py:151} INFO - [2026-02-01T02:14:51.285+0000] {dag.py:2941} INFO - Sync 1 DAGs
[2026-02-01T02:14:51.322+0000] {logging_mixin.py:151} INFO - [2026-02-01T02:14:51.321+0000] {dag.py:3722} INFO - Setting next_dagrun for tutorial_taskflow_api_virtualenv to None, run_after=None
[2026-02-01T02:14:51.368+0000] {processor.py:179} INFO - Processing /home/airflow/.local/lib/python3.8/site-packages/airflow/example_dags/tutorial_taskflow_api_virtualenv.py took 0.163 seconds
[2026-02-01T02:15:21.721+0000] {processor.py:157} INFO - Started process (PID=567) to work on /home/airflow/.local/lib/python3.8/site-packages/airflow/example_dags/tutorial_taskflow_api_virtualenv.py
[2026-02-01T02:15:21.725+0000] {processor.py:829} INFO - Processing file /home/airflow/.local/lib/python3.8/site-packages/airflow/example_dags/tutorial_taskflow_api_virtualenv.py for tasks to queue
[2026-02-01T02:15:21.730+0000] {logging_mixin.py:151} INFO - [2026-02-01T02:15:21.729+0000] {dagbag.py:536} INFO - Filling up the DagBag from /home/airflow/.local/lib/python3.8/site-packages/airflow/example_dags/tutorial_taskflow_api_virtualenv.py
[2026-02-01T02:15:21.747+0000] {processor.py:839} INFO - DAG(s) dict_keys(['tutorial_taskflow_api_virtualenv']) retrieved from /home/airflow/.local/lib/python3.8/site-packages/airflow/example_dags/tutorial_taskflow_api_virtualenv.py
[2026-02-01T02:15:21.822+0000] {logging_mixin.py:151} INFO - [2026-02-01T02:15:21.822+0000] {dag.py:2941} INFO - Sync 1 DAGs
[2026-02-01T02:15:21.878+0000] {logging_mixin.py:151} INFO - [2026-02-01T02:15:21.878+0000] {dag.py:3722} INFO - Setting next_dagrun for tutorial_taskflow_api_virtualenv to None, run_after=None
[2026-02-01T02:15:21.945+0000] {processor.py:179} INFO - Processing /home/airflow/.local/lib/python3.8/site-packages/airflow/example_dags/tutorial_taskflow_api_virtualenv.py took 0.235 seconds
[2026-02-01T02:15:52.000+0000] {processor.py:157} INFO - Started process (PID=622) to work on /home/airflow/.local/lib/python3.8/site-packages/airflow/example_dags/tutorial_taskflow_api_virtualenv.py
[2026-02-01T02:15:52.006+0000] {processor.py:829} INFO - Processing file /home/airflow/.local/lib/python3.8/site-packages/airflow/example_dags/tutorial_taskflow_api_virtualenv.py for tasks to queue
[2026-02-01T02:15:52.011+0000] {logging_mixin.py:151} INFO - [2026-02-01T02:15:52.010+0000] {dagbag.py:536} INFO - Filling up the DagBag from /home/airflow/.local/lib/python3.8/site-packages/airflow/example_dags/tutorial_taskflow_api_virtualenv.py
[2026-02-01T02:15:52.027+0000] {processor.py:839} INFO - DAG(s) dict_keys(['tutorial_taskflow_api_virtualenv']) retrieved from /home/airflow/.local/lib/python3.8/site-packages/airflow/example_dags/tutorial_taskflow_api_virtualenv.py
[2026-02-01T02:15:52.070+0000] {logging_mixin.py:151} INFO - [2026-02-01T02:15:52.070+0000] {dag.py:2941} INFO - Sync 1 DAGs
[2026-02-01T02:15:52.091+0000] {logging_mixin.py:151} INFO - [2026-02-01T02:15:52.091+0000] {dag.py:3722} INFO - Setting next_dagrun for tutorial_taskflow_api_virtualenv to None, run_after=None
[2026-02-01T02:15:52.155+0000] {processor.py:179} INFO - Processing /home/airflow/.local/lib/python3.8/site-packages/airflow/example_dags/tutorial_taskflow_api_virtualenv.py took 0.161 seconds
[2026-02-01T02:16:23.288+0000] {processor.py:157} INFO - Started process (PID=677) to work on /home/airflow/.local/lib/python3.8/site-packages/airflow/example_dags/tutorial_taskflow_api_virtualenv.py
[2026-02-01T02:16:23.295+0000] {processor.py:829} INFO - Processing file /home/airflow/.local/lib/python3.8/site-packages/airflow/example_dags/tutorial_taskflow_api_virtualenv.py for tasks to queue
[2026-02-01T02:16:23.299+0000] {logging_mixin.py:151} INFO - [2026-02-01T02:16:23.299+0000] {dagbag.py:536} INFO - Filling up the DagBag from /home/airflow/.local/lib/python3.8/site-packages/airflow/example_dags/tutorial_taskflow_api_virtualenv.py
[2026-02-01T02:16:23.330+0000] {processor.py:839} INFO - DAG(s) dict_keys(['tutorial_taskflow_api_virtualenv']) retrieved from /home/airflow/.local/lib/python3.8/site-packages/airflow/example_dags/tutorial_taskflow_api_virtualenv.py
[2026-02-01T02:16:23.377+0000] {logging_mixin.py:151} INFO - [2026-02-01T02:16:23.377+0000] {dag.py:2941} INFO - Sync 1 DAGs
[2026-02-01T02:16:23.397+0000] {logging_mixin.py:151} INFO - [2026-02-01T02:16:23.397+0000] {dag.py:3722} INFO - Setting next_dagrun for tutorial_taskflow_api_virtualenv to None, run_after=None
[2026-02-01T02:16:23.427+0000] {processor.py:179} INFO - Processing /home/airflow/.local/lib/python3.8/site-packages/airflow/example_dags/tutorial_taskflow_api_virtualenv.py took 0.156 seconds
