[2026-02-01T13:03:40.206+0000] {taskinstance.py:1159} INFO - Dependencies all met for dep_context=non-requeueable deps ti=<TaskInstance: financial_full_pipeline.duckdb_ingest_bronze manual__2026-02-01T13:03:38.239248+00:00 [queued]>
[2026-02-01T13:03:40.241+0000] {taskinstance.py:1159} INFO - Dependencies all met for dep_context=requeueable deps ti=<TaskInstance: financial_full_pipeline.duckdb_ingest_bronze manual__2026-02-01T13:03:38.239248+00:00 [queued]>
[2026-02-01T13:03:40.241+0000] {taskinstance.py:1361} INFO - Starting attempt 1 of 2
[2026-02-01T13:03:40.276+0000] {taskinstance.py:1382} INFO - Executing <Task(PythonOperator): duckdb_ingest_bronze> on 2026-02-01 13:03:38.239248+00:00
[2026-02-01T13:03:40.285+0000] {standard_task_runner.py:57} INFO - Started process 251 to run task
[2026-02-01T13:03:40.298+0000] {standard_task_runner.py:84} INFO - Running: ['***', 'tasks', 'run', 'financial_full_pipeline', 'duckdb_ingest_bronze', 'manual__2026-02-01T13:03:38.239248+00:00', '--job-id', '3', '--raw', '--subdir', 'DAGS_FOLDER/financial_DWH.py', '--cfg-path', '/tmp/tmpixnllxge']
[2026-02-01T13:03:40.309+0000] {standard_task_runner.py:85} INFO - Job 3: Subtask duckdb_ingest_bronze
[2026-02-01T13:03:40.424+0000] {task_command.py:416} INFO - Running <TaskInstance: financial_full_pipeline.duckdb_ingest_bronze manual__2026-02-01T13:03:38.239248+00:00 [running]> on host 262b363e6f61
[2026-02-01T13:03:40.614+0000] {taskinstance.py:1662} INFO - Exporting env vars: AIRFLOW_CTX_DAG_OWNER='youssef' AIRFLOW_CTX_DAG_ID='financial_full_pipeline' AIRFLOW_CTX_TASK_ID='duckdb_ingest_bronze' AIRFLOW_CTX_EXECUTION_DATE='2026-02-01T13:03:38.239248+00:00' AIRFLOW_CTX_TRY_NUMBER='1' AIRFLOW_CTX_DAG_RUN_ID='manual__2026-02-01T13:03:38.239248+00:00'
[2026-02-01T13:03:40.861+0000] {logging_mixin.py:151} INFO - Starting DuckDB ingestion...
[2026-02-01T13:03:40.871+0000] {logging_mixin.py:151} INFO - Installing PostgreSQL extension...
[2026-02-01T13:03:44.619+0000] {logging_mixin.py:151} INFO - Connecting to PostgreSQL: host=172.28.176.1 port=5432 dbname=financial_Transactions user=postgres password=12345
[2026-02-01T13:03:44.723+0000] {logging_mixin.py:151} INFO - Creating schema: bronze
[2026-02-01T13:03:44.754+0000] {logging_mixin.py:151} INFO - ℹSchema bronze already exists, continuing...
[2026-02-01T13:03:44.755+0000] {logging_mixin.py:151} INFO - Processing users from users_data.csv...
[2026-02-01T13:03:44.996+0000] {logging_mixin.py:151} INFO - Successfully loaded users: 2000 rows
[2026-02-01T13:03:44.996+0000] {logging_mixin.py:151} INFO - Processing cards from cards_data.csv...
[2026-02-01T13:03:45.099+0000] {logging_mixin.py:151} INFO - Successfully loaded cards: 6146 rows
[2026-02-01T13:03:45.100+0000] {logging_mixin.py:151} INFO - Processing mcc_codes from mcc_codes.json...
[2026-02-01T13:03:45.117+0000] {logging_mixin.py:151} INFO - Successfully loaded mcc_codes: 109 rows
[2026-02-01T13:03:45.117+0000] {logging_mixin.py:151} INFO - Processing fraud_labels from train_fraud_labels.json...
[2026-02-01T13:03:45.122+0000] {logging_mixin.py:151} INFO - JSONL file already exists: /opt/***/dags/data/train_fraud_labels.jsonl
[2026-02-01T13:04:19.634+0000] {logging_mixin.py:151} INFO - Successfully loaded fraud_labels: 8914963 rows
[2026-02-01T13:04:20.763+0000] {logging_mixin.py:151} INFO - Processing transactions from transactions_data.csv...
[2026-02-01T13:13:07.186+0000] {logging_mixin.py:151} INFO - Successfully loaded transactions: 950447 rows
[2026-02-01T13:13:07.194+0000] {logging_mixin.py:151} INFO -  All files processed successfully!
[2026-02-01T13:13:07.203+0000] {logging_mixin.py:151} INFO - DuckDB connection closed
[2026-02-01T13:13:07.204+0000] {python.py:194} INFO - Done. Returned value was: None
[2026-02-01T13:13:07.242+0000] {taskinstance.py:1400} INFO - Marking task as SUCCESS. dag_id=financial_full_pipeline, task_id=duckdb_ingest_bronze, execution_date=20260201T130338, start_date=20260201T130340, end_date=20260201T131307
[2026-02-01T13:13:07.336+0000] {local_task_job_runner.py:228} INFO - Task exited with return code 0
[2026-02-01T13:13:07.422+0000] {taskinstance.py:2778} INFO - 1 downstream tasks scheduled from follow-on schedule check
