[2026-02-01T02:37:45.555+0000] {taskinstance.py:1159} INFO - Dependencies all met for dep_context=non-requeueable deps ti=<TaskInstance: financial_full_pipeline.duckdb_ingest_bronze manual__2026-02-01T02:37:43.658428+00:00 [queued]>
[2026-02-01T02:37:45.579+0000] {taskinstance.py:1159} INFO - Dependencies all met for dep_context=requeueable deps ti=<TaskInstance: financial_full_pipeline.duckdb_ingest_bronze manual__2026-02-01T02:37:43.658428+00:00 [queued]>
[2026-02-01T02:37:45.580+0000] {taskinstance.py:1361} INFO - Starting attempt 1 of 2
[2026-02-01T02:37:45.620+0000] {taskinstance.py:1382} INFO - Executing <Task(PythonOperator): duckdb_ingest_bronze> on 2026-02-01 02:37:43.658428+00:00
[2026-02-01T02:37:45.628+0000] {standard_task_runner.py:57} INFO - Started process 681 to run task
[2026-02-01T02:37:45.638+0000] {standard_task_runner.py:84} INFO - Running: ['***', 'tasks', 'run', 'financial_full_pipeline', 'duckdb_ingest_bronze', 'manual__2026-02-01T02:37:43.658428+00:00', '--job-id', '11', '--raw', '--subdir', 'DAGS_FOLDER/financial_DWH.py', '--cfg-path', '/tmp/tmpr951e0sy']
[2026-02-01T02:37:45.652+0000] {standard_task_runner.py:85} INFO - Job 11: Subtask duckdb_ingest_bronze
[2026-02-01T02:37:45.874+0000] {task_command.py:416} INFO - Running <TaskInstance: financial_full_pipeline.duckdb_ingest_bronze manual__2026-02-01T02:37:43.658428+00:00 [running]> on host ef780d25286f
[2026-02-01T02:37:46.144+0000] {taskinstance.py:1662} INFO - Exporting env vars: AIRFLOW_CTX_DAG_OWNER='youssef' AIRFLOW_CTX_DAG_ID='financial_full_pipeline' AIRFLOW_CTX_TASK_ID='duckdb_ingest_bronze' AIRFLOW_CTX_EXECUTION_DATE='2026-02-01T02:37:43.658428+00:00' AIRFLOW_CTX_TRY_NUMBER='1' AIRFLOW_CTX_DAG_RUN_ID='manual__2026-02-01T02:37:43.658428+00:00'
[2026-02-01T02:37:46.453+0000] {taskinstance.py:1937} ERROR - Task failed with exception
Traceback (most recent call last):
  File "/home/airflow/.local/lib/python3.8/site-packages/airflow/operators/python.py", line 192, in execute
    return_value = self.execute_callable()
  File "/home/airflow/.local/lib/python3.8/site-packages/airflow/operators/python.py", line 209, in execute_callable
    return self.python_callable(*self.op_args, **self.op_kwargs)
  File "/opt/airflow/dags/financial_DWH.py", line 24, in duck_ingest_logic
    con.execute(f"CREATE SCHEMA IF NOT EXISTS pg_db.{TARGET_SCHEMA};")
duckdb.duckdb.Error: Invalid Error: Failed to execute query "BEGIN TRANSACTION;
CREATE SCHEMA "bronze"": ERROR:  schema "bronze" already exists

[2026-02-01T02:37:46.474+0000] {taskinstance.py:1400} INFO - Marking task as UP_FOR_RETRY. dag_id=financial_full_pipeline, task_id=duckdb_ingest_bronze, execution_date=20260201T023743, start_date=20260201T023745, end_date=20260201T023746
[2026-02-01T02:37:46.498+0000] {standard_task_runner.py:104} ERROR - Failed to execute job 11 for task duckdb_ingest_bronze (Invalid Error: Failed to execute query "BEGIN TRANSACTION;
CREATE SCHEMA "bronze"": ERROR:  schema "bronze" already exists
; 681)
[2026-02-01T02:37:46.541+0000] {local_task_job_runner.py:228} INFO - Task exited with return code 1
[2026-02-01T02:37:46.594+0000] {taskinstance.py:2778} INFO - 0 downstream tasks scheduled from follow-on schedule check
