[2026-02-01T03:25:17.462+0000] {taskinstance.py:1159} INFO - Dependencies all met for dep_context=non-requeueable deps ti=<TaskInstance: financial_full_pipeline.duckdb_ingest_bronze manual__2026-02-01T03:25:15.483475+00:00 [queued]>
[2026-02-01T03:25:17.484+0000] {taskinstance.py:1159} INFO - Dependencies all met for dep_context=requeueable deps ti=<TaskInstance: financial_full_pipeline.duckdb_ingest_bronze manual__2026-02-01T03:25:15.483475+00:00 [queued]>
[2026-02-01T03:25:17.488+0000] {taskinstance.py:1361} INFO - Starting attempt 1 of 2
[2026-02-01T03:25:17.533+0000] {taskinstance.py:1382} INFO - Executing <Task(PythonOperator): duckdb_ingest_bronze> on 2026-02-01 03:25:15.483475+00:00
[2026-02-01T03:25:17.541+0000] {standard_task_runner.py:57} INFO - Started process 1035 to run task
[2026-02-01T03:25:17.558+0000] {standard_task_runner.py:84} INFO - Running: ['***', 'tasks', 'run', 'financial_full_pipeline', 'duckdb_ingest_bronze', 'manual__2026-02-01T03:25:15.483475+00:00', '--job-id', '22', '--raw', '--subdir', 'DAGS_FOLDER/financial_DWH.py', '--cfg-path', '/tmp/tmpd71rrx4m']
[2026-02-01T03:25:17.571+0000] {standard_task_runner.py:85} INFO - Job 22: Subtask duckdb_ingest_bronze
[2026-02-01T03:25:17.765+0000] {task_command.py:416} INFO - Running <TaskInstance: financial_full_pipeline.duckdb_ingest_bronze manual__2026-02-01T03:25:15.483475+00:00 [running]> on host d4461f48c063
[2026-02-01T03:25:18.000+0000] {taskinstance.py:1662} INFO - Exporting env vars: AIRFLOW_CTX_DAG_OWNER='youssef' AIRFLOW_CTX_DAG_ID='financial_full_pipeline' AIRFLOW_CTX_TASK_ID='duckdb_ingest_bronze' AIRFLOW_CTX_EXECUTION_DATE='2026-02-01T03:25:15.483475+00:00' AIRFLOW_CTX_TRY_NUMBER='1' AIRFLOW_CTX_DAG_RUN_ID='manual__2026-02-01T03:25:15.483475+00:00'
[2026-02-01T03:25:18.079+0000] {logging_mixin.py:151} INFO - Starting DuckDB ingestion...
[2026-02-01T03:25:18.093+0000] {logging_mixin.py:151} INFO - Installing PostgreSQL extension...
[2026-02-01T03:25:18.379+0000] {logging_mixin.py:151} INFO - Connecting to PostgreSQL: host=172.28.176.1 port=5432 dbname=financial_Transactions user=postgres password=12345
[2026-02-01T03:25:18.541+0000] {logging_mixin.py:151} INFO - Creating schema: bronze
[2026-02-01T03:25:18.551+0000] {logging_mixin.py:151} INFO - ℹSchema bronze already exists, continuing...
[2026-02-01T03:25:18.552+0000] {logging_mixin.py:151} INFO - ⚠️ File not found: /mnt/c/Users/dell/Desktop/DWH/finacel trasncation data/users_data.csv
[2026-02-01T03:25:18.552+0000] {logging_mixin.py:151} INFO - ⚠️ File not found: /mnt/c/Users/dell/Desktop/DWH/finacel trasncation data/cards_data.csv
[2026-02-01T03:25:18.555+0000] {logging_mixin.py:151} INFO - ⚠️ File not found: /mnt/c/Users/dell/Desktop/DWH/finacel trasncation data/mcc_codes.json
[2026-02-01T03:25:18.555+0000] {logging_mixin.py:151} INFO - ⚠️ File not found: /mnt/c/Users/dell/Desktop/DWH/finacel trasncation data/train_fraud_labels.json
[2026-02-01T03:25:18.555+0000] {logging_mixin.py:151} INFO - ⚠️ File not found: /mnt/c/Users/dell/Desktop/DWH/finacel trasncation data/transactions_data.csv
[2026-02-01T03:25:18.556+0000] {logging_mixin.py:151} INFO - ✅ All files processed successfully!
[2026-02-01T03:25:18.564+0000] {logging_mixin.py:151} INFO - DuckDB connection closed
[2026-02-01T03:25:18.566+0000] {python.py:194} INFO - Done. Returned value was: None
[2026-02-01T03:25:18.589+0000] {taskinstance.py:1400} INFO - Marking task as SUCCESS. dag_id=financial_full_pipeline, task_id=duckdb_ingest_bronze, execution_date=20260201T032515, start_date=20260201T032517, end_date=20260201T032518
[2026-02-01T03:25:18.641+0000] {local_task_job_runner.py:228} INFO - Task exited with return code 0
[2026-02-01T03:25:18.733+0000] {taskinstance.py:2778} INFO - 1 downstream tasks scheduled from follow-on schedule check
