[2026-02-01T02:32:20.848+0000] {taskinstance.py:1159} INFO - Dependencies all met for dep_context=non-requeueable deps ti=<TaskInstance: financial_full_pipeline.duckdb_ingest_bronze manual__2026-02-01T02:27:17.609401+00:00 [queued]>
[2026-02-01T02:32:20.866+0000] {taskinstance.py:1159} INFO - Dependencies all met for dep_context=requeueable deps ti=<TaskInstance: financial_full_pipeline.duckdb_ingest_bronze manual__2026-02-01T02:27:17.609401+00:00 [queued]>
[2026-02-01T02:32:20.866+0000] {taskinstance.py:1361} INFO - Starting attempt 2 of 2
[2026-02-01T02:32:20.887+0000] {taskinstance.py:1382} INFO - Executing <Task(BashOperator): duckdb_ingest_bronze> on 2026-02-01 02:27:17.609401+00:00
[2026-02-01T02:32:20.894+0000] {standard_task_runner.py:57} INFO - Started process 530 to run task
[2026-02-01T02:32:20.902+0000] {standard_task_runner.py:84} INFO - Running: ['***', 'tasks', 'run', 'financial_full_pipeline', 'duckdb_ingest_bronze', 'manual__2026-02-01T02:27:17.609401+00:00', '--job-id', '9', '--raw', '--subdir', 'DAGS_FOLDER/financial_DWH.py', '--cfg-path', '/tmp/tmpo5xwmsen']
[2026-02-01T02:32:20.907+0000] {standard_task_runner.py:85} INFO - Job 9: Subtask duckdb_ingest_bronze
[2026-02-01T02:32:20.979+0000] {task_command.py:416} INFO - Running <TaskInstance: financial_full_pipeline.duckdb_ingest_bronze manual__2026-02-01T02:27:17.609401+00:00 [running]> on host ef780d25286f
[2026-02-01T02:32:21.093+0000] {taskinstance.py:1662} INFO - Exporting env vars: AIRFLOW_CTX_DAG_OWNER='youssef' AIRFLOW_CTX_DAG_ID='financial_full_pipeline' AIRFLOW_CTX_TASK_ID='duckdb_ingest_bronze' AIRFLOW_CTX_EXECUTION_DATE='2026-02-01T02:27:17.609401+00:00' AIRFLOW_CTX_TRY_NUMBER='2' AIRFLOW_CTX_DAG_RUN_ID='manual__2026-02-01T02:27:17.609401+00:00'
[2026-02-01T02:32:21.095+0000] {subprocess.py:63} INFO - Tmp dir root location: /tmp
[2026-02-01T02:32:21.097+0000] {subprocess.py:75} INFO - Running command: ['/bin/bash', '-c', 'python3 /opt/***/dags/scripts/ingest_data.py']
[2026-02-01T02:32:21.110+0000] {subprocess.py:86} INFO - Output:
[2026-02-01T02:32:21.271+0000] {subprocess.py:93} INFO - python3: can't open file '/opt/***/dags/scripts/ingest_data.py': [Errno 2] No such file or directory
[2026-02-01T02:32:21.275+0000] {subprocess.py:97} INFO - Command exited with return code 2
[2026-02-01T02:32:21.292+0000] {taskinstance.py:1937} ERROR - Task failed with exception
Traceback (most recent call last):
  File "/home/airflow/.local/lib/python3.8/site-packages/airflow/operators/bash.py", line 210, in execute
    raise AirflowException(
airflow.exceptions.AirflowException: Bash command failed. The command returned a non-zero exit code 2.
[2026-02-01T02:32:21.297+0000] {taskinstance.py:1400} INFO - Marking task as FAILED. dag_id=financial_full_pipeline, task_id=duckdb_ingest_bronze, execution_date=20260201T022717, start_date=20260201T023220, end_date=20260201T023221
[2026-02-01T02:32:21.319+0000] {standard_task_runner.py:104} ERROR - Failed to execute job 9 for task duckdb_ingest_bronze (Bash command failed. The command returned a non-zero exit code 2.; 530)
[2026-02-01T02:32:21.356+0000] {local_task_job_runner.py:228} INFO - Task exited with return code 1
[2026-02-01T02:32:21.402+0000] {taskinstance.py:2778} INFO - 0 downstream tasks scheduled from follow-on schedule check
