[2026-02-01T13:18:10.646+0000] {taskinstance.py:1159} INFO - Dependencies all met for dep_context=non-requeueable deps ti=<TaskInstance: financial_full_pipeline.dbt_run_silver manual__2026-02-01T13:03:38.239248+00:00 [queued]>
[2026-02-01T13:18:10.660+0000] {taskinstance.py:1159} INFO - Dependencies all met for dep_context=requeueable deps ti=<TaskInstance: financial_full_pipeline.dbt_run_silver manual__2026-02-01T13:03:38.239248+00:00 [queued]>
[2026-02-01T13:18:10.661+0000] {taskinstance.py:1361} INFO - Starting attempt 2 of 2
[2026-02-01T13:18:10.696+0000] {taskinstance.py:1382} INFO - Executing <Task(BashOperator): dbt_run_silver> on 2026-02-01 13:03:38.239248+00:00
[2026-02-01T13:18:10.704+0000] {standard_task_runner.py:57} INFO - Started process 519 to run task
[2026-02-01T13:18:10.711+0000] {standard_task_runner.py:84} INFO - Running: ['***', 'tasks', 'run', 'financial_full_pipeline', 'dbt_run_silver', 'manual__2026-02-01T13:03:38.239248+00:00', '--job-id', '8', '--raw', '--subdir', 'DAGS_FOLDER/financial_DWH.py', '--cfg-path', '/tmp/tmpd12y6rnt']
[2026-02-01T13:18:10.716+0000] {standard_task_runner.py:85} INFO - Job 8: Subtask dbt_run_silver
[2026-02-01T13:18:10.822+0000] {task_command.py:416} INFO - Running <TaskInstance: financial_full_pipeline.dbt_run_silver manual__2026-02-01T13:03:38.239248+00:00 [running]> on host 262b363e6f61
[2026-02-01T13:18:11.009+0000] {taskinstance.py:1662} INFO - Exporting env vars: AIRFLOW_CTX_DAG_OWNER='youssef' AIRFLOW_CTX_DAG_ID='financial_full_pipeline' AIRFLOW_CTX_TASK_ID='dbt_run_silver' AIRFLOW_CTX_EXECUTION_DATE='2026-02-01T13:03:38.239248+00:00' AIRFLOW_CTX_TRY_NUMBER='2' AIRFLOW_CTX_DAG_RUN_ID='manual__2026-02-01T13:03:38.239248+00:00'
[2026-02-01T13:18:11.011+0000] {subprocess.py:63} INFO - Tmp dir root location: /tmp
[2026-02-01T13:18:11.013+0000] {subprocess.py:75} INFO - Running command: ['/bin/bash', '-c', 'cd /opt/***/dags/my_analysis && dbt run --profiles-dir .']
[2026-02-01T13:18:11.030+0000] {subprocess.py:86} INFO - Output:
[2026-02-01T13:18:11.035+0000] {subprocess.py:93} INFO - /bin/bash: line 1: cd: /opt/***/dags/my_analysis: No such file or directory
[2026-02-01T13:18:11.036+0000] {subprocess.py:97} INFO - Command exited with return code 1
[2026-02-01T13:18:11.059+0000] {taskinstance.py:1937} ERROR - Task failed with exception
Traceback (most recent call last):
  File "/home/airflow/.local/lib/python3.8/site-packages/airflow/operators/bash.py", line 210, in execute
    raise AirflowException(
airflow.exceptions.AirflowException: Bash command failed. The command returned a non-zero exit code 1.
[2026-02-01T13:18:11.067+0000] {taskinstance.py:1400} INFO - Marking task as FAILED. dag_id=financial_full_pipeline, task_id=dbt_run_silver, execution_date=20260201T130338, start_date=20260201T131810, end_date=20260201T131811
[2026-02-01T13:18:11.093+0000] {standard_task_runner.py:104} ERROR - Failed to execute job 8 for task dbt_run_silver (Bash command failed. The command returned a non-zero exit code 1.; 519)
[2026-02-01T13:18:11.125+0000] {local_task_job_runner.py:228} INFO - Task exited with return code 1
[2026-02-01T13:18:11.172+0000] {taskinstance.py:2778} INFO - 0 downstream tasks scheduled from follow-on schedule check
