[2026-02-01T13:26:54.437+0000] {taskinstance.py:1159} INFO - Dependencies all met for dep_context=non-requeueable deps ti=<TaskInstance: financial_full_pipeline.dbt_run_silver manual__2026-02-01T13:03:38.239248+00:00 [queued]>
[2026-02-01T13:26:54.449+0000] {taskinstance.py:1159} INFO - Dependencies all met for dep_context=requeueable deps ti=<TaskInstance: financial_full_pipeline.dbt_run_silver manual__2026-02-01T13:03:38.239248+00:00 [queued]>
[2026-02-01T13:26:54.450+0000] {taskinstance.py:1361} INFO - Starting attempt 3 of 4
[2026-02-01T13:26:54.467+0000] {taskinstance.py:1382} INFO - Executing <Task(BashOperator): dbt_run_silver> on 2026-02-01 13:03:38.239248+00:00
[2026-02-01T13:26:54.473+0000] {standard_task_runner.py:57} INFO - Started process 621 to run task
[2026-02-01T13:26:54.480+0000] {standard_task_runner.py:84} INFO - Running: ['***', 'tasks', 'run', 'financial_full_pipeline', 'dbt_run_silver', 'manual__2026-02-01T13:03:38.239248+00:00', '--job-id', '12', '--raw', '--subdir', 'DAGS_FOLDER/financial_DWH.py', '--cfg-path', '/tmp/tmpruudszgk']
[2026-02-01T13:26:54.485+0000] {standard_task_runner.py:85} INFO - Job 12: Subtask dbt_run_silver
[2026-02-01T13:26:54.559+0000] {task_command.py:416} INFO - Running <TaskInstance: financial_full_pipeline.dbt_run_silver manual__2026-02-01T13:03:38.239248+00:00 [running]> on host 262b363e6f61
[2026-02-01T13:26:54.696+0000] {taskinstance.py:1662} INFO - Exporting env vars: AIRFLOW_CTX_DAG_OWNER='youssef' AIRFLOW_CTX_DAG_ID='financial_full_pipeline' AIRFLOW_CTX_TASK_ID='dbt_run_silver' AIRFLOW_CTX_EXECUTION_DATE='2026-02-01T13:03:38.239248+00:00' AIRFLOW_CTX_TRY_NUMBER='3' AIRFLOW_CTX_DAG_RUN_ID='manual__2026-02-01T13:03:38.239248+00:00'
[2026-02-01T13:26:54.698+0000] {subprocess.py:63} INFO - Tmp dir root location: /tmp
[2026-02-01T13:26:54.701+0000] {subprocess.py:75} INFO - Running command: ['/bin/bash', '-c', 'cd /opt/***/my_analysis && dbt run --profiles-dir .']
[2026-02-01T13:26:54.716+0000] {subprocess.py:86} INFO - Output:
[2026-02-01T13:27:02.359+0000] {subprocess.py:93} INFO - [0m13:27:02  Running with dbt=1.8.7
[2026-02-01T13:27:03.105+0000] {subprocess.py:93} INFO - [0m13:27:03  Registered adapter: postgres=1.8.2
[2026-02-01T13:27:03.940+0000] {subprocess.py:93} INFO - [0m13:27:03  [[33mWARNING[0m]: Configuration paths exist in your dbt_project.yml file which do not apply to any resources.
[2026-02-01T13:27:03.940+0000] {subprocess.py:93} INFO - There are 3 unused configuration paths:
[2026-02-01T13:27:03.940+0000] {subprocess.py:93} INFO - - models.my_analysis:.gold
[2026-02-01T13:27:03.941+0000] {subprocess.py:93} INFO - - models.my_analysis:.silver
[2026-02-01T13:27:03.941+0000] {subprocess.py:93} INFO - - models.my_analysis:.bronze
[2026-02-01T13:27:04.395+0000] {subprocess.py:93} INFO - [0m13:27:04  Found 10 models, 8 data tests, 5 sources, 538 macros
[2026-02-01T13:27:04.402+0000] {subprocess.py:93} INFO - [0m13:27:04
[2026-02-01T13:27:04.927+0000] {subprocess.py:93} INFO - [0m13:27:04  Concurrency: 4 threads (target='dev')
[2026-02-01T13:27:04.928+0000] {subprocess.py:93} INFO - [0m13:27:04
[2026-02-01T13:27:04.949+0000] {subprocess.py:93} INFO - [0m13:27:04  1 of 10 START sql table model silver.cards ..................................... [RUN]
[2026-02-01T13:27:04.953+0000] {subprocess.py:93} INFO - [0m13:27:04  2 of 10 START sql table model silver.fraud_labels .............................. [RUN]
[2026-02-01T13:27:04.956+0000] {subprocess.py:93} INFO - [0m13:27:04  3 of 10 START sql table model silver.mcc_codes ................................. [RUN]
[2026-02-01T13:27:04.958+0000] {subprocess.py:93} INFO - [0m13:27:04  4 of 10 START sql table model silver.transactions .............................. [RUN]
[2026-02-01T13:27:07.727+0000] {subprocess.py:93} INFO - [0m13:27:07  3 of 10 OK created sql table model silver.mcc_codes ............................ [[32mSELECT 109[0m in 2.75s]
[2026-02-01T13:27:07.735+0000] {subprocess.py:93} INFO - [0m13:27:07  1 of 10 OK created sql table model silver.cards ................................ [[32mSELECT 6146[0m in 2.77s]
[2026-02-01T13:27:07.743+0000] {subprocess.py:93} INFO - [0m13:27:07  5 of 10 START sql table model silver.users ..................................... [RUN]
[2026-02-01T13:27:07.751+0000] {subprocess.py:93} INFO - [0m13:27:07  6 of 10 START sql table model gold.dim_cards ................................... [RUN]
[2026-02-01T13:27:08.349+0000] {subprocess.py:93} INFO - [0m13:27:08  5 of 10 OK created sql table model silver.users ................................ [[32mSELECT 2000[0m in 0.60s]
[2026-02-01T13:27:08.366+0000] {subprocess.py:93} INFO - [0m13:27:08  7 of 10 START sql table model gold.dim_users ................................... [RUN]
[2026-02-01T13:27:08.432+0000] {subprocess.py:93} INFO - [0m13:27:08  6 of 10 OK created sql table model gold.dim_cards .............................. [[32mSELECT 6146[0m in 0.65s]
[2026-02-01T13:27:08.732+0000] {subprocess.py:93} INFO - [0m13:27:08  7 of 10 OK created sql table model gold.dim_users .............................. [[32mSELECT 2000[0m in 0.36s]
[2026-02-01T13:28:49.655+0000] {subprocess.py:93} INFO - [0m13:28:49  2 of 10 OK created sql table model silver.fraud_labels ......................... [[32mSELECT 8914963[0m in 104.69s]
[2026-02-01T13:34:11.219+0000] {subprocess.py:93} INFO - [0m13:34:11  4 of 10 OK created sql table model silver.transactions ......................... [[32mSELECT 13305915[0m in 426.25s]
[2026-02-01T13:34:11.228+0000] {subprocess.py:93} INFO - [0m13:34:11  8 of 10 START sql table model gold.dim_date .................................... [RUN]
[2026-02-01T13:34:11.229+0000] {subprocess.py:93} INFO - [0m13:34:11  9 of 10 START sql table model gold.dim_mcc_codes ............................... [RUN]
[2026-02-01T13:36:55.358+0000] {subprocess.py:93} INFO - [0m13:36:55  9 of 10 OK created sql table model gold.dim_mcc_codes .......................... [[32mSELECT 109[0m in 164.11s]
[2026-02-01T13:36:55.389+0000] {subprocess.py:93} INFO - [0m13:36:55  8 of 10 OK created sql table model gold.dim_date ............................... [[32mSELECT 3591[0m in 164.15s]
[2026-02-01T13:36:55.398+0000] {subprocess.py:93} INFO - [0m13:36:55  10 of 10 START sql table model gold.fact_transactions .......................... [RUN]
[2026-02-01T13:45:03.121+0000] {subprocess.py:93} INFO - [0m13:45:03  10 of 10 OK created sql table model gold.fact_transactions ..................... [[32mSELECT 13305915[0m in 487.72s]
[2026-02-01T13:45:03.671+0000] {subprocess.py:93} INFO - [0m13:45:03
[2026-02-01T13:45:03.676+0000] {subprocess.py:93} INFO - [0m13:45:03  Finished running 10 table models in 0 hours 17 minutes and 59.27 seconds (1079.27s).
[2026-02-01T13:45:03.815+0000] {subprocess.py:93} INFO - [0m13:45:03
[2026-02-01T13:45:03.817+0000] {subprocess.py:93} INFO - [0m13:45:03  [32mCompleted successfully[0m
[2026-02-01T13:45:03.818+0000] {subprocess.py:93} INFO - [0m13:45:03
[2026-02-01T13:45:03.819+0000] {subprocess.py:93} INFO - [0m13:45:03  Done. PASS=10 WARN=0 ERROR=0 SKIP=0 TOTAL=10
[2026-02-01T13:45:05.579+0000] {subprocess.py:97} INFO - Command exited with return code 0
[2026-02-01T13:45:05.631+0000] {taskinstance.py:1400} INFO - Marking task as SUCCESS. dag_id=financial_full_pipeline, task_id=dbt_run_silver, execution_date=20260201T130338, start_date=20260201T132654, end_date=20260201T134505
[2026-02-01T13:45:05.675+0000] {local_task_job_runner.py:228} INFO - Task exited with return code 0
[2026-02-01T13:45:05.701+0000] {taskinstance.py:2778} INFO - 0 downstream tasks scheduled from follow-on schedule check
