[2026-02-01T13:56:30.786+0000] {taskinstance.py:1159} INFO - Dependencies all met for dep_context=non-requeueable deps ti=<TaskInstance: financial_full_pipeline.dbt_run_gold_dimensions manual__2026-02-01T13:08:10.737151+00:00 [queued]>
[2026-02-01T13:56:30.808+0000] {taskinstance.py:1159} INFO - Dependencies all met for dep_context=requeueable deps ti=<TaskInstance: financial_full_pipeline.dbt_run_gold_dimensions manual__2026-02-01T13:08:10.737151+00:00 [queued]>
[2026-02-01T13:56:30.808+0000] {taskinstance.py:1361} INFO - Starting attempt 1 of 2
[2026-02-01T13:56:30.830+0000] {taskinstance.py:1382} INFO - Executing <Task(BashOperator): dbt_run_gold_dimensions> on 2026-02-01 13:08:10.737151+00:00
[2026-02-01T13:56:30.839+0000] {standard_task_runner.py:57} INFO - Started process 908 to run task
[2026-02-01T13:56:30.846+0000] {standard_task_runner.py:84} INFO - Running: ['***', 'tasks', 'run', 'financial_full_pipeline', 'dbt_run_gold_dimensions', 'manual__2026-02-01T13:08:10.737151+00:00', '--job-id', '14', '--raw', '--subdir', 'DAGS_FOLDER/financial_DWH.py', '--cfg-path', '/tmp/tmp5zrm0476']
[2026-02-01T13:56:30.850+0000] {standard_task_runner.py:85} INFO - Job 14: Subtask dbt_run_gold_dimensions
[2026-02-01T13:56:30.931+0000] {task_command.py:416} INFO - Running <TaskInstance: financial_full_pipeline.dbt_run_gold_dimensions manual__2026-02-01T13:08:10.737151+00:00 [running]> on host 262b363e6f61
[2026-02-01T13:56:31.063+0000] {taskinstance.py:1662} INFO - Exporting env vars: AIRFLOW_CTX_DAG_OWNER='youssef' AIRFLOW_CTX_DAG_ID='financial_full_pipeline' AIRFLOW_CTX_TASK_ID='dbt_run_gold_dimensions' AIRFLOW_CTX_EXECUTION_DATE='2026-02-01T13:08:10.737151+00:00' AIRFLOW_CTX_TRY_NUMBER='1' AIRFLOW_CTX_DAG_RUN_ID='manual__2026-02-01T13:08:10.737151+00:00'
[2026-02-01T13:56:31.065+0000] {subprocess.py:63} INFO - Tmp dir root location: /tmp
[2026-02-01T13:56:31.067+0000] {subprocess.py:75} INFO - Running command: ['/bin/bash', '-c', 'cd /opt/***/my_analysis && dbt run --select path:models/gold/dimensions --profiles-dir .']
[2026-02-01T13:56:31.081+0000] {subprocess.py:86} INFO - Output:
[2026-02-01T13:56:36.178+0000] {subprocess.py:93} INFO - [0m13:56:36  Running with dbt=1.8.7
[2026-02-01T13:56:36.666+0000] {subprocess.py:93} INFO - [0m13:56:36  Registered adapter: postgres=1.8.2
[2026-02-01T13:56:37.228+0000] {subprocess.py:93} INFO - [0m13:56:37  [[33mWARNING[0m]: Configuration paths exist in your dbt_project.yml file which do not apply to any resources.
[2026-02-01T13:56:37.229+0000] {subprocess.py:93} INFO - There are 3 unused configuration paths:
[2026-02-01T13:56:37.229+0000] {subprocess.py:93} INFO - - models.my_analysis:.silver
[2026-02-01T13:56:37.229+0000] {subprocess.py:93} INFO - - models.my_analysis:.gold
[2026-02-01T13:56:37.230+0000] {subprocess.py:93} INFO - - models.my_analysis:.bronze
[2026-02-01T13:56:37.597+0000] {subprocess.py:93} INFO - [0m13:56:37  Found 10 models, 8 data tests, 5 sources, 538 macros
[2026-02-01T13:56:37.601+0000] {subprocess.py:93} INFO - [0m13:56:37  The selection criterion 'path:models/gold/dimensions' does not match any enabled nodes
[2026-02-01T13:56:37.603+0000] {subprocess.py:93} INFO - [0m13:56:37
[2026-02-01T13:56:37.604+0000] {subprocess.py:93} INFO - [0m13:56:37  Nothing to do. Try checking your model configs and model specification args
[2026-02-01T13:56:39.063+0000] {subprocess.py:97} INFO - Command exited with return code 0
[2026-02-01T13:56:39.103+0000] {taskinstance.py:1400} INFO - Marking task as SUCCESS. dag_id=financial_full_pipeline, task_id=dbt_run_gold_dimensions, execution_date=20260201T130810, start_date=20260201T135630, end_date=20260201T135639
[2026-02-01T13:56:39.156+0000] {local_task_job_runner.py:228} INFO - Task exited with return code 0
[2026-02-01T13:56:39.177+0000] {taskinstance.py:2778} INFO - 0 downstream tasks scheduled from follow-on schedule check
