[2026-02-01T03:23:10.530+0000] {taskinstance.py:1159} INFO - Dependencies all met for dep_context=non-requeueable deps ti=<TaskInstance: financial_full_pipeline.duckdb_ingest_bronze manual__2026-02-01T02:59:21.481624+00:00 [queued]>
[2026-02-01T03:23:10.545+0000] {taskinstance.py:1159} INFO - Dependencies all met for dep_context=requeueable deps ti=<TaskInstance: financial_full_pipeline.duckdb_ingest_bronze manual__2026-02-01T02:59:21.481624+00:00 [queued]>
[2026-02-01T03:23:10.545+0000] {taskinstance.py:1361} INFO - Starting attempt 2 of 3
[2026-02-01T03:23:10.564+0000] {taskinstance.py:1382} INFO - Executing <Task(PythonOperator): duckdb_ingest_bronze> on 2026-02-01 02:59:21.481624+00:00
[2026-02-01T03:23:10.570+0000] {standard_task_runner.py:57} INFO - Started process 869 to run task
[2026-02-01T03:23:10.576+0000] {standard_task_runner.py:84} INFO - Running: ['***', 'tasks', 'run', 'financial_full_pipeline', 'duckdb_ingest_bronze', 'manual__2026-02-01T02:59:21.481624+00:00', '--job-id', '16', '--raw', '--subdir', 'DAGS_FOLDER/financial_DWH.py', '--cfg-path', '/tmp/tmpl_qzrpuf']
[2026-02-01T03:23:10.580+0000] {standard_task_runner.py:85} INFO - Job 16: Subtask duckdb_ingest_bronze
[2026-02-01T03:23:10.656+0000] {task_command.py:416} INFO - Running <TaskInstance: financial_full_pipeline.duckdb_ingest_bronze manual__2026-02-01T02:59:21.481624+00:00 [running]> on host d4461f48c063
[2026-02-01T03:23:10.791+0000] {taskinstance.py:1662} INFO - Exporting env vars: AIRFLOW_CTX_DAG_OWNER='youssef' AIRFLOW_CTX_DAG_ID='financial_full_pipeline' AIRFLOW_CTX_TASK_ID='duckdb_ingest_bronze' AIRFLOW_CTX_EXECUTION_DATE='2026-02-01T02:59:21.481624+00:00' AIRFLOW_CTX_TRY_NUMBER='2' AIRFLOW_CTX_DAG_RUN_ID='manual__2026-02-01T02:59:21.481624+00:00'
[2026-02-01T03:23:10.851+0000] {logging_mixin.py:151} INFO - Starting DuckDB ingestion...
[2026-02-01T03:23:10.857+0000] {logging_mixin.py:151} INFO - Installing PostgreSQL extension...
[2026-02-01T03:23:10.984+0000] {logging_mixin.py:151} INFO - Connecting to PostgreSQL: host=172.28.176.1 port=5432 dbname=financial_Transactions user=postgres password=12345
[2026-02-01T03:23:11.057+0000] {logging_mixin.py:151} INFO - Creating schema: bronze
[2026-02-01T03:23:11.058+0000] {logging_mixin.py:151} INFO - ⚠️ File not found: /mnt/c/Users/dell/Desktop/DWH/finacel trasncation data/users_data.csv
[2026-02-01T03:23:11.059+0000] {logging_mixin.py:151} INFO - ⚠️ File not found: /mnt/c/Users/dell/Desktop/DWH/finacel trasncation data/cards_data.csv
[2026-02-01T03:23:11.059+0000] {logging_mixin.py:151} INFO - ⚠️ File not found: /mnt/c/Users/dell/Desktop/DWH/finacel trasncation data/mcc_codes.json
[2026-02-01T03:23:11.060+0000] {logging_mixin.py:151} INFO - ⚠️ File not found: /mnt/c/Users/dell/Desktop/DWH/finacel trasncation data/train_fraud_labels.json
[2026-02-01T03:23:11.060+0000] {logging_mixin.py:151} INFO - ⚠️ File not found: /mnt/c/Users/dell/Desktop/DWH/finacel trasncation data/transactions_data.csv
[2026-02-01T03:23:11.061+0000] {logging_mixin.py:151} INFO - ✅ All files processed successfully!
[2026-02-01T03:23:11.063+0000] {logging_mixin.py:151} INFO - DuckDB connection closed
[2026-02-01T03:23:11.064+0000] {python.py:194} INFO - Done. Returned value was: None
[2026-02-01T03:23:11.088+0000] {taskinstance.py:1400} INFO - Marking task as SUCCESS. dag_id=financial_full_pipeline, task_id=duckdb_ingest_bronze, execution_date=20260201T025921, start_date=20260201T032310, end_date=20260201T032311
[2026-02-01T03:23:11.146+0000] {local_task_job_runner.py:228} INFO - Task exited with return code 0
[2026-02-01T03:23:11.210+0000] {taskinstance.py:2778} INFO - 1 downstream tasks scheduled from follow-on schedule check
