[2026-02-01T04:45:55.141+0000] {taskinstance.py:1159} INFO - Dependencies all met for dep_context=non-requeueable deps ti=<TaskInstance: financial_full_pipeline.dbt_run_gold_dimensions manual__2026-02-01T04:21:32.149801+00:00 [queued]>
[2026-02-01T04:45:55.155+0000] {taskinstance.py:1159} INFO - Dependencies all met for dep_context=requeueable deps ti=<TaskInstance: financial_full_pipeline.dbt_run_gold_dimensions manual__2026-02-01T04:21:32.149801+00:00 [queued]>
[2026-02-01T04:45:55.156+0000] {taskinstance.py:1361} INFO - Starting attempt 1 of 2
[2026-02-01T04:45:55.176+0000] {taskinstance.py:1382} INFO - Executing <Task(BashOperator): dbt_run_gold_dimensions> on 2026-02-01 04:21:32.149801+00:00
[2026-02-01T04:45:55.183+0000] {standard_task_runner.py:57} INFO - Started process 7911 to run task
[2026-02-01T04:45:55.188+0000] {standard_task_runner.py:84} INFO - Running: ['***', 'tasks', 'run', 'financial_full_pipeline', 'dbt_run_gold_dimensions', 'manual__2026-02-01T04:21:32.149801+00:00', '--job-id', '59', '--raw', '--subdir', 'DAGS_FOLDER/financial_DWH.py', '--cfg-path', '/tmp/tmpms6uucct']
[2026-02-01T04:45:55.193+0000] {standard_task_runner.py:85} INFO - Job 59: Subtask dbt_run_gold_dimensions
[2026-02-01T04:45:55.269+0000] {task_command.py:416} INFO - Running <TaskInstance: financial_full_pipeline.dbt_run_gold_dimensions manual__2026-02-01T04:21:32.149801+00:00 [running]> on host d4461f48c063
[2026-02-01T04:45:55.424+0000] {taskinstance.py:1662} INFO - Exporting env vars: AIRFLOW_CTX_DAG_OWNER='youssef' AIRFLOW_CTX_DAG_ID='financial_full_pipeline' AIRFLOW_CTX_TASK_ID='dbt_run_gold_dimensions' AIRFLOW_CTX_EXECUTION_DATE='2026-02-01T04:21:32.149801+00:00' AIRFLOW_CTX_TRY_NUMBER='1' AIRFLOW_CTX_DAG_RUN_ID='manual__2026-02-01T04:21:32.149801+00:00'
[2026-02-01T04:45:55.431+0000] {subprocess.py:63} INFO - Tmp dir root location: /tmp
[2026-02-01T04:45:55.434+0000] {subprocess.py:75} INFO - Running command: ['/bin/bash', '-c', 'cd /opt/***/dags/my_analysis && dbt run --select path:models/gold/dimensions --profiles-dir .']
[2026-02-01T04:45:55.456+0000] {subprocess.py:86} INFO - Output:
[2026-02-01T04:45:59.322+0000] {subprocess.py:93} INFO - [0m04:45:59  Running with dbt=1.8.7
[2026-02-01T04:45:59.732+0000] {subprocess.py:93} INFO - [0m04:45:59  Registered adapter: postgres=1.8.2
[2026-02-01T04:46:00.196+0000] {subprocess.py:93} INFO - [0m04:46:00  [[33mWARNING[0m]: Configuration paths exist in your dbt_project.yml file which do not apply to any resources.
[2026-02-01T04:46:00.197+0000] {subprocess.py:93} INFO - There are 3 unused configuration paths:
[2026-02-01T04:46:00.197+0000] {subprocess.py:93} INFO - - models.my_analysis:.silver
[2026-02-01T04:46:00.198+0000] {subprocess.py:93} INFO - - models.my_analysis:.gold
[2026-02-01T04:46:00.198+0000] {subprocess.py:93} INFO - - models.my_analysis:.bronze
[2026-02-01T04:46:00.661+0000] {subprocess.py:93} INFO - [0m04:46:00  Found 10 models, 8 data tests, 5 sources, 538 macros
[2026-02-01T04:46:00.664+0000] {subprocess.py:93} INFO - [0m04:46:00  The selection criterion 'path:models/gold/dimensions' does not match any enabled nodes
[2026-02-01T04:46:00.666+0000] {subprocess.py:93} INFO - [0m04:46:00
[2026-02-01T04:46:00.667+0000] {subprocess.py:93} INFO - [0m04:46:00  Nothing to do. Try checking your model configs and model specification args
[2026-02-01T04:46:01.623+0000] {subprocess.py:97} INFO - Command exited with return code 0
[2026-02-01T04:46:01.672+0000] {taskinstance.py:1400} INFO - Marking task as SUCCESS. dag_id=financial_full_pipeline, task_id=dbt_run_gold_dimensions, execution_date=20260201T042132, start_date=20260201T044555, end_date=20260201T044601
[2026-02-01T04:46:01.711+0000] {local_task_job_runner.py:228} INFO - Task exited with return code 0
[2026-02-01T04:46:01.746+0000] {taskinstance.py:2778} INFO - 1 downstream tasks scheduled from follow-on schedule check
