[2026-02-01T03:45:18.491+0000] {taskinstance.py:1159} INFO - Dependencies all met for dep_context=non-requeueable deps ti=<TaskInstance: financial_full_pipeline.duckdb_ingest_bronze manual__2026-02-01T03:40:15.029261+00:00 [queued]>
[2026-02-01T03:45:18.547+0000] {taskinstance.py:1159} INFO - Dependencies all met for dep_context=requeueable deps ti=<TaskInstance: financial_full_pipeline.duckdb_ingest_bronze manual__2026-02-01T03:40:15.029261+00:00 [queued]>
[2026-02-01T03:45:18.548+0000] {taskinstance.py:1361} INFO - Starting attempt 2 of 2
[2026-02-01T03:45:18.713+0000] {taskinstance.py:1382} INFO - Executing <Task(PythonOperator): duckdb_ingest_bronze> on 2026-02-01 03:40:15.029261+00:00
[2026-02-01T03:45:18.775+0000] {standard_task_runner.py:57} INFO - Started process 1911 to run task
[2026-02-01T03:45:18.790+0000] {standard_task_runner.py:84} INFO - Running: ['***', 'tasks', 'run', 'financial_full_pipeline', 'duckdb_ingest_bronze', 'manual__2026-02-01T03:40:15.029261+00:00', '--job-id', '49', '--raw', '--subdir', 'DAGS_FOLDER/financial_DWH.py', '--cfg-path', '/tmp/tmpwp6i_xp9']
[2026-02-01T03:45:18.800+0000] {standard_task_runner.py:85} INFO - Job 49: Subtask duckdb_ingest_bronze
[2026-02-01T03:45:19.176+0000] {task_command.py:416} INFO - Running <TaskInstance: financial_full_pipeline.duckdb_ingest_bronze manual__2026-02-01T03:40:15.029261+00:00 [running]> on host d4461f48c063
[2026-02-01T03:45:19.473+0000] {taskinstance.py:1662} INFO - Exporting env vars: AIRFLOW_CTX_DAG_OWNER='youssef' AIRFLOW_CTX_DAG_ID='financial_full_pipeline' AIRFLOW_CTX_TASK_ID='duckdb_ingest_bronze' AIRFLOW_CTX_EXECUTION_DATE='2026-02-01T03:40:15.029261+00:00' AIRFLOW_CTX_TRY_NUMBER='2' AIRFLOW_CTX_DAG_RUN_ID='manual__2026-02-01T03:40:15.029261+00:00'
[2026-02-01T03:45:19.576+0000] {logging_mixin.py:151} INFO - Starting DuckDB ingestion...
[2026-02-01T03:45:19.608+0000] {logging_mixin.py:151} INFO - Installing PostgreSQL extension...
[2026-02-01T03:45:19.903+0000] {logging_mixin.py:151} INFO - Connecting to PostgreSQL: host=172.28.176.1 port=5432 dbname=financial_Transactions user=postgres password=12345
[2026-02-01T03:45:20.050+0000] {logging_mixin.py:151} INFO - Creating schema: bronze
[2026-02-01T03:45:20.054+0000] {logging_mixin.py:151} INFO - ℹSchema bronze already exists, continuing...
[2026-02-01T03:45:20.055+0000] {logging_mixin.py:151} INFO - Processing users from users_data.csv...
[2026-02-01T03:45:20.668+0000] {logging_mixin.py:151} INFO - ✅ Successfully loaded users: 2000 rows
[2026-02-01T03:45:20.670+0000] {logging_mixin.py:151} INFO - Processing cards from cards_data.csv...
[2026-02-01T03:45:20.921+0000] {logging_mixin.py:151} INFO - ✅ Successfully loaded cards: 6146 rows
[2026-02-01T03:45:20.922+0000] {logging_mixin.py:151} INFO - Processing mcc_codes from mcc_codes.json...
[2026-02-01T03:45:20.966+0000] {logging_mixin.py:151} INFO - ✅ Successfully loaded mcc_codes: 109 rows
[2026-02-01T03:45:20.966+0000] {logging_mixin.py:151} INFO - Processing fraud_labels from train_fraud_labels.json...
[2026-02-01T03:45:20.974+0000] {logging_mixin.py:151} INFO - JSONL file already exists: /opt/***/dags/data/train_fraud_labels.jsonl
[2026-02-01T03:47:17.148+0000] {logging_mixin.py:151} INFO - ✅ Successfully loaded fraud_labels: 8914963 rows
[2026-02-01T03:47:17.149+0000] {logging_mixin.py:151} INFO - Processing transactions from transactions_data.csv...
[2026-02-01T03:48:34.391+0000] {logging_mixin.py:151} INFO - ❌ Error processing transactions: Invalid Error: Failed to execute query "CREATE TABLE "bronze"."transactions"(id BIGINT, date TIMESTAMP, client_id BIGINT, card_id BIGINT, amount VARCHAR, use_chip VARCHAR, merchant_id BIGINT, merchant_city VARCHAR, merchant_state VARCHAR, zip FLOAT, mcc BIGINT, errors VARCHAR);": ERROR:  duplicate key value violates unique constraint "pg_type_typname_nsp_index"
DETAIL:  Key (typname, typnamespace)=(transactions, 19190) already exists.
[2026-02-01T03:48:34.392+0000] {logging_mixin.py:151} INFO - ❌ Fatal error in duck_ingest_logic: Invalid Error: Failed to execute query "CREATE TABLE "bronze"."transactions"(id BIGINT, date TIMESTAMP, client_id BIGINT, card_id BIGINT, amount VARCHAR, use_chip VARCHAR, merchant_id BIGINT, merchant_city VARCHAR, merchant_state VARCHAR, zip FLOAT, mcc BIGINT, errors VARCHAR);": ERROR:  duplicate key value violates unique constraint "pg_type_typname_nsp_index"
DETAIL:  Key (typname, typnamespace)=(transactions, 19190) already exists.
[2026-02-01T03:48:34.394+0000] {logging_mixin.py:151} INFO - DuckDB connection closed
[2026-02-01T03:48:34.394+0000] {taskinstance.py:1937} ERROR - Task failed with exception
Traceback (most recent call last):
  File "/home/airflow/.local/lib/python3.8/site-packages/airflow/operators/python.py", line 192, in execute
    return_value = self.execute_callable()
  File "/home/airflow/.local/lib/python3.8/site-packages/airflow/operators/python.py", line 209, in execute_callable
    return self.python_callable(*self.op_args, **self.op_kwargs)
  File "/opt/airflow/dags/financial_DWH.py", line 106, in duck_ingest_logic
    con.execute(f"""
duckdb.duckdb.Error: Invalid Error: Failed to execute query "CREATE TABLE "bronze"."transactions"(id BIGINT, date TIMESTAMP, client_id BIGINT, card_id BIGINT, amount VARCHAR, use_chip VARCHAR, merchant_id BIGINT, merchant_city VARCHAR, merchant_state VARCHAR, zip FLOAT, mcc BIGINT, errors VARCHAR);": ERROR:  duplicate key value violates unique constraint "pg_type_typname_nsp_index"
DETAIL:  Key (typname, typnamespace)=(transactions, 19190) already exists.

[2026-02-01T03:48:34.412+0000] {taskinstance.py:1400} INFO - Marking task as FAILED. dag_id=financial_full_pipeline, task_id=duckdb_ingest_bronze, execution_date=20260201T034015, start_date=20260201T034518, end_date=20260201T034834
[2026-02-01T03:48:34.436+0000] {standard_task_runner.py:104} ERROR - Failed to execute job 49 for task duckdb_ingest_bronze (Invalid Error: Failed to execute query "CREATE TABLE "bronze"."transactions"(id BIGINT, date TIMESTAMP, client_id BIGINT, card_id BIGINT, amount VARCHAR, use_chip VARCHAR, merchant_id BIGINT, merchant_city VARCHAR, merchant_state VARCHAR, zip FLOAT, mcc BIGINT, errors VARCHAR);": ERROR:  duplicate key value violates unique constraint "pg_type_typname_nsp_index"
DETAIL:  Key (typname, typnamespace)=(transactions, 19190) already exists.
; 1911)
[2026-02-01T03:48:34.461+0000] {local_task_job_runner.py:228} INFO - Task exited with return code 1
[2026-02-01T03:48:34.495+0000] {taskinstance.py:2778} INFO - 0 downstream tasks scheduled from follow-on schedule check
