[2026-02-01T02:32:18.540+0000] {taskinstance.py:1159} INFO - Dependencies all met for dep_context=non-requeueable deps ti=<TaskInstance: financial_full_pipeline.duckdb_ingest_bronze manual__2026-02-01T02:27:14.839462+00:00 [queued]>
[2026-02-01T02:32:18.554+0000] {taskinstance.py:1159} INFO - Dependencies all met for dep_context=requeueable deps ti=<TaskInstance: financial_full_pipeline.duckdb_ingest_bronze manual__2026-02-01T02:27:14.839462+00:00 [queued]>
[2026-02-01T02:32:18.555+0000] {taskinstance.py:1361} INFO - Starting attempt 2 of 2
[2026-02-01T02:32:18.573+0000] {taskinstance.py:1382} INFO - Executing <Task(BashOperator): duckdb_ingest_bronze> on 2026-02-01 02:27:14.839462+00:00
[2026-02-01T02:32:18.581+0000] {standard_task_runner.py:57} INFO - Started process 524 to run task
[2026-02-01T02:32:18.588+0000] {standard_task_runner.py:84} INFO - Running: ['***', 'tasks', 'run', 'financial_full_pipeline', 'duckdb_ingest_bronze', 'manual__2026-02-01T02:27:14.839462+00:00', '--job-id', '8', '--raw', '--subdir', 'DAGS_FOLDER/financial_DWH.py', '--cfg-path', '/tmp/tmpgezzb0a8']
[2026-02-01T02:32:18.594+0000] {standard_task_runner.py:85} INFO - Job 8: Subtask duckdb_ingest_bronze
[2026-02-01T02:32:18.735+0000] {task_command.py:416} INFO - Running <TaskInstance: financial_full_pipeline.duckdb_ingest_bronze manual__2026-02-01T02:27:14.839462+00:00 [running]> on host ef780d25286f
[2026-02-01T02:32:18.911+0000] {taskinstance.py:1662} INFO - Exporting env vars: AIRFLOW_CTX_DAG_OWNER='youssef' AIRFLOW_CTX_DAG_ID='financial_full_pipeline' AIRFLOW_CTX_TASK_ID='duckdb_ingest_bronze' AIRFLOW_CTX_EXECUTION_DATE='2026-02-01T02:27:14.839462+00:00' AIRFLOW_CTX_TRY_NUMBER='2' AIRFLOW_CTX_DAG_RUN_ID='manual__2026-02-01T02:27:14.839462+00:00'
[2026-02-01T02:32:18.914+0000] {subprocess.py:63} INFO - Tmp dir root location: /tmp
[2026-02-01T02:32:18.915+0000] {subprocess.py:75} INFO - Running command: ['/bin/bash', '-c', 'python3 /opt/***/dags/scripts/ingest_data.py']
[2026-02-01T02:32:18.930+0000] {subprocess.py:86} INFO - Output:
[2026-02-01T02:32:19.114+0000] {subprocess.py:93} INFO - python3: can't open file '/opt/***/dags/scripts/ingest_data.py': [Errno 2] No such file or directory
[2026-02-01T02:32:19.119+0000] {subprocess.py:97} INFO - Command exited with return code 2
[2026-02-01T02:32:19.145+0000] {taskinstance.py:1937} ERROR - Task failed with exception
Traceback (most recent call last):
  File "/home/airflow/.local/lib/python3.8/site-packages/airflow/operators/bash.py", line 210, in execute
    raise AirflowException(
airflow.exceptions.AirflowException: Bash command failed. The command returned a non-zero exit code 2.
[2026-02-01T02:32:19.156+0000] {taskinstance.py:1400} INFO - Marking task as FAILED. dag_id=financial_full_pipeline, task_id=duckdb_ingest_bronze, execution_date=20260201T022714, start_date=20260201T023218, end_date=20260201T023219
[2026-02-01T02:32:19.182+0000] {standard_task_runner.py:104} ERROR - Failed to execute job 8 for task duckdb_ingest_bronze (Bash command failed. The command returned a non-zero exit code 2.; 524)
[2026-02-01T02:32:19.210+0000] {local_task_job_runner.py:228} INFO - Task exited with return code 1
[2026-02-01T02:32:19.255+0000] {taskinstance.py:2778} INFO - 0 downstream tasks scheduled from follow-on schedule check
