[2026-02-01T03:25:15.807+0000] {taskinstance.py:1159} INFO - Dependencies all met for dep_context=non-requeueable deps ti=<TaskInstance: financial_full_pipeline.dbt_run_silver manual__2026-02-01T03:20:09.917258+00:00 [queued]>
[2026-02-01T03:25:15.849+0000] {taskinstance.py:1159} INFO - Dependencies all met for dep_context=requeueable deps ti=<TaskInstance: financial_full_pipeline.dbt_run_silver manual__2026-02-01T03:20:09.917258+00:00 [queued]>
[2026-02-01T03:25:15.850+0000] {taskinstance.py:1361} INFO - Starting attempt 1 of 2
[2026-02-01T03:25:15.955+0000] {taskinstance.py:1382} INFO - Executing <Task(BashOperator): dbt_run_silver> on 2026-02-01 03:20:09.917258+00:00
[2026-02-01T03:25:15.989+0000] {standard_task_runner.py:57} INFO - Started process 1032 to run task
[2026-02-01T03:25:16.011+0000] {standard_task_runner.py:84} INFO - Running: ['***', 'tasks', 'run', 'financial_full_pipeline', 'dbt_run_silver', 'manual__2026-02-01T03:20:09.917258+00:00', '--job-id', '21', '--raw', '--subdir', 'DAGS_FOLDER/financial_DWH.py', '--cfg-path', '/tmp/tmp8t9zyt6f']
[2026-02-01T03:25:16.035+0000] {standard_task_runner.py:85} INFO - Job 21: Subtask dbt_run_silver
[2026-02-01T03:25:16.393+0000] {task_command.py:416} INFO - Running <TaskInstance: financial_full_pipeline.dbt_run_silver manual__2026-02-01T03:20:09.917258+00:00 [running]> on host d4461f48c063
[2026-02-01T03:25:16.976+0000] {taskinstance.py:1662} INFO - Exporting env vars: AIRFLOW_CTX_DAG_OWNER='youssef' AIRFLOW_CTX_DAG_ID='financial_full_pipeline' AIRFLOW_CTX_TASK_ID='dbt_run_silver' AIRFLOW_CTX_EXECUTION_DATE='2026-02-01T03:20:09.917258+00:00' AIRFLOW_CTX_TRY_NUMBER='1' AIRFLOW_CTX_DAG_RUN_ID='manual__2026-02-01T03:20:09.917258+00:00'
[2026-02-01T03:25:16.979+0000] {subprocess.py:63} INFO - Tmp dir root location: /tmp
[2026-02-01T03:25:16.981+0000] {subprocess.py:75} INFO - Running command: ['/bin/bash', '-c', 'cd /opt/***/dags/my_analysis && dbt run --select path:models/silver']
[2026-02-01T03:25:17.006+0000] {subprocess.py:86} INFO - Output:
[2026-02-01T03:25:17.014+0000] {subprocess.py:93} INFO - /bin/bash: line 1: cd: /opt/***/dags/my_analysis: No such file or directory
[2026-02-01T03:25:17.015+0000] {subprocess.py:97} INFO - Command exited with return code 1
[2026-02-01T03:25:17.047+0000] {taskinstance.py:1937} ERROR - Task failed with exception
Traceback (most recent call last):
  File "/home/airflow/.local/lib/python3.8/site-packages/airflow/operators/bash.py", line 210, in execute
    raise AirflowException(
airflow.exceptions.AirflowException: Bash command failed. The command returned a non-zero exit code 1.
[2026-02-01T03:25:17.063+0000] {taskinstance.py:1400} INFO - Marking task as UP_FOR_RETRY. dag_id=financial_full_pipeline, task_id=dbt_run_silver, execution_date=20260201T032009, start_date=20260201T032515, end_date=20260201T032517
[2026-02-01T03:25:17.297+0000] {standard_task_runner.py:104} ERROR - Failed to execute job 21 for task dbt_run_silver (Bash command failed. The command returned a non-zero exit code 1.; 1032)
[2026-02-01T03:25:17.349+0000] {local_task_job_runner.py:228} INFO - Task exited with return code 1
[2026-02-01T03:25:17.410+0000] {taskinstance.py:2778} INFO - 0 downstream tasks scheduled from follow-on schedule check
