[2026-02-01T02:42:06.153+0000] {taskinstance.py:1159} INFO - Dependencies all met for dep_context=non-requeueable deps ti=<TaskInstance: financial_full_pipeline.duckdb_ingest_bronze manual__2026-02-01T02:42:04.522498+00:00 [queued]>
[2026-02-01T02:42:06.180+0000] {taskinstance.py:1159} INFO - Dependencies all met for dep_context=requeueable deps ti=<TaskInstance: financial_full_pipeline.duckdb_ingest_bronze manual__2026-02-01T02:42:04.522498+00:00 [queued]>
[2026-02-01T02:42:06.181+0000] {taskinstance.py:1361} INFO - Starting attempt 1 of 2
[2026-02-01T02:42:06.227+0000] {taskinstance.py:1382} INFO - Executing <Task(PythonOperator): duckdb_ingest_bronze> on 2026-02-01 02:42:04.522498+00:00
[2026-02-01T02:42:06.233+0000] {standard_task_runner.py:57} INFO - Started process 853 to run task
[2026-02-01T02:42:06.242+0000] {standard_task_runner.py:84} INFO - Running: ['***', 'tasks', 'run', 'financial_full_pipeline', 'duckdb_ingest_bronze', 'manual__2026-02-01T02:42:04.522498+00:00', '--job-id', '14', '--raw', '--subdir', 'DAGS_FOLDER/financial_DWH.py', '--cfg-path', '/tmp/tmpbni8u8jv']
[2026-02-01T02:42:06.251+0000] {standard_task_runner.py:85} INFO - Job 14: Subtask duckdb_ingest_bronze
[2026-02-01T02:42:06.377+0000] {task_command.py:416} INFO - Running <TaskInstance: financial_full_pipeline.duckdb_ingest_bronze manual__2026-02-01T02:42:04.522498+00:00 [running]> on host ef780d25286f
[2026-02-01T02:42:06.613+0000] {taskinstance.py:1662} INFO - Exporting env vars: AIRFLOW_CTX_DAG_OWNER='youssef' AIRFLOW_CTX_DAG_ID='financial_full_pipeline' AIRFLOW_CTX_TASK_ID='duckdb_ingest_bronze' AIRFLOW_CTX_EXECUTION_DATE='2026-02-01T02:42:04.522498+00:00' AIRFLOW_CTX_TRY_NUMBER='1' AIRFLOW_CTX_DAG_RUN_ID='manual__2026-02-01T02:42:04.522498+00:00'
[2026-02-01T02:42:06.971+0000] {taskinstance.py:1937} ERROR - Task failed with exception
Traceback (most recent call last):
  File "/home/airflow/.local/lib/python3.8/site-packages/airflow/operators/python.py", line 192, in execute
    return_value = self.execute_callable()
  File "/home/airflow/.local/lib/python3.8/site-packages/airflow/operators/python.py", line 209, in execute_callable
    return self.python_callable(*self.op_args, **self.op_kwargs)
  File "/opt/airflow/dags/financial_DWH.py", line 32, in duck_ingest_logic
    con.execute(f"CREATE SCHEMA IF NOT EXISTS pg_db.{TARGET_SCHEMA};")
duckdb.duckdb.Error: Invalid Error: Failed to execute query "BEGIN TRANSACTION;
CREATE SCHEMA "bronze"": ERROR:  schema "bronze" already exists

[2026-02-01T02:42:06.992+0000] {taskinstance.py:1400} INFO - Marking task as UP_FOR_RETRY. dag_id=financial_full_pipeline, task_id=duckdb_ingest_bronze, execution_date=20260201T024204, start_date=20260201T024206, end_date=20260201T024206
[2026-02-01T02:42:07.029+0000] {standard_task_runner.py:104} ERROR - Failed to execute job 14 for task duckdb_ingest_bronze (Invalid Error: Failed to execute query "BEGIN TRANSACTION;
CREATE SCHEMA "bronze"": ERROR:  schema "bronze" already exists
; 853)
[2026-02-01T02:42:07.097+0000] {local_task_job_runner.py:228} INFO - Task exited with return code 1
[2026-02-01T02:42:07.170+0000] {taskinstance.py:2778} INFO - 0 downstream tasks scheduled from follow-on schedule check
