[2026-02-01T04:28:30.556+0000] {taskinstance.py:1159} INFO - Dependencies all met for dep_context=non-requeueable deps ti=<TaskInstance: financial_full_pipeline.dbt_run_silver manual__2026-02-01T04:21:32.149801+00:00 [queued]>
[2026-02-01T04:28:30.571+0000] {taskinstance.py:1159} INFO - Dependencies all met for dep_context=requeueable deps ti=<TaskInstance: financial_full_pipeline.dbt_run_silver manual__2026-02-01T04:21:32.149801+00:00 [queued]>
[2026-02-01T04:28:30.571+0000] {taskinstance.py:1361} INFO - Starting attempt 1 of 2
[2026-02-01T04:28:30.591+0000] {taskinstance.py:1382} INFO - Executing <Task(BashOperator): dbt_run_silver> on 2026-02-01 04:21:32.149801+00:00
[2026-02-01T04:28:30.597+0000] {standard_task_runner.py:57} INFO - Started process 5785 to run task
[2026-02-01T04:28:30.602+0000] {standard_task_runner.py:84} INFO - Running: ['***', 'tasks', 'run', 'financial_full_pipeline', 'dbt_run_silver', 'manual__2026-02-01T04:21:32.149801+00:00', '--job-id', '58', '--raw', '--subdir', 'DAGS_FOLDER/financial_DWH.py', '--cfg-path', '/tmp/tmpc6g0v7me']
[2026-02-01T04:28:30.607+0000] {standard_task_runner.py:85} INFO - Job 58: Subtask dbt_run_silver
[2026-02-01T04:28:30.703+0000] {task_command.py:416} INFO - Running <TaskInstance: financial_full_pipeline.dbt_run_silver manual__2026-02-01T04:21:32.149801+00:00 [running]> on host d4461f48c063
[2026-02-01T04:28:30.907+0000] {taskinstance.py:1662} INFO - Exporting env vars: AIRFLOW_CTX_DAG_OWNER='youssef' AIRFLOW_CTX_DAG_ID='financial_full_pipeline' AIRFLOW_CTX_TASK_ID='dbt_run_silver' AIRFLOW_CTX_EXECUTION_DATE='2026-02-01T04:21:32.149801+00:00' AIRFLOW_CTX_TRY_NUMBER='1' AIRFLOW_CTX_DAG_RUN_ID='manual__2026-02-01T04:21:32.149801+00:00'
[2026-02-01T04:28:30.914+0000] {subprocess.py:63} INFO - Tmp dir root location: /tmp
[2026-02-01T04:28:30.921+0000] {subprocess.py:75} INFO - Running command: ['/bin/bash', '-c', 'cd /opt/***/dags/my_analysis && dbt run --profiles-dir .']
[2026-02-01T04:28:30.946+0000] {subprocess.py:86} INFO - Output:
[2026-02-01T04:28:35.054+0000] {subprocess.py:93} INFO - [0m04:28:35  Running with dbt=1.8.7
[2026-02-01T04:28:35.451+0000] {subprocess.py:93} INFO - [0m04:28:35  Registered adapter: postgres=1.8.2
[2026-02-01T04:28:35.772+0000] {subprocess.py:93} INFO - [0m04:28:35  Unable to do partial parsing because of a version mismatch
[2026-02-01T04:28:38.800+0000] {subprocess.py:93} INFO - [0m04:28:38  [[33mWARNING[0m]: Deprecated functionality
[2026-02-01T04:28:38.801+0000] {subprocess.py:93} INFO - The `tests` config has been renamed to `data_tests`. Please see
[2026-02-01T04:28:38.803+0000] {subprocess.py:93} INFO - https://docs.getdbt.com/docs/build/data-tests#new-data_tests-syntax for more
[2026-02-01T04:28:38.803+0000] {subprocess.py:93} INFO - information.
[2026-02-01T04:28:39.574+0000] {subprocess.py:93} INFO - [0m04:28:39  [[33mWARNING[0m]: Configuration paths exist in your dbt_project.yml file which do not apply to any resources.
[2026-02-01T04:28:39.574+0000] {subprocess.py:93} INFO - There are 3 unused configuration paths:
[2026-02-01T04:28:39.575+0000] {subprocess.py:93} INFO - - models.my_analysis:.silver
[2026-02-01T04:28:39.575+0000] {subprocess.py:93} INFO - - models.my_analysis:.bronze
[2026-02-01T04:28:39.576+0000] {subprocess.py:93} INFO - - models.my_analysis:.gold
[2026-02-01T04:28:40.004+0000] {subprocess.py:93} INFO - [0m04:28:40  Found 10 models, 8 data tests, 5 sources, 538 macros
[2026-02-01T04:28:40.020+0000] {subprocess.py:93} INFO - [0m04:28:40
[2026-02-01T04:28:41.081+0000] {subprocess.py:93} INFO - [0m04:28:41  Concurrency: 4 threads (target='dev')
[2026-02-01T04:28:41.084+0000] {subprocess.py:93} INFO - [0m04:28:41
[2026-02-01T04:28:41.113+0000] {subprocess.py:93} INFO - [0m04:28:41  1 of 10 START sql table model silver.cards ..................................... [RUN]
[2026-02-01T04:28:41.117+0000] {subprocess.py:93} INFO - [0m04:28:41  2 of 10 START sql table model silver.fraud_labels .............................. [RUN]
[2026-02-01T04:28:41.124+0000] {subprocess.py:93} INFO - [0m04:28:41  3 of 10 START sql table model silver.mcc_codes ................................. [RUN]
[2026-02-01T04:28:41.127+0000] {subprocess.py:93} INFO - [0m04:28:41  4 of 10 START sql table model silver.transactions .............................. [RUN]
[2026-02-01T04:28:45.102+0000] {subprocess.py:93} INFO - [0m04:28:45  3 of 10 OK created sql table model silver.mcc_codes ............................ [[32mSELECT 109[0m in 3.95s]
[2026-02-01T04:28:45.144+0000] {subprocess.py:93} INFO - [0m04:28:45  5 of 10 START sql table model silver.users ..................................... [RUN]
[2026-02-01T04:28:45.209+0000] {subprocess.py:93} INFO - [0m04:28:45  1 of 10 OK created sql table model silver.cards ................................ [[32mSELECT 6146[0m in 4.07s]
[2026-02-01T04:28:45.263+0000] {subprocess.py:93} INFO - [0m04:28:45  6 of 10 START sql table model gold.dim_cards ................................... [RUN]
[2026-02-01T04:28:45.643+0000] {subprocess.py:93} INFO - [0m04:28:45  5 of 10 OK created sql table model silver.users ................................ [[32mSELECT 2000[0m in 0.48s]
[2026-02-01T04:28:45.669+0000] {subprocess.py:93} INFO - [0m04:28:45  7 of 10 START sql table model gold.dim_users ................................... [RUN]
[2026-02-01T04:28:45.813+0000] {subprocess.py:93} INFO - [0m04:28:45  6 of 10 OK created sql table model gold.dim_cards .............................. [[32mSELECT 6146[0m in 0.54s]
[2026-02-01T04:28:46.091+0000] {subprocess.py:93} INFO - [0m04:28:46  7 of 10 OK created sql table model gold.dim_users .............................. [[32mSELECT 2000[0m in 0.42s]
[2026-02-01T04:30:06.384+0000] {subprocess.py:93} INFO - [0m04:30:06  2 of 10 OK created sql table model silver.fraud_labels ......................... [[32mSELECT 8914963[0m in 85.25s]
[2026-02-01T04:34:31.986+0000] {subprocess.py:93} INFO - [0m04:34:31  4 of 10 OK created sql table model silver.transactions ......................... [[32mSELECT 13305915[0m in 350.85s]
[2026-02-01T04:34:31.998+0000] {subprocess.py:93} INFO - [0m04:34:31  8 of 10 START sql table model gold.dim_date .................................... [RUN]
[2026-02-01T04:34:32.001+0000] {subprocess.py:93} INFO - [0m04:34:31  9 of 10 START sql table model gold.dim_mcc_codes ............................... [RUN]
[2026-02-01T04:37:19.041+0000] {subprocess.py:93} INFO - [0m04:37:19  9 of 10 OK created sql table model gold.dim_mcc_codes .......................... [[32mSELECT 109[0m in 167.02s]
[2026-02-01T04:37:19.082+0000] {subprocess.py:93} INFO - [0m04:37:19  8 of 10 OK created sql table model gold.dim_date ............................... [[32mSELECT 3591[0m in 167.08s]
[2026-02-01T04:37:19.101+0000] {subprocess.py:93} INFO - [0m04:37:19  10 of 10 START sql table model gold.fact_transactions .......................... [RUN]
[2026-02-01T04:45:51.992+0000] {subprocess.py:93} INFO - [0m04:45:51  10 of 10 OK created sql table model gold.fact_transactions ..................... [[32mSELECT 13305915[0m in 512.89s]
[2026-02-01T04:45:52.167+0000] {subprocess.py:93} INFO - [0m04:45:52
[2026-02-01T04:45:52.168+0000] {subprocess.py:93} INFO - [0m04:45:52  Finished running 10 table models in 0 hours 17 minutes and 12.15 seconds (1032.15s).
[2026-02-01T04:45:52.479+0000] {subprocess.py:93} INFO - [0m04:45:52
[2026-02-01T04:45:52.489+0000] {subprocess.py:93} INFO - [0m04:45:52  [32mCompleted successfully[0m
[2026-02-01T04:45:52.494+0000] {subprocess.py:93} INFO - [0m04:45:52
[2026-02-01T04:45:52.504+0000] {subprocess.py:93} INFO - [0m04:45:52  Done. PASS=10 WARN=0 ERROR=0 SKIP=0 TOTAL=10
[2026-02-01T04:45:54.459+0000] {subprocess.py:97} INFO - Command exited with return code 0
[2026-02-01T04:45:54.511+0000] {taskinstance.py:1400} INFO - Marking task as SUCCESS. dag_id=financial_full_pipeline, task_id=dbt_run_silver, execution_date=20260201T042132, start_date=20260201T042830, end_date=20260201T044554
[2026-02-01T04:45:54.543+0000] {local_task_job_runner.py:228} INFO - Task exited with return code 0
[2026-02-01T04:45:54.577+0000] {taskinstance.py:2778} INFO - 1 downstream tasks scheduled from follow-on schedule check
