[2026-02-01T03:43:31.581+0000] {taskinstance.py:1159} INFO - Dependencies all met for dep_context=non-requeueable deps ti=<TaskInstance: financial_full_pipeline.duckdb_ingest_bronze manual__2026-02-01T03:35:28.929847+00:00 [queued]>
[2026-02-01T03:43:31.595+0000] {taskinstance.py:1159} INFO - Dependencies all met for dep_context=requeueable deps ti=<TaskInstance: financial_full_pipeline.duckdb_ingest_bronze manual__2026-02-01T03:35:28.929847+00:00 [queued]>
[2026-02-01T03:43:31.596+0000] {taskinstance.py:1361} INFO - Starting attempt 4 of 5
[2026-02-01T03:43:31.621+0000] {taskinstance.py:1382} INFO - Executing <Task(PythonOperator): duckdb_ingest_bronze> on 2026-02-01 03:35:28.929847+00:00
[2026-02-01T03:43:31.629+0000] {standard_task_runner.py:57} INFO - Started process 1818 to run task
[2026-02-01T03:43:31.638+0000] {standard_task_runner.py:84} INFO - Running: ['***', 'tasks', 'run', 'financial_full_pipeline', 'duckdb_ingest_bronze', 'manual__2026-02-01T03:35:28.929847+00:00', '--job-id', '47', '--raw', '--subdir', 'DAGS_FOLDER/financial_DWH.py', '--cfg-path', '/tmp/tmpjg4si0d0']
[2026-02-01T03:43:31.644+0000] {standard_task_runner.py:85} INFO - Job 47: Subtask duckdb_ingest_bronze
[2026-02-01T03:43:31.742+0000] {task_command.py:416} INFO - Running <TaskInstance: financial_full_pipeline.duckdb_ingest_bronze manual__2026-02-01T03:35:28.929847+00:00 [running]> on host d4461f48c063
[2026-02-01T03:43:31.931+0000] {taskinstance.py:1662} INFO - Exporting env vars: AIRFLOW_CTX_DAG_OWNER='youssef' AIRFLOW_CTX_DAG_ID='financial_full_pipeline' AIRFLOW_CTX_TASK_ID='duckdb_ingest_bronze' AIRFLOW_CTX_EXECUTION_DATE='2026-02-01T03:35:28.929847+00:00' AIRFLOW_CTX_TRY_NUMBER='4' AIRFLOW_CTX_DAG_RUN_ID='manual__2026-02-01T03:35:28.929847+00:00'
[2026-02-01T03:43:31.996+0000] {logging_mixin.py:151} INFO - Starting DuckDB ingestion...
[2026-02-01T03:43:32.007+0000] {logging_mixin.py:151} INFO - Installing PostgreSQL extension...
[2026-02-01T03:43:32.224+0000] {logging_mixin.py:151} INFO - Connecting to PostgreSQL: host=172.28.176.1 port=5432 dbname=financial_Transactions user=postgres password=12345
[2026-02-01T03:43:32.312+0000] {logging_mixin.py:151} INFO - Creating schema: bronze
[2026-02-01T03:43:32.316+0000] {logging_mixin.py:151} INFO - ℹSchema bronze already exists, continuing...
[2026-02-01T03:43:32.317+0000] {logging_mixin.py:151} INFO - Processing users from users_data.csv...
[2026-02-01T03:43:32.905+0000] {logging_mixin.py:151} INFO - ✅ Successfully loaded users: 2000 rows
[2026-02-01T03:43:32.906+0000] {logging_mixin.py:151} INFO - Processing cards from cards_data.csv...
[2026-02-01T03:43:33.313+0000] {logging_mixin.py:151} INFO - ✅ Successfully loaded cards: 6146 rows
[2026-02-01T03:43:33.314+0000] {logging_mixin.py:151} INFO - Processing mcc_codes from mcc_codes.json...
[2026-02-01T03:43:33.357+0000] {logging_mixin.py:151} INFO - ✅ Successfully loaded mcc_codes: 109 rows
[2026-02-01T03:43:33.357+0000] {logging_mixin.py:151} INFO - Processing fraud_labels from train_fraud_labels.json...
[2026-02-01T03:43:33.391+0000] {logging_mixin.py:151} INFO - JSONL file already exists: /opt/***/dags/data/train_fraud_labels.jsonl
[2026-02-01T03:44:09.060+0000] {logging_mixin.py:151} INFO - ✅ Successfully loaded fraud_labels: 8914963 rows
[2026-02-01T03:44:09.061+0000] {logging_mixin.py:151} INFO - Processing transactions from transactions_data.csv...
[2026-02-01T03:51:57.849+0000] {logging_mixin.py:151} INFO - ✅ Successfully loaded transactions: 13305915 rows
[2026-02-01T03:51:57.857+0000] {logging_mixin.py:151} INFO - ✅ All files processed successfully!
[2026-02-01T03:51:57.879+0000] {logging_mixin.py:151} INFO - DuckDB connection closed
[2026-02-01T03:51:57.880+0000] {python.py:194} INFO - Done. Returned value was: None
[2026-02-01T03:51:57.931+0000] {taskinstance.py:1400} INFO - Marking task as SUCCESS. dag_id=financial_full_pipeline, task_id=duckdb_ingest_bronze, execution_date=20260201T033528, start_date=20260201T034331, end_date=20260201T035157
[2026-02-01T03:51:58.016+0000] {local_task_job_runner.py:228} INFO - Task exited with return code 0
[2026-02-01T03:51:58.074+0000] {taskinstance.py:2778} INFO - 1 downstream tasks scheduled from follow-on schedule check
