[2026-02-01T03:35:30.617+0000] {taskinstance.py:1159} INFO - Dependencies all met for dep_context=non-requeueable deps ti=<TaskInstance: financial_full_pipeline.duckdb_ingest_bronze manual__2026-02-01T03:35:28.929847+00:00 [queued]>
[2026-02-01T03:35:30.643+0000] {taskinstance.py:1159} INFO - Dependencies all met for dep_context=requeueable deps ti=<TaskInstance: financial_full_pipeline.duckdb_ingest_bronze manual__2026-02-01T03:35:28.929847+00:00 [queued]>
[2026-02-01T03:35:30.643+0000] {taskinstance.py:1361} INFO - Starting attempt 1 of 2
[2026-02-01T03:35:30.669+0000] {taskinstance.py:1382} INFO - Executing <Task(PythonOperator): duckdb_ingest_bronze> on 2026-02-01 03:35:28.929847+00:00
[2026-02-01T03:35:30.677+0000] {standard_task_runner.py:57} INFO - Started process 1393 to run task
[2026-02-01T03:35:30.684+0000] {standard_task_runner.py:84} INFO - Running: ['***', 'tasks', 'run', 'financial_full_pipeline', 'duckdb_ingest_bronze', 'manual__2026-02-01T03:35:28.929847+00:00', '--job-id', '38', '--raw', '--subdir', 'DAGS_FOLDER/financial_DWH.py', '--cfg-path', '/tmp/tmpii2hpjhg']
[2026-02-01T03:35:30.690+0000] {standard_task_runner.py:85} INFO - Job 38: Subtask duckdb_ingest_bronze
[2026-02-01T03:35:30.799+0000] {task_command.py:416} INFO - Running <TaskInstance: financial_full_pipeline.duckdb_ingest_bronze manual__2026-02-01T03:35:28.929847+00:00 [running]> on host d4461f48c063
[2026-02-01T03:35:31.079+0000] {taskinstance.py:1662} INFO - Exporting env vars: AIRFLOW_CTX_DAG_OWNER='youssef' AIRFLOW_CTX_DAG_ID='financial_full_pipeline' AIRFLOW_CTX_TASK_ID='duckdb_ingest_bronze' AIRFLOW_CTX_EXECUTION_DATE='2026-02-01T03:35:28.929847+00:00' AIRFLOW_CTX_TRY_NUMBER='1' AIRFLOW_CTX_DAG_RUN_ID='manual__2026-02-01T03:35:28.929847+00:00'
[2026-02-01T03:35:31.219+0000] {logging_mixin.py:151} INFO - Starting DuckDB ingestion...
[2026-02-01T03:35:31.236+0000] {logging_mixin.py:151} INFO - Installing PostgreSQL extension...
[2026-02-01T03:35:31.501+0000] {logging_mixin.py:151} INFO - Connecting to PostgreSQL: host=***-postgres port=5432 dbname=financial_Transactions user=postgres password=12345
[2026-02-01T03:35:31.520+0000] {logging_mixin.py:151} INFO - ❌ Fatal error in duck_ingest_logic: IO Error: Unable to connect to Postgres at host=***-postgres port=5432 dbname=financial_Transactions user=postgres password=12345: connection to server at "***-postgres" (172.18.0.2), port 5432 failed: FATAL:  password authentication failed for user "postgres"
[2026-02-01T03:35:31.522+0000] {logging_mixin.py:151} INFO - DuckDB connection closed
[2026-02-01T03:35:31.523+0000] {taskinstance.py:1937} ERROR - Task failed with exception
Traceback (most recent call last):
  File "/home/airflow/.local/lib/python3.8/site-packages/airflow/operators/python.py", line 192, in execute
    return_value = self.execute_callable()
  File "/home/airflow/.local/lib/python3.8/site-packages/airflow/operators/python.py", line 209, in execute_callable
    return self.python_callable(*self.op_args, **self.op_kwargs)
  File "/opt/airflow/dags/financial_DWH.py", line 44, in duck_ingest_logic
    con.execute(f"ATTACH '{pg_conn_str}' AS pg_db (TYPE POSTGRES);")
duckdb.duckdb.IOException: IO Error: Unable to connect to Postgres at host=***-postgres port=5432 dbname=financial_Transactions user=postgres password=12345: connection to server at "***-postgres" (172.18.0.2), port 5432 failed: FATAL:  password authentication failed for user "postgres"

[2026-02-01T03:35:31.553+0000] {taskinstance.py:1400} INFO - Marking task as UP_FOR_RETRY. dag_id=financial_full_pipeline, task_id=duckdb_ingest_bronze, execution_date=20260201T033528, start_date=20260201T033530, end_date=20260201T033531
[2026-02-01T03:35:31.616+0000] {standard_task_runner.py:104} ERROR - Failed to execute job 38 for task duckdb_ingest_bronze (IO Error: Unable to connect to Postgres at host=***-postgres port=5432 dbname=financial_Transactions user=postgres password=12345: connection to server at "***-postgres" (172.18.0.2), port 5432 failed: FATAL:  password authentication failed for user "postgres"
; 1393)
[2026-02-01T03:35:31.701+0000] {local_task_job_runner.py:228} INFO - Task exited with return code 1
[2026-02-01T03:35:31.821+0000] {taskinstance.py:2778} INFO - 0 downstream tasks scheduled from follow-on schedule check
