[2026-02-01T04:23:09.393+0000] {taskinstance.py:1159} INFO - Dependencies all met for dep_context=non-requeueable deps ti=<TaskInstance: financial_full_pipeline.dbt_run_silver manual__2026-02-01T03:35:28.929847+00:00 [queued]>
[2026-02-01T04:23:09.414+0000] {taskinstance.py:1159} INFO - Dependencies all met for dep_context=requeueable deps ti=<TaskInstance: financial_full_pipeline.dbt_run_silver manual__2026-02-01T03:35:28.929847+00:00 [queued]>
[2026-02-01T04:23:09.414+0000] {taskinstance.py:1361} INFO - Starting attempt 3 of 4
[2026-02-01T04:23:09.447+0000] {taskinstance.py:1382} INFO - Executing <Task(BashOperator): dbt_run_silver> on 2026-02-01 03:35:28.929847+00:00
[2026-02-01T04:23:09.457+0000] {standard_task_runner.py:57} INFO - Started process 5100 to run task
[2026-02-01T04:23:09.469+0000] {standard_task_runner.py:84} INFO - Running: ['***', 'tasks', 'run', 'financial_full_pipeline', 'dbt_run_silver', 'manual__2026-02-01T03:35:28.929847+00:00', '--job-id', '57', '--raw', '--subdir', 'DAGS_FOLDER/financial_DWH.py', '--cfg-path', '/tmp/tmp869g0vjd']
[2026-02-01T04:23:09.478+0000] {standard_task_runner.py:85} INFO - Job 57: Subtask dbt_run_silver
[2026-02-01T04:23:09.641+0000] {task_command.py:416} INFO - Running <TaskInstance: financial_full_pipeline.dbt_run_silver manual__2026-02-01T03:35:28.929847+00:00 [running]> on host d4461f48c063
[2026-02-01T04:23:09.859+0000] {taskinstance.py:1662} INFO - Exporting env vars: AIRFLOW_CTX_DAG_OWNER='youssef' AIRFLOW_CTX_DAG_ID='financial_full_pipeline' AIRFLOW_CTX_TASK_ID='dbt_run_silver' AIRFLOW_CTX_EXECUTION_DATE='2026-02-01T03:35:28.929847+00:00' AIRFLOW_CTX_TRY_NUMBER='3' AIRFLOW_CTX_DAG_RUN_ID='manual__2026-02-01T03:35:28.929847+00:00'
[2026-02-01T04:23:09.864+0000] {subprocess.py:63} INFO - Tmp dir root location: /tmp
[2026-02-01T04:23:09.867+0000] {subprocess.py:75} INFO - Running command: ['/bin/bash', '-c', 'cd /opt/***/dags/my_analysis && dbt run --profiles-dir .']
[2026-02-01T04:23:09.899+0000] {subprocess.py:86} INFO - Output:
[2026-02-01T04:23:33.930+0000] {subprocess.py:93} INFO - [0m04:23:33  Running with dbt=1.8.7
[2026-02-01T04:23:37.313+0000] {subprocess.py:93} INFO - [0m04:23:37  Registered adapter: postgres=1.8.2
[2026-02-01T04:23:37.930+0000] {subprocess.py:93} INFO - [0m04:23:37  Unable to do partial parsing because of a version mismatch
[2026-02-01T04:23:46.581+0000] {local_task_job_runner.py:294} WARNING - State of this instance has been externally set to upstream_failed. Terminating instance.
[2026-02-01T04:23:46.608+0000] {process_utils.py:131} INFO - Sending 15 to group 5100. PIDs of all processes in the group: [5101, 5173, 5100]
[2026-02-01T04:23:46.621+0000] {process_utils.py:86} INFO - Sending the signal 15 to group 5100
[2026-02-01T04:23:46.622+0000] {taskinstance.py:1632} ERROR - Received SIGTERM. Terminating subprocesses.
[2026-02-01T04:23:46.623+0000] {subprocess.py:104} INFO - Sending SIGTERM signal to process group
[2026-02-01T04:23:46.967+0000] {process_utils.py:79} INFO - Process psutil.Process(pid=5100, status='terminated', exitcode=0, started='04:23:09') (5100) terminated with exit code 0
[2026-02-01T04:23:47.041+0000] {process_utils.py:79} INFO - Process psutil.Process(pid=5101, status='terminated', started='04:23:09') (5101) terminated with exit code None
[2026-02-01T04:23:47.042+0000] {process_utils.py:79} INFO - Process psutil.Process(pid=5173, status='terminated', started='04:23:36') (5173) terminated with exit code None
